<?xml version="1.0" encoding="UTF-8"?>
<testsuites>
  <testsuite name="" tests="2031" assertions="5121" errors="2" failures="162" skipped="1" time="28.016568">
    <testsuite name="Unit" tests="127" assertions="242" errors="0" failures="1" skipped="0" time="0.262338">
      <testsuite name="Tests\Unit\ChannelContextTest" file="D:\meem-commerce\tests\Unit\ChannelContextTest.php" tests="4" assertions="9" errors="0" failures="0" skipped="0" time="0.012207">
        <testcase name="it_defaults_to_home_channel" file="D:\meem-commerce\tests\Unit\ChannelContextTest.php" line="12" class="Tests\Unit\ChannelContextTest" classname="Tests.Unit.ChannelContextTest" assertions="3" time="0.010648"/>
        <testcase name="it_can_be_set_to_fast_shipping" file="D:\meem-commerce\tests\Unit\ChannelContextTest.php" line="22" class="Tests\Unit\ChannelContextTest" classname="Tests.Unit.ChannelContextTest" assertions="3" time="0.000312"/>
        <testcase name="it_can_be_switched_back_to_home" file="D:\meem-commerce\tests\Unit\ChannelContextTest.php" line="33" class="Tests\Unit\ChannelContextTest" classname="Tests.Unit.ChannelContextTest" assertions="2" time="0.000334"/>
        <testcase name="it_is_immutable_after_setting_channel_via_accessor" file="D:\meem-commerce\tests\Unit\ChannelContextTest.php" line="44" class="Tests\Unit\ChannelContextTest" classname="Tests.Unit.ChannelContextTest" assertions="1" time="0.000914"/>
      </testsuite>
      <testsuite name="Tests\Unit\ChannelEnumTest" file="D:\meem-commerce\tests\Unit\ChannelEnumTest.php" tests="4" assertions="8" errors="0" failures="0" skipped="0" time="0.002224">
        <testcase name="it_has_all_expected_channels" file="D:\meem-commerce\tests\Unit\ChannelEnumTest.php" line="11" class="Tests\Unit\ChannelEnumTest" classname="Tests.Unit.ChannelEnumTest" assertions="2" time="0.000946"/>
        <testcase name="it_validates_known_values" file="D:\meem-commerce\tests\Unit\ChannelEnumTest.php" line="20" class="Tests\Unit\ChannelEnumTest" classname="Tests.Unit.ChannelEnumTest" assertions="2" time="0.000497"/>
        <testcase name="it_rejects_unknown_values" file="D:\meem-commerce\tests\Unit\ChannelEnumTest.php" line="27" class="Tests\Unit\ChannelEnumTest" classname="Tests.Unit.ChannelEnumTest" assertions="3" time="0.000374"/>
        <testcase name="it_accepts_null_as_valid" file="D:\meem-commerce\tests\Unit\ChannelEnumTest.php" line="35" class="Tests\Unit\ChannelEnumTest" classname="Tests.Unit.ChannelEnumTest" assertions="1" time="0.000406"/>
      </testsuite>
      <testsuite name="Tests\Unit\CouponCalculatorTest" file="D:\meem-commerce\tests\Unit\CouponCalculatorTest.php" tests="10" assertions="27" errors="0" failures="0" skipped="0" time="0.007963">
        <testcase name="test_percentage_discount" file="D:\meem-commerce\tests\Unit\CouponCalculatorTest.php" line="12" class="Tests\Unit\CouponCalculatorTest" classname="Tests.Unit.CouponCalculatorTest" assertions="4" time="0.001422"/>
        <testcase name="test_percentage_discount_with_max_cap" file="D:\meem-commerce\tests\Unit\CouponCalculatorTest.php" line="27" class="Tests\Unit\CouponCalculatorTest" classname="Tests.Unit.CouponCalculatorTest" assertions="2" time="0.000474"/>
        <testcase name="test_percentage_discount_respects_max_cap_when_discount_is_lower" file="D:\meem-commerce\tests\Unit\CouponCalculatorTest.php" line="40" class="Tests\Unit\CouponCalculatorTest" classname="Tests.Unit.CouponCalculatorTest" assertions="2" time="0.000723"/>
        <testcase name="test_fixed_rate_discount" file="D:\meem-commerce\tests\Unit\CouponCalculatorTest.php" line="53" class="Tests\Unit\CouponCalculatorTest" classname="Tests.Unit.CouponCalculatorTest" assertions="2" time="0.000737"/>
        <testcase name="test_zero_discount_returns_same_price" file="D:\meem-commerce\tests\Unit\CouponCalculatorTest.php" line="66" class="Tests\Unit\CouponCalculatorTest" classname="Tests.Unit.CouponCalculatorTest" assertions="2" time="0.000562"/>
        <testcase name="test_discount_cannot_make_price_negative" file="D:\meem-commerce\tests\Unit\CouponCalculatorTest.php" line="79" class="Tests\Unit\CouponCalculatorTest" classname="Tests.Unit.CouponCalculatorTest" assertions="2" time="0.001336"/>
        <testcase name="test_free_shipping_is_always_false" file="D:\meem-commerce\tests\Unit\CouponCalculatorTest.php" line="92" class="Tests\Unit\CouponCalculatorTest" classname="Tests.Unit.CouponCalculatorTest" assertions="2" time="0.000529"/>
        <testcase name="test_free_shipping_returns_same_price" file="D:\meem-commerce\tests\Unit\CouponCalculatorTest.php" line="109" class="Tests\Unit\CouponCalculatorTest" classname="Tests.Unit.CouponCalculatorTest" assertions="4" time="0.000501"/>
        <testcase name="test_free_shipping_with_high_discount_value" file="D:\meem-commerce\tests\Unit\CouponCalculatorTest.php" line="124" class="Tests\Unit\CouponCalculatorTest" classname="Tests.Unit.CouponCalculatorTest" assertions="3" time="0.000525"/>
        <testcase name="test_returns_expected_structure" file="D:\meem-commerce\tests\Unit\CouponCalculatorTest.php" line="138" class="Tests\Unit\CouponCalculatorTest" classname="Tests.Unit.CouponCalculatorTest" assertions="4" time="0.001153"/>
      </testsuite>
      <testsuite name="Tests\Unit\CouponValidatorTest" file="D:\meem-commerce\tests\Unit\CouponValidatorTest.php" tests="17" assertions="45" errors="0" failures="0" skipped="0" time="0.118292">
        <testcase name="test_valid_coupon" file="D:\meem-commerce\tests\Unit\CouponValidatorTest.php" line="18" class="Tests\Unit\CouponValidatorTest" classname="Tests.Unit.CouponValidatorTest" assertions="4" time="0.036340"/>
        <testcase name="test_disabled_coupon" file="D:\meem-commerce\tests\Unit\CouponValidatorTest.php" line="41" class="Tests\Unit\CouponValidatorTest" classname="Tests.Unit.CouponValidatorTest" assertions="3" time="0.002867"/>
        <testcase name="test_expired_coupon" file="D:\meem-commerce\tests\Unit\CouponValidatorTest.php" line="60" class="Tests\Unit\CouponValidatorTest" classname="Tests.Unit.CouponValidatorTest" assertions="3" time="0.003489"/>
        <testcase name="test_not_yet_active" file="D:\meem-commerce\tests\Unit\CouponValidatorTest.php" line="80" class="Tests\Unit\CouponValidatorTest" classname="Tests.Unit.CouponValidatorTest" assertions="3" time="0.002924"/>
        <testcase name="test_usage_limit_reached" file="D:\meem-commerce\tests\Unit\CouponValidatorTest.php" line="100" class="Tests\Unit\CouponValidatorTest" classname="Tests.Unit.CouponValidatorTest" assertions="3" time="0.003516"/>
        <testcase name="test_null_limiter_allows_unlimited_usage" file="D:\meem-commerce\tests\Unit\CouponValidatorTest.php" line="122" class="Tests\Unit\CouponValidatorTest" classname="Tests.Unit.CouponValidatorTest" assertions="1" time="0.002588"/>
        <testcase name="test_already_used_by_user" file="D:\meem-commerce\tests\Unit\CouponValidatorTest.php" line="142" class="Tests\Unit\CouponValidatorTest" classname="Tests.Unit.CouponValidatorTest" assertions="3" time="0.017419"/>
        <testcase name="test_not_used_by_different_user" file="D:\meem-commerce\tests\Unit\CouponValidatorTest.php" line="169" class="Tests\Unit\CouponValidatorTest" classname="Tests.Unit.CouponValidatorTest" assertions="1" time="0.007006"/>
        <testcase name="test_product_restriction_not_met" file="D:\meem-commerce\tests\Unit\CouponValidatorTest.php" line="195" class="Tests\Unit\CouponValidatorTest" classname="Tests.Unit.CouponValidatorTest" assertions="3" time="0.012561"/>
        <testcase name="test_product_restriction_met" file="D:\meem-commerce\tests\Unit\CouponValidatorTest.php" line="239" class="Tests\Unit\CouponValidatorTest" classname="Tests.Unit.CouponValidatorTest" assertions="1" time="0.005115"/>
        <testcase name="test_product_restriction_skipped_when_no_items" file="D:\meem-commerce\tests\Unit\CouponValidatorTest.php" line="272" class="Tests\Unit\CouponValidatorTest" classname="Tests.Unit.CouponValidatorTest" assertions="1" time="0.005471"/>
        <testcase name="test_product_restriction_skipped_when_empty_items" file="D:\meem-commerce\tests\Unit\CouponValidatorTest.php" line="301" class="Tests\Unit\CouponValidatorTest" classname="Tests.Unit.CouponValidatorTest" assertions="1" time="0.004609"/>
        <testcase name="test_validateByCode_not_found" file="D:\meem-commerce\tests\Unit\CouponValidatorTest.php" line="330" class="Tests\Unit\CouponValidatorTest" classname="Tests.Unit.CouponValidatorTest" assertions="4" time="0.001348"/>
        <testcase name="test_validateByCode_valid" file="D:\meem-commerce\tests\Unit\CouponValidatorTest.php" line="340" class="Tests\Unit\CouponValidatorTest" classname="Tests.Unit.CouponValidatorTest" assertions="3" time="0.004878"/>
        <testcase name="test_free_shipping_passes_validation" file="D:\meem-commerce\tests\Unit\CouponValidatorTest.php" line="360" class="Tests\Unit\CouponValidatorTest" classname="Tests.Unit.CouponValidatorTest" assertions="2" time="0.002614"/>
        <testcase name="test_returns_expected_structure_for_valid" file="D:\meem-commerce\tests\Unit\CouponValidatorTest.php" line="378" class="Tests\Unit\CouponValidatorTest" classname="Tests.Unit.CouponValidatorTest" assertions="4" time="0.002744"/>
        <testcase name="test_returns_expected_structure_for_invalid" file="D:\meem-commerce\tests\Unit\CouponValidatorTest.php" line="399" class="Tests\Unit\CouponValidatorTest" classname="Tests.Unit.CouponValidatorTest" assertions="5" time="0.002802"/>
      </testsuite>
      <testsuite name="Tests\Unit\ExampleTest" file="D:\meem-commerce\tests\Unit\ExampleTest.php" tests="1" assertions="1" errors="0" failures="0" skipped="0" time="0.000074">
        <testcase name="testBasicTest" file="D:\meem-commerce\tests\Unit\ExampleTest.php" line="14" class="Tests\Unit\ExampleTest" classname="Tests.Unit.ExampleTest" assertions="1" time="0.000074"/>
      </testsuite>
      <testsuite name="Tests\Unit\FastShippingRepositoryTest" file="D:\meem-commerce\tests\Unit\FastShippingRepositoryTest.php" tests="5" assertions="17" errors="0" failures="0" skipped="0" time="0.012830">
        <testcase name="validate_checkout_returns_translated_error_when_disabled" file="D:\meem-commerce\tests\Unit\FastShippingRepositoryTest.php" line="93" class="Tests\Unit\FastShippingRepositoryTest" classname="Tests.Unit.FastShippingRepositoryTest" assertions="2" time="0.003567"/>
        <testcase name="validate_checkout_returns_translated_error_for_empty_cart" file="D:\meem-commerce\tests\Unit\FastShippingRepositoryTest.php" line="111" class="Tests\Unit\FastShippingRepositoryTest" classname="Tests.Unit.FastShippingRepositoryTest" assertions="2" time="0.002972"/>
        <testcase name="fast_shipping_settings_use_cache" file="D:\meem-commerce\tests\Unit\FastShippingRepositoryTest.php" line="144" class="Tests\Unit\FastShippingRepositoryTest" classname="Tests.Unit.FastShippingRepositoryTest" assertions="5" time="0.001662"/>
        <testcase name="fast_shipping_settings_cache_invalidated_after_update" file="D:\meem-commerce\tests\Unit\FastShippingRepositoryTest.php" line="180" class="Tests\Unit\FastShippingRepositoryTest" classname="Tests.Unit.FastShippingRepositoryTest" assertions="3" time="0.003197"/>
        <testcase name="settings_update_is_transaction_safe" file="D:\meem-commerce\tests\Unit\FastShippingRepositoryTest.php" line="211" class="Tests\Unit\FastShippingRepositoryTest" classname="Tests.Unit.FastShippingRepositoryTest" assertions="5" time="0.001432"/>
      </testsuite>
      <testsuite name="Tests\Unit\FastShippingScopeTest" file="D:\meem-commerce\tests\Unit\FastShippingScopeTest.php" tests="4" assertions="4" errors="0" failures="0" skipped="0" time="0.005359">
        <testcase name="it_applies_where_clause_when_channel_is_fast_shipping" file="D:\meem-commerce\tests\Unit\FastShippingScopeTest.php" line="33" class="Tests\Unit\FastShippingScopeTest" classname="Tests.Unit.FastShippingScopeTest" assertions="1" time="0.003652"/>
        <testcase name="it_does_not_apply_where_clause_when_channel_is_home" file="D:\meem-commerce\tests\Unit\FastShippingScopeTest.php" line="48" class="Tests\Unit\FastShippingScopeTest" classname="Tests.Unit.FastShippingScopeTest" assertions="1" time="0.000659"/>
        <testcase name="it_does_not_apply_where_clause_when_channel_is_disabled" file="D:\meem-commerce\tests\Unit\FastShippingScopeTest.php" line="62" class="Tests\Unit\FastShippingScopeTest" classname="Tests.Unit.FastShippingScopeTest" assertions="1" time="0.000472"/>
        <testcase name="it_does_not_apply_when_context_not_set" file="D:\meem-commerce\tests\Unit\FastShippingScopeTest.php" line="76" class="Tests\Unit\FastShippingScopeTest" classname="Tests.Unit.FastShippingScopeTest" assertions="1" time="0.000575"/>
      </testsuite>
      <testsuite name="Tests\Unit\Invoice\SnapshotIntegrityServiceTest" file="D:\meem-commerce\tests\Unit\Invoice\SnapshotIntegrityServiceTest.php" tests="10" assertions="13" errors="0" failures="1" skipped="0" time="0.031645">
        <testcase name="test_compute_hash_is_deterministic" file="D:\meem-commerce\tests\Unit\Invoice\SnapshotIntegrityServiceTest.php" line="18" class="Tests\Unit\Invoice\SnapshotIntegrityServiceTest" classname="Tests.Unit.Invoice.SnapshotIntegrityServiceTest" assertions="1" time="0.000553"/>
        <testcase name="test_hash_changes_when_data_changes" file="D:\meem-commerce\tests\Unit\Invoice\SnapshotIntegrityServiceTest.php" line="28" class="Tests\Unit\Invoice\SnapshotIntegrityServiceTest" classname="Tests.Unit.Invoice.SnapshotIntegrityServiceTest" assertions="1" time="0.000469"/>
        <testcase name="test_hash_is_independent_of_key_order" file="D:\meem-commerce\tests\Unit\Invoice\SnapshotIntegrityServiceTest.php" line="39" class="Tests\Unit\Invoice\SnapshotIntegrityServiceTest" classname="Tests.Unit.Invoice.SnapshotIntegrityServiceTest" assertions="1" time="0.026795">
          <failure type="PHPUnit\Framework\ExpectationFailedException">Tests\Unit\Invoice\SnapshotIntegrityServiceTest::test_hash_is_independent_of_key_order&#13;
Failed asserting that two strings are identical.
--- Expected
+++ Actual
@@ @@
-'e6a3385fb77c287a712e7f406a451727f0625041823ecf23bea7ef39b2e39805'
+'e69de69a6a244f8b4f6c454da51de22902c5cdf905c480ff2c0a32526b71e9fe'
&#13;
D:\meem-commerce\tests\Unit\Invoice\SnapshotIntegrityServiceTest.php:47
D:\meem-commerce\vendor\laravel\framework\src\Illuminate\Foundation\Testing\TestCase.php:174</failure>
        </testcase>
        <testcase name="test_verify_returns_true_for_valid_data" file="D:\meem-commerce\tests\Unit\Invoice\SnapshotIntegrityServiceTest.php" line="50" class="Tests\Unit\Invoice\SnapshotIntegrityServiceTest" classname="Tests.Unit.Invoice.SnapshotIntegrityServiceTest" assertions="1" time="0.000506"/>
        <testcase name="test_verify_returns_false_for_tampered_data" file="D:\meem-commerce\tests\Unit\Invoice\SnapshotIntegrityServiceTest.php" line="58" class="Tests\Unit\Invoice\SnapshotIntegrityServiceTest" classname="Tests.Unit.Invoice.SnapshotIntegrityServiceTest" assertions="1" time="0.000420"/>
        <testcase name="test_verify_uses_hash_equals" file="D:\meem-commerce\tests\Unit\Invoice\SnapshotIntegrityServiceTest.php" line="68" class="Tests\Unit\Invoice\SnapshotIntegrityServiceTest" classname="Tests.Unit.Invoice.SnapshotIntegrityServiceTest" assertions="1" time="0.000429"/>
        <testcase name="test_hash_is_sha256_length" file="D:\meem-commerce\tests\Unit\Invoice\SnapshotIntegrityServiceTest.php" line="76" class="Tests\Unit\Invoice\SnapshotIntegrityServiceTest" classname="Tests.Unit.Invoice.SnapshotIntegrityServiceTest" assertions="2" time="0.000752"/>
        <testcase name="test_nested_array_produces_deterministic_hash" file="D:\meem-commerce\tests\Unit\Invoice\SnapshotIntegrityServiceTest.php" line="85" class="Tests\Unit\Invoice\SnapshotIntegrityServiceTest" classname="Tests.Unit.Invoice.SnapshotIntegrityServiceTest" assertions="1" time="0.000555"/>
        <testcase name="test_unicode_characters_are_handled" file="D:\meem-commerce\tests\Unit\Invoice\SnapshotIntegrityServiceTest.php" line="98" class="Tests\Unit\Invoice\SnapshotIntegrityServiceTest" classname="Tests.Unit.Invoice.SnapshotIntegrityServiceTest" assertions="2" time="0.000727"/>
        <testcase name="test_empty_array_produces_valid_hash" file="D:\meem-commerce\tests\Unit\Invoice\SnapshotIntegrityServiceTest.php" line="107" class="Tests\Unit\Invoice\SnapshotIntegrityServiceTest" classname="Tests.Unit.Invoice.SnapshotIntegrityServiceTest" assertions="2" time="0.000438"/>
      </testsuite>
      <testsuite name="Tests\Unit\ProductPricingServiceTest" file="D:\meem-commerce\tests\Unit\ProductPricingServiceTest.php" tests="49" assertions="74" errors="0" failures="0" skipped="0" time="0.051096">
        <testcase name="calculates_base_price_when_no_discount_or_flash_sale" file="D:\meem-commerce\tests\Unit\ProductPricingServiceTest.php" line="51" class="Tests\Unit\ProductPricingServiceTest" classname="Tests.Unit.ProductPricingServiceTest" assertions="4" time="0.006499"/>
        <testcase name="calculates_discount_when_flash_sale_is_null" file="D:\meem-commerce\tests\Unit\ProductPricingServiceTest.php" line="64" class="Tests\Unit\ProductPricingServiceTest" classname="Tests.Unit.ProductPricingServiceTest" assertions="4" time="0.001797"/>
        <testcase name="flash_sale_takes_priority_over_product_discount" file="D:\meem-commerce\tests\Unit\ProductPricingServiceTest.php" line="81" class="Tests\Unit\ProductPricingServiceTest" classname="Tests.Unit.ProductPricingServiceTest" assertions="4" time="0.000977"/>
        <testcase name="percentage_flash_sale_calculates_correctly" file="D:\meem-commerce\tests\Unit\ProductPricingServiceTest.php" line="102" class="Tests\Unit\ProductPricingServiceTest" classname="Tests.Unit.ProductPricingServiceTest" assertions="1" time="0.000744"/>
        <testcase name="percentage_flash_sale_respects_max_discount_cap" file="D:\meem-commerce\tests\Unit\ProductPricingServiceTest.php" line="116" class="Tests\Unit\ProductPricingServiceTest" classname="Tests.Unit.ProductPricingServiceTest" assertions="1" time="0.000765"/>
        <testcase name="fixed_rate_flash_sale_discounts_by_fixed_amount" file="D:\meem-commerce\tests\Unit\ProductPricingServiceTest.php" line="131" class="Tests\Unit\ProductPricingServiceTest" classname="Tests.Unit.ProductPricingServiceTest" assertions="1" time="0.000737"/>
        <testcase name="final_price_flash_sale_sets_exact_price" file="D:\meem-commerce\tests\Unit\ProductPricingServiceTest.php" line="145" class="Tests\Unit\ProductPricingServiceTest" classname="Tests.Unit.ProductPricingServiceTest" assertions="1" time="0.000922"/>
        <testcase name="final_price_flash_sale_above_base_clamps_to_base" file="D:\meem-commerce\tests\Unit\ProductPricingServiceTest.php" line="159" class="Tests\Unit\ProductPricingServiceTest" classname="Tests.Unit.ProductPricingServiceTest" assertions="1" time="0.001147"/>
        <testcase name="flash_sale_fixed_rate_discount_larger_than_price_returns_zero" file="D:\meem-commerce\tests\Unit\ProductPricingServiceTest.php" line="173" class="Tests\Unit\ProductPricingServiceTest" classname="Tests.Unit.ProductPricingServiceTest" assertions="1" time="0.000740"/>
        <testcase name="expired_flash_sale_returns_null" file="D:\meem-commerce\tests\Unit\ProductPricingServiceTest.php" line="187" class="Tests\Unit\ProductPricingServiceTest" classname="Tests.Unit.ProductPricingServiceTest" assertions="1" time="0.000781"/>
        <testcase name="inactive_flash_sale_returns_null" file="D:\meem-commerce\tests\Unit\ProductPricingServiceTest.php" line="201" class="Tests\Unit\ProductPricingServiceTest" classname="Tests.Unit.ProductPricingServiceTest" assertions="1" time="0.000751"/>
        <testcase name="null_flash_sale_returns_null" file="D:\meem-commerce\tests\Unit\ProductPricingServiceTest.php" line="214" class="Tests\Unit\ProductPricingServiceTest" classname="Tests.Unit.ProductPricingServiceTest" assertions="1" time="0.000563"/>
        <testcase name="product_discount_suppressed_when_flash_sale_expired_and_discount_valid" file="D:\meem-commerce\tests\Unit\ProductPricingServiceTest.php" line="222" class="Tests\Unit\ProductPricingServiceTest" classname="Tests.Unit.ProductPricingServiceTest" assertions="3" time="0.000883"/>
        <testcase name="product_discount_inactive_when_has_discount_is_false" file="D:\meem-commerce\tests\Unit\ProductPricingServiceTest.php" line="242" class="Tests\Unit\ProductPricingServiceTest" classname="Tests.Unit.ProductPricingServiceTest" assertions="2" time="0.001701"/>
        <testcase name="product_discount_inactive_when_discount_status_is_false" file="D:\meem-commerce\tests\Unit\ProductPricingServiceTest.php" line="253" class="Tests\Unit\ProductPricingServiceTest" classname="Tests.Unit.ProductPricingServiceTest" assertions="2" time="0.001754"/>
        <testcase name="product_discount_fixed_rate_subtracts_fixed_amount" file="D:\meem-commerce\tests\Unit\ProductPricingServiceTest.php" line="269" class="Tests\Unit\ProductPricingServiceTest" classname="Tests.Unit.ProductPricingServiceTest" assertions="1" time="0.000473"/>
        <testcase name="product_discount_fixed_rate_does_not_go_below_zero" file="D:\meem-commerce\tests\Unit\ProductPricingServiceTest.php" line="277" class="Tests\Unit\ProductPricingServiceTest" classname="Tests.Unit.ProductPricingServiceTest" assertions="1" time="0.000462"/>
        <testcase name="product_discount_percentage_does_not_exceed_100_percent" file="D:\meem-commerce\tests\Unit\ProductPricingServiceTest.php" line="285" class="Tests\Unit\ProductPricingServiceTest" classname="Tests.Unit.ProductPricingServiceTest" assertions="1" time="0.000686"/>
        <testcase name="calculate_product_current_price_uses_final_price" file="D:\meem-commerce\tests\Unit\ProductPricingServiceTest.php" line="293" class="Tests\Unit\ProductPricingServiceTest" classname="Tests.Unit.ProductPricingServiceTest" assertions="1" time="0.001629"/>
        <testcase name="calculate_product_current_price_returns_base_when_no_pricing" file="D:\meem-commerce\tests\Unit\ProductPricingServiceTest.php" line="307" class="Tests\Unit\ProductPricingServiceTest" classname="Tests.Unit.ProductPricingServiceTest" assertions="1" time="0.001615"/>
        <testcase name="flash_sale_with_zero_discount_returns_base_price_for_percentage" file="D:\meem-commerce\tests\Unit\ProductPricingServiceTest.php" line="317" class="Tests\Unit\ProductPricingServiceTest" classname="Tests.Unit.ProductPricingServiceTest" assertions="1" time="0.000737"/>
        <testcase name="flash_sale_with_zero_discount_returns_base_price_for_fixed_rate" file="D:\meem-commerce\tests\Unit\ProductPricingServiceTest.php" line="330" class="Tests\Unit\ProductPricingServiceTest" classname="Tests.Unit.ProductPricingServiceTest" assertions="1" time="0.000706"/>
        <testcase name="null_base_price_returns_null_for_flash_sale" file="D:\meem-commerce\tests\Unit\ProductPricingServiceTest.php" line="343" class="Tests\Unit\ProductPricingServiceTest" classname="Tests.Unit.ProductPricingServiceTest" assertions="1" time="0.000686"/>
        <testcase name="flash_sale_with_percentage_100_returns_zero" file="D:\meem-commerce\tests\Unit\ProductPricingServiceTest.php" line="353" class="Tests\Unit\ProductPricingServiceTest" classname="Tests.Unit.ProductPricingServiceTest" assertions="1" time="0.000711"/>
        <testcase name="percentage_max_discount_cap_applied_when_percentage_discount_exceeds_cap" file="D:\meem-commerce\tests\Unit\ProductPricingServiceTest.php" line="366" class="Tests\Unit\ProductPricingServiceTest" classname="Tests.Unit.ProductPricingServiceTest" assertions="1" time="0.001484"/>
        <testcase name="fixed_rate_flash_sale_works_with_decimal_amounts" file="D:\meem-commerce\tests\Unit\ProductPricingServiceTest.php" line="380" class="Tests\Unit\ProductPricingServiceTest" classname="Tests.Unit.ProductPricingServiceTest" assertions="1" time="0.000773"/>
        <testcase name="final_price_flash_sale_works_with_decimal_amounts" file="D:\meem-commerce\tests\Unit\ProductPricingServiceTest.php" line="393" class="Tests\Unit\ProductPricingServiceTest" classname="Tests.Unit.ProductPricingServiceTest" assertions="1" time="0.000702"/>
        <testcase name="all_three_prices_present_when_both_flash_sale_and_discount_but_flash_sale_active" file="D:\meem-commerce\tests\Unit\ProductPricingServiceTest.php" line="406" class="Tests\Unit\ProductPricingServiceTest" classname="Tests.Unit.ProductPricingServiceTest" assertions="4" time="0.000969"/>
        <testcase name="calculate_product_pricing_from_data_without_flash_sale" file="D:\meem-commerce\tests\Unit\ProductPricingServiceTest.php" line="428" class="Tests\Unit\ProductPricingServiceTest" classname="Tests.Unit.ProductPricingServiceTest" assertions="4" time="0.000487"/>
        <testcase name="calculate_product_pricing_from_data_with_flash_sale" file="D:\meem-commerce\tests\Unit\ProductPricingServiceTest.php" line="446" class="Tests\Unit\ProductPricingServiceTest" classname="Tests.Unit.ProductPricingServiceTest" assertions="4" time="0.000753"/>
        <testcase name="exception_in_pricing_returns_fallback_base_price" file="D:\meem-commerce\tests\Unit\ProductPricingServiceTest.php" line="468" class="Tests\Unit\ProductPricingServiceTest" classname="Tests.Unit.ProductPricingServiceTest" assertions="4" time="0.001584"/>
        <testcase name="flash_sale_discount_with_only_start_date_and_no_end_date" file="D:\meem-commerce\tests\Unit\ProductPricingServiceTest.php" line="481" class="Tests\Unit\ProductPricingServiceTest" classname="Tests.Unit.ProductPricingServiceTest" assertions="1" time="0.000786"/>
        <testcase name="empty_string_price_returns_null" file="D:\meem-commerce\tests\Unit\ProductPricingServiceTest.php" line="495" class="Tests\Unit\ProductPricingServiceTest" classname="Tests.Unit.ProductPricingServiceTest" assertions="1" time="0.000399"/>
        <testcase name="product_discount_not_applied_when_discount_status_null_and_has_discount_true" file="D:\meem-commerce\tests\Unit\ProductPricingServiceTest.php" line="503" class="Tests\Unit\ProductPricingServiceTest" classname="Tests.Unit.ProductPricingServiceTest" assertions="1" time="0.001854"/>
        <testcase name="fixed_rate_discount_with_exceptionally_large_amount_caps_to_zero" file="D:\meem-commerce\tests\Unit\ProductPricingServiceTest.php" line="520" class="Tests\Unit\ProductPricingServiceTest" classname="Tests.Unit.ProductPricingServiceTest" assertions="1" time="0.000720"/>
        <testcase name="discount_active_false_when_has_discount_is_false" file="D:\meem-commerce\tests\Unit\ProductPricingServiceTest.php" line="530" class="Tests\Unit\ProductPricingServiceTest" classname="Tests.Unit.ProductPricingServiceTest" assertions="1" time="0.000471"/>
        <testcase name="discount_active_false_when_discount_status_explicitly_disabled" file="D:\meem-commerce\tests\Unit\ProductPricingServiceTest.php" line="538" class="Tests\Unit\ProductPricingServiceTest" classname="Tests.Unit.ProductPricingServiceTest" assertions="1" time="0.000764"/>
        <testcase name="discount_active_true_when_discount_status_explicitly_enabled" file="D:\meem-commerce\tests\Unit\ProductPricingServiceTest.php" line="549" class="Tests\Unit\ProductPricingServiceTest" classname="Tests.Unit.ProductPricingServiceTest" assertions="1" time="0.000625"/>
        <testcase name="discount_active_false_when_start_date_is_in_the_future" file="D:\meem-commerce\tests\Unit\ProductPricingServiceTest.php" line="560" class="Tests\Unit\ProductPricingServiceTest" classname="Tests.Unit.ProductPricingServiceTest" assertions="1" time="0.000602"/>
        <testcase name="discount_active_false_when_end_date_has_passed" file="D:\meem-commerce\tests\Unit\ProductPricingServiceTest.php" line="572" class="Tests\Unit\ProductPricingServiceTest" classname="Tests.Unit.ProductPricingServiceTest" assertions="1" time="0.000597"/>
        <testcase name="discount_active_true_when_within_valid_date_range" file="D:\meem-commerce\tests\Unit\ProductPricingServiceTest.php" line="584" class="Tests\Unit\ProductPricingServiceTest" classname="Tests.Unit.ProductPricingServiceTest" assertions="1" time="0.000575"/>
        <testcase name="discount_active_true_when_no_dates_and_has_discount_is_true" file="D:\meem-commerce\tests\Unit\ProductPricingServiceTest.php" line="596" class="Tests\Unit\ProductPricingServiceTest" classname="Tests.Unit.ProductPricingServiceTest" assertions="1" time="0.000516"/>
        <testcase name="discount_active_true_when_only_start_date_in_past_and_no_end_date" file="D:\meem-commerce\tests\Unit\ProductPricingServiceTest.php" line="604" class="Tests\Unit\ProductPricingServiceTest" classname="Tests.Unit.ProductPricingServiceTest" assertions="1" time="0.000760"/>
        <testcase name="discount_active_false_when_discount_status_false_overrides_dates" file="D:\meem-commerce\tests\Unit\ProductPricingServiceTest.php" line="616" class="Tests\Unit\ProductPricingServiceTest" classname="Tests.Unit.ProductPricingServiceTest" assertions="1" time="0.000656"/>
        <testcase name="discount_active_false_when_has_discount_false_overrides_everything" file="D:\meem-commerce\tests\Unit\ProductPricingServiceTest.php" line="629" class="Tests\Unit\ProductPricingServiceTest" classname="Tests.Unit.ProductPricingServiceTest" assertions="1" time="0.000548"/>
        <testcase name="discount_active_false_when_null_discount_status_and_future_start_date" file="D:\meem-commerce\tests\Unit\ProductPricingServiceTest.php" line="642" class="Tests\Unit\ProductPricingServiceTest" classname="Tests.Unit.ProductPricingServiceTest" assertions="1" time="0.000593"/>
        <testcase name="flash_sale_active_false_when_has_flash_sale_is_false" file="D:\meem-commerce\tests\Unit\ProductPricingServiceTest.php" line="657" class="Tests\Unit\ProductPricingServiceTest" classname="Tests.Unit.ProductPricingServiceTest" assertions="1" time="0.001545"/>
        <testcase name="flash_sale_active_false_when_has_flash_sale_true_but_no_active_sales" file="D:\meem-commerce\tests\Unit\ProductPricingServiceTest.php" line="665" class="Tests\Unit\ProductPricingServiceTest" classname="Tests.Unit.ProductPricingServiceTest" assertions="1" time="0.001561"/>
        <testcase name="flash_sale_active_true_when_active_flash_sale_exists" file="D:\meem-commerce\tests\Unit\ProductPricingServiceTest.php" line="673" class="Tests\Unit\ProductPricingServiceTest" classname="Tests.Unit.ProductPricingServiceTest" assertions="1" time="0.002308"/>
      </testsuite>
      <testsuite name="Tests\Unit\PromotionEligibilityResolverTest" file="D:\meem-commerce\tests\Unit\PromotionEligibilityResolverTest.php" tests="7" assertions="19" errors="0" failures="0" skipped="0" time="0.010614">
        <testcase name="test_specific_products_discount_applies_to_matched_subtotal" file="D:\meem-commerce\tests\Unit\PromotionEligibilityResolverTest.php" line="16" class="Tests\Unit\PromotionEligibilityResolverTest" classname="Tests.Unit.PromotionEligibilityResolverTest" assertions="2" time="0.003187"/>
        <testcase name="test_apply_to_all_applies_to_full_subtotal" file="D:\meem-commerce\tests\Unit\PromotionEligibilityResolverTest.php" line="47" class="Tests\Unit\PromotionEligibilityResolverTest" classname="Tests.Unit.PromotionEligibilityResolverTest" assertions="2" time="0.000668"/>
        <testcase name="test_gift_promotion_returns_gift_items_and_no_discount" file="D:\meem-commerce\tests\Unit\PromotionEligibilityResolverTest.php" line="75" class="Tests\Unit\PromotionEligibilityResolverTest" classname="Tests.Unit.PromotionEligibilityResolverTest" assertions="4" time="0.001422"/>
        <testcase name="test_gift_promotion_returns_only_available_gift_items" file="D:\meem-commerce\tests\Unit\PromotionEligibilityResolverTest.php" line="105" class="Tests\Unit\PromotionEligibilityResolverTest" classname="Tests.Unit.PromotionEligibilityResolverTest" assertions="3" time="0.000874"/>
        <testcase name="test_promotion_math_uses_original_line_total_not_discounted_total_price" file="D:\meem-commerce\tests\Unit\PromotionEligibilityResolverTest.php" line="133" class="Tests\Unit\PromotionEligibilityResolverTest" classname="Tests.Unit.PromotionEligibilityResolverTest" assertions="3" time="0.000691"/>
        <testcase name="test_gift_promotion_includes_variant_payload_when_configured" file="D:\meem-commerce\tests\Unit\PromotionEligibilityResolverTest.php" line="167" class="Tests\Unit\PromotionEligibilityResolverTest" classname="Tests.Unit.PromotionEligibilityResolverTest" assertions="4" time="0.003076"/>
        <testcase name="test_promotion_not_eligible_when_minimum_order_not_met" file="D:\meem-commerce\tests\Unit\PromotionEligibilityResolverTest.php" line="220" class="Tests\Unit\PromotionEligibilityResolverTest" classname="Tests.Unit.PromotionEligibilityResolverTest" assertions="1" time="0.000696"/>
      </testsuite>
      <testsuite name="Tests\Unit\PromotionStrategyTest" file="D:\meem-commerce\tests\Unit\PromotionStrategyTest.php" tests="16" assertions="25" errors="0" failures="0" skipped="0" time="0.010033">
        <testcase name="test_percentage_eligible_returns_true_when_valid" file="D:\meem-commerce\tests\Unit\PromotionStrategyTest.php" line="69" class="Tests\Unit\PromotionStrategyTest" classname="Tests.Unit.PromotionStrategyTest" assertions="1" time="0.000794"/>
        <testcase name="test_percentage_eligible_returns_false_when_invalid" file="D:\meem-commerce\tests\Unit\PromotionStrategyTest.php" line="77" class="Tests\Unit\PromotionStrategyTest" classname="Tests.Unit.PromotionStrategyTest" assertions="1" time="0.000598"/>
        <testcase name="test_percentage_compute_outcome_returns_correct_discount" file="D:\meem-commerce\tests\Unit\PromotionStrategyTest.php" line="85" class="Tests\Unit\PromotionStrategyTest" classname="Tests.Unit.PromotionStrategyTest" assertions="3" time="0.000920"/>
        <testcase name="test_percentage_compute_outcome_respects_max_discount_amount" file="D:\meem-commerce\tests\Unit\PromotionStrategyTest.php" line="97" class="Tests\Unit\PromotionStrategyTest" classname="Tests.Unit.PromotionStrategyTest" assertions="1" time="0.000516"/>
        <testcase name="test_fixed_eligible_returns_true_when_valid" file="D:\meem-commerce\tests\Unit\PromotionStrategyTest.php" line="111" class="Tests\Unit\PromotionStrategyTest" classname="Tests.Unit.PromotionStrategyTest" assertions="1" time="0.000532"/>
        <testcase name="test_fixed_compute_outcome_returns_fixed_discount" file="D:\meem-commerce\tests\Unit\PromotionStrategyTest.php" line="119" class="Tests\Unit\PromotionStrategyTest" classname="Tests.Unit.PromotionStrategyTest" assertions="2" time="0.000672"/>
        <testcase name="test_fixed_compute_outcome_caps_at_subtotal" file="D:\meem-commerce\tests\Unit\PromotionStrategyTest.php" line="133" class="Tests\Unit\PromotionStrategyTest" classname="Tests.Unit.PromotionStrategyTest" assertions="1" time="0.000509"/>
        <testcase name="test_gift_eligible_returns_false_when_no_gift_products" file="D:\meem-commerce\tests\Unit\PromotionStrategyTest.php" line="147" class="Tests\Unit\PromotionStrategyTest" classname="Tests.Unit.PromotionStrategyTest" assertions="1" time="0.000596"/>
        <testcase name="test_gift_eligible_returns_true_when_gift_products_exist" file="D:\meem-commerce\tests\Unit\PromotionStrategyTest.php" line="156" class="Tests\Unit\PromotionStrategyTest" classname="Tests.Unit.PromotionStrategyTest" assertions="1" time="0.000524"/>
        <testcase name="test_gift_compute_outcome_returns_gift_outcome" file="D:\meem-commerce\tests\Unit\PromotionStrategyTest.php" line="166" class="Tests\Unit\PromotionStrategyTest" classname="Tests.Unit.PromotionStrategyTest" assertions="6" time="0.000575"/>
        <testcase name="test_gift_compute_outcome_filters_out_of_stock_gifts" file="D:\meem-commerce\tests\Unit\PromotionStrategyTest.php" line="189" class="Tests\Unit\PromotionStrategyTest" classname="Tests.Unit.PromotionStrategyTest" assertions="2" time="0.000527"/>
        <testcase name="test_eligible_returns_false_when_minimum_order_not_met" file="D:\meem-commerce\tests\Unit\PromotionStrategyTest.php" line="210" class="Tests\Unit\PromotionStrategyTest" classname="Tests.Unit.PromotionStrategyTest" assertions="1" time="0.000630"/>
        <testcase name="test_eligible_returns_false_when_required_quantity_not_met" file="D:\meem-commerce\tests\Unit\PromotionStrategyTest.php" line="220" class="Tests\Unit\PromotionStrategyTest" classname="Tests.Unit.PromotionStrategyTest" assertions="1" time="0.000608"/>
        <testcase name="test_eligible_returns_false_when_promotion_usage_exceeded" file="D:\meem-commerce\tests\Unit\PromotionStrategyTest.php" line="230" class="Tests\Unit\PromotionStrategyTest" classname="Tests.Unit.PromotionStrategyTest" assertions="1" time="0.000523"/>
        <testcase name="test_eligible_returns_false_when_promotion_not_started" file="D:\meem-commerce\tests\Unit\PromotionStrategyTest.php" line="238" class="Tests\Unit\PromotionStrategyTest" classname="Tests.Unit.PromotionStrategyTest" assertions="1" time="0.000634"/>
        <testcase name="test_eligible_returns_false_when_promotion_expired" file="D:\meem-commerce\tests\Unit\PromotionStrategyTest.php" line="246" class="Tests\Unit\PromotionStrategyTest" classname="Tests.Unit.PromotionStrategyTest" assertions="1" time="0.000875"/>
      </testsuite>
    </testsuite>
    <testsuite name="Feature" tests="1904" assertions="4879" errors="2" failures="161" skipped="1" time="27.754230">
      <testsuite name="Tests\Feature\ActivityLogApiTest" file="D:\meem-commerce\tests\Feature\ActivityLogApiTest.php" tests="6" assertions="6" errors="0" failures="6" skipped="0" time="0.114782">
        <testcase name="test_unauthenticated_user_cannot_access_activity_logs" file="D:\meem-commerce\tests\Feature\ActivityLogApiTest.php" line="160" class="Tests\Feature\ActivityLogApiTest" classname="Tests.Feature.ActivityLogApiTest" assertions="1" time="0.024502">
          <failure type="PHPUnit\Framework\ExpectationFailedException">Tests\Feature\ActivityLogApiTest::test_unauthenticated_user_cannot_access_activity_logs&#13;
Expected response status code [401] but received 404.
Failed asserting that 401 is identical to 404.
&#13;
D:\meem-commerce\vendor\laravel\framework\src\Illuminate\Testing\TestResponse.php:146
D:\meem-commerce\tests\Feature\ActivityLogApiTest.php:164
D:\meem-commerce\vendor\laravel\framework\src\Illuminate\Foundation\Testing\TestCase.php:174</failure>
        </testcase>
        <testcase name="test_super_admin_can_fetch_activity_logs" file="D:\meem-commerce\tests\Feature\ActivityLogApiTest.php" line="167" class="Tests\Feature\ActivityLogApiTest" classname="Tests.Feature.ActivityLogApiTest" assertions="1" time="0.030068">
          <failure type="PHPUnit\Framework\ExpectationFailedException">Tests\Feature\ActivityLogApiTest::test_super_admin_can_fetch_activity_logs&#13;
Expected response status code [200] but received 404.
Failed asserting that 200 is identical to 404.
&#13;
D:\meem-commerce\vendor\laravel\framework\src\Illuminate\Testing\TestResponse.php:146
D:\meem-commerce\tests\Feature\ActivityLogApiTest.php:184
D:\meem-commerce\vendor\laravel\framework\src\Illuminate\Foundation\Testing\TestCase.php:174</failure>
        </testcase>
        <testcase name="test_can_filter_logs_by_log_name" file="D:\meem-commerce\tests\Feature\ActivityLogApiTest.php" line="198" class="Tests\Feature\ActivityLogApiTest" classname="Tests.Feature.ActivityLogApiTest" assertions="1" time="0.017910">
          <failure type="PHPUnit\Framework\ExpectationFailedException">Tests\Feature\ActivityLogApiTest::test_can_filter_logs_by_log_name&#13;
Expected response status code [200] but received 404.
Failed asserting that 200 is identical to 404.
&#13;
D:\meem-commerce\vendor\laravel\framework\src\Illuminate\Testing\TestResponse.php:146
D:\meem-commerce\tests\Feature\ActivityLogApiTest.php:208
D:\meem-commerce\vendor\laravel\framework\src\Illuminate\Foundation\Testing\TestCase.php:174</failure>
        </testcase>
        <testcase name="test_can_search_logs" file="D:\meem-commerce\tests\Feature\ActivityLogApiTest.php" line="212" class="Tests\Feature\ActivityLogApiTest" classname="Tests.Feature.ActivityLogApiTest" assertions="1" time="0.019920">
          <failure type="PHPUnit\Framework\ExpectationFailedException">Tests\Feature\ActivityLogApiTest::test_can_search_logs&#13;
Expected response status code [200] but received 404.
Failed asserting that 200 is identical to 404.
&#13;
D:\meem-commerce\vendor\laravel\framework\src\Illuminate\Testing\TestResponse.php:146
D:\meem-commerce\tests\Feature\ActivityLogApiTest.php:222
D:\meem-commerce\vendor\laravel\framework\src\Illuminate\Foundation\Testing\TestCase.php:174</failure>
        </testcase>
        <testcase name="test_returns_empty_when_no_logs" file="D:\meem-commerce\tests\Feature\ActivityLogApiTest.php" line="226" class="Tests\Feature\ActivityLogApiTest" classname="Tests.Feature.ActivityLogApiTest" assertions="1" time="0.011889">
          <failure type="PHPUnit\Framework\ExpectationFailedException">Tests\Feature\ActivityLogApiTest::test_returns_empty_when_no_logs&#13;
Expected response status code [200] but received 404.
Failed asserting that 200 is identical to 404.
&#13;
D:\meem-commerce\vendor\laravel\framework\src\Illuminate\Testing\TestResponse.php:146
D:\meem-commerce\tests\Feature\ActivityLogApiTest.php:243
D:\meem-commerce\vendor\laravel\framework\src\Illuminate\Foundation\Testing\TestCase.php:174</failure>
        </testcase>
        <testcase name="test_non_admin_cannot_access_activity_logs" file="D:\meem-commerce\tests\Feature\ActivityLogApiTest.php" line="248" class="Tests\Feature\ActivityLogApiTest" classname="Tests.Feature.ActivityLogApiTest" assertions="1" time="0.010493">
          <failure type="PHPUnit\Framework\ExpectationFailedException">Tests\Feature\ActivityLogApiTest::test_non_admin_cannot_access_activity_logs&#13;
Expected response status code [403] but received 404.
Failed asserting that 403 is identical to 404.
&#13;
D:\meem-commerce\vendor\laravel\framework\src\Illuminate\Testing\TestResponse.php:146
D:\meem-commerce\tests\Feature\ActivityLogApiTest.php:264
D:\meem-commerce\vendor\laravel\framework\src\Illuminate\Foundation\Testing\TestCase.php:174</failure>
        </testcase>
      </testsuite>
      <testsuite name="Tests\Feature\AdminOrderTest" file="D:\meem-commerce\tests\Feature\AdminOrderTest.php" tests="21" assertions="88" errors="0" failures="0" skipped="0" time="0.149554">
        <testcase name="test_index_requires_authentication" file="D:\meem-commerce\tests\Feature\AdminOrderTest.php" line="133" class="Tests\Feature\AdminOrderTest" classname="Tests.Feature.AdminOrderTest" assertions="1" time="0.007742"/>
        <testcase name="test_index_requires_view_orders_permission" file="D:\meem-commerce\tests\Feature\AdminOrderTest.php" line="140" class="Tests\Feature\AdminOrderTest" classname="Tests.Feature.AdminOrderTest" assertions="1" time="0.006202"/>
        <testcase name="test_index_returns_paginated_orders" file="D:\meem-commerce\tests\Feature\AdminOrderTest.php" line="148" class="Tests\Feature\AdminOrderTest" classname="Tests.Feature.AdminOrderTest" assertions="14" time="0.013565"/>
        <testcase name="test_index_respects_limit_parameter" file="D:\meem-commerce\tests\Feature\AdminOrderTest.php" line="169" class="Tests\Feature\AdminOrderTest" classname="Tests.Feature.AdminOrderTest" assertions="3" time="0.008790"/>
        <testcase name="test_index_enforces_max_limit" file="D:\meem-commerce\tests\Feature\AdminOrderTest.php" line="185" class="Tests\Feature\AdminOrderTest" classname="Tests.Feature.AdminOrderTest" assertions="2" time="0.008493"/>
        <testcase name="test_index_returns_empty_data_when_no_orders" file="D:\meem-commerce\tests\Feature\AdminOrderTest.php" line="199" class="Tests\Feature\AdminOrderTest" classname="Tests.Feature.AdminOrderTest" assertions="3" time="0.005469"/>
        <testcase name="test_index_filters_by_status" file="D:\meem-commerce\tests\Feature\AdminOrderTest.php" line="210" class="Tests\Feature\AdminOrderTest" classname="Tests.Feature.AdminOrderTest" assertions="2" time="0.008789"/>
        <testcase name="test_index_filters_by_user_id" file="D:\meem-commerce\tests\Feature\AdminOrderTest.php" line="226" class="Tests\Feature\AdminOrderTest" classname="Tests.Feature.AdminOrderTest" assertions="2" time="0.008661"/>
        <testcase name="test_index_filters_by_shipping_method" file="D:\meem-commerce\tests\Feature\AdminOrderTest.php" line="250" class="Tests\Feature\AdminOrderTest" classname="Tests.Feature.AdminOrderTest" assertions="2" time="0.006026"/>
        <testcase name="test_index_search_returns_matching_results" file="D:\meem-commerce\tests\Feature\AdminOrderTest.php" line="266" class="Tests\Feature\AdminOrderTest" classname="Tests.Feature.AdminOrderTest" assertions="3" time="0.005814"/>
        <testcase name="test_index_filters_by_date_range" file="D:\meem-commerce\tests\Feature\AdminOrderTest.php" line="287" class="Tests\Feature\AdminOrderTest" classname="Tests.Feature.AdminOrderTest" assertions="2" time="0.006538"/>
        <testcase name="test_index_filters_by_product_id" file="D:\meem-commerce\tests\Feature\AdminOrderTest.php" line="300" class="Tests\Feature\AdminOrderTest" classname="Tests.Feature.AdminOrderTest" assertions="2" time="0.006608"/>
        <testcase name="test_index_does_not_include_extra_fields" file="D:\meem-commerce\tests\Feature\AdminOrderTest.php" line="313" class="Tests\Feature\AdminOrderTest" classname="Tests.Feature.AdminOrderTest" assertions="8" time="0.006732"/>
        <testcase name="test_show_requires_authentication" file="D:\meem-commerce\tests\Feature\AdminOrderTest.php" line="338" class="Tests\Feature\AdminOrderTest" classname="Tests.Feature.AdminOrderTest" assertions="1" time="0.003750"/>
        <testcase name="test_show_requires_view_order_permission" file="D:\meem-commerce\tests\Feature\AdminOrderTest.php" line="347" class="Tests\Feature\AdminOrderTest" classname="Tests.Feature.AdminOrderTest" assertions="1" time="0.004844"/>
        <testcase name="test_show_returns_single_order" file="D:\meem-commerce\tests\Feature\AdminOrderTest.php" line="357" class="Tests\Feature\AdminOrderTest" classname="Tests.Feature.AdminOrderTest" assertions="19" time="0.011888"/>
        <testcase name="test_show_returns_404_for_nonexistent_order" file="D:\meem-commerce\tests\Feature\AdminOrderTest.php" line="389" class="Tests\Feature\AdminOrderTest" classname="Tests.Feature.AdminOrderTest" assertions="1" time="0.004190"/>
        <testcase name="test_show_includes_customer_details_and_items" file="D:\meem-commerce\tests\Feature\AdminOrderTest.php" line="398" class="Tests\Feature\AdminOrderTest" classname="Tests.Feature.AdminOrderTest" assertions="7" time="0.007299"/>
        <testcase name="test_show_returns_correct_order_number" file="D:\meem-commerce\tests\Feature\AdminOrderTest.php" line="418" class="Tests\Feature\AdminOrderTest" classname="Tests.Feature.AdminOrderTest" assertions="2" time="0.006169"/>
        <testcase name="test_show_order_items_have_correct_structure" file="D:\meem-commerce\tests\Feature\AdminOrderTest.php" line="431" class="Tests\Feature\AdminOrderTest" classname="Tests.Feature.AdminOrderTest" assertions="6" time="0.006606"/>
        <testcase name="test_show_transactions_have_correct_structure" file="D:\meem-commerce\tests\Feature\AdminOrderTest.php" line="449" class="Tests\Feature\AdminOrderTest" classname="Tests.Feature.AdminOrderTest" assertions="6" time="0.005377"/>
      </testsuite>
      <testsuite name="Tests\Feature\AssignedCouponSystemTest" file="D:\meem-commerce\tests\Feature\AssignedCouponSystemTest.php" tests="47" assertions="104" errors="0" failures="0" skipped="0" time="0.343426">
        <testcase name="assigned_user_can_apply_assigned_coupon" file="D:\meem-commerce\tests\Feature\AssignedCouponSystemTest.php" line="115" class="Tests\Feature\AssignedCouponSystemTest" classname="Tests.Feature.AssignedCouponSystemTest" assertions="3" time="0.011995"/>
        <testcase name="assigned_coupon_with_multiple_users_isolates_quota" file="D:\meem-commerce\tests\Feature\AssignedCouponSystemTest.php" line="136" class="Tests\Feature\AssignedCouponSystemTest" classname="Tests.Feature.AssignedCouponSystemTest" assertions="2" time="0.008468"/>
        <testcase name="non_assigned_user_cannot_apply_assigned_coupon" file="D:\meem-commerce\tests\Feature\AssignedCouponSystemTest.php" line="157" class="Tests\Feature\AssignedCouponSystemTest" classname="Tests.Feature.AssignedCouponSystemTest" assertions="2" time="0.007755"/>
        <testcase name="expired_assignment_returns_error" file="D:\meem-commerce\tests\Feature\AssignedCouponSystemTest.php" line="174" class="Tests\Feature\AssignedCouponSystemTest" classname="Tests.Feature.AssignedCouponSystemTest" assertions="2" time="0.007443"/>
        <testcase name="usage_quota_exceeded_returns_error" file="D:\meem-commerce\tests\Feature\AssignedCouponSystemTest.php" line="192" class="Tests\Feature\AssignedCouponSystemTest" classname="Tests.Feature.AssignedCouponSystemTest" assertions="2" time="0.007644"/>
        <testcase name="assigned_coupon_can_be_used_multiple_times_up_to_max_uses" file="D:\meem-commerce\tests\Feature\AssignedCouponSystemTest.php" line="215" class="Tests\Feature\AssignedCouponSystemTest" classname="Tests.Feature.AssignedCouponSystemTest" assertions="2" time="0.007904"/>
        <testcase name="assigned_coupon_allow_usage_before_reaching_max" file="D:\meem-commerce\tests\Feature\AssignedCouponSystemTest.php" line="234" class="Tests\Feature\AssignedCouponSystemTest" classname="Tests.Feature.AssignedCouponSystemTest" assertions="2" time="0.012158"/>
        <testcase name="public_coupon_with_no_assignments_still_works" file="D:\meem-commerce\tests\Feature\AssignedCouponSystemTest.php" line="257" class="Tests\Feature\AssignedCouponSystemTest" classname="Tests.Feature.AssignedCouponSystemTest" assertions="2" time="0.007077"/>
        <testcase name="public_coupon_already_used_check_still_works" file="D:\meem-commerce\tests\Feature\AssignedCouponSystemTest.php" line="272" class="Tests\Feature\AssignedCouponSystemTest" classname="Tests.Feature.AssignedCouponSystemTest" assertions="2" time="0.007176"/>
        <testcase name="any_user_can_use_public_coupon" file="D:\meem-commerce\tests\Feature\AssignedCouponSystemTest.php" line="293" class="Tests\Feature\AssignedCouponSystemTest" classname="Tests.Feature.AssignedCouponSystemTest" assertions="2" time="0.008621"/>
        <testcase name="assigned_coupon_with_product_restriction_validates_products" file="D:\meem-commerce\tests\Feature\AssignedCouponSystemTest.php" line="312" class="Tests\Feature\AssignedCouponSystemTest" classname="Tests.Feature.AssignedCouponSystemTest" assertions="2" time="0.013087"/>
        <testcase name="assigned_coupon_with_matching_product_succeeds" file="D:\meem-commerce\tests\Feature\AssignedCouponSystemTest.php" line="339" class="Tests\Feature\AssignedCouponSystemTest" classname="Tests.Feature.AssignedCouponSystemTest" assertions="2" time="0.007541"/>
        <testcase name="global_limiter_still_works_for_assigned_coupon" file="D:\meem-commerce\tests\Feature\AssignedCouponSystemTest.php" line="361" class="Tests\Feature\AssignedCouponSystemTest" classname="Tests.Feature.AssignedCouponSystemTest" assertions="2" time="0.007327"/>
        <testcase name="assignment_quota_rejected_even_when_global_limiter_available" file="D:\meem-commerce\tests\Feature\AssignedCouponSystemTest.php" line="380" class="Tests\Feature\AssignedCouponSystemTest" classname="Tests.Feature.AssignedCouponSystemTest" assertions="2" time="0.006763"/>
        <testcase name="orchestrator_returns_valid_for_assigned_user" file="D:\meem-commerce\tests\Feature\AssignedCouponSystemTest.php" line="403" class="Tests\Feature\AssignedCouponSystemTest" classname="Tests.Feature.AssignedCouponSystemTest" assertions="2" time="0.003690"/>
        <testcase name="orchestrator_returns_not_assigned_for_non_assigned_user" file="D:\meem-commerce\tests\Feature\AssignedCouponSystemTest.php" line="415" class="Tests\Feature\AssignedCouponSystemTest" classname="Tests.Feature.AssignedCouponSystemTest" assertions="2" time="0.003658"/>
        <testcase name="orchestrator_returns_public_validation_when_no_assignments" file="D:\meem-commerce\tests\Feature\AssignedCouponSystemTest.php" line="427" class="Tests\Feature\AssignedCouponSystemTest" classname="Tests.Feature.AssignedCouponSystemTest" assertions="1" time="0.003334"/>
        <testcase name="orchestrator_skips_already_used_for_assigned_coupons" file="D:\meem-commerce\tests\Feature\AssignedCouponSystemTest.php" line="437" class="Tests\Feature\AssignedCouponSystemTest" classname="Tests.Feature.AssignedCouponSystemTest" assertions="1" time="0.004292"/>
        <testcase name="orchestrator_rejects_disabled_coupon_even_if_assigned" file="D:\meem-commerce\tests\Feature\AssignedCouponSystemTest.php" line="448" class="Tests\Feature\AssignedCouponSystemTest" classname="Tests.Feature.AssignedCouponSystemTest" assertions="2" time="0.004255"/>
        <testcase name="checkout_records_assigned_coupon_usage_and_increments_assignment" file="D:\meem-commerce\tests\Feature\AssignedCouponSystemTest.php" line="464" class="Tests\Feature\AssignedCouponSystemTest" classname="Tests.Feature.AssignedCouponSystemTest" assertions="2" time="0.012372"/>
        <testcase name="checkout_allows_multiple_assignments_usage" file="D:\meem-commerce\tests\Feature\AssignedCouponSystemTest.php" line="502" class="Tests\Feature\AssignedCouponSystemTest" classname="Tests.Feature.AssignedCouponSystemTest" assertions="1" time="0.015804"/>
        <testcase name="checkout_with_public_coupon_still_uses_first_or_create" file="D:\meem-commerce\tests\Feature\AssignedCouponSystemTest.php" line="540" class="Tests\Feature\AssignedCouponSystemTest" classname="Tests.Feature.AssignedCouponSystemTest" assertions="2" time="0.007456"/>
        <testcase name="assignment_validator_returns_no_assignments_for_public_coupon" file="D:\meem-commerce\tests\Feature\AssignedCouponSystemTest.php" line="584" class="Tests\Feature\AssignedCouponSystemTest" classname="Tests.Feature.AssignedCouponSystemTest" assertions="2" time="0.002802"/>
        <testcase name="assignment_validator_detects_expired_assignment" file="D:\meem-commerce\tests\Feature\AssignedCouponSystemTest.php" line="595" class="Tests\Feature\AssignedCouponSystemTest" classname="Tests.Feature.AssignedCouponSystemTest" assertions="3" time="0.003495"/>
        <testcase name="assignment_validator_quota_exceeded" file="D:\meem-commerce\tests\Feature\AssignedCouponSystemTest.php" line="610" class="Tests\Feature\AssignedCouponSystemTest" classname="Tests.Feature.AssignedCouponSystemTest" assertions="3" time="0.003410"/>
        <testcase name="assignment_validator_passes_for_valid_assignment" file="D:\meem-commerce\tests\Feature\AssignedCouponSystemTest.php" line="626" class="Tests\Feature\AssignedCouponSystemTest" classname="Tests.Feature.AssignedCouponSystemTest" assertions="3" time="0.003190"/>
        <testcase name="assignment_validator_uses_assignment_used_counter" file="D:\meem-commerce\tests\Feature\AssignedCouponSystemTest.php" line="642" class="Tests\Feature\AssignedCouponSystemTest" classname="Tests.Feature.AssignedCouponSystemTest" assertions="1" time="0.003471"/>
        <testcase name="coupon_resource_serializes_is_assigned_false_for_public_coupon" file="D:\meem-commerce\tests\Feature\AssignedCouponSystemTest.php" line="660" class="Tests\Feature\AssignedCouponSystemTest" classname="Tests.Feature.AssignedCouponSystemTest" assertions="2" time="0.004719"/>
        <testcase name="coupon_resource_serializes_is_assigned_true_with_assignments" file="D:\meem-commerce\tests\Feature\AssignedCouponSystemTest.php" line="674" class="Tests\Feature\AssignedCouponSystemTest" classname="Tests.Feature.AssignedCouponSystemTest" assertions="5" time="0.005418"/>
        <testcase name="record_coupon_usage_creates_assignment_usage_history" file="D:\meem-commerce\tests\Feature\AssignedCouponSystemTest.php" line="696" class="Tests\Feature\AssignedCouponSystemTest" classname="Tests.Feature.AssignedCouponSystemTest" assertions="2" time="0.008679"/>
        <testcase name="audit_trail_shows_all_usage_events" file="D:\meem-commerce\tests\Feature\AssignedCouponSystemTest.php" line="737" class="Tests\Feature\AssignedCouponSystemTest" classname="Tests.Feature.AssignedCouponSystemTest" assertions="5" time="0.019555"/>
        <testcase name="disabled_coupon_is_rejected_even_with_valid_assignment" file="D:\meem-commerce\tests\Feature\AssignedCouponSystemTest.php" line="792" class="Tests\Feature\AssignedCouponSystemTest" classname="Tests.Feature.AssignedCouponSystemTest" assertions="2" time="0.012289"/>
        <testcase name="user_hard_deletion_cascades_to_assignments" file="D:\meem-commerce\tests\Feature\AssignedCouponSystemTest.php" line="812" class="Tests\Feature\AssignedCouponSystemTest" classname="Tests.Feature.AssignedCouponSystemTest" assertions="3" time="0.006288"/>
        <testcase name="soft_deleted_user_cannot_authenticate_so_assignment_is_inaccessible" file="D:\meem-commerce\tests\Feature\AssignedCouponSystemTest.php" line="833" class="Tests\Feature\AssignedCouponSystemTest" classname="Tests.Feature.AssignedCouponSystemTest" assertions="4" time="0.005342"/>
        <testcase name="increasing_max_uses_preserves_used_counter" file="D:\meem-commerce\tests\Feature\AssignedCouponSystemTest.php" line="856" class="Tests\Feature\AssignedCouponSystemTest" classname="Tests.Feature.AssignedCouponSystemTest" assertions="3" time="0.004092"/>
        <testcase name="decreasing_max_uses_can_lock_out_user" file="D:\meem-commerce\tests\Feature\AssignedCouponSystemTest.php" line="874" class="Tests\Feature\AssignedCouponSystemTest" classname="Tests.Feature.AssignedCouponSystemTest" assertions="5" time="0.003958"/>
        <testcase name="expired_assignment_rejected_while_coupon_is_active" file="D:\meem-commerce\tests\Feature\AssignedCouponSystemTest.php" line="900" class="Tests\Feature\AssignedCouponSystemTest" classname="Tests.Feature.AssignedCouponSystemTest" assertions="2" time="0.007326"/>
        <testcase name="cannot_create_duplicate_assignment" file="D:\meem-commerce\tests\Feature\AssignedCouponSystemTest.php" line="925" class="Tests\Feature\AssignedCouponSystemTest" classname="Tests.Feature.AssignedCouponSystemTest" assertions="1" time="0.003939"/>
        <testcase name="coupon_usage_rolled_back_when_mark_cod_fails" file="D:\meem-commerce\tests\Feature\AssignedCouponSystemTest.php" line="943" class="Tests\Feature\AssignedCouponSystemTest" classname="Tests.Feature.AssignedCouponSystemTest" assertions="3" time="0.004622"/>
        <testcase name="mark_cod_as_paid_is_atomic" file="D:\meem-commerce\tests\Feature\AssignedCouponSystemTest.php" line="987" class="Tests\Feature\AssignedCouponSystemTest" classname="Tests.Feature.AssignedCouponSystemTest" assertions="2" time="0.011153"/>
        <testcase name="order_cancellation_does_not_decrement_assignment_used" file="D:\meem-commerce\tests\Feature\AssignedCouponSystemTest.php" line="1032" class="Tests\Feature\AssignedCouponSystemTest" classname="Tests.Feature.AssignedCouponSystemTest" assertions="1" time="0.009432"/>
        <testcase name="product_restrictions_are_owned_by_coupon_not_assignment" file="D:\meem-commerce\tests\Feature\AssignedCouponSystemTest.php" line="1071" class="Tests\Feature\AssignedCouponSystemTest" classname="Tests.Feature.AssignedCouponSystemTest" assertions="2" time="0.008670"/>
        <testcase name="record_coupon_usage_skips_when_quota_exhausted" file="D:\meem-commerce\tests\Feature\AssignedCouponSystemTest.php" line="1095" class="Tests\Feature\AssignedCouponSystemTest" classname="Tests.Feature.AssignedCouponSystemTest" assertions="1" time="0.007763"/>
        <testcase name="public_coupon_free_shipping_still_works" file="D:\meem-commerce\tests\Feature\AssignedCouponSystemTest.php" line="1135" class="Tests\Feature\AssignedCouponSystemTest" classname="Tests.Feature.AssignedCouponSystemTest" assertions="2" time="0.008348"/>
        <testcase name="public_coupon_fixed_rate_still_works" file="D:\meem-commerce\tests\Feature\AssignedCouponSystemTest.php" line="1153" class="Tests\Feature\AssignedCouponSystemTest" classname="Tests.Feature.AssignedCouponSystemTest" assertions="2" time="0.008748"/>
        <testcase name="public_coupon_global_limiter_still_works" file="D:\meem-commerce\tests\Feature\AssignedCouponSystemTest.php" line="1171" class="Tests\Feature\AssignedCouponSystemTest" classname="Tests.Feature.AssignedCouponSystemTest" assertions="2" time="0.006668"/>
        <testcase name="assignment_detection_uses_exists_not_count" file="D:\meem-commerce\tests\Feature\AssignedCouponSystemTest.php" line="1193" class="Tests\Feature\AssignedCouponSystemTest" classname="Tests.Feature.AssignedCouponSystemTest" assertions="1" time="0.004227"/>
      </testsuite>
      <testsuite name="Tests\Feature\AttributeApiTest" file="D:\meem-commerce\tests\Feature\AttributeApiTest.php" tests="16" assertions="22" errors="0" failures="2" skipped="0" time="0.099527">
        <testcase name="test_authenticated_user_can_list_attributes" file="D:\meem-commerce\tests\Feature\AttributeApiTest.php" line="76" class="Tests\Feature\AttributeApiTest" classname="Tests.Feature.AttributeApiTest" assertions="1" time="0.011561"/>
        <testcase name="test_guest_cannot_list_attributes" file="D:\meem-commerce\tests\Feature\AttributeApiTest.php" line="88" class="Tests\Feature\AttributeApiTest" classname="Tests.Feature.AttributeApiTest" assertions="1" time="0.003769">
          <failure type="PHPUnit\Framework\ExpectationFailedException">Tests\Feature\AttributeApiTest::test_guest_cannot_list_attributes&#13;
Expected response status code [403] but received 401.
Failed asserting that 403 is identical to 401.
&#13;
D:\meem-commerce\vendor\laravel\framework\src\Illuminate\Testing\TestResponse.php:146
D:\meem-commerce\tests\Feature\AttributeApiTest.php:92
D:\meem-commerce\vendor\laravel\framework\src\Illuminate\Foundation\Testing\TestCase.php:174</failure>
        </testcase>
        <testcase name="test_list_attributes_returns_empty_data_when_none_exist" file="D:\meem-commerce\tests\Feature\AttributeApiTest.php" line="95" class="Tests\Feature\AttributeApiTest" classname="Tests.Feature.AttributeApiTest" assertions="1" time="0.004330"/>
        <testcase name="test_authenticated_user_can_show_attribute_by_id" file="D:\meem-commerce\tests\Feature\AttributeApiTest.php" line="108" class="Tests\Feature\AttributeApiTest" classname="Tests.Feature.AttributeApiTest" assertions="2" time="0.005153"/>
        <testcase name="test_guest_gets_403_for_attribute_show" file="D:\meem-commerce\tests\Feature\AttributeApiTest.php" line="124" class="Tests\Feature\AttributeApiTest" classname="Tests.Feature.AttributeApiTest" assertions="1" time="0.004524">
          <failure type="PHPUnit\Framework\ExpectationFailedException">Tests\Feature\AttributeApiTest::test_guest_gets_403_for_attribute_show&#13;
Expected response status code [403] but received 401.
Failed asserting that 403 is identical to 401.
&#13;
D:\meem-commerce\vendor\laravel\framework\src\Illuminate\Testing\TestResponse.php:146
D:\meem-commerce\tests\Feature\AttributeApiTest.php:129
D:\meem-commerce\vendor\laravel\framework\src\Illuminate\Foundation\Testing\TestCase.php:174</failure>
        </testcase>
        <testcase name="test_authenticated_user_gets_404_for_nonexistent_attribute_id" file="D:\meem-commerce\tests\Feature\AttributeApiTest.php" line="132" class="Tests\Feature\AttributeApiTest" classname="Tests.Feature.AttributeApiTest" assertions="1" time="0.004281"/>
        <testcase name="test_unauthenticated_user_cannot_create_attribute" file="D:\meem-commerce\tests\Feature\AttributeApiTest.php" line="144" class="Tests\Feature\AttributeApiTest" classname="Tests.Feature.AttributeApiTest" assertions="1" time="0.003647"/>
        <testcase name="test_authenticated_admin_can_create_attribute" file="D:\meem-commerce\tests\Feature\AttributeApiTest.php" line="153" class="Tests\Feature\AttributeApiTest" classname="Tests.Feature.AttributeApiTest" assertions="2" time="0.015771"/>
        <testcase name="test_user_without_required_permission_gets_forbidden_for_create" file="D:\meem-commerce\tests\Feature\AttributeApiTest.php" line="165" class="Tests\Feature\AttributeApiTest" classname="Tests.Feature.AttributeApiTest" assertions="1" time="0.004202"/>
        <testcase name="test_unauthenticated_user_cannot_update_attribute" file="D:\meem-commerce\tests\Feature\AttributeApiTest.php" line="179" class="Tests\Feature\AttributeApiTest" classname="Tests.Feature.AttributeApiTest" assertions="1" time="0.010611"/>
        <testcase name="test_unauthenticated_user_cannot_delete_attribute" file="D:\meem-commerce\tests\Feature\AttributeApiTest.php" line="193" class="Tests\Feature\AttributeApiTest" classname="Tests.Feature.AttributeApiTest" assertions="1" time="0.002874"/>
        <testcase name="test_authenticated_admin_can_delete_attribute" file="D:\meem-commerce\tests\Feature\AttributeApiTest.php" line="201" class="Tests\Feature\AttributeApiTest" classname="Tests.Feature.AttributeApiTest" assertions="2" time="0.004930"/>
        <testcase name="test_unauthenticated_user_cannot_create_attribute_value" file="D:\meem-commerce\tests\Feature\AttributeApiTest.php" line="219" class="Tests\Feature\AttributeApiTest" classname="Tests.Feature.AttributeApiTest" assertions="1" time="0.003969"/>
        <testcase name="test_authenticated_admin_can_create_attribute_value" file="D:\meem-commerce\tests\Feature\AttributeApiTest.php" line="228" class="Tests\Feature\AttributeApiTest" classname="Tests.Feature.AttributeApiTest" assertions="2" time="0.011231"/>
        <testcase name="test_authenticated_admin_can_delete_attribute_value" file="D:\meem-commerce\tests\Feature\AttributeApiTest.php" line="249" class="Tests\Feature\AttributeApiTest" classname="Tests.Feature.AttributeApiTest" assertions="2" time="0.004524"/>
        <testcase name="test_deleting_attribute_cascades_to_its_values" file="D:\meem-commerce\tests\Feature\AttributeApiTest.php" line="269" class="Tests\Feature\AttributeApiTest" classname="Tests.Feature.AttributeApiTest" assertions="2" time="0.004149"/>
      </testsuite>
      <testsuite name="Tests\Feature\AttributesProductionHardenTest" file="D:\meem-commerce\tests\Feature\AttributesProductionHardenTest.php" tests="32" assertions="67" errors="0" failures="0" skipped="0" time="0.194767">
        <testcase name="test_guest_cannot_list_attributes" file="D:\meem-commerce\tests\Feature\AttributesProductionHardenTest.php" line="100" class="Tests\Feature\AttributesProductionHardenTest" classname="Tests.Feature.AttributesProductionHardenTest" assertions="1" time="0.003308"/>
        <testcase name="test_guest_cannot_show_attribute" file="D:\meem-commerce\tests\Feature\AttributesProductionHardenTest.php" line="106" class="Tests\Feature\AttributesProductionHardenTest" classname="Tests.Feature.AttributesProductionHardenTest" assertions="1" time="0.004747"/>
        <testcase name="test_guest_cannot_create_attribute" file="D:\meem-commerce\tests\Feature\AttributesProductionHardenTest.php" line="113" class="Tests\Feature\AttributesProductionHardenTest" classname="Tests.Feature.AttributesProductionHardenTest" assertions="1" time="0.003121"/>
        <testcase name="test_guest_cannot_update_attribute" file="D:\meem-commerce\tests\Feature\AttributesProductionHardenTest.php" line="121" class="Tests\Feature\AttributesProductionHardenTest" classname="Tests.Feature.AttributesProductionHardenTest" assertions="1" time="0.003449"/>
        <testcase name="test_guest_cannot_delete_attribute" file="D:\meem-commerce\tests\Feature\AttributesProductionHardenTest.php" line="130" class="Tests\Feature\AttributesProductionHardenTest" classname="Tests.Feature.AttributesProductionHardenTest" assertions="1" time="0.003183"/>
        <testcase name="test_view_only_user_cannot_create" file="D:\meem-commerce\tests\Feature\AttributesProductionHardenTest.php" line="137" class="Tests\Feature\AttributesProductionHardenTest" classname="Tests.Feature.AttributesProductionHardenTest" assertions="1" time="0.003701"/>
        <testcase name="test_view_only_user_cannot_update" file="D:\meem-commerce\tests\Feature\AttributesProductionHardenTest.php" line="146" class="Tests\Feature\AttributesProductionHardenTest" classname="Tests.Feature.AttributesProductionHardenTest" assertions="1" time="0.004272"/>
        <testcase name="test_view_only_user_cannot_delete" file="D:\meem-commerce\tests\Feature\AttributesProductionHardenTest.php" line="156" class="Tests\Feature\AttributesProductionHardenTest" classname="Tests.Feature.AttributesProductionHardenTest" assertions="1" time="0.004143"/>
        <testcase name="test_admin_can_create_attribute_without_values" file="D:\meem-commerce\tests\Feature\AttributesProductionHardenTest.php" line="168" class="Tests\Feature\AttributesProductionHardenTest" classname="Tests.Feature.AttributesProductionHardenTest" assertions="2" time="0.005556"/>
        <testcase name="test_admin_can_create_attribute_with_values" file="D:\meem-commerce\tests\Feature\AttributesProductionHardenTest.php" line="180" class="Tests\Feature\AttributesProductionHardenTest" classname="Tests.Feature.AttributesProductionHardenTest" assertions="3" time="0.006837"/>
        <testcase name="test_admin_can_show_attribute_by_id" file="D:\meem-commerce\tests\Feature\AttributesProductionHardenTest.php" line="197" class="Tests\Feature\AttributesProductionHardenTest" classname="Tests.Feature.AttributesProductionHardenTest" assertions="3" time="0.015390"/>
        <testcase name="test_admin_can_show_attribute_by_slug" file="D:\meem-commerce\tests\Feature\AttributesProductionHardenTest.php" line="214" class="Tests\Feature\AttributesProductionHardenTest" classname="Tests.Feature.AttributesProductionHardenTest" assertions="2" time="0.008635"/>
        <testcase name="test_show_nonexistent_attribute_returns_404" file="D:\meem-commerce\tests\Feature\AttributesProductionHardenTest.php" line="226" class="Tests\Feature\AttributesProductionHardenTest" classname="Tests.Feature.AttributesProductionHardenTest" assertions="1" time="0.004419"/>
        <testcase name="test_admin_can_update_attribute_name_without_touching_values" file="D:\meem-commerce\tests\Feature\AttributesProductionHardenTest.php" line="234" class="Tests\Feature\AttributesProductionHardenTest" classname="Tests.Feature.AttributesProductionHardenTest" assertions="2" time="0.006527"/>
        <testcase name="test_update_attribute_with_values_replaces_values" file="D:\meem-commerce\tests\Feature\AttributesProductionHardenTest.php" line="254" class="Tests\Feature\AttributesProductionHardenTest" classname="Tests.Feature.AttributesProductionHardenTest" assertions="2" time="0.008009"/>
        <testcase name="test_admin_can_delete_attribute" file="D:\meem-commerce\tests\Feature\AttributesProductionHardenTest.php" line="277" class="Tests\Feature\AttributesProductionHardenTest" classname="Tests.Feature.AttributesProductionHardenTest" assertions="2" time="0.004067"/>
        <testcase name="test_delete_nonexistent_attribute_returns_404" file="D:\meem-commerce\tests\Feature\AttributesProductionHardenTest.php" line="289" class="Tests\Feature\AttributesProductionHardenTest" classname="Tests.Feature.AttributesProductionHardenTest" assertions="1" time="0.004093"/>
        <testcase name="test_admin_can_create_attribute_value" file="D:\meem-commerce\tests\Feature\AttributesProductionHardenTest.php" line="301" class="Tests\Feature\AttributesProductionHardenTest" classname="Tests.Feature.AttributesProductionHardenTest" assertions="2" time="0.016571"/>
        <testcase name="test_admin_can_show_attribute_value" file="D:\meem-commerce\tests\Feature\AttributesProductionHardenTest.php" line="318" class="Tests\Feature\AttributesProductionHardenTest" classname="Tests.Feature.AttributesProductionHardenTest" assertions="2" time="0.006926"/>
        <testcase name="test_admin_can_update_attribute_value" file="D:\meem-commerce\tests\Feature\AttributesProductionHardenTest.php" line="335" class="Tests\Feature\AttributesProductionHardenTest" classname="Tests.Feature.AttributesProductionHardenTest" assertions="1" time="0.006671"/>
        <testcase name="test_update_nonexistent_value_returns_error" file="D:\meem-commerce\tests\Feature\AttributesProductionHardenTest.php" line="354" class="Tests\Feature\AttributesProductionHardenTest" classname="Tests.Feature.AttributesProductionHardenTest" assertions="1" time="0.004769"/>
        <testcase name="test_admin_can_delete_attribute_value" file="D:\meem-commerce\tests\Feature\AttributesProductionHardenTest.php" line="368" class="Tests\Feature\AttributesProductionHardenTest" classname="Tests.Feature.AttributesProductionHardenTest" assertions="2" time="0.005010"/>
        <testcase name="test_create_attribute_requires_name" file="D:\meem-commerce\tests\Feature\AttributesProductionHardenTest.php" line="389" class="Tests\Feature\AttributesProductionHardenTest" classname="Tests.Feature.AttributesProductionHardenTest" assertions="1" time="0.004277"/>
        <testcase name="test_create_attribute_value_requires_valid_attribute_id" file="D:\meem-commerce\tests\Feature\AttributesProductionHardenTest.php" line="397" class="Tests\Feature\AttributesProductionHardenTest" classname="Tests.Feature.AttributesProductionHardenTest" assertions="1" time="0.004921"/>
        <testcase name="test_create_attribute_value_requires_value_array" file="D:\meem-commerce\tests\Feature\AttributesProductionHardenTest.php" line="408" class="Tests\Feature\AttributesProductionHardenTest" classname="Tests.Feature.AttributesProductionHardenTest" assertions="1" time="0.005097"/>
        <testcase name="test_attribute_list_response_structure" file="D:\meem-commerce\tests\Feature\AttributesProductionHardenTest.php" line="425" class="Tests\Feature\AttributesProductionHardenTest" classname="Tests.Feature.AttributesProductionHardenTest" assertions="7" time="0.006810"/>
        <testcase name="test_attribute_show_response_structure" file="D:\meem-commerce\tests\Feature\AttributesProductionHardenTest.php" line="443" class="Tests\Feature\AttributesProductionHardenTest" classname="Tests.Feature.AttributesProductionHardenTest" assertions="10" time="0.005169"/>
        <testcase name="test_attribute_value_show_response_structure" file="D:\meem-commerce\tests\Feature\AttributesProductionHardenTest.php" line="464" class="Tests\Feature\AttributesProductionHardenTest" classname="Tests.Feature.AttributesProductionHardenTest" assertions="6" time="0.006150"/>
        <testcase name="test_deleting_attribute_cascades_to_values" file="D:\meem-commerce\tests\Feature\AttributesProductionHardenTest.php" line="489" class="Tests\Feature\AttributesProductionHardenTest" classname="Tests.Feature.AttributesProductionHardenTest" assertions="1" time="0.004099"/>
        <testcase name="test_deleting_attribute_value_cascades_to_pivot" file="D:\meem-commerce\tests\Feature\AttributesProductionHardenTest.php" line="505" class="Tests\Feature\AttributesProductionHardenTest" classname="Tests.Feature.AttributesProductionHardenTest" assertions="2" time="0.008026"/>
        <testcase name="test_update_attribute_preserves_unaffected_values" file="D:\meem-commerce\tests\Feature\AttributesProductionHardenTest.php" line="548" class="Tests\Feature\AttributesProductionHardenTest" classname="Tests.Feature.AttributesProductionHardenTest" assertions="2" time="0.010923"/>
        <testcase name="test_list_attributes_paginates" file="D:\meem-commerce\tests\Feature\AttributesProductionHardenTest.php" line="599" class="Tests\Feature\AttributesProductionHardenTest" classname="Tests.Feature.AttributesProductionHardenTest" assertions="2" time="0.005892"/>
      </testsuite>
      <testsuite name="Tests\Feature\AuthenticationTest" file="D:\meem-commerce\tests\Feature\AuthenticationTest.php" tests="19" assertions="41" errors="0" failures="2" skipped="0" time="0.117553">
        <testcase name="test_login_with_valid_credentials_returns_token" file="D:\meem-commerce\tests\Feature\AuthenticationTest.php" line="45" class="Tests\Feature\AuthenticationTest" classname="Tests.Feature.AuthenticationTest" assertions="8" time="0.014229"/>
        <testcase name="test_login_with_invalid_password_returns_404" file="D:\meem-commerce\tests\Feature\AuthenticationTest.php" line="62" class="Tests\Feature\AuthenticationTest" classname="Tests.Feature.AuthenticationTest" assertions="2" time="0.004116"/>
        <testcase name="test_login_with_nonexistent_email_returns_404" file="D:\meem-commerce\tests\Feature\AuthenticationTest.php" line="73" class="Tests\Feature\AuthenticationTest" classname="Tests.Feature.AuthenticationTest" assertions="2" time="0.003168"/>
        <testcase name="test_login_with_inactive_user_returns_404" file="D:\meem-commerce\tests\Feature\AuthenticationTest.php" line="84" class="Tests\Feature\AuthenticationTest" classname="Tests.Feature.AuthenticationTest" assertions="2" time="0.005058"/>
        <testcase name="test_login_with_phone_number_works" file="D:\meem-commerce\tests\Feature\AuthenticationTest.php" line="97" class="Tests\Feature\AuthenticationTest" classname="Tests.Feature.AuthenticationTest" assertions="3" time="0.005705"/>
        <testcase name="test_login_without_credentials_returns_422" file="D:\meem-commerce\tests\Feature\AuthenticationTest.php" line="109" class="Tests\Feature\AuthenticationTest" classname="Tests.Feature.AuthenticationTest" assertions="1" time="0.003042"/>
        <testcase name="test_logout_revokes_token" file="D:\meem-commerce\tests\Feature\AuthenticationTest.php" line="120" class="Tests\Feature\AuthenticationTest" classname="Tests.Feature.AuthenticationTest" assertions="3" time="0.004353"/>
        <testcase name="test_logout_without_token_returns_401" file="D:\meem-commerce\tests\Feature\AuthenticationTest.php" line="132" class="Tests\Feature\AuthenticationTest" classname="Tests.Feature.AuthenticationTest" assertions="1" time="0.001895"/>
        <testcase name="test_token_is_invalid_after_logout" file="D:\meem-commerce\tests\Feature\AuthenticationTest.php" line="139" class="Tests\Feature\AuthenticationTest" classname="Tests.Feature.AuthenticationTest" assertions="1" time="0.004006"/>
        <testcase name="test_me_returns_authenticated_user" file="D:\meem-commerce\tests\Feature\AuthenticationTest.php" line="152" class="Tests\Feature\AuthenticationTest" classname="Tests.Feature.AuthenticationTest" assertions="3" time="0.005900"/>
        <testcase name="test_me_without_auth_returns_401" file="D:\meem-commerce\tests\Feature\AuthenticationTest.php" line="163" class="Tests\Feature\AuthenticationTest" classname="Tests.Feature.AuthenticationTest" assertions="1" time="0.003814">
          <failure type="PHPUnit\Framework\ExpectationFailedException">Tests\Feature\AuthenticationTest::test_me_without_auth_returns_401&#13;
Expected response status code [401] but received 403.
Failed asserting that 401 is identical to 403.
&#13;
D:\meem-commerce\vendor\laravel\framework\src\Illuminate\Testing\TestResponse.php:146
D:\meem-commerce\tests\Feature\AuthenticationTest.php:167
D:\meem-commerce\vendor\laravel\framework\src\Illuminate\Foundation\Testing\TestCase.php:174</failure>
        </testcase>
        <testcase name="test_me_with_invalid_token_returns_401" file="D:\meem-commerce\tests\Feature\AuthenticationTest.php" line="170" class="Tests\Feature\AuthenticationTest" classname="Tests.Feature.AuthenticationTest" assertions="1" time="0.003340">
          <failure type="PHPUnit\Framework\ExpectationFailedException">Tests\Feature\AuthenticationTest::test_me_with_invalid_token_returns_401&#13;
Expected response status code [401] but received 403.
Failed asserting that 401 is identical to 403.
&#13;
D:\meem-commerce\vendor\laravel\framework\src\Illuminate\Testing\TestResponse.php:146
D:\meem-commerce\tests\Feature\AuthenticationTest.php:174
D:\meem-commerce\vendor\laravel\framework\src\Illuminate\Foundation\Testing\TestCase.php:174</failure>
        </testcase>
        <testcase name="test_register_creates_user" file="D:\meem-commerce\tests\Feature\AuthenticationTest.php" line="181" class="Tests\Feature\AuthenticationTest" classname="Tests.Feature.AuthenticationTest" assertions="3" time="0.020674"/>
        <testcase name="test_register_requires_email" file="D:\meem-commerce\tests\Feature\AuthenticationTest.php" line="203" class="Tests\Feature\AuthenticationTest" classname="Tests.Feature.AuthenticationTest" assertions="1" time="0.003545"/>
        <testcase name="test_register_requires_password_confirmation" file="D:\meem-commerce\tests\Feature\AuthenticationTest.php" line="217" class="Tests\Feature\AuthenticationTest" classname="Tests.Feature.AuthenticationTest" assertions="1" time="0.005265"/>
        <testcase name="test_register_duplicate_email_returns_422" file="D:\meem-commerce\tests\Feature\AuthenticationTest.php" line="232" class="Tests\Feature\AuthenticationTest" classname="Tests.Feature.AuthenticationTest" assertions="1" time="0.004792"/>
        <testcase name="test_register_creates_user_with_type_user" file="D:\meem-commerce\tests\Feature\AuthenticationTest.php" line="247" class="Tests\Feature\AuthenticationTest" classname="Tests.Feature.AuthenticationTest" assertions="3" time="0.015121"/>
        <testcase name="test_token_can_access_protected_endpoints" file="D:\meem-commerce\tests\Feature\AuthenticationTest.php" line="270" class="Tests\Feature\AuthenticationTest" classname="Tests.Feature.AuthenticationTest" assertions="2" time="0.006536"/>
        <testcase name="test_different_users_get_different_tokens" file="D:\meem-commerce\tests\Feature\AuthenticationTest.php" line="280" class="Tests\Feature\AuthenticationTest" classname="Tests.Feature.AuthenticationTest" assertions="2" time="0.002994"/>
      </testsuite>
      <testsuite name="Tests\Feature\BannerApiTest" file="D:\meem-commerce\tests\Feature\BannerApiTest.php" tests="35" assertions="101" errors="0" failures="6" skipped="0" time="0.318907">
        <testcase name="test_guest_gets_401_for_list_banners" file="D:\meem-commerce\tests\Feature\BannerApiTest.php" line="85" class="Tests\Feature\BannerApiTest" classname="Tests.Feature.BannerApiTest" assertions="1" time="0.004097"/>
        <testcase name="test_guest_gets_401_for_show_banner" file="D:\meem-commerce\tests\Feature\BannerApiTest.php" line="91" class="Tests\Feature\BannerApiTest" classname="Tests.Feature.BannerApiTest" assertions="1" time="0.003869"/>
        <testcase name="test_guest_gets_401_for_create_banner" file="D:\meem-commerce\tests\Feature\BannerApiTest.php" line="98" class="Tests\Feature\BannerApiTest" classname="Tests.Feature.BannerApiTest" assertions="1" time="0.003061"/>
        <testcase name="test_guest_gets_401_for_update_banner" file="D:\meem-commerce\tests\Feature\BannerApiTest.php" line="106" class="Tests\Feature\BannerApiTest" classname="Tests.Feature.BannerApiTest" assertions="1" time="0.003269"/>
        <testcase name="test_guest_gets_401_for_delete_banner" file="D:\meem-commerce\tests\Feature\BannerApiTest.php" line="115" class="Tests\Feature\BannerApiTest" classname="Tests.Feature.BannerApiTest" assertions="1" time="0.011658"/>
        <testcase name="test_guest_gets_401_for_change_status" file="D:\meem-commerce\tests\Feature\BannerApiTest.php" line="122" class="Tests\Feature\BannerApiTest" classname="Tests.Feature.BannerApiTest" assertions="1" time="0.009691">
          <failure type="PHPUnit\Framework\ExpectationFailedException">Tests\Feature\BannerApiTest::test_guest_gets_401_for_change_status&#13;
Expected response status code [401] but received 405.
Failed asserting that 401 is identical to 405.
&#13;
D:\meem-commerce\vendor\laravel\framework\src\Illuminate\Testing\TestResponse.php:146
D:\meem-commerce\tests\Feature\BannerApiTest.php:128
D:\meem-commerce\vendor\laravel\framework\src\Illuminate\Foundation\Testing\TestCase.php:174</failure>
        </testcase>
        <testcase name="test_guest_gets_401_for_reorder" file="D:\meem-commerce\tests\Feature\BannerApiTest.php" line="131" class="Tests\Feature\BannerApiTest" classname="Tests.Feature.BannerApiTest" assertions="1" time="0.002847"/>
        <testcase name="test_user_without_view_permission_gets_forbidden_for_index" file="D:\meem-commerce\tests\Feature\BannerApiTest.php" line="143" class="Tests\Feature\BannerApiTest" classname="Tests.Feature.BannerApiTest" assertions="1" time="0.006109"/>
        <testcase name="test_user_without_create_permission_gets_forbidden_for_store" file="D:\meem-commerce\tests\Feature\BannerApiTest.php" line="160" class="Tests\Feature\BannerApiTest" classname="Tests.Feature.BannerApiTest" assertions="1" time="0.003942"/>
        <testcase name="test_user_without_update_permission_gets_forbidden_for_update" file="D:\meem-commerce\tests\Feature\BannerApiTest.php" line="170" class="Tests\Feature\BannerApiTest" classname="Tests.Feature.BannerApiTest" assertions="1" time="0.004412"/>
        <testcase name="test_user_without_delete_permission_gets_forbidden_for_destroy" file="D:\meem-commerce\tests\Feature\BannerApiTest.php" line="182" class="Tests\Feature\BannerApiTest" classname="Tests.Feature.BannerApiTest" assertions="1" time="0.003866"/>
        <testcase name="test_user_without_update_permission_gets_forbidden_for_change_status" file="D:\meem-commerce\tests\Feature\BannerApiTest.php" line="192" class="Tests\Feature\BannerApiTest" classname="Tests.Feature.BannerApiTest" assertions="1" time="0.007766">
          <failure type="PHPUnit\Framework\ExpectationFailedException">Tests\Feature\BannerApiTest::test_user_without_update_permission_gets_forbidden_for_change_status&#13;
Expected response status code [403] but received 405.
Failed asserting that 403 is identical to 405.
&#13;
D:\meem-commerce\vendor\laravel\framework\src\Illuminate\Testing\TestResponse.php:146
D:\meem-commerce\tests\Feature\BannerApiTest.php:201
D:\meem-commerce\vendor\laravel\framework\src\Illuminate\Foundation\Testing\TestCase.php:174</failure>
        </testcase>
        <testcase name="test_user_without_update_permission_gets_forbidden_for_reorder" file="D:\meem-commerce\tests\Feature\BannerApiTest.php" line="204" class="Tests\Feature\BannerApiTest" classname="Tests.Feature.BannerApiTest" assertions="1" time="0.004075"/>
        <testcase name="test_authenticated_user_can_list_banners" file="D:\meem-commerce\tests\Feature\BannerApiTest.php" line="218" class="Tests\Feature\BannerApiTest" classname="Tests.Feature.BannerApiTest" assertions="20" time="0.015284"/>
        <testcase name="test_list_banners_returns_empty_when_none_exist" file="D:\meem-commerce\tests\Feature\BannerApiTest.php" line="238" class="Tests\Feature\BannerApiTest" classname="Tests.Feature.BannerApiTest" assertions="3" time="0.004981"/>
        <testcase name="test_authenticated_user_can_show_banner" file="D:\meem-commerce\tests\Feature\BannerApiTest.php" line="253" class="Tests\Feature\BannerApiTest" classname="Tests.Feature.BannerApiTest" assertions="13" time="0.004817"/>
        <testcase name="test_show_banner_returns_404_for_nonexistent_id" file="D:\meem-commerce\tests\Feature\BannerApiTest.php" line="271" class="Tests\Feature\BannerApiTest" classname="Tests.Feature.BannerApiTest" assertions="1" time="0.003971"/>
        <testcase name="test_authenticated_admin_can_create_banner" file="D:\meem-commerce\tests\Feature\BannerApiTest.php" line="283" class="Tests\Feature\BannerApiTest" classname="Tests.Feature.BannerApiTest" assertions="14" time="0.047406"/>
        <testcase name="test_create_banner_returns_422_for_missing_title" file="D:\meem-commerce\tests\Feature\BannerApiTest.php" line="312" class="Tests\Feature\BannerApiTest" classname="Tests.Feature.BannerApiTest" assertions="1" time="0.009754"/>
        <testcase name="test_create_banner_returns_422_for_missing_images" file="D:\meem-commerce\tests\Feature\BannerApiTest.php" line="326" class="Tests\Feature\BannerApiTest" classname="Tests.Feature.BannerApiTest" assertions="1" time="0.005068"/>
        <testcase name="test_authenticated_admin_can_update_banner" file="D:\meem-commerce\tests\Feature\BannerApiTest.php" line="341" class="Tests\Feature\BannerApiTest" classname="Tests.Feature.BannerApiTest" assertions="3" time="0.006190"/>
        <testcase name="test_update_banner_returns_404_for_nonexistent_id" file="D:\meem-commerce\tests\Feature\BannerApiTest.php" line="357" class="Tests\Feature\BannerApiTest" classname="Tests.Feature.BannerApiTest" assertions="1" time="0.004711"/>
        <testcase name="test_authenticated_admin_can_soft_delete_banner" file="D:\meem-commerce\tests\Feature\BannerApiTest.php" line="371" class="Tests\Feature\BannerApiTest" classname="Tests.Feature.BannerApiTest" assertions="3" time="0.004514"/>
        <testcase name="test_delete_banner_returns_404_for_nonexistent_id" file="D:\meem-commerce\tests\Feature\BannerApiTest.php" line="384" class="Tests\Feature\BannerApiTest" classname="Tests.Feature.BannerApiTest" assertions="1" time="0.003394"/>
        <testcase name="test_soft_deleted_banner_not_listed_in_index" file="D:\meem-commerce\tests\Feature\BannerApiTest.php" line="392" class="Tests\Feature\BannerApiTest" classname="Tests.Feature.BannerApiTest" assertions="2" time="0.006172"/>
        <testcase name="test_authenticated_admin_can_toggle_banner_status" file="D:\meem-commerce\tests\Feature\BannerApiTest.php" line="411" class="Tests\Feature\BannerApiTest" classname="Tests.Feature.BannerApiTest" assertions="1" time="0.008879">
          <failure type="PHPUnit\Framework\ExpectationFailedException">Tests\Feature\BannerApiTest::test_authenticated_admin_can_toggle_banner_status&#13;
Expected response status code [200] but received 405.
Failed asserting that 200 is identical to 405.
&#13;
D:\meem-commerce\vendor\laravel\framework\src\Illuminate\Testing\TestResponse.php:146
D:\meem-commerce\vendor\laravel\framework\src\Illuminate\Testing\Concerns\AssertsStatusCodes.php:16
D:\meem-commerce\tests\Feature\BannerApiTest.php:421
D:\meem-commerce\vendor\laravel\framework\src\Illuminate\Foundation\Testing\TestCase.php:174</failure>
        </testcase>
        <testcase name="test_change_status_returns_422_for_missing_id" file="D:\meem-commerce\tests\Feature\BannerApiTest.php" line="426" class="Tests\Feature\BannerApiTest" classname="Tests.Feature.BannerApiTest" assertions="1" time="0.015211">
          <failure type="PHPUnit\Framework\ExpectationFailedException">Tests\Feature\BannerApiTest::test_change_status_returns_422_for_missing_id&#13;
Expected response status code [422] but received 405.
Failed asserting that 422 is identical to 405.
&#13;
D:\meem-commerce\vendor\laravel\framework\src\Illuminate\Testing\TestResponse.php:146
D:\meem-commerce\tests\Feature\BannerApiTest.php:431
D:\meem-commerce\vendor\laravel\framework\src\Illuminate\Foundation\Testing\TestCase.php:174</failure>
        </testcase>
        <testcase name="test_change_status_returns_422_for_nonexistent_id" file="D:\meem-commerce\tests\Feature\BannerApiTest.php" line="434" class="Tests\Feature\BannerApiTest" classname="Tests.Feature.BannerApiTest" assertions="1" time="0.007760">
          <failure type="PHPUnit\Framework\ExpectationFailedException">Tests\Feature\BannerApiTest::test_change_status_returns_422_for_nonexistent_id&#13;
Expected response status code [422] but received 405.
Failed asserting that 422 is identical to 405.
&#13;
D:\meem-commerce\vendor\laravel\framework\src\Illuminate\Testing\TestResponse.php:146
D:\meem-commerce\tests\Feature\BannerApiTest.php:441
D:\meem-commerce\vendor\laravel\framework\src\Illuminate\Foundation\Testing\TestCase.php:174</failure>
        </testcase>
        <testcase name="test_authenticated_admin_can_reorder_banners" file="D:\meem-commerce\tests\Feature\BannerApiTest.php" line="448" class="Tests\Feature\BannerApiTest" classname="Tests.Feature.BannerApiTest" assertions="2" time="0.005875"/>
        <testcase name="test_reorder_returns_422_for_missing_banners" file="D:\meem-commerce\tests\Feature\BannerApiTest.php" line="463" class="Tests\Feature\BannerApiTest" classname="Tests.Feature.BannerApiTest" assertions="1" time="0.004045"/>
        <testcase name="test_reorder_returns_422_for_invalid_ids" file="D:\meem-commerce\tests\Feature\BannerApiTest.php" line="471" class="Tests\Feature\BannerApiTest" classname="Tests.Feature.BannerApiTest" assertions="1" time="0.003797"/>
        <testcase name="test_create_banner_with_product_association" file="D:\meem-commerce\tests\Feature\BannerApiTest.php" line="485" class="Tests\Feature\BannerApiTest" classname="Tests.Feature.BannerApiTest" assertions="2" time="0.035853"/>
        <testcase name="test_banner_title_is_translatable" file="D:\meem-commerce\tests\Feature\BannerApiTest.php" line="522" class="Tests\Feature\BannerApiTest" classname="Tests.Feature.BannerApiTest" assertions="2" time="0.021181">
          <failure type="PHPUnit\Framework\ExpectationFailedException">Tests\Feature\BannerApiTest::test_banner_title_is_translatable&#13;
Failed asserting that two strings are identical.
--- Expected
+++ Actual
@@ @@
-'تخفيضات الصيف'
+'Summer Sale'
&#13;
D:\meem-commerce\vendor\laravel\framework\src\Illuminate\Testing\AssertableJsonString.php:243
D:\meem-commerce\vendor\laravel\framework\src\Illuminate\Testing\TestResponse.php:683
D:\meem-commerce\tests\Feature\BannerApiTest.php:541
D:\meem-commerce\vendor\laravel\framework\src\Illuminate\Foundation\Testing\TestCase.php:174</failure>
        </testcase>
        <testcase name="test_banner_resource_structure_on_show" file="D:\meem-commerce\tests\Feature\BannerApiTest.php" line="552" class="Tests\Feature\BannerApiTest" classname="Tests.Feature.BannerApiTest" assertions="12" time="0.005229"/>
        <testcase name="test_banner_mass_assignment_protection" file="D:\meem-commerce\tests\Feature\BannerApiTest.php" line="577" class="Tests\Feature\BannerApiTest" classname="Tests.Feature.BannerApiTest" assertions="2" time="0.026152"/>
      </testsuite>
      <testsuite name="Tests\Feature\BrandApiTest" file="D:\meem-commerce\tests\Feature\BrandApiTest.php" tests="38" assertions="117" errors="0" failures="1" skipped="0" time="0.306530">
        <testcase name="test_authenticated_user_can_list_brands" file="D:\meem-commerce\tests\Feature\BrandApiTest.php" line="85" class="Tests\Feature\BrandApiTest" classname="Tests.Feature.BrandApiTest" assertions="20" time="0.012506"/>
        <testcase name="test_guest_gets_401_for_list_brands" file="D:\meem-commerce\tests\Feature\BrandApiTest.php" line="105" class="Tests\Feature\BrandApiTest" classname="Tests.Feature.BrandApiTest" assertions="1" time="0.002999"/>
        <testcase name="test_list_brands_returns_empty_data_when_none_exist" file="D:\meem-commerce\tests\Feature\BrandApiTest.php" line="112" class="Tests\Feature\BrandApiTest" classname="Tests.Feature.BrandApiTest" assertions="3" time="0.004866"/>
        <testcase name="test_list_brands_pagination" file="D:\meem-commerce\tests\Feature\BrandApiTest.php" line="123" class="Tests\Feature\BrandApiTest" classname="Tests.Feature.BrandApiTest" assertions="4" time="0.010653"/>
        <testcase name="test_list_brands_with_search" file="D:\meem-commerce\tests\Feature\BrandApiTest.php" line="139" class="Tests\Feature\BrandApiTest" classname="Tests.Feature.BrandApiTest" assertions="2" time="0.008693"/>
        <testcase name="test_list_brands_with_ordering" file="D:\meem-commerce\tests\Feature\BrandApiTest.php" line="152" class="Tests\Feature\BrandApiTest" classname="Tests.Feature.BrandApiTest" assertions="2" time="0.010053"/>
        <testcase name="test_list_brands_active_filter" file="D:\meem-commerce\tests\Feature\BrandApiTest.php" line="165" class="Tests\Feature\BrandApiTest" classname="Tests.Feature.BrandApiTest" assertions="3" time="0.008423"/>
        <testcase name="test_list_brands_inactive_filter" file="D:\meem-commerce\tests\Feature\BrandApiTest.php" line="179" class="Tests\Feature\BrandApiTest" classname="Tests.Feature.BrandApiTest" assertions="2" time="0.008076"/>
        <testcase name="test_authenticated_user_can_show_brand_by_id" file="D:\meem-commerce\tests\Feature\BrandApiTest.php" line="196" class="Tests\Feature\BrandApiTest" classname="Tests.Feature.BrandApiTest" assertions="13" time="0.006479"/>
        <testcase name="test_authenticated_user_can_show_brand_by_slug" file="D:\meem-commerce\tests\Feature\BrandApiTest.php" line="214" class="Tests\Feature\BrandApiTest" classname="Tests.Feature.BrandApiTest" assertions="3" time="0.006942"/>
        <testcase name="test_guest_gets_401_for_show_brand" file="D:\meem-commerce\tests\Feature\BrandApiTest.php" line="227" class="Tests\Feature\BrandApiTest" classname="Tests.Feature.BrandApiTest" assertions="1" time="0.014418"/>
        <testcase name="test_show_brand_returns_404_for_nonexistent_id" file="D:\meem-commerce\tests\Feature\BrandApiTest.php" line="235" class="Tests\Feature\BrandApiTest" classname="Tests.Feature.BrandApiTest" assertions="1" time="0.004189"/>
        <testcase name="test_show_brand_returns_404_for_nonexistent_slug" file="D:\meem-commerce\tests\Feature\BrandApiTest.php" line="243" class="Tests\Feature\BrandApiTest" classname="Tests.Feature.BrandApiTest" assertions="1" time="0.003941"/>
        <testcase name="test_unauthenticated_user_cannot_create_brand" file="D:\meem-commerce\tests\Feature\BrandApiTest.php" line="255" class="Tests\Feature\BrandApiTest" classname="Tests.Feature.BrandApiTest" assertions="1" time="0.003192"/>
        <testcase name="test_user_without_create_permission_gets_forbidden" file="D:\meem-commerce\tests\Feature\BrandApiTest.php" line="263" class="Tests\Feature\BrandApiTest" classname="Tests.Feature.BrandApiTest" assertions="1" time="0.003579"/>
        <testcase name="test_authenticated_admin_can_create_brand" file="D:\meem-commerce\tests\Feature\BrandApiTest.php" line="273" class="Tests\Feature\BrandApiTest" classname="Tests.Feature.BrandApiTest" assertions="14" time="0.016969"/>
        <testcase name="test_create_brand_returns_422_for_missing_name" file="D:\meem-commerce\tests\Feature\BrandApiTest.php" line="301" class="Tests\Feature\BrandApiTest" classname="Tests.Feature.BrandApiTest" assertions="1" time="0.006525"/>
        <testcase name="test_create_brand_returns_422_for_invalid_status" file="D:\meem-commerce\tests\Feature\BrandApiTest.php" line="315" class="Tests\Feature\BrandApiTest" classname="Tests.Feature.BrandApiTest" assertions="1" time="0.017795"/>
        <testcase name="test_unauthenticated_user_cannot_update_brand" file="D:\meem-commerce\tests\Feature\BrandApiTest.php" line="336" class="Tests\Feature\BrandApiTest" classname="Tests.Feature.BrandApiTest" assertions="1" time="0.004879"/>
        <testcase name="test_user_without_update_permission_gets_forbidden" file="D:\meem-commerce\tests\Feature\BrandApiTest.php" line="346" class="Tests\Feature\BrandApiTest" classname="Tests.Feature.BrandApiTest" assertions="1" time="0.005305"/>
        <testcase name="test_authenticated_admin_can_update_brand" file="D:\meem-commerce\tests\Feature\BrandApiTest.php" line="358" class="Tests\Feature\BrandApiTest" classname="Tests.Feature.BrandApiTest" assertions="3" time="0.010340"/>
        <testcase name="test_update_brand_returns_404_for_nonexistent_id" file="D:\meem-commerce\tests\Feature\BrandApiTest.php" line="374" class="Tests\Feature\BrandApiTest" classname="Tests.Feature.BrandApiTest" assertions="1" time="0.005008"/>
        <testcase name="test_unauthenticated_user_cannot_delete_brand" file="D:\meem-commerce\tests\Feature\BrandApiTest.php" line="388" class="Tests\Feature\BrandApiTest" classname="Tests.Feature.BrandApiTest" assertions="1" time="0.004166"/>
        <testcase name="test_user_without_delete_permission_gets_forbidden" file="D:\meem-commerce\tests\Feature\BrandApiTest.php" line="396" class="Tests\Feature\BrandApiTest" classname="Tests.Feature.BrandApiTest" assertions="1" time="0.005230"/>
        <testcase name="test_authenticated_admin_can_soft_delete_brand" file="D:\meem-commerce\tests\Feature\BrandApiTest.php" line="406" class="Tests\Feature\BrandApiTest" classname="Tests.Feature.BrandApiTest" assertions="3" time="0.006527"/>
        <testcase name="test_delete_brand_returns_404_for_nonexistent_id" file="D:\meem-commerce\tests\Feature\BrandApiTest.php" line="419" class="Tests\Feature\BrandApiTest" classname="Tests.Feature.BrandApiTest" assertions="1" time="0.004129"/>
        <testcase name="test_soft_deleted_brand_not_listed_in_index" file="D:\meem-commerce\tests\Feature\BrandApiTest.php" line="427" class="Tests\Feature\BrandApiTest" classname="Tests.Feature.BrandApiTest" assertions="2" time="0.008934"/>
        <testcase name="test_soft_deleted_brand_returns_404_on_show" file="D:\meem-commerce\tests\Feature\BrandApiTest.php" line="442" class="Tests\Feature\BrandApiTest" classname="Tests.Feature.BrandApiTest" assertions="1" time="0.007129"/>
        <testcase name="test_brand_can_be_restored" file="D:\meem-commerce\tests\Feature\BrandApiTest.php" line="454" class="Tests\Feature\BrandApiTest" classname="Tests.Feature.BrandApiTest" assertions="1" time="0.007126"/>
        <testcase name="test_create_brand_with_product_association" file="D:\meem-commerce\tests\Feature\BrandApiTest.php" line="470" class="Tests\Feature\BrandApiTest" classname="Tests.Feature.BrandApiTest" assertions="3" time="0.033841"/>
        <testcase name="test_brand_name_is_translatable" file="D:\meem-commerce\tests\Feature\BrandApiTest.php" line="507" class="Tests\Feature\BrandApiTest" classname="Tests.Feature.BrandApiTest" assertions="2" time="0.022135">
          <failure type="PHPUnit\Framework\ExpectationFailedException">Tests\Feature\BrandApiTest::test_brand_name_is_translatable&#13;
Failed asserting that two strings are identical.
--- Expected
+++ Actual
@@ @@
-'نايك'
+'Nike'
&#13;
D:\meem-commerce\vendor\laravel\framework\src\Illuminate\Testing\AssertableJsonString.php:243
D:\meem-commerce\vendor\laravel\framework\src\Illuminate\Testing\TestResponse.php:683
D:\meem-commerce\tests\Feature\BrandApiTest.php:527
D:\meem-commerce\vendor\laravel\framework\src\Illuminate\Foundation\Testing\TestCase.php:174</failure>
        </testcase>
        <testcase name="test_brand_resource_structure_on_show" file="D:\meem-commerce\tests\Feature\BrandApiTest.php" line="538" class="Tests\Feature\BrandApiTest" classname="Tests.Feature.BrandApiTest" assertions="15" time="0.006926"/>
        <testcase name="test_explicit_slug_is_preserved_on_create" file="D:\meem-commerce\tests\Feature\BrandApiTest.php" line="560" class="Tests\Feature\BrandApiTest" classname="Tests.Feature.BrandApiTest" assertions="1" time="0.003034"/>
        <testcase name="test_slug_auto_generated_when_not_provided" file="D:\meem-commerce\tests\Feature\BrandApiTest.php" line="572" class="Tests\Feature\BrandApiTest" classname="Tests.Feature.BrandApiTest" assertions="1" time="0.002981"/>
        <testcase name="test_slug_stable_when_name_unchanged" file="D:\meem-commerce\tests\Feature\BrandApiTest.php" line="583" class="Tests\Feature\BrandApiTest" classname="Tests.Feature.BrandApiTest" assertions="1" time="0.004548"/>
        <testcase name="test_slug_updates_when_name_changes_and_slug_not_provided" file="D:\meem-commerce\tests\Feature\BrandApiTest.php" line="597" class="Tests\Feature\BrandApiTest" classname="Tests.Feature.BrandApiTest" assertions="1" time="0.004341"/>
        <testcase name="test_slug_preserved_when_both_name_and_slug_provided" file="D:\meem-commerce\tests\Feature\BrandApiTest.php" line="611" class="Tests\Feature\BrandApiTest" classname="Tests.Feature.BrandApiTest" assertions="1" time="0.004162"/>
        <testcase name="test_status_update_does_not_change_slug" file="D:\meem-commerce\tests\Feature\BrandApiTest.php" line="627" class="Tests\Feature\BrandApiTest" classname="Tests.Feature.BrandApiTest" assertions="2" time="0.005494"/>
      </testsuite>
      <testsuite name="Tests\Feature\BrandProductionHardenTest" file="D:\meem-commerce\tests\Feature\BrandProductionHardenTest.php" tests="18" assertions="56" errors="0" failures="0" skipped="0" time="0.153149">
        <testcase name="test_slug_does_not_change_when_updating_non_name_field" file="D:\meem-commerce\tests\Feature\BrandProductionHardenTest.php" line="74" class="Tests\Feature\BrandProductionHardenTest" classname="Tests.Feature.BrandProductionHardenTest" assertions="1" time="0.009451"/>
        <testcase name="test_slug_changes_when_name_changes" file="D:\meem-commerce\tests\Feature\BrandProductionHardenTest.php" line="91" class="Tests\Feature\BrandProductionHardenTest" classname="Tests.Feature.BrandProductionHardenTest" assertions="1" time="0.009596"/>
        <testcase name="test_slug_does_not_change_when_updating_details_alone" file="D:\meem-commerce\tests\Feature\BrandProductionHardenTest.php" line="108" class="Tests\Feature\BrandProductionHardenTest" classname="Tests.Feature.BrandProductionHardenTest" assertions="1" time="0.008469"/>
        <testcase name="test_create_brand_with_duplicate_name_returns_422" file="D:\meem-commerce\tests\Feature\BrandProductionHardenTest.php" line="130" class="Tests\Feature\BrandProductionHardenTest" classname="Tests.Feature.BrandProductionHardenTest" assertions="1" time="0.008916"/>
        <testcase name="test_soft_deleted_brand_can_be_restored" file="D:\meem-commerce\tests\Feature\BrandProductionHardenTest.php" line="153" class="Tests\Feature\BrandProductionHardenTest" classname="Tests.Feature.BrandProductionHardenTest" assertions="2" time="0.005284"/>
        <testcase name="test_soft_deleted_brand_still_has_pivot_relations" file="D:\meem-commerce\tests\Feature\BrandProductionHardenTest.php" line="167" class="Tests\Feature\BrandProductionHardenTest" classname="Tests.Feature.BrandProductionHardenTest" assertions="5" time="0.006490"/>
        <testcase name="test_create_brand_with_images" file="D:\meem-commerce\tests\Feature\BrandProductionHardenTest.php" line="196" class="Tests\Feature\BrandProductionHardenTest" classname="Tests.Feature.BrandProductionHardenTest" assertions="3" time="0.018676"/>
        <testcase name="test_update_brand_images" file="D:\meem-commerce\tests\Feature\BrandProductionHardenTest.php" line="219" class="Tests\Feature\BrandProductionHardenTest" classname="Tests.Feature.BrandProductionHardenTest" assertions="2" time="0.019805"/>
        <testcase name="test_sync_brand_products_does_not_create_duplicates" file="D:\meem-commerce\tests\Feature\BrandProductionHardenTest.php" line="247" class="Tests\Feature\BrandProductionHardenTest" classname="Tests.Feature.BrandProductionHardenTest" assertions="2" time="0.005531"/>
        <testcase name="test_update_brand_replaces_products" file="D:\meem-commerce\tests\Feature\BrandProductionHardenTest.php" line="267" class="Tests\Feature\BrandProductionHardenTest" classname="Tests.Feature.BrandProductionHardenTest" assertions="2" time="0.011930"/>
        <testcase name="test_reorder_brands" file="D:\meem-commerce\tests\Feature\BrandProductionHardenTest.php" line="312" class="Tests\Feature\BrandProductionHardenTest" classname="Tests.Feature.BrandProductionHardenTest" assertions="2" time="0.009013"/>
        <testcase name="test_reorder_with_invalid_brand_id_returns_422" file="D:\meem-commerce\tests\Feature\BrandProductionHardenTest.php" line="330" class="Tests\Feature\BrandProductionHardenTest" classname="Tests.Feature.BrandProductionHardenTest" assertions="1" time="0.004187"/>
        <testcase name="test_list_brands_with_empty_search_returns_all" file="D:\meem-commerce\tests\Feature\BrandProductionHardenTest.php" line="345" class="Tests\Feature\BrandProductionHardenTest" classname="Tests.Feature.BrandProductionHardenTest" assertions="2" time="0.008863"/>
        <testcase name="test_list_brands_with_contradictory_filters_returns_empty" file="D:\meem-commerce\tests\Feature\BrandProductionHardenTest.php" line="358" class="Tests\Feature\BrandProductionHardenTest" classname="Tests.Feature.BrandProductionHardenTest" assertions="2" time="0.007937"/>
        <testcase name="test_mass_assignment_protection" file="D:\meem-commerce\tests\Feature\BrandProductionHardenTest.php" line="375" class="Tests\Feature\BrandProductionHardenTest" classname="Tests.Feature.BrandProductionHardenTest" assertions="1" time="0.002388"/>
        <testcase name="test_brand_list_response_structure" file="D:\meem-commerce\tests\Feature\BrandProductionHardenTest.php" line="390" class="Tests\Feature\BrandProductionHardenTest" classname="Tests.Feature.BrandProductionHardenTest" assertions="26" time="0.006926"/>
        <testcase name="test_create_brand_fails_with_no_images" file="D:\meem-commerce\tests\Feature\BrandProductionHardenTest.php" line="414" class="Tests\Feature\BrandProductionHardenTest" classname="Tests.Feature.BrandProductionHardenTest" assertions="1" time="0.004109"/>
        <testcase name="test_update_nonexistent_brand_returns_404" file="D:\meem-commerce\tests\Feature\BrandProductionHardenTest.php" line="425" class="Tests\Feature\BrandProductionHardenTest" classname="Tests.Feature.BrandProductionHardenTest" assertions="1" time="0.005579"/>
      </testsuite>
      <testsuite name="Tests\Feature\CartApiTest" file="D:\meem-commerce\tests\Feature\CartApiTest.php" tests="63" assertions="248" errors="0" failures="2" skipped="0" time="0.943917">
        <testcase name="test_cart_index_requires_auth" file="D:\meem-commerce\tests\Feature\CartApiTest.php" line="93" class="Tests\Feature\CartApiTest" classname="Tests.Feature.CartApiTest" assertions="1" time="0.003329"/>
        <testcase name="test_cart_index_returns_empty_when_no_cart" file="D:\meem-commerce\tests\Feature\CartApiTest.php" line="98" class="Tests\Feature\CartApiTest" classname="Tests.Feature.CartApiTest" assertions="2" time="0.005023"/>
        <testcase name="test_add_item_requires_auth" file="D:\meem-commerce\tests\Feature\CartApiTest.php" line="110" class="Tests\Feature\CartApiTest" classname="Tests.Feature.CartApiTest" assertions="1" time="0.002043"/>
        <testcase name="test_add_item_creates_cart" file="D:\meem-commerce\tests\Feature\CartApiTest.php" line="117" class="Tests\Feature\CartApiTest" classname="Tests.Feature.CartApiTest" assertions="11" time="0.011539"/>
        <testcase name="test_add_item_reserves_inventory" file="D:\meem-commerce\tests\Feature\CartApiTest.php" line="142" class="Tests\Feature\CartApiTest" classname="Tests.Feature.CartApiTest" assertions="1" time="0.011556"/>
        <testcase name="test_add_item_rejects_excessive_quantity" file="D:\meem-commerce\tests\Feature\CartApiTest.php" line="153" class="Tests\Feature\CartApiTest" classname="Tests.Feature.CartApiTest" assertions="1" time="0.003874"/>
        <testcase name="test_add_item_rejects_nonexistent_product" file="D:\meem-commerce\tests\Feature\CartApiTest.php" line="163" class="Tests\Feature\CartApiTest" classname="Tests.Feature.CartApiTest" assertions="1" time="0.003371"/>
        <testcase name="test_add_multiple_items_accumulates_in_cart" file="D:\meem-commerce\tests\Feature\CartApiTest.php" line="173" class="Tests\Feature\CartApiTest" classname="Tests.Feature.CartApiTest" assertions="2" time="0.019940"/>
        <testcase name="test_update_item_requires_auth" file="D:\meem-commerce\tests\Feature\CartApiTest.php" line="192" class="Tests\Feature\CartApiTest" classname="Tests.Feature.CartApiTest" assertions="1" time="0.001841"/>
        <testcase name="test_update_item_changes_quantity" file="D:\meem-commerce\tests\Feature\CartApiTest.php" line="199" class="Tests\Feature\CartApiTest" classname="Tests.Feature.CartApiTest" assertions="2" time="0.023998"/>
        <testcase name="test_update_item_adjusts_reserved_quantity" file="D:\meem-commerce\tests\Feature\CartApiTest.php" line="217" class="Tests\Feature\CartApiTest" classname="Tests.Feature.CartApiTest" assertions="2" time="0.019500"/>
        <testcase name="test_update_item_rejects_excessive_quantity" file="D:\meem-commerce\tests\Feature\CartApiTest.php" line="233" class="Tests\Feature\CartApiTest" classname="Tests.Feature.CartApiTest" assertions="1" time="0.013069"/>
        <testcase name="test_delete_item_requires_auth" file="D:\meem-commerce\tests\Feature\CartApiTest.php" line="251" class="Tests\Feature\CartApiTest" classname="Tests.Feature.CartApiTest" assertions="1" time="0.003436"/>
        <testcase name="test_delete_item_releases_inventory" file="D:\meem-commerce\tests\Feature\CartApiTest.php" line="256" class="Tests\Feature\CartApiTest" classname="Tests.Feature.CartApiTest" assertions="2" time="0.015693"/>
        <testcase name="test_delete_item_removes_item_from_cart" file="D:\meem-commerce\tests\Feature\CartApiTest.php" line="272" class="Tests\Feature\CartApiTest" classname="Tests.Feature.CartApiTest" assertions="2" time="0.015851"/>
        <testcase name="test_clear_cart_requires_auth" file="D:\meem-commerce\tests\Feature\CartApiTest.php" line="290" class="Tests\Feature\CartApiTest" classname="Tests.Feature.CartApiTest" assertions="1" time="0.002059"/>
        <testcase name="test_clear_cart_releases_all_inventory" file="D:\meem-commerce\tests\Feature\CartApiTest.php" line="295" class="Tests\Feature\CartApiTest" classname="Tests.Feature.CartApiTest" assertions="2" time="0.016665"/>
        <testcase name="test_apply_coupon_to_cart" file="D:\meem-commerce\tests\Feature\CartApiTest.php" line="312" class="Tests\Feature\CartApiTest" classname="Tests.Feature.CartApiTest" assertions="1" time="0.019470"/>
        <testcase name="test_guest_cannot_access_cart" file="D:\meem-commerce\tests\Feature\CartApiTest.php" line="341" class="Tests\Feature\CartApiTest" classname="Tests.Feature.CartApiTest" assertions="1" time="0.002288"/>
        <testcase name="test_bulk_add_items" file="D:\meem-commerce\tests\Feature\CartApiTest.php" line="352" class="Tests\Feature\CartApiTest" classname="Tests.Feature.CartApiTest" assertions="3" time="0.020950"/>
        <testcase name="test_bulk_add_validates_items" file="D:\meem-commerce\tests\Feature\CartApiTest.php" line="383" class="Tests\Feature\CartApiTest" classname="Tests.Feature.CartApiTest" assertions="1" time="0.003273"/>
        <testcase name="test_shipping_method_lowercase_is_normalized_to_uppercase" file="D:\meem-commerce\tests\Feature\CartApiTest.php" line="399" class="Tests\Feature\CartApiTest" classname="Tests.Feature.CartApiTest" assertions="1" time="0.010739"/>
        <testcase name="test_shipping_method_uppercase_is_stored_as_is" file="D:\meem-commerce\tests\Feature\CartApiTest.php" line="412" class="Tests\Feature\CartApiTest" classname="Tests.Feature.CartApiTest" assertions="1" time="0.010407"/>
        <testcase name="test_cart_sections_return_items_in_correct_section" file="D:\meem-commerce\tests\Feature\CartApiTest.php" line="429" class="Tests\Feature\CartApiTest" classname="Tests.Feature.CartApiTest" assertions="7" time="0.015078"/>
        <testcase name="test_cart_show_requires_auth" file="D:\meem-commerce\tests\Feature\CartApiTest.php" line="452" class="Tests\Feature\CartApiTest" classname="Tests.Feature.CartApiTest" assertions="1" time="0.002403"/>
        <testcase name="test_cart_show_returns_cart" file="D:\meem-commerce\tests\Feature\CartApiTest.php" line="457" class="Tests\Feature\CartApiTest" classname="Tests.Feature.CartApiTest" assertions="11" time="0.015437"/>
        <testcase name="test_cart_show_rejects_other_user_cart" file="D:\meem-commerce\tests\Feature\CartApiTest.php" line="476" class="Tests\Feature\CartApiTest" classname="Tests.Feature.CartApiTest" assertions="2" time="0.015553"/>
        <testcase name="test_cart_response_handles_soft_deleted_product" file="D:\meem-commerce\tests\Feature\CartApiTest.php" line="503" class="Tests\Feature\CartApiTest" classname="Tests.Feature.CartApiTest" assertions="3" time="0.016904"/>
        <testcase name="test_destroy_returns_404_when_no_cart" file="D:\meem-commerce\tests\Feature\CartApiTest.php" line="522" class="Tests\Feature\CartApiTest" classname="Tests.Feature.CartApiTest" assertions="1" time="0.002542"/>
        <testcase name="test_delete_item_returns_400_for_nonexistent_item" file="D:\meem-commerce\tests\Feature\CartApiTest.php" line="533" class="Tests\Feature\CartApiTest" classname="Tests.Feature.CartApiTest" assertions="1" time="0.011937"/>
        <testcase name="test_bulk_add_rolls_back_on_failure" file="D:\meem-commerce\tests\Feature\CartApiTest.php" line="548" class="Tests\Feature\CartApiTest" classname="Tests.Feature.CartApiTest" assertions="2" time="0.013117"/>
        <testcase name="test_english_cart_messages_are_readable" file="D:\meem-commerce\tests\Feature\CartApiTest.php" line="579" class="Tests\Feature\CartApiTest" classname="Tests.Feature.CartApiTest" assertions="5" time="0.010770"/>
        <testcase name="recently_refreshed_cart_not_expired" file="D:\meem-commerce\tests\Feature\CartApiTest.php" line="599" class="Tests\Feature\CartApiTest" classname="Tests.Feature.CartApiTest" assertions="3" time="0.011823"/>
        <testcase name="add_regular_item_does_not_overwrite_gift_item" file="D:\meem-commerce\tests\Feature\CartApiTest.php" line="627" class="Tests\Feature\CartApiTest" classname="Tests.Feature.CartApiTest" assertions="8" time="0.021325">
          <failure type="PHPUnit\Framework\ExpectationFailedException">Tests\Feature\CartApiTest::add_regular_item_does_not_overwrite_gift_item&#13;
Gift item promotion preserved
Failed asserting that null matches expected 999.
&#13;
D:\meem-commerce\tests\Feature\CartApiTest.php:661
D:\meem-commerce\vendor\laravel\framework\src\Illuminate\Foundation\Testing\TestCase.php:174</failure>
        </testcase>
        <testcase name="cart_response_handles_deleted_coupon" file="D:\meem-commerce\tests\Feature\CartApiTest.php" line="669" class="Tests\Feature\CartApiTest" classname="Tests.Feature.CartApiTest" assertions="4" time="0.016925"/>
        <testcase name="expired_cart_status_correct_after_expiry" file="D:\meem-commerce\tests\Feature\CartApiTest.php" line="691" class="Tests\Feature\CartApiTest" classname="Tests.Feature.CartApiTest" assertions="3" time="0.014370"/>
        <testcase name="same_product_different_shipping_creates_separate_items" file="D:\meem-commerce\tests\Feature\CartApiTest.php" line="715" class="Tests\Feature\CartApiTest" classname="Tests.Feature.CartApiTest" assertions="9" time="0.021613"/>
        <testcase name="update_cart_item_preserves_shipping_method" file="D:\meem-commerce\tests\Feature\CartApiTest.php" line="749" class="Tests\Feature\CartApiTest" classname="Tests.Feature.CartApiTest" assertions="6" time="0.022041"/>
        <testcase name="update_with_explicit_shipping_method_updates_correct_item" file="D:\meem-commerce\tests\Feature\CartApiTest.php" line="772" class="Tests\Feature\CartApiTest" classname="Tests.Feature.CartApiTest" assertions="8" time="0.031173"/>
        <testcase name="cart_total_price_updated_on_item_operations" file="D:\meem-commerce\tests\Feature\CartApiTest.php" line="807" class="Tests\Feature\CartApiTest" classname="Tests.Feature.CartApiTest" assertions="7" time="0.025038"/>
        <testcase name="delete_last_item_clears_coupon" file="D:\meem-commerce\tests\Feature\CartApiTest.php" line="838" class="Tests\Feature\CartApiTest" classname="Tests.Feature.CartApiTest" assertions="4" time="0.018071"/>
        <testcase name="stock_consistency_after_multiple_add_remove_cycles" file="D:\meem-commerce\tests\Feature\CartApiTest.php" line="874" class="Tests\Feature\CartApiTest" classname="Tests.Feature.CartApiTest" assertions="6" time="0.024808"/>
        <testcase name="stock_consistency_after_quantity_update" file="D:\meem-commerce\tests\Feature\CartApiTest.php" line="902" class="Tests\Feature\CartApiTest" classname="Tests.Feature.CartApiTest" assertions="6" time="0.029667"/>
        <testcase name="add_variant_product_to_cart" file="D:\meem-commerce\tests\Feature\CartApiTest.php" line="933" class="Tests\Feature\CartApiTest" classname="Tests.Feature.CartApiTest" assertions="5" time="0.012180"/>
        <testcase name="update_variant_item_preserves_shipping_method" file="D:\meem-commerce\tests\Feature\CartApiTest.php" line="969" class="Tests\Feature\CartApiTest" classname="Tests.Feature.CartApiTest" assertions="5" time="0.023379"/>
        <testcase name="delete_variant_item_releases_variant_stock" file="D:\meem-commerce\tests\Feature\CartApiTest.php" line="1009" class="Tests\Feature\CartApiTest" classname="Tests.Feature.CartApiTest" assertions="3" time="0.022138"/>
        <testcase name="add_item_reactivates_expired_cart_and_re_reserves_stock" file="D:\meem-commerce\tests\Feature\CartApiTest.php" line="1045" class="Tests\Feature\CartApiTest" classname="Tests.Feature.CartApiTest" assertions="8" time="0.023096"/>
        <testcase name="clear_cart_without_confirm_and_no_coupon_succeeds" file="D:\meem-commerce\tests\Feature\CartApiTest.php" line="1078" class="Tests\Feature\CartApiTest" classname="Tests.Feature.CartApiTest" assertions="5" time="0.015471"/>
        <testcase name="clear_cart_with_coupon_without_confirm_returns_warning" file="D:\meem-commerce\tests\Feature\CartApiTest.php" line="1100" class="Tests\Feature\CartApiTest" classname="Tests.Feature.CartApiTest" assertions="3" time="0.014115"/>
        <testcase name="release_cart_without_delete_releases_stock_but_keeps_items" file="D:\meem-commerce\tests\Feature\CartApiTest.php" line="1132" class="Tests\Feature\CartApiTest" classname="Tests.Feature.CartApiTest" assertions="6" time="0.013842"/>
        <testcase name="ensure_cart_reservation_syncs_quantities" file="D:\meem-commerce\tests\Feature\CartApiTest.php" line="1162" class="Tests\Feature\CartApiTest" classname="Tests.Feature.CartApiTest" assertions="3" time="0.016249"/>
        <testcase name="finalize_scheduled_items_only_keeps_fast_items" file="D:\meem-commerce\tests\Feature\CartApiTest.php" line="1189" class="Tests\Feature\CartApiTest" classname="Tests.Feature.CartApiTest" assertions="6" time="0.024161"/>
        <testcase name="cart_show_rejects_nonexistent_cart" file="D:\meem-commerce\tests\Feature\CartApiTest.php" line="1221" class="Tests\Feature\CartApiTest" classname="Tests.Feature.CartApiTest" assertions="1" time="0.003014"/>
        <testcase name="same_product_different_variants_create_separate_items" file="D:\meem-commerce\tests\Feature\CartApiTest.php" line="1232" class="Tests\Feature\CartApiTest" classname="Tests.Feature.CartApiTest" assertions="3" time="0.019226"/>
        <testcase name="bulk_add_mixed_shipping_methods" file="D:\meem-commerce\tests\Feature\CartApiTest.php" line="1269" class="Tests\Feature\CartApiTest" classname="Tests.Feature.CartApiTest" assertions="3" time="0.026529"/>
        <testcase name="cart_response_structure_is_correct" file="D:\meem-commerce\tests\Feature\CartApiTest.php" line="1307" class="Tests\Feature\CartApiTest" classname="Tests.Feature.CartApiTest" assertions="26" time="0.010896"/>
        <testcase name="update_item_to_zero_rejected" file="D:\meem-commerce\tests\Feature\CartApiTest.php" line="1345" class="Tests\Feature\CartApiTest" classname="Tests.Feature.CartApiTest" assertions="2" time="0.012820"/>
        <testcase name="cart_rate_limiter_enforces_limit" file="D:\meem-commerce\tests\Feature\CartApiTest.php" line="1365" class="Tests\Feature\CartApiTest" classname="Tests.Feature.CartApiTest" assertions="4" time="0.011584"/>
        <testcase name="finalize_all_items_marks_cart_checked_out" file="D:\meem-commerce\tests\Feature\CartApiTest.php" line="1385" class="Tests\Feature\CartApiTest" classname="Tests.Feature.CartApiTest" assertions="6" time="0.024992"/>
        <testcase name="finalize_fast_items_only_keeps_scheduled_items" file="D:\meem-commerce\tests\Feature\CartApiTest.php" line="1409" class="Tests\Feature\CartApiTest" classname="Tests.Feature.CartApiTest" assertions="6" time="0.025038"/>
        <testcase name="gift_item_attribute_not_exposed_in_item_resource" file="D:\meem-commerce\tests\Feature\CartApiTest.php" line="1441" class="Tests\Feature\CartApiTest" classname="Tests.Feature.CartApiTest" assertions="5" time="0.016705">
          <failure type="PHPUnit\Framework\ExpectationFailedException">Tests\Feature\CartApiTest::gift_item_attribute_not_exposed_in_item_resource&#13;
Failed asserting that an array does not have the key 'is_gift'.
&#13;
D:\meem-commerce\tests\Feature\CartApiTest.php:1465
D:\meem-commerce\vendor\laravel\framework\src\Illuminate\Foundation\Testing\TestCase.php:174</failure>
        </testcase>
        <testcase name="multiple_adds_accumulate_quantity" file="D:\meem-commerce\tests\Feature\CartApiTest.php" line="1473" class="Tests\Feature\CartApiTest" classname="Tests.Feature.CartApiTest" assertions="5" time="0.037377"/>
        <testcase name="update_non_existent_cart_item_creates_new_item" file="D:\meem-commerce\tests\Feature\CartApiTest.php" line="1501" class="Tests\Feature\CartApiTest" classname="Tests.Feature.CartApiTest" assertions="4" time="0.010596"/>
      </testsuite>
      <testsuite name="Tests\Feature\CartExpirationTest" file="D:\meem-commerce\tests\Feature\CartExpirationTest.php" tests="8" assertions="16" errors="0" failures="0" skipped="0" time="0.042071">
        <testcase name="expire_carts_releases_reserved_stock" file="D:\meem-commerce\tests\Feature\CartExpirationTest.php" line="83" class="Tests\Feature\CartExpirationTest" classname="Tests.Feature.CartExpirationTest" assertions="2" time="0.004790"/>
        <testcase name="expire_carts_marks_cart_as_expired" file="D:\meem-commerce\tests\Feature\CartExpirationTest.php" line="96" class="Tests\Feature\CartExpirationTest" classname="Tests.Feature.CartExpirationTest" assertions="1" time="0.005652"/>
        <testcase name="expire_carts_deletes_cart_items" file="D:\meem-commerce\tests\Feature\CartExpirationTest.php" line="108" class="Tests\Feature\CartExpirationTest" classname="Tests.Feature.CartExpirationTest" assertions="1" time="0.007055"/>
        <testcase name="active_cart_not_expired_before_ttl" file="D:\meem-commerce\tests\Feature\CartExpirationTest.php" line="120" class="Tests\Feature\CartExpirationTest" classname="Tests.Feature.CartExpirationTest" assertions="2" time="0.002111"/>
        <testcase name="expire_carts_skips_carts_without_expires_at" file="D:\meem-commerce\tests\Feature\CartExpirationTest.php" line="132" class="Tests\Feature\CartExpirationTest" classname="Tests.Feature.CartExpirationTest" assertions="2" time="0.001168"/>
        <testcase name="cart_receives_3day_ttl_on_touch" file="D:\meem-commerce\tests\Feature\CartExpirationTest.php" line="149" class="Tests\Feature\CartExpirationTest" classname="Tests.Feature.CartExpirationTest" assertions="4" time="0.001459"/>
        <testcase name="expired_carts_can_be_recreated" file="D:\meem-commerce\tests\Feature\CartExpirationTest.php" line="173" class="Tests\Feature\CartExpirationTest" classname="Tests.Feature.CartExpirationTest" assertions="2" time="0.009214"/>
        <testcase name="cart_expired_before_finalize_releases_stock" file="D:\meem-commerce\tests\Feature\CartExpirationTest.php" line="209" class="Tests\Feature\CartExpirationTest" classname="Tests.Feature.CartExpirationTest" assertions="2" time="0.010621"/>
      </testsuite>
      <testsuite name="Tests\Feature\Categories\CategoryAuthenticationTest" file="D:\meem-commerce\tests\Feature\Categories\CategoryAuthenticationTest.php" tests="8" assertions="10" errors="0" failures="0" skipped="0" time="0.050134">
        <testcase name="test_unauthenticated_user_cannot_create_category" file="D:\meem-commerce\tests\Feature\Categories\CategoryAuthenticationTest.php" line="41" class="Tests\Feature\Categories\CategoryAuthenticationTest" classname="Tests.Feature.Categories.CategoryAuthenticationTest" assertions="1" time="0.003710"/>
        <testcase name="test_unauthenticated_user_cannot_update_category" file="D:\meem-commerce\tests\Feature\Categories\CategoryAuthenticationTest.php" line="50" class="Tests\Feature\Categories\CategoryAuthenticationTest" classname="Tests.Feature.Categories.CategoryAuthenticationTest" assertions="1" time="0.003740"/>
        <testcase name="test_unauthenticated_user_cannot_delete_category" file="D:\meem-commerce\tests\Feature\Categories\CategoryAuthenticationTest.php" line="59" class="Tests\Feature\Categories\CategoryAuthenticationTest" classname="Tests.Feature.Categories.CategoryAuthenticationTest" assertions="1" time="0.002248"/>
        <testcase name="test_unauthenticated_user_cannot_toggle_featured" file="D:\meem-commerce\tests\Feature\Categories\CategoryAuthenticationTest.php" line="66" class="Tests\Feature\Categories\CategoryAuthenticationTest" classname="Tests.Feature.Categories.CategoryAuthenticationTest" assertions="1" time="0.002546"/>
        <testcase name="test_unauthenticated_user_cannot_list_categories" file="D:\meem-commerce\tests\Feature\Categories\CategoryAuthenticationTest.php" line="75" class="Tests\Feature\Categories\CategoryAuthenticationTest" classname="Tests.Feature.Categories.CategoryAuthenticationTest" assertions="1" time="0.002824"/>
        <testcase name="test_unauthenticated_user_cannot_view_category" file="D:\meem-commerce\tests\Feature\Categories\CategoryAuthenticationTest.php" line="82" class="Tests\Feature\Categories\CategoryAuthenticationTest" classname="Tests.Feature.Categories.CategoryAuthenticationTest" assertions="1" time="0.003501"/>
        <testcase name="test_unauthenticated_user_can_access_featured_categories" file="D:\meem-commerce\tests\Feature\Categories\CategoryAuthenticationTest.php" line="89" class="Tests\Feature\Categories\CategoryAuthenticationTest" classname="Tests.Feature.Categories.CategoryAuthenticationTest" assertions="1" time="0.006512"/>
        <testcase name="test_authenticated_user_with_permissions_can_access_all_routes" file="D:\meem-commerce\tests\Feature\Categories\CategoryAuthenticationTest.php" line="96" class="Tests\Feature\Categories\CategoryAuthenticationTest" classname="Tests.Feature.Categories.CategoryAuthenticationTest" assertions="3" time="0.025052"/>
      </testsuite>
      <testsuite name="Tests\Feature\Categories\CategoryAuthorizationTest" file="D:\meem-commerce\tests\Feature\Categories\CategoryAuthorizationTest.php" tests="11" assertions="13" errors="0" failures="0" skipped="0" time="0.085484">
        <testcase name="test_user_with_view_only_can_index_and_show" file="D:\meem-commerce\tests\Feature\Categories\CategoryAuthorizationTest.php" line="39" class="Tests\Feature\Categories\CategoryAuthorizationTest" classname="Tests.Feature.Categories.CategoryAuthorizationTest" assertions="2" time="0.013210"/>
        <testcase name="test_user_with_view_only_cannot_create" file="D:\meem-commerce\tests\Feature\Categories\CategoryAuthorizationTest.php" line="48" class="Tests\Feature\Categories\CategoryAuthorizationTest" classname="Tests.Feature.Categories.CategoryAuthorizationTest" assertions="1" time="0.008047"/>
        <testcase name="test_user_with_view_only_cannot_update" file="D:\meem-commerce\tests\Feature\Categories\CategoryAuthorizationTest.php" line="59" class="Tests\Feature\Categories\CategoryAuthorizationTest" classname="Tests.Feature.Categories.CategoryAuthorizationTest" assertions="1" time="0.006110"/>
        <testcase name="test_user_with_view_only_cannot_delete" file="D:\meem-commerce\tests\Feature\Categories\CategoryAuthorizationTest.php" line="70" class="Tests\Feature\Categories\CategoryAuthorizationTest" classname="Tests.Feature.Categories.CategoryAuthorizationTest" assertions="1" time="0.005708"/>
        <testcase name="test_user_with_view_only_cannot_toggle_featured" file="D:\meem-commerce\tests\Feature\Categories\CategoryAuthorizationTest.php" line="79" class="Tests\Feature\Categories\CategoryAuthorizationTest" classname="Tests.Feature.Categories.CategoryAuthorizationTest" assertions="1" time="0.006318"/>
        <testcase name="test_user_with_create_only_can_create" file="D:\meem-commerce\tests\Feature\Categories\CategoryAuthorizationTest.php" line="90" class="Tests\Feature\Categories\CategoryAuthorizationTest" classname="Tests.Feature.Categories.CategoryAuthorizationTest" assertions="1" time="0.007435"/>
        <testcase name="test_user_with_create_only_cannot_index" file="D:\meem-commerce\tests\Feature\Categories\CategoryAuthorizationTest.php" line="102" class="Tests\Feature\Categories\CategoryAuthorizationTest" classname="Tests.Feature.Categories.CategoryAuthorizationTest" assertions="1" time="0.006423"/>
        <testcase name="test_user_with_update_only_can_update" file="D:\meem-commerce\tests\Feature\Categories\CategoryAuthorizationTest.php" line="110" class="Tests\Feature\Categories\CategoryAuthorizationTest" classname="Tests.Feature.Categories.CategoryAuthorizationTest" assertions="1" time="0.011265"/>
        <testcase name="test_user_with_update_only_cannot_delete" file="D:\meem-commerce\tests\Feature\Categories\CategoryAuthorizationTest.php" line="121" class="Tests\Feature\Categories\CategoryAuthorizationTest" classname="Tests.Feature.Categories.CategoryAuthorizationTest" assertions="1" time="0.005758"/>
        <testcase name="test_user_with_delete_only_can_delete" file="D:\meem-commerce\tests\Feature\Categories\CategoryAuthorizationTest.php" line="129" class="Tests\Feature\Categories\CategoryAuthorizationTest" classname="Tests.Feature.Categories.CategoryAuthorizationTest" assertions="1" time="0.006888"/>
        <testcase name="test_user_with_no_category_permissions_gets_forbidden" file="D:\meem-commerce\tests\Feature\Categories\CategoryAuthorizationTest.php" line="137" class="Tests\Feature\Categories\CategoryAuthorizationTest" classname="Tests.Feature.Categories.CategoryAuthorizationTest" assertions="2" time="0.008322"/>
      </testsuite>
      <testsuite name="Tests\Feature\Categories\CategoryCrudTest" file="D:\meem-commerce\tests\Feature\Categories\CategoryCrudTest.php" tests="7" assertions="17" errors="0" failures="0" skipped="0" time="0.040904">
        <testcase name="test_can_create_category_via_model" file="D:\meem-commerce\tests\Feature\Categories\CategoryCrudTest.php" line="36" class="Tests\Feature\Categories\CategoryCrudTest" classname="Tests.Feature.Categories.CategoryCrudTest" assertions="3" time="0.001757"/>
        <testcase name="test_can_list_categories" file="D:\meem-commerce\tests\Feature\Categories\CategoryCrudTest.php" line="55" class="Tests\Feature\Categories\CategoryCrudTest" classname="Tests.Feature.Categories.CategoryCrudTest" assertions="3" time="0.009441"/>
        <testcase name="test_can_show_category" file="D:\meem-commerce\tests\Feature\Categories\CategoryCrudTest.php" line="69" class="Tests\Feature\Categories\CategoryCrudTest" classname="Tests.Feature.Categories.CategoryCrudTest" assertions="3" time="0.007440"/>
        <testcase name="test_can_update_category" file="D:\meem-commerce\tests\Feature\Categories\CategoryCrudTest.php" line="86" class="Tests\Feature\Categories\CategoryCrudTest" classname="Tests.Feature.Categories.CategoryCrudTest" assertions="3" time="0.009039"/>
        <testcase name="test_can_delete_category" file="D:\meem-commerce\tests\Feature\Categories\CategoryCrudTest.php" line="106" class="Tests\Feature\Categories\CategoryCrudTest" classname="Tests.Feature.Categories.CategoryCrudTest" assertions="3" time="0.005398"/>
        <testcase name="test_show_returns_404_for_nonexistent_category" file="D:\meem-commerce\tests\Feature\Categories\CategoryCrudTest.php" line="122" class="Tests\Feature\Categories\CategoryCrudTest" classname="Tests.Feature.Categories.CategoryCrudTest" assertions="1" time="0.003572"/>
        <testcase name="test_delete_returns_404_for_nonexistent_category" file="D:\meem-commerce\tests\Feature\Categories\CategoryCrudTest.php" line="130" class="Tests\Feature\Categories\CategoryCrudTest" classname="Tests.Feature.Categories.CategoryCrudTest" assertions="1" time="0.004258"/>
      </testsuite>
      <testsuite name="Tests\Feature\Categories\CategoryFeaturedTest" file="D:\meem-commerce\tests\Feature\Categories\CategoryFeaturedTest.php" tests="6" assertions="13" errors="0" failures="0" skipped="0" time="0.043487">
        <testcase name="test_featured_categories_endpoint_is_public" file="D:\meem-commerce\tests\Feature\Categories\CategoryFeaturedTest.php" line="36" class="Tests\Feature\Categories\CategoryFeaturedTest" classname="Tests.Feature.Categories.CategoryFeaturedTest" assertions="1" time="0.004451"/>
        <testcase name="test_toggle_featured_requires_update_permission" file="D:\meem-commerce\tests\Feature\Categories\CategoryFeaturedTest.php" line="42" class="Tests\Feature\Categories\CategoryFeaturedTest" classname="Tests.Feature.Categories.CategoryFeaturedTest" assertions="1" time="0.007492"/>
        <testcase name="test_toggle_featured_works_with_update_permission" file="D:\meem-commerce\tests\Feature\Categories\CategoryFeaturedTest.php" line="58" class="Tests\Feature\Categories\CategoryFeaturedTest" classname="Tests.Feature.Categories.CategoryFeaturedTest" assertions="3" time="0.011776"/>
        <testcase name="test_toggle_featured_twice_reverts" file="D:\meem-commerce\tests\Feature\Categories\CategoryFeaturedTest.php" line="79" class="Tests\Feature\Categories\CategoryFeaturedTest" classname="Tests.Feature.Categories.CategoryFeaturedTest" assertions="2" time="0.011541"/>
        <testcase name="test_toggle_featured_validates_id_required" file="D:\meem-commerce\tests\Feature\Categories\CategoryFeaturedTest.php" line="98" class="Tests\Feature\Categories\CategoryFeaturedTest" classname="Tests.Feature.Categories.CategoryFeaturedTest" assertions="3" time="0.004569"/>
        <testcase name="test_toggle_featured_validates_id_exists" file="D:\meem-commerce\tests\Feature\Categories\CategoryFeaturedTest.php" line="107" class="Tests\Feature\Categories\CategoryFeaturedTest" classname="Tests.Feature.Categories.CategoryFeaturedTest" assertions="3" time="0.003659"/>
      </testsuite>
      <testsuite name="Tests\Feature\Categories\CategoryMediaLifecycleTest" file="D:\meem-commerce\tests\Feature\Categories\CategoryMediaLifecycleTest.php" tests="9" assertions="28" errors="0" failures="0" skipped="0" time="0.159915">
        <testcase name="category_implements_has_media" file="D:\meem-commerce\tests\Feature\Categories\CategoryMediaLifecycleTest.php" line="28" class="Tests\Feature\Categories\CategoryMediaLifecycleTest" classname="Tests.Feature.Categories.CategoryMediaLifecycleTest" assertions="1" time="0.000471"/>
        <testcase name="upload_category_image" file="D:\meem-commerce\tests\Feature\Categories\CategoryMediaLifecycleTest.php" line="35" class="Tests\Feature\Categories\CategoryMediaLifecycleTest" classname="Tests.Feature.Categories.CategoryMediaLifecycleTest" assertions="2" time="0.015644"/>
        <testcase name="update_category_image_removes_old_file" file="D:\meem-commerce\tests\Feature\Categories\CategoryMediaLifecycleTest.php" line="62" class="Tests\Feature\Categories\CategoryMediaLifecycleTest" classname="Tests.Feature.Categories.CategoryMediaLifecycleTest" assertions="3" time="0.035873"/>
        <testcase name="soft_delete_preserves_media" file="D:\meem-commerce\tests\Feature\Categories\CategoryMediaLifecycleTest.php" line="92" class="Tests\Feature\Categories\CategoryMediaLifecycleTest" classname="Tests.Feature.Categories.CategoryMediaLifecycleTest" assertions="3" time="0.017665"/>
        <testcase name="force_delete_category_removes_all_media" file="D:\meem-commerce\tests\Feature\Categories\CategoryMediaLifecycleTest.php" line="118" class="Tests\Feature\Categories\CategoryMediaLifecycleTest" classname="Tests.Feature.Categories.CategoryMediaLifecycleTest" assertions="3" time="0.023911"/>
        <testcase name="multiple_media_files_preserved_on_soft_delete" file="D:\meem-commerce\tests\Feature\Categories\CategoryMediaLifecycleTest.php" line="144" class="Tests\Feature\Categories\CategoryMediaLifecycleTest" classname="Tests.Feature.Categories.CategoryMediaLifecycleTest" assertions="5" time="0.019691"/>
        <testcase name="multiple_media_files_all_removed_on_force_delete" file="D:\meem-commerce\tests\Feature\Categories\CategoryMediaLifecycleTest.php" line="174" class="Tests\Feature\Categories\CategoryMediaLifecycleTest" classname="Tests.Feature.Categories.CategoryMediaLifecycleTest" assertions="4" time="0.022700"/>
        <testcase name="media_collections_work_independently" file="D:\meem-commerce\tests\Feature\Categories\CategoryMediaLifecycleTest.php" line="202" class="Tests\Feature\Categories\CategoryMediaLifecycleTest" classname="Tests.Feature.Categories.CategoryMediaLifecycleTest" assertions="3" time="0.011924"/>
        <testcase name="category_crud_unaffected_by_media" file="D:\meem-commerce\tests\Feature\Categories\CategoryMediaLifecycleTest.php" line="225" class="Tests\Feature\Categories\CategoryMediaLifecycleTest" classname="Tests.Feature.Categories.CategoryMediaLifecycleTest" assertions="4" time="0.012036"/>
      </testsuite>
      <testsuite name="Tests\Feature\Categories\CategoryMediaTest" file="D:\meem-commerce\tests\Feature\Categories\CategoryMediaTest.php" tests="2" assertions="3" errors="0" failures="0" skipped="0" time="0.003224">
        <testcase name="test_category_implements_has_media" file="D:\meem-commerce\tests\Feature\Categories\CategoryMediaTest.php" line="16" class="Tests\Feature\Categories\CategoryMediaTest" classname="Tests.Feature.Categories.CategoryMediaTest" assertions="1" time="0.000528"/>
        <testcase name="test_category_has_media_collections_defined" file="D:\meem-commerce\tests\Feature\Categories\CategoryMediaTest.php" line="22" class="Tests\Feature\Categories\CategoryMediaTest" classname="Tests.Feature.Categories.CategoryMediaTest" assertions="2" time="0.002695"/>
      </testsuite>
      <testsuite name="Tests\Feature\Categories\CategoryPivotUniqueTest" file="D:\meem-commerce\tests\Feature\Categories\CategoryPivotUniqueTest.php" tests="9" assertions="21" errors="0" failures="0" skipped="0" time="0.067153">
        <testcase name="test_sync_does_not_create_duplicates" file="D:\meem-commerce\tests\Feature\Categories\CategoryPivotUniqueTest.php" line="43" class="Tests\Feature\Categories\CategoryPivotUniqueTest" classname="Tests.Feature.Categories.CategoryPivotUniqueTest" assertions="3" time="0.005525"/>
        <testcase name="test_sync_from_product_side_does_not_create_duplicates" file="D:\meem-commerce\tests\Feature\Categories\CategoryPivotUniqueTest.php" line="58" class="Tests\Feature\Categories\CategoryPivotUniqueTest" classname="Tests.Feature.Categories.CategoryPivotUniqueTest" assertions="2" time="0.005178"/>
        <testcase name="test_direct_insert_duplicate_violates_unique_constraint" file="D:\meem-commerce\tests\Feature\Categories\CategoryPivotUniqueTest.php" line="70" class="Tests\Feature\Categories\CategoryPivotUniqueTest" classname="Tests.Feature.Categories.CategoryPivotUniqueTest" assertions="2" time="0.005093"/>
        <testcase name="test_attach_after_sync_respects_constraint" file="D:\meem-commerce\tests\Feature\Categories\CategoryPivotUniqueTest.php" line="89" class="Tests\Feature\Categories\CategoryPivotUniqueTest" classname="Tests.Feature.Categories.CategoryPivotUniqueTest" assertions="2" time="0.004636"/>
        <testcase name="test_different_categories_can_share_same_product" file="D:\meem-commerce\tests\Feature\Categories\CategoryPivotUniqueTest.php" line="101" class="Tests\Feature\Categories\CategoryPivotUniqueTest" classname="Tests.Feature.Categories.CategoryPivotUniqueTest" assertions="1" time="0.014663"/>
        <testcase name="test_category_force_delete_cascades_to_pivot" file="D:\meem-commerce\tests\Feature\Categories\CategoryPivotUniqueTest.php" line="121" class="Tests\Feature\Categories\CategoryPivotUniqueTest" classname="Tests.Feature.Categories.CategoryPivotUniqueTest" assertions="2" time="0.005883"/>
        <testcase name="test_product_force_delete_cascades_to_pivot" file="D:\meem-commerce\tests\Feature\Categories\CategoryPivotUniqueTest.php" line="134" class="Tests\Feature\Categories\CategoryPivotUniqueTest" classname="Tests.Feature.Categories.CategoryPivotUniqueTest" assertions="2" time="0.006848"/>
        <testcase name="test_multiple_product_category_assignments" file="D:\meem-commerce\tests\Feature\Categories\CategoryPivotUniqueTest.php" line="147" class="Tests\Feature\Categories\CategoryPivotUniqueTest" classname="Tests.Feature.Categories.CategoryPivotUniqueTest" assertions="2" time="0.007012"/>
        <testcase name="test_soft_delete_keeps_pivot_intact" file="D:\meem-commerce\tests\Feature\Categories\CategoryPivotUniqueTest.php" line="166" class="Tests\Feature\Categories\CategoryPivotUniqueTest" classname="Tests.Feature.Categories.CategoryPivotUniqueTest" assertions="5" time="0.012314"/>
      </testsuite>
      <testsuite name="Tests\Feature\Categories\CategoryProductsCountConsistencyTest" file="D:\meem-commerce\tests\Feature\Categories\CategoryProductsCountConsistencyTest.php" tests="4" assertions="13" errors="0" failures="0" skipped="0" time="0.045403">
        <testcase name="test_products_count_matches_products_array_length" file="D:\meem-commerce\tests\Feature\Categories\CategoryProductsCountConsistencyTest.php" line="31" class="Tests\Feature\Categories\CategoryProductsCountConsistencyTest" classname="Tests.Feature.Categories.CategoryProductsCountConsistencyTest" assertions="4" time="0.017155"/>
        <testcase name="test_products_count_matches_when_all_products_qualify" file="D:\meem-commerce\tests\Feature\Categories\CategoryProductsCountConsistencyTest.php" line="84" class="Tests\Feature\Categories\CategoryProductsCountConsistencyTest" classname="Tests.Feature.Categories.CategoryProductsCountConsistencyTest" assertions="3" time="0.013807"/>
        <testcase name="test_products_count_is_zero_when_all_products_are_fast_shipping_only" file="D:\meem-commerce\tests\Feature\Categories\CategoryProductsCountConsistencyTest.php" line="122" class="Tests\Feature\Categories\CategoryProductsCountConsistencyTest" classname="Tests.Feature.Categories.CategoryProductsCountConsistencyTest" assertions="3" time="0.008176"/>
        <testcase name="test_products_count_is_zero_when_no_products_attached" file="D:\meem-commerce\tests\Feature\Categories\CategoryProductsCountConsistencyTest.php" line="148" class="Tests\Feature\Categories\CategoryProductsCountConsistencyTest" classname="Tests.Feature.Categories.CategoryProductsCountConsistencyTest" assertions="3" time="0.006266"/>
      </testsuite>
      <testsuite name="Tests\Feature\Categories\CategoryRegressionTest" file="D:\meem-commerce\tests\Feature\Categories\CategoryRegressionTest.php" tests="14" assertions="21" errors="0" failures="0" skipped="0" time="0.046912">
        <testcase name="test_b1_soft_delete_does_not_hard_delete" file="D:\meem-commerce\tests\Feature\Categories\CategoryRegressionTest.php" line="37" class="Tests\Feature\Categories\CategoryRegressionTest" classname="Tests.Feature.Categories.CategoryRegressionTest" assertions="2" time="0.002410"/>
        <testcase name="test_b2_resource_returns_translated_name" file="D:\meem-commerce\tests\Feature\Categories\CategoryRegressionTest.php" line="52" class="Tests\Feature\Categories\CategoryRegressionTest" classname="Tests.Feature.Categories.CategoryRegressionTest" assertions="2" time="0.006702"/>
        <testcase name="test_b2_resource_returns_translated_details" file="D:\meem-commerce\tests\Feature\Categories\CategoryRegressionTest.php" line="69" class="Tests\Feature\Categories\CategoryRegressionTest" classname="Tests.Feature.Categories.CategoryRegressionTest" assertions="2" time="0.007105"/>
        <testcase name="test_b3_featured_categories_is_public" file="D:\meem-commerce\tests\Feature\Categories\CategoryRegressionTest.php" line="87" class="Tests\Feature\Categories\CategoryRegressionTest" classname="Tests.Feature.Categories.CategoryRegressionTest" assertions="1" time="0.004946"/>
        <testcase name="test_b4_translation_keys_exist" file="D:\meem-commerce\tests\Feature\Categories\CategoryRegressionTest.php" line="94" class="Tests\Feature\Categories\CategoryRegressionTest" classname="Tests.Feature.Categories.CategoryRegressionTest" assertions="4" time="0.001105"/>
        <testcase name="test_b5_dead_route_does_not_exist" file="D:\meem-commerce\tests\Feature\Categories\CategoryRegressionTest.php" line="109" class="Tests\Feature\Categories\CategoryRegressionTest" classname="Tests.Feature.Categories.CategoryRegressionTest" assertions="1" time="0.007696"/>
        <testcase name="test_slug_handles_non_json_correctly" file="D:\meem-commerce\tests\Feature\Categories\CategoryRegressionTest.php" line="116" class="Tests\Feature\Categories\CategoryRegressionTest" classname="Tests.Feature.Categories.CategoryRegressionTest" assertions="1" time="0.001587"/>
        <testcase name="test_model_has_translatable_fields" file="D:\meem-commerce\tests\Feature\Categories\CategoryRegressionTest.php" line="127" class="Tests\Feature\Categories\CategoryRegressionTest" classname="Tests.Feature.Categories.CategoryRegressionTest" assertions="2" time="0.000471"/>
        <testcase name="test_model_uses_soft_deletes" file="D:\meem-commerce\tests\Feature\Categories\CategoryRegressionTest.php" line="135" class="Tests\Feature\Categories\CategoryRegressionTest" classname="Tests.Feature.Categories.CategoryRegressionTest" assertions="1" time="0.000761"/>
        <testcase name="test_b6_explicit_slug_is_preserved" file="D:\meem-commerce\tests\Feature\Categories\CategoryRegressionTest.php" line="144" class="Tests\Feature\Categories\CategoryRegressionTest" classname="Tests.Feature.Categories.CategoryRegressionTest" assertions="1" time="0.001632"/>
        <testcase name="test_b7_slug_auto_generated_when_not_provided" file="D:\meem-commerce\tests\Feature\Categories\CategoryRegressionTest.php" line="155" class="Tests\Feature\Categories\CategoryRegressionTest" classname="Tests.Feature.Categories.CategoryRegressionTest" assertions="1" time="0.002010"/>
        <testcase name="test_b8_slug_preserved_on_update_without_name_change" file="D:\meem-commerce\tests\Feature\Categories\CategoryRegressionTest.php" line="165" class="Tests\Feature\Categories\CategoryRegressionTest" classname="Tests.Feature.Categories.CategoryRegressionTest" assertions="1" time="0.002593"/>
        <testcase name="test_b9_slug_updates_on_name_change_when_not_provided" file="D:\meem-commerce\tests\Feature\Categories\CategoryRegressionTest.php" line="178" class="Tests\Feature\Categories\CategoryRegressionTest" classname="Tests.Feature.Categories.CategoryRegressionTest" assertions="1" time="0.003825"/>
        <testcase name="test_b10_slug_preserved_when_both_name_and_slug_provided" file="D:\meem-commerce\tests\Feature\Categories\CategoryRegressionTest.php" line="191" class="Tests\Feature\Categories\CategoryRegressionTest" classname="Tests.Feature.Categories.CategoryRegressionTest" assertions="1" time="0.004069"/>
      </testsuite>
      <testsuite name="Tests\Feature\Categories\CategoryRelationshipTest" file="D:\meem-commerce\tests\Feature\Categories\CategoryRelationshipTest.php" tests="5" assertions="7" errors="0" failures="0" skipped="0" time="0.033323">
        <testcase name="test_parent_child_relationship" file="D:\meem-commerce\tests\Feature\Categories\CategoryRelationshipTest.php" line="36" class="Tests\Feature\Categories\CategoryRelationshipTest" classname="Tests.Feature.Categories.CategoryRelationshipTest" assertions="2" time="0.003966"/>
        <testcase name="test_show_returns_parent" file="D:\meem-commerce\tests\Feature\Categories\CategoryRelationshipTest.php" line="55" class="Tests\Feature\Categories\CategoryRelationshipTest" classname="Tests.Feature.Categories.CategoryRelationshipTest" assertions="1" time="0.008959"/>
        <testcase name="test_children_are_returned_with_parent" file="D:\meem-commerce\tests\Feature\Categories\CategoryRelationshipTest.php" line="74" class="Tests\Feature\Categories\CategoryRelationshipTest" classname="Tests.Feature.Categories.CategoryRelationshipTest" assertions="1" time="0.010085"/>
        <testcase name="test_deleting_parent_does_not_cascade_delete_children" file="D:\meem-commerce\tests\Feature\Categories\CategoryRelationshipTest.php" line="99" class="Tests\Feature\Categories\CategoryRelationshipTest" classname="Tests.Feature.Categories.CategoryRelationshipTest" assertions="2" time="0.003566"/>
        <testcase name="test_setting_invalid_parent_returns_validation_error" file="D:\meem-commerce\tests\Feature\Categories\CategoryRelationshipTest.php" line="119" class="Tests\Feature\Categories\CategoryRelationshipTest" classname="Tests.Feature.Categories.CategoryRelationshipTest" assertions="1" time="0.006747"/>
      </testsuite>
      <testsuite name="Tests\Feature\Categories\CategoryResourceTest" file="D:\meem-commerce\tests\Feature\Categories\CategoryResourceTest.php" tests="7" assertions="33" errors="0" failures="0" skipped="0" time="0.058818">
        <testcase name="test_index_returns_paginated_response" file="D:\meem-commerce\tests\Feature\Categories\CategoryResourceTest.php" line="38" class="Tests\Feature\Categories\CategoryResourceTest" classname="Tests.Feature.Categories.CategoryResourceTest" assertions="13" time="0.009556"/>
        <testcase name="test_index_response_contains_expected_fields" file="D:\meem-commerce\tests\Feature\Categories\CategoryResourceTest.php" line="65" class="Tests\Feature\Categories\CategoryResourceTest" classname="Tests.Feature.Categories.CategoryResourceTest" assertions="9" time="0.006481"/>
        <testcase name="test_index_response_omits_details_and_children" file="D:\meem-commerce\tests\Feature\Categories\CategoryResourceTest.php" line="85" class="Tests\Feature\Categories\CategoryResourceTest" classname="Tests.Feature.Categories.CategoryResourceTest" assertions="1" time="0.011823"/>
        <testcase name="test_show_response_includes_details" file="D:\meem-commerce\tests\Feature\Categories\CategoryResourceTest.php" line="97" class="Tests\Feature\Categories\CategoryResourceTest" classname="Tests.Feature.Categories.CategoryResourceTest" assertions="2" time="0.007085"/>
        <testcase name="test_show_response_includes_children_when_loaded" file="D:\meem-commerce\tests\Feature\Categories\CategoryResourceTest.php" line="113" class="Tests\Feature\Categories\CategoryResourceTest" classname="Tests.Feature.Categories.CategoryResourceTest" assertions="1" time="0.008908"/>
        <testcase name="test_resource_types_in_response" file="D:\meem-commerce\tests\Feature\Categories\CategoryResourceTest.php" line="125" class="Tests\Feature\Categories\CategoryResourceTest" classname="Tests.Feature.Categories.CategoryResourceTest" assertions="6" time="0.006741"/>
        <testcase name="test_featured_categories_returns_collection" file="D:\meem-commerce\tests\Feature\Categories\CategoryResourceTest.php" line="147" class="Tests\Feature\Categories\CategoryResourceTest" classname="Tests.Feature.Categories.CategoryResourceTest" assertions="1" time="0.008225"/>
      </testsuite>
      <testsuite name="Tests\Feature\Categories\CategorySoftDeleteTest" file="D:\meem-commerce\tests\Feature\Categories\CategorySoftDeleteTest.php" tests="5" assertions="9" errors="0" failures="0" skipped="0" time="0.022265">
        <testcase name="test_category_uses_soft_deletes" file="D:\meem-commerce\tests\Feature\Categories\CategorySoftDeleteTest.php" line="36" class="Tests\Feature\Categories\CategorySoftDeleteTest" classname="Tests.Feature.Categories.CategorySoftDeleteTest" assertions="2" time="0.002245"/>
        <testcase name="test_deleted_category_not_in_index" file="D:\meem-commerce\tests\Feature\Categories\CategorySoftDeleteTest.php" line="49" class="Tests\Feature\Categories\CategorySoftDeleteTest" classname="Tests.Feature.Categories.CategorySoftDeleteTest" assertions="2" time="0.006158"/>
        <testcase name="test_show_returns_404_for_soft_deleted_category" file="D:\meem-commerce\tests\Feature\Categories\CategorySoftDeleteTest.php" line="67" class="Tests\Feature\Categories\CategorySoftDeleteTest" classname="Tests.Feature.Categories.CategorySoftDeleteTest" assertions="1" time="0.005610"/>
        <testcase name="test_force_delete_removes_permanently" file="D:\meem-commerce\tests\Feature\Categories\CategorySoftDeleteTest.php" line="82" class="Tests\Feature\Categories\CategorySoftDeleteTest" classname="Tests.Feature.Categories.CategorySoftDeleteTest" assertions="1" time="0.003786"/>
        <testcase name="test_multiple_soft_deletes" file="D:\meem-commerce\tests\Feature\Categories\CategorySoftDeleteTest.php" line="95" class="Tests\Feature\Categories\CategorySoftDeleteTest" classname="Tests.Feature.Categories.CategorySoftDeleteTest" assertions="3" time="0.004466"/>
      </testsuite>
      <testsuite name="Tests\Feature\Categories\CategoryTranslationTest" file="D:\meem-commerce\tests\Feature\Categories\CategoryTranslationTest.php" tests="3" assertions="9" errors="0" failures="1" skipped="0" time="0.016437">
        <testcase name="test_create_category_with_multiple_translations" file="D:\meem-commerce\tests\Feature\Categories\CategoryTranslationTest.php" line="36" class="Tests\Feature\Categories\CategoryTranslationTest" classname="Tests.Feature.Categories.CategoryTranslationTest" assertions="4" time="0.002250"/>
        <testcase name="test_resource_returns_translated_name_not_raw_json" file="D:\meem-commerce\tests\Feature\Categories\CategoryTranslationTest.php" line="50" class="Tests\Feature\Categories\CategoryTranslationTest" classname="Tests.Feature.Categories.CategoryTranslationTest" assertions="3" time="0.006758"/>
        <testcase name="test_show_returns_details_in_current_locale" file="D:\meem-commerce\tests\Feature\Categories\CategoryTranslationTest.php" line="67" class="Tests\Feature\Categories\CategoryTranslationTest" classname="Tests.Feature.Categories.CategoryTranslationTest" assertions="2" time="0.007429">
          <failure type="PHPUnit\Framework\ExpectationFailedException">Tests\Feature\Categories\CategoryTranslationTest::test_show_returns_details_in_current_locale&#13;
Failed asserting that two strings are identical.
--- Expected
+++ Actual
@@ @@
-'تفاصيل بالعربية'
+'English details'
&#13;
D:\meem-commerce\vendor\laravel\framework\src\Illuminate\Testing\AssertableJsonString.php:243
D:\meem-commerce\vendor\laravel\framework\src\Illuminate\Testing\TestResponse.php:683
D:\meem-commerce\tests\Feature\Categories\CategoryTranslationTest.php:82
D:\meem-commerce\vendor\laravel\framework\src\Illuminate\Foundation\Testing\TestCase.php:174</failure>
        </testcase>
      </testsuite>
      <testsuite name="Tests\Feature\Categories\CategoryValidationTest" file="D:\meem-commerce\tests\Feature\Categories\CategoryValidationTest.php" tests="4" assertions="4" errors="0" failures="0" skipped="0" time="0.023363">
        <testcase name="test_create_returns_422_without_name" file="D:\meem-commerce\tests\Feature\Categories\CategoryValidationTest.php" line="36" class="Tests\Feature\Categories\CategoryValidationTest" classname="Tests.Feature.Categories.CategoryValidationTest" assertions="1" time="0.003730"/>
        <testcase name="test_update_accepts_partial_data" file="D:\meem-commerce\tests\Feature\Categories\CategoryValidationTest.php" line="45" class="Tests\Feature\Categories\CategoryValidationTest" classname="Tests.Feature.Categories.CategoryValidationTest" assertions="1" time="0.008197"/>
        <testcase name="test_update_rejects_invalid_parent_id" file="D:\meem-commerce\tests\Feature\Categories\CategoryValidationTest.php" line="61" class="Tests\Feature\Categories\CategoryValidationTest" classname="Tests.Feature.Categories.CategoryValidationTest" assertions="1" time="0.006061"/>
        <testcase name="test_update_rejects_non_array_name" file="D:\meem-commerce\tests\Feature\Categories\CategoryValidationTest.php" line="77" class="Tests\Feature\Categories\CategoryValidationTest" classname="Tests.Feature.Categories.CategoryValidationTest" assertions="1" time="0.005375"/>
      </testsuite>
      <testsuite name="Tests\Feature\ChannelContextTest" file="D:\meem-commerce\tests\Feature\ChannelContextTest.php" tests="14" assertions="27" errors="0" failures="2" skipped="0" time="0.164270">
        <testcase name="missing_channel_header_defaults_to_home" file="D:\meem-commerce\tests\Feature\ChannelContextTest.php" line="56" class="Tests\Feature\ChannelContextTest" classname="Tests.Feature.ChannelContextTest" assertions="1" time="0.005552"/>
        <testcase name="invalid_channel_header_in_non_strict_mode_falls_back_to_home" file="D:\meem-commerce\tests\Feature\ChannelContextTest.php" line="66" class="Tests\Feature\ChannelContextTest" classname="Tests.Feature.ChannelContextTest" assertions="1" time="0.003654"/>
        <testcase name="invalid_channel_header_in_strict_mode_returns_400" file="D:\meem-commerce\tests\Feature\ChannelContextTest.php" line="80" class="Tests\Feature\ChannelContextTest" classname="Tests.Feature.ChannelContextTest" assertions="1" time="0.003220"/>
        <testcase name="empty_channel_header_defaults_to_home" file="D:\meem-commerce\tests\Feature\ChannelContextTest.php" line="92" class="Tests\Feature\ChannelContextTest" classname="Tests.Feature.ChannelContextTest" assertions="1" time="0.004014"/>
        <testcase name="fast_shipping_channel_filters_products" file="D:\meem-commerce\tests\Feature\ChannelContextTest.php" line="104" class="Tests\Feature\ChannelContextTest" classname="Tests.Feature.ChannelContextTest" assertions="4" time="0.019514"/>
        <testcase name="home_channel_excludes_fast_shipping_products" file="D:\meem-commerce\tests\Feature\ChannelContextTest.php" line="124" class="Tests\Feature\ChannelContextTest" classname="Tests.Feature.ChannelContextTest" assertions="4" time="0.015485"/>
        <testcase name="channel_header_is_case_insensitive" file="D:\meem-commerce\tests\Feature\ChannelContextTest.php" line="141" class="Tests\Feature\ChannelContextTest" classname="Tests.Feature.ChannelContextTest" assertions="3" time="0.016077"/>
        <testcase name="channel_disabled_config_stops_scope_from_filtering" file="D:\meem-commerce\tests\Feature\ChannelContextTest.php" line="157" class="Tests\Feature\ChannelContextTest" classname="Tests.Feature.ChannelContextTest" assertions="4" time="0.016893"/>
        <testcase name="product_detail_respects_fast_shipping_scope" file="D:\meem-commerce\tests\Feature\ChannelContextTest.php" line="177" class="Tests\Feature\ChannelContextTest" classname="Tests.Feature.ChannelContextTest" assertions="1" time="0.007858"/>
        <testcase name="product_detail_shows_fast_shipping_product_in_fast_shipping_mode" file="D:\meem-commerce\tests\Feature\ChannelContextTest.php" line="190" class="Tests\Feature\ChannelContextTest" classname="Tests.Feature.ChannelContextTest" assertions="2" time="0.022630"/>
        <testcase name="product_detail_returns_404_for_fast_product_in_home_channel" file="D:\meem-commerce\tests\Feature\ChannelContextTest.php" line="203" class="Tests\Feature\ChannelContextTest" classname="Tests.Feature.ChannelContextTest" assertions="1" time="0.007720"/>
        <testcase name="product_detail_returns_normal_product_in_home_channel" file="D:\meem-commerce\tests\Feature\ChannelContextTest.php" line="215" class="Tests\Feature\ChannelContextTest" classname="Tests.Feature.ChannelContextTest" assertions="2" time="0.011567"/>
        <testcase name="cache_key_differs_by_channel" file="D:\meem-commerce\tests\Feature\ChannelContextTest.php" line="228" class="Tests\Feature\ChannelContextTest" classname="Tests.Feature.ChannelContextTest" assertions="1" time="0.022133">
          <failure type="PHPUnit\Framework\ExpectationFailedException">Tests\Feature\ChannelContextTest::cache_key_differs_by_channel&#13;
No cache keys were generated
Failed asserting that an array is not empty.
&#13;
D:\meem-commerce\tests\Feature\ChannelContextTest.php:245
D:\meem-commerce\vendor\laravel\framework\src\Illuminate\Foundation\Testing\TestCase.php:174</failure>
        </testcase>
        <testcase name="home_service_cache_keys_use_channel_prefix" file="D:\meem-commerce\tests\Feature\ChannelContextTest.php" line="255" class="Tests\Feature\ChannelContextTest" classname="Tests.Feature.ChannelContextTest" assertions="1" time="0.007952">
          <failure type="PHPUnit\Framework\ExpectationFailedException">Tests\Feature\ChannelContextTest::home_service_cache_keys_use_channel_prefix&#13;
No cache keys were generated
Failed asserting that an array is not empty.
&#13;
D:\meem-commerce\tests\Feature\ChannelContextTest.php:269
D:\meem-commerce\vendor\laravel\framework\src\Illuminate\Foundation\Testing\TestCase.php:174</failure>
        </testcase>
      </testsuite>
      <testsuite name="Tests\Feature\CheckoutApiTest" file="D:\meem-commerce\tests\Feature\CheckoutApiTest.php" tests="13" assertions="17" errors="0" failures="0" skipped="0" time="0.159786">
        <testcase name="test_checkout_requires_auth" file="D:\meem-commerce\tests\Feature\CheckoutApiTest.php" line="96" class="Tests\Feature\CheckoutApiTest" classname="Tests.Feature.CheckoutApiTest" assertions="1" time="0.003083"/>
        <testcase name="test_checkout_requires_cart" file="D:\meem-commerce\tests\Feature\CheckoutApiTest.php" line="101" class="Tests\Feature\CheckoutApiTest" classname="Tests.Feature.CheckoutApiTest" assertions="1" time="0.004628"/>
        <testcase name="test_checkout_cod_creates_order" file="D:\meem-commerce\tests\Feature\CheckoutApiTest.php" line="116" class="Tests\Feature\CheckoutApiTest" classname="Tests.Feature.CheckoutApiTest" assertions="1" time="0.017509"/>
        <testcase name="test_checkout_does_not_finalize_inventory" file="D:\meem-commerce\tests\Feature\CheckoutApiTest.php" line="136" class="Tests\Feature\CheckoutApiTest" classname="Tests.Feature.CheckoutApiTest" assertions="2" time="0.020988"/>
        <testcase name="test_mark_cod_as_paid_finalizes_inventory" file="D:\meem-commerce\tests\Feature\CheckoutApiTest.php" line="156" class="Tests\Feature\CheckoutApiTest" classname="Tests.Feature.CheckoutApiTest" assertions="3" time="0.031309"/>
        <testcase name="test_checkout_cod_with_pickup_rejected" file="D:\meem-commerce\tests\Feature\CheckoutApiTest.php" line="184" class="Tests\Feature\CheckoutApiTest" classname="Tests.Feature.CheckoutApiTest" assertions="1" time="0.003905"/>
        <testcase name="test_eligible_promotions_requires_auth" file="D:\meem-commerce\tests\Feature\CheckoutApiTest.php" line="205" class="Tests\Feature\CheckoutApiTest" classname="Tests.Feature.CheckoutApiTest" assertions="1" time="0.002661"/>
        <testcase name="test_eligible_promotions_returns_empty_when_no_cart" file="D:\meem-commerce\tests\Feature\CheckoutApiTest.php" line="210" class="Tests\Feature\CheckoutApiTest" classname="Tests.Feature.CheckoutApiTest" assertions="1" time="0.013449"/>
        <testcase name="test_order_index_requires_auth" file="D:\meem-commerce\tests\Feature\CheckoutApiTest.php" line="221" class="Tests\Feature\CheckoutApiTest" classname="Tests.Feature.CheckoutApiTest" assertions="1" time="0.002868"/>
        <testcase name="test_order_index_returns_user_orders" file="D:\meem-commerce\tests\Feature\CheckoutApiTest.php" line="226" class="Tests\Feature\CheckoutApiTest" classname="Tests.Feature.CheckoutApiTest" assertions="2" time="0.029232"/>
        <testcase name="test_checkout_validates_governorate" file="D:\meem-commerce\tests\Feature\CheckoutApiTest.php" line="250" class="Tests\Feature\CheckoutApiTest" classname="Tests.Feature.CheckoutApiTest" assertions="1" time="0.004194"/>
        <testcase name="test_checkout_validates_phone" file="D:\meem-commerce\tests\Feature\CheckoutApiTest.php" line="266" class="Tests\Feature\CheckoutApiTest" classname="Tests.Feature.CheckoutApiTest" assertions="1" time="0.004264"/>
        <testcase name="test_checkout_stores_coupon_usage_when_coupon_applied" file="D:\meem-commerce\tests\Feature\CheckoutApiTest.php" line="280" class="Tests\Feature\CheckoutApiTest" classname="Tests.Feature.CheckoutApiTest" assertions="1" time="0.021695"/>
      </testsuite>
      <testsuite name="Tests\Feature\CheckoutConcurrencyStressTest" file="D:\meem-commerce\tests\Feature\CheckoutConcurrencyStressTest.php" tests="8" assertions="21" errors="0" failures="0" skipped="0" time="0.089726">
        <testcase name="coupon_limiter_enforced_under_stress" file="D:\meem-commerce\tests\Feature\CheckoutConcurrencyStressTest.php" line="88" class="Tests\Feature\CheckoutConcurrencyStressTest" classname="Tests.Feature.CheckoutConcurrencyStressTest" assertions="2" time="0.002122"/>
        <testcase name="promotion_limiter_enforced_under_stress" file="D:\meem-commerce\tests\Feature\CheckoutConcurrencyStressTest.php" line="110" class="Tests\Feature\CheckoutConcurrencyStressTest" classname="Tests.Feature.CheckoutConcurrencyStressTest" assertions="1" time="0.002985"/>
        <testcase name="inventory_consistency_through_reserve_release_cycle" file="D:\meem-commerce\tests\Feature\CheckoutConcurrencyStressTest.php" line="132" class="Tests\Feature\CheckoutConcurrencyStressTest" classname="Tests.Feature.CheckoutConcurrencyStressTest" assertions="6" time="0.014706"/>
        <testcase name="database_lock_prevents_double_reservation" file="D:\meem-commerce\tests\Feature\CheckoutConcurrencyStressTest.php" line="172" class="Tests\Feature\CheckoutConcurrencyStressTest" classname="Tests.Feature.CheckoutConcurrencyStressTest" assertions="2" time="0.009429"/>
        <testcase name="concurrent_coupon_usage_tracked_correctly" file="D:\meem-commerce\tests\Feature\CheckoutConcurrencyStressTest.php" line="216" class="Tests\Feature\CheckoutConcurrencyStressTest" classname="Tests.Feature.CheckoutConcurrencyStressTest" assertions="2" time="0.004179"/>
        <testcase name="multiple_reservations_respect_stock_limit" file="D:\meem-commerce\tests\Feature\CheckoutConcurrencyStressTest.php" line="247" class="Tests\Feature\CheckoutConcurrencyStressTest" classname="Tests.Feature.CheckoutConcurrencyStressTest" assertions="3" time="0.027054"/>
        <testcase name="stock_exhaustion_blocks_new_reservation" file="D:\meem-commerce\tests\Feature\CheckoutConcurrencyStressTest.php" line="294" class="Tests\Feature\CheckoutConcurrencyStressTest" classname="Tests.Feature.CheckoutConcurrencyStressTest" assertions="2" time="0.009551"/>
        <testcase name="release_restores_available_stock" file="D:\meem-commerce\tests\Feature\CheckoutConcurrencyStressTest.php" line="338" class="Tests\Feature\CheckoutConcurrencyStressTest" classname="Tests.Feature.CheckoutConcurrencyStressTest" assertions="3" time="0.019700"/>
      </testsuite>
      <testsuite name="Tests\Feature\CheckoutPendingOrderRedesignTest" file="D:\meem-commerce\tests\Feature\CheckoutPendingOrderRedesignTest.php" tests="22" assertions="47" errors="0" failures="0" skipped="0" time="1.520868">
        <testcase name="test_checkout_creates_pending_order_without_deleting_cart_items" file="D:\meem-commerce\tests\Feature\CheckoutPendingOrderRedesignTest.php" line="175" class="Tests\Feature\CheckoutPendingOrderRedesignTest" classname="Tests.Feature.CheckoutPendingOrderRedesignTest" assertions="5" time="0.020134"/>
        <testcase name="test_checkout_does_not_finalize_inventory" file="D:\meem-commerce\tests\Feature\CheckoutPendingOrderRedesignTest.php" line="194" class="Tests\Feature\CheckoutPendingOrderRedesignTest" classname="Tests.Feature.CheckoutPendingOrderRedesignTest" assertions="2" time="0.020272"/>
        <testcase name="test_only_one_pending_order_per_user" file="D:\meem-commerce\tests\Feature\CheckoutPendingOrderRedesignTest.php" line="208" class="Tests\Feature\CheckoutPendingOrderRedesignTest" classname="Tests.Feature.CheckoutPendingOrderRedesignTest" assertions="1" time="0.035555"/>
        <testcase name="test_second_checkout_updates_existing_pending_order" file="D:\meem-commerce\tests\Feature\CheckoutPendingOrderRedesignTest.php" line="226" class="Tests\Feature\CheckoutPendingOrderRedesignTest" classname="Tests.Feature.CheckoutPendingOrderRedesignTest" assertions="2" time="0.035881"/>
        <testcase name="test_second_checkout_updates_transaction_amount" file="D:\meem-commerce\tests\Feature\CheckoutPendingOrderRedesignTest.php" line="246" class="Tests\Feature\CheckoutPendingOrderRedesignTest" classname="Tests.Feature.CheckoutPendingOrderRedesignTest" assertions="2" time="0.036805"/>
        <testcase name="test_cart_is_editable_after_checkout" file="D:\meem-commerce\tests\Feature\CheckoutPendingOrderRedesignTest.php" line="268" class="Tests\Feature\CheckoutPendingOrderRedesignTest" classname="Tests.Feature.CheckoutPendingOrderRedesignTest" assertions="2" time="0.030130"/>
        <testcase name="test_cart_items_persist_after_checkout" file="D:\meem-commerce\tests\Feature\CheckoutPendingOrderRedesignTest.php" line="280" class="Tests\Feature\CheckoutPendingOrderRedesignTest" classname="Tests.Feature.CheckoutPendingOrderRedesignTest" assertions="2" time="0.021189"/>
        <testcase name="test_mark_cod_as_paid_finalizes_inventory" file="D:\meem-commerce\tests\Feature\CheckoutPendingOrderRedesignTest.php" line="296" class="Tests\Feature\CheckoutPendingOrderRedesignTest" classname="Tests.Feature.CheckoutPendingOrderRedesignTest" assertions="5" time="0.031039"/>
        <testcase name="test_promotion_usage_not_incremented_at_checkout" file="D:\meem-commerce\tests\Feature\CheckoutPendingOrderRedesignTest.php" line="325" class="Tests\Feature\CheckoutPendingOrderRedesignTest" classname="Tests.Feature.CheckoutPendingOrderRedesignTest" assertions="1" time="0.024312"/>
        <testcase name="test_promotion_usage_incremented_after_cod_paid" file="D:\meem-commerce\tests\Feature\CheckoutPendingOrderRedesignTest.php" line="348" class="Tests\Feature\CheckoutPendingOrderRedesignTest" classname="Tests.Feature.CheckoutPendingOrderRedesignTest" assertions="1" time="0.035285"/>
        <testcase name="test_coupon_usage_not_recorded_at_checkout" file="D:\meem-commerce\tests\Feature\CheckoutPendingOrderRedesignTest.php" line="378" class="Tests\Feature\CheckoutPendingOrderRedesignTest" classname="Tests.Feature.CheckoutPendingOrderRedesignTest" assertions="1" time="0.022788"/>
        <testcase name="test_coupon_usage_recorded_after_cod_paid" file="D:\meem-commerce\tests\Feature\CheckoutPendingOrderRedesignTest.php" line="396" class="Tests\Feature\CheckoutPendingOrderRedesignTest" classname="Tests.Feature.CheckoutPendingOrderRedesignTest" assertions="1" time="0.033915"/>
        <testcase name="test_payment_failure_does_not_cancel_order" file="D:\meem-commerce\tests\Feature\CheckoutPendingOrderRedesignTest.php" line="422" class="Tests\Feature\CheckoutPendingOrderRedesignTest" classname="Tests.Feature.CheckoutPendingOrderRedesignTest" assertions="1" time="0.517246"/>
        <testcase name="test_payment_failure_does_not_release_cart" file="D:\meem-commerce\tests\Feature\CheckoutPendingOrderRedesignTest.php" line="437" class="Tests\Feature\CheckoutPendingOrderRedesignTest" classname="Tests.Feature.CheckoutPendingOrderRedesignTest" assertions="2" time="0.431657"/>
        <testcase name="test_cod_order_goes_to_completed_after_mark_paid" file="D:\meem-commerce\tests\Feature\CheckoutPendingOrderRedesignTest.php" line="455" class="Tests\Feature\CheckoutPendingOrderRedesignTest" classname="Tests.Feature.CheckoutPendingOrderRedesignTest" assertions="2" time="0.031546"/>
        <testcase name="test_cart_expires_at_renewed_on_checkout" file="D:\meem-commerce\tests\Feature\CheckoutPendingOrderRedesignTest.php" line="475" class="Tests\Feature\CheckoutPendingOrderRedesignTest" classname="Tests.Feature.CheckoutPendingOrderRedesignTest" assertions="1" time="0.020999"/>
        <testcase name="test_pending_order_has_correct_totals" file="D:\meem-commerce\tests\Feature\CheckoutPendingOrderRedesignTest.php" line="490" class="Tests\Feature\CheckoutPendingOrderRedesignTest" classname="Tests.Feature.CheckoutPendingOrderRedesignTest" assertions="5" time="0.020838"/>
        <testcase name="test_order_products_are_updated_on_second_checkout" file="D:\meem-commerce\tests\Feature\CheckoutPendingOrderRedesignTest.php" line="505" class="Tests\Feature\CheckoutPendingOrderRedesignTest" classname="Tests.Feature.CheckoutPendingOrderRedesignTest" assertions="3" time="0.040231"/>
        <testcase name="test_expired_pending_order_cancelled_by_command" file="D:\meem-commerce\tests\Feature\CheckoutPendingOrderRedesignTest.php" line="528" class="Tests\Feature\CheckoutPendingOrderRedesignTest" classname="Tests.Feature.CheckoutPendingOrderRedesignTest" assertions="4" time="0.036153"/>
        <testcase name="test_checkout_returns_success_for_cod" file="D:\meem-commerce\tests\Feature\CheckoutPendingOrderRedesignTest.php" line="558" class="Tests\Feature\CheckoutPendingOrderRedesignTest" classname="Tests.Feature.CheckoutPendingOrderRedesignTest" assertions="2" time="0.015994"/>
        <testcase name="test_checkout_does_not_fire_order_created_event_on_update" file="D:\meem-commerce\tests\Feature\CheckoutPendingOrderRedesignTest.php" line="571" class="Tests\Feature\CheckoutPendingOrderRedesignTest" classname="Tests.Feature.CheckoutPendingOrderRedesignTest" assertions="1" time="0.042455"/>
        <testcase name="test_checkout_fires_order_created_event_on_first_checkout" file="D:\meem-commerce\tests\Feature\CheckoutPendingOrderRedesignTest.php" line="587" class="Tests\Feature\CheckoutPendingOrderRedesignTest" classname="Tests.Feature.CheckoutPendingOrderRedesignTest" assertions="1" time="0.016445"/>
      </testsuite>
      <testsuite name="Tests\Feature\CheckoutRegressionTest" file="D:\meem-commerce\tests\Feature\CheckoutRegressionTest.php" tests="9" assertions="39" errors="0" failures="0" skipped="0" time="0.183181">
        <testcase name="checkout_uses_current_product_price_not_stale_cart_price" file="D:\meem-commerce\tests\Feature\CheckoutRegressionTest.php" line="480" class="Tests\Feature\CheckoutRegressionTest" classname="Tests.Feature.CheckoutRegressionTest" assertions="7" time="0.021556"/>
        <testcase name="checkout_recalculates_price_when_flash_sale_starts" file="D:\meem-commerce\tests\Feature\CheckoutRegressionTest.php" line="504" class="Tests\Feature\CheckoutRegressionTest" classname="Tests.Feature.CheckoutRegressionTest" assertions="6" time="0.021167"/>
        <testcase name="checkout_uses_product_price_when_flash_sale_ends" file="D:\meem-commerce\tests\Feature\CheckoutRegressionTest.php" line="536" class="Tests\Feature\CheckoutRegressionTest" classname="Tests.Feature.CheckoutRegressionTest" assertions="4" time="0.024342"/>
        <testcase name="checkout_with_variant_uses_current_variant_price" file="D:\meem-commerce\tests\Feature\CheckoutRegressionTest.php" line="576" class="Tests\Feature\CheckoutRegressionTest" classname="Tests.Feature.CheckoutRegressionTest" assertions="4" time="0.019897"/>
        <testcase name="checkout_refreshes_promotion_price_from_current_data" file="D:\meem-commerce\tests\Feature\CheckoutRegressionTest.php" line="617" class="Tests\Feature\CheckoutRegressionTest" classname="Tests.Feature.CheckoutRegressionTest" assertions="5" time="0.024889"/>
        <testcase name="checkout_rejects_expired_coupon_and_clears_it" file="D:\meem-commerce\tests\Feature\CheckoutRegressionTest.php" line="649" class="Tests\Feature\CheckoutRegressionTest" classname="Tests.Feature.CheckoutRegressionTest" assertions="4" time="0.023302"/>
        <testcase name="checkout_stores_price_snapshot_immutable" file="D:\meem-commerce\tests\Feature\CheckoutRegressionTest.php" line="680" class="Tests\Feature\CheckoutRegressionTest" classname="Tests.Feature.CheckoutRegressionTest" assertions="4" time="0.021028"/>
        <testcase name="deductStock_decrements_correct_variation_column" file="D:\meem-commerce\tests\Feature\CheckoutRegressionTest.php" line="702" class="Tests\Feature\CheckoutRegressionTest" classname="Tests.Feature.CheckoutRegressionTest" assertions="1" time="0.004273"/>
        <testcase name="checkout_coupon_locked_during_validation" file="D:\meem-commerce\tests\Feature\CheckoutRegressionTest.php" line="723" class="Tests\Feature\CheckoutRegressionTest" classname="Tests.Feature.CheckoutRegressionTest" assertions="4" time="0.022726"/>
      </testsuite>
      <testsuite name="Tests\Feature\CmsPageTest" file="D:\meem-commerce\tests\Feature\CmsPageTest.php" tests="3" assertions="3" errors="0" failures="3" skipped="0" time="0.042771">
        <testcase name="test_public_can_fetch_page_by_slug_sorted_content" file="D:\meem-commerce\tests\Feature\CmsPageTest.php" line="62" class="Tests\Feature\CmsPageTest" classname="Tests.Feature.CmsPageTest" assertions="1" time="0.021146">
          <failure type="PHPUnit\Framework\ExpectationFailedException">Tests\Feature\CmsPageTest::test_public_can_fetch_page_by_slug_sorted_content&#13;
Expected response status code [200] but received 404.
Failed asserting that 200 is identical to 404.
&#13;
D:\meem-commerce\vendor\laravel\framework\src\Illuminate\Testing\TestResponse.php:146
D:\meem-commerce\vendor\laravel\framework\src\Illuminate\Testing\Concerns\AssertsStatusCodes.php:16
D:\meem-commerce\tests\Feature\CmsPageTest.php:76
D:\meem-commerce\vendor\laravel\framework\src\Illuminate\Foundation\Testing\TestCase.php:174</failure>
        </testcase>
        <testcase name="test_editor_can_create_update_and_delete_page" file="D:\meem-commerce\tests\Feature\CmsPageTest.php" line="82" class="Tests\Feature\CmsPageTest" classname="Tests.Feature.CmsPageTest" assertions="1" time="0.012558">
          <failure type="PHPUnit\Framework\ExpectationFailedException">Tests\Feature\CmsPageTest::test_editor_can_create_update_and_delete_page&#13;
Expected response status code [201] but received 404.
Failed asserting that 201 is identical to 404.
&#13;
D:\meem-commerce\vendor\laravel\framework\src\Illuminate\Testing\TestResponse.php:146
D:\meem-commerce\vendor\laravel\framework\src\Illuminate\Testing\Concerns\AssertsStatusCodes.php:26
D:\meem-commerce\tests\Feature\CmsPageTest.php:98
D:\meem-commerce\vendor\laravel\framework\src\Illuminate\Foundation\Testing\TestCase.php:174</failure>
        </testcase>
        <testcase name="test_non_editor_cannot_mutate_pages" file="D:\meem-commerce\tests\Feature\CmsPageTest.php" line="122" class="Tests\Feature\CmsPageTest" classname="Tests.Feature.CmsPageTest" assertions="1" time="0.009066">
          <failure type="PHPUnit\Framework\ExpectationFailedException">Tests\Feature\CmsPageTest::test_non_editor_cannot_mutate_pages&#13;
Expected response status code [403] but received 404.
Failed asserting that 403 is identical to 404.
&#13;
D:\meem-commerce\vendor\laravel\framework\src\Illuminate\Testing\TestResponse.php:146
D:\meem-commerce\tests\Feature\CmsPageTest.php:139
D:\meem-commerce\vendor\laravel\framework\src\Illuminate\Foundation\Testing\TestCase.php:174</failure>
        </testcase>
      </testsuite>
      <testsuite name="Tests\Feature\Contacts\ContactAuthenticationTest" file="D:\meem-commerce\tests\Feature\Contacts\ContactAuthenticationTest.php" tests="8" assertions="8" errors="0" failures="0" skipped="0" time="0.029408">
        <testcase name="unauthenticated_user_cannot_index_contacts" file="D:\meem-commerce\tests\Feature\Contacts\ContactAuthenticationTest.php" line="72" class="Tests\Feature\Contacts\ContactAuthenticationTest" classname="Tests.Feature.Contacts.ContactAuthenticationTest" assertions="1" time="0.003600"/>
        <testcase name="unauthenticated_user_cannot_show_contact" file="D:\meem-commerce\tests\Feature\Contacts\ContactAuthenticationTest.php" line="80" class="Tests\Feature\Contacts\ContactAuthenticationTest" classname="Tests.Feature.Contacts.ContactAuthenticationTest" assertions="1" time="0.004007"/>
        <testcase name="unauthenticated_user_cannot_delete_contact" file="D:\meem-commerce\tests\Feature\Contacts\ContactAuthenticationTest.php" line="95" class="Tests\Feature\Contacts\ContactAuthenticationTest" classname="Tests.Feature.Contacts.ContactAuthenticationTest" assertions="1" time="0.003059"/>
        <testcase name="unauthenticated_user_cannot_delete_all_contacts" file="D:\meem-commerce\tests\Feature\Contacts\ContactAuthenticationTest.php" line="110" class="Tests\Feature\Contacts\ContactAuthenticationTest" classname="Tests.Feature.Contacts.ContactAuthenticationTest" assertions="1" time="0.002376"/>
        <testcase name="unauthenticated_user_cannot_delete_all_read_contacts" file="D:\meem-commerce\tests\Feature\Contacts\ContactAuthenticationTest.php" line="118" class="Tests\Feature\Contacts\ContactAuthenticationTest" classname="Tests.Feature.Contacts.ContactAuthenticationTest" assertions="1" time="0.002999"/>
        <testcase name="unauthenticated_user_cannot_send_replay" file="D:\meem-commerce\tests\Feature\Contacts\ContactAuthenticationTest.php" line="126" class="Tests\Feature\Contacts\ContactAuthenticationTest" classname="Tests.Feature.Contacts.ContactAuthenticationTest" assertions="1" time="0.002951"/>
        <testcase name="unauthenticated_user_can_create_contact" file="D:\meem-commerce\tests\Feature\Contacts\ContactAuthenticationTest.php" line="144" class="Tests\Feature\Contacts\ContactAuthenticationTest" classname="Tests.Feature.Contacts.ContactAuthenticationTest" assertions="1" time="0.005466"/>
        <testcase name="authenticated_user_can_access_all_routes" file="D:\meem-commerce\tests\Feature\Contacts\ContactAuthenticationTest.php" line="159" class="Tests\Feature\Contacts\ContactAuthenticationTest" classname="Tests.Feature.Contacts.ContactAuthenticationTest" assertions="1" time="0.004950"/>
      </testsuite>
      <testsuite name="Tests\Feature\Contacts\ContactAuthorizationTest" file="D:\meem-commerce\tests\Feature\Contacts\ContactAuthorizationTest.php" tests="10" assertions="10" errors="0" failures="0" skipped="0" time="0.123620">
        <testcase name="anyone_can_create_contact_without_permissions" file="D:\meem-commerce\tests\Feature\Contacts\ContactAuthorizationTest.php" line="70" class="Tests\Feature\Contacts\ContactAuthorizationTest" classname="Tests.Feature.Contacts.ContactAuthorizationTest" assertions="1" time="0.004020"/>
        <testcase name="user_with_view_contacts_can_index" file="D:\meem-commerce\tests\Feature\Contacts\ContactAuthorizationTest.php" line="83" class="Tests\Feature\Contacts\ContactAuthorizationTest" classname="Tests.Feature.Contacts.ContactAuthorizationTest" assertions="1" time="0.013456"/>
        <testcase name="user_without_view_contacts_cannot_index" file="D:\meem-commerce\tests\Feature\Contacts\ContactAuthorizationTest.php" line="92" class="Tests\Feature\Contacts\ContactAuthorizationTest" classname="Tests.Feature.Contacts.ContactAuthorizationTest" assertions="1" time="0.009003"/>
        <testcase name="user_with_update_contact_can_show" file="D:\meem-commerce\tests\Feature\Contacts\ContactAuthorizationTest.php" line="101" class="Tests\Feature\Contacts\ContactAuthorizationTest" classname="Tests.Feature.Contacts.ContactAuthorizationTest" assertions="1" time="0.027883"/>
        <testcase name="user_without_update_contact_cannot_show" file="D:\meem-commerce\tests\Feature\Contacts\ContactAuthorizationTest.php" line="111" class="Tests\Feature\Contacts\ContactAuthorizationTest" classname="Tests.Feature.Contacts.ContactAuthorizationTest" assertions="1" time="0.010937"/>
        <testcase name="user_with_update_contact_can_send_replay" file="D:\meem-commerce\tests\Feature\Contacts\ContactAuthorizationTest.php" line="121" class="Tests\Feature\Contacts\ContactAuthorizationTest" classname="Tests.Feature.Contacts.ContactAuthorizationTest" assertions="1" time="0.012157"/>
        <testcase name="user_without_update_contact_cannot_send_replay" file="D:\meem-commerce\tests\Feature\Contacts\ContactAuthorizationTest.php" line="134" class="Tests\Feature\Contacts\ContactAuthorizationTest" classname="Tests.Feature.Contacts.ContactAuthorizationTest" assertions="1" time="0.009923"/>
        <testcase name="user_with_delete_contact_can_delete" file="D:\meem-commerce\tests\Feature\Contacts\ContactAuthorizationTest.php" line="147" class="Tests\Feature\Contacts\ContactAuthorizationTest" classname="Tests.Feature.Contacts.ContactAuthorizationTest" assertions="1" time="0.012409"/>
        <testcase name="user_with_delete_contact_can_delete_all" file="D:\meem-commerce\tests\Feature\Contacts\ContactAuthorizationTest.php" line="157" class="Tests\Feature\Contacts\ContactAuthorizationTest" classname="Tests.Feature.Contacts.ContactAuthorizationTest" assertions="1" time="0.011911"/>
        <testcase name="user_with_delete_read_contacts_can_delete_all_read" file="D:\meem-commerce\tests\Feature\Contacts\ContactAuthorizationTest.php" line="166" class="Tests\Feature\Contacts\ContactAuthorizationTest" classname="Tests.Feature.Contacts.ContactAuthorizationTest" assertions="1" time="0.011920"/>
      </testsuite>
      <testsuite name="Tests\Feature\Contacts\ContactCrudTest" file="D:\meem-commerce\tests\Feature\Contacts\ContactCrudTest.php" tests="6" assertions="10" errors="0" failures="0" skipped="0" time="0.036681">
        <testcase name="can_list_contacts" file="D:\meem-commerce\tests\Feature\Contacts\ContactCrudTest.php" line="72" class="Tests\Feature\Contacts\ContactCrudTest" classname="Tests.Feature.Contacts.ContactCrudTest" assertions="2" time="0.006769"/>
        <testcase name="can_show_contact" file="D:\meem-commerce\tests\Feature\Contacts\ContactCrudTest.php" line="84" class="Tests\Feature\Contacts\ContactCrudTest" classname="Tests.Feature.Contacts.ContactCrudTest" assertions="2" time="0.006724"/>
        <testcase name="show_marks_contact_as_read" file="D:\meem-commerce\tests\Feature\Contacts\ContactCrudTest.php" line="100" class="Tests\Feature\Contacts\ContactCrudTest" classname="Tests.Feature.Contacts.ContactCrudTest" assertions="2" time="0.006393"/>
        <testcase name="can_delete_contact" file="D:\meem-commerce\tests\Feature\Contacts\ContactCrudTest.php" line="118" class="Tests\Feature\Contacts\ContactCrudTest" classname="Tests.Feature.Contacts.ContactCrudTest" assertions="2" time="0.006518"/>
        <testcase name="show_returns_404_for_nonexistent_contact" file="D:\meem-commerce\tests\Feature\Contacts\ContactCrudTest.php" line="134" class="Tests\Feature\Contacts\ContactCrudTest" classname="Tests.Feature.Contacts.ContactCrudTest" assertions="1" time="0.005374"/>
        <testcase name="delete_returns_404_for_nonexistent_contact" file="D:\meem-commerce\tests\Feature\Contacts\ContactCrudTest.php" line="142" class="Tests\Feature\Contacts\ContactCrudTest" classname="Tests.Feature.Contacts.ContactCrudTest" assertions="1" time="0.004903"/>
      </testsuite>
      <testsuite name="Tests\Feature\Contacts\ContactRegressionTest" file="D:\meem-commerce\tests\Feature\Contacts\ContactRegressionTest.php" tests="10" assertions="21" errors="0" failures="0" skipped="0" time="0.035506">
        <testcase name="b1_soft_delete_does_not_hard_delete" file="D:\meem-commerce\tests\Feature\Contacts\ContactRegressionTest.php" line="75" class="Tests\Feature\Contacts\ContactRegressionTest" classname="Tests.Feature.Contacts.ContactRegressionTest" assertions="2" time="0.001414"/>
        <testcase name="b2_contact_uses_soft_deletes" file="D:\meem-commerce\tests\Feature\Contacts\ContactRegressionTest.php" line="91" class="Tests\Feature\Contacts\ContactRegressionTest" classname="Tests.Feature.Contacts.ContactRegressionTest" assertions="1" time="0.000464"/>
        <testcase name="b3_store_creates_contact_successfully" file="D:\meem-commerce\tests\Feature\Contacts\ContactRegressionTest.php" line="98" class="Tests\Feature\Contacts\ContactRegressionTest" classname="Tests.Feature.Contacts.ContactRegressionTest" assertions="1" time="0.003943"/>
        <testcase name="b4_contact_us_route_works" file="D:\meem-commerce\tests\Feature\Contacts\ContactRegressionTest.php" line="113" class="Tests\Feature\Contacts\ContactRegressionTest" classname="Tests.Feature.Contacts.ContactRegressionTest" assertions="1" time="0.004461"/>
        <testcase name="b5_index_filters_by_read" file="D:\meem-commerce\tests\Feature\Contacts\ContactRegressionTest.php" line="128" class="Tests\Feature\Contacts\ContactRegressionTest" classname="Tests.Feature.Contacts.ContactRegressionTest" assertions="3" time="0.006219"/>
        <testcase name="b6_index_filters_by_unread" file="D:\meem-commerce\tests\Feature\Contacts\ContactRegressionTest.php" line="141" class="Tests\Feature\Contacts\ContactRegressionTest" classname="Tests.Feature.Contacts.ContactRegressionTest" assertions="3" time="0.005585"/>
        <testcase name="b7_index_filters_by_replay" file="D:\meem-commerce\tests\Feature\Contacts\ContactRegressionTest.php" line="154" class="Tests\Feature\Contacts\ContactRegressionTest" classname="Tests.Feature.Contacts.ContactRegressionTest" assertions="2" time="0.005833"/>
        <testcase name="b8_translation_keys_exist" file="D:\meem-commerce\tests\Feature\Contacts\ContactRegressionTest.php" line="166" class="Tests\Feature\Contacts\ContactRegressionTest" classname="Tests.Feature.Contacts.ContactRegressionTest" assertions="5" time="0.000827"/>
        <testcase name="b9_read_and_unread_filters_are_exclusive" file="D:\meem-commerce\tests\Feature\Contacts\ContactRegressionTest.php" line="183" class="Tests\Feature\Contacts\ContactRegressionTest" classname="Tests.Feature.Contacts.ContactRegressionTest" assertions="2" time="0.005800"/>
        <testcase name="b10_contact_message_received_triggers_admin_notification" file="D:\meem-commerce\tests\Feature\Contacts\ContactRegressionTest.php" line="194" class="Tests\Feature\Contacts\ContactRegressionTest" classname="Tests.Feature.Contacts.ContactRegressionTest" assertions="1" time="0.000961"/>
      </testsuite>
      <testsuite name="Tests\Feature\Contacts\ContactReplyTest" file="D:\meem-commerce\tests\Feature\Contacts\ContactReplyTest.php" tests="5" assertions="9" errors="0" failures="0" skipped="0" time="0.039638">
        <testcase name="can_send_reply" file="D:\meem-commerce\tests\Feature\Contacts\ContactReplyTest.php" line="72" class="Tests\Feature\Contacts\ContactReplyTest" classname="Tests.Feature.Contacts.ContactReplyTest" assertions="2" time="0.018571"/>
        <testcase name="reply_creates_new_contact_record_with_same_email" file="D:\meem-commerce\tests\Feature\Contacts\ContactReplyTest.php" line="91" class="Tests\Feature\Contacts\ContactReplyTest" classname="Tests.Feature.Contacts.ContactReplyTest" assertions="1" time="0.005281"/>
        <testcase name="reply_record_is_marked_as_read_and_replayed" file="D:\meem-commerce\tests\Feature\Contacts\ContactReplyTest.php" line="110" class="Tests\Feature\Contacts\ContactReplyTest" classname="Tests.Feature.Contacts.ContactReplyTest" assertions="3" time="0.005318"/>
        <testcase name="reply_returns_404_for_nonexistent_contact" file="D:\meem-commerce\tests\Feature\Contacts\ContactReplyTest.php" line="130" class="Tests\Feature\Contacts\ContactReplyTest" classname="Tests.Feature.Contacts.ContactReplyTest" assertions="1" time="0.005051"/>
        <testcase name="original_contact_is_not_marked_as_read_or_replayed" file="D:\meem-commerce\tests\Feature\Contacts\ContactReplyTest.php" line="141" class="Tests\Feature\Contacts\ContactReplyTest" classname="Tests.Feature.Contacts.ContactReplyTest" assertions="2" time="0.005417"/>
      </testsuite>
      <testsuite name="Tests\Feature\Contacts\ContactResourceTest" file="D:\meem-commerce\tests\Feature\Contacts\ContactResourceTest.php" tests="6" assertions="44" errors="0" failures="0" skipped="0" time="0.029477">
        <testcase name="index_returns_paginated_response" file="D:\meem-commerce\tests\Feature\Contacts\ContactResourceTest.php" line="73" class="Tests\Feature\Contacts\ContactResourceTest" classname="Tests.Feature.Contacts.ContactResourceTest" assertions="10" time="0.005451"/>
        <testcase name="index_response_contains_expected_fields" file="D:\meem-commerce\tests\Feature\Contacts\ContactResourceTest.php" line="96" class="Tests\Feature\Contacts\ContactResourceTest" classname="Tests.Feature.Contacts.ContactResourceTest" assertions="7" time="0.005204"/>
        <testcase name="show_response_has_correct_structure" file="D:\meem-commerce\tests\Feature\Contacts\ContactResourceTest.php" line="113" class="Tests\Feature\Contacts\ContactResourceTest" classname="Tests.Feature.Contacts.ContactResourceTest" assertions="9" time="0.005249"/>
        <testcase name="is_read_and_is_replay_are_booleans" file="D:\meem-commerce\tests\Feature\Contacts\ContactResourceTest.php" line="139" class="Tests\Feature\Contacts\ContactResourceTest" classname="Tests.Feature.Contacts.ContactResourceTest" assertions="2" time="0.005175"/>
        <testcase name="response_has_correct_envelope" file="D:\meem-commerce\tests\Feature\Contacts\ContactResourceTest.php" line="151" class="Tests\Feature\Contacts\ContactResourceTest" classname="Tests.Feature.Contacts.ContactResourceTest" assertions="5" time="0.004792"/>
        <testcase name="create_returns_500_due_to_event_type_mismatch" file="D:\meem-commerce\tests\Feature\Contacts\ContactResourceTest.php" line="165" class="Tests\Feature\Contacts\ContactResourceTest" classname="Tests.Feature.Contacts.ContactResourceTest" assertions="11" time="0.003605"/>
      </testsuite>
      <testsuite name="Tests\Feature\Contacts\ContactSoftDeleteTest" file="D:\meem-commerce\tests\Feature\Contacts\ContactSoftDeleteTest.php" tests="8" assertions="12" errors="0" failures="0" skipped="0" time="0.035846">
        <testcase name="contact_uses_soft_deletes_trait" file="D:\meem-commerce\tests\Feature\Contacts\ContactSoftDeleteTest.php" line="72" class="Tests\Feature\Contacts\ContactSoftDeleteTest" classname="Tests.Feature.Contacts.ContactSoftDeleteTest" assertions="1" time="0.000475"/>
        <testcase name="delete_soft_deletes_contact" file="D:\meem-commerce\tests\Feature\Contacts\ContactSoftDeleteTest.php" line="79" class="Tests\Feature\Contacts\ContactSoftDeleteTest" classname="Tests.Feature.Contacts.ContactSoftDeleteTest" assertions="1" time="0.004850"/>
        <testcase name="deleted_contact_not_in_index" file="D:\meem-commerce\tests\Feature\Contacts\ContactSoftDeleteTest.php" line="94" class="Tests\Feature\Contacts\ContactSoftDeleteTest" classname="Tests.Feature.Contacts.ContactSoftDeleteTest" assertions="1" time="0.005061"/>
        <testcase name="show_returns_404_for_soft_deleted_contact" file="D:\meem-commerce\tests\Feature\Contacts\ContactSoftDeleteTest.php" line="111" class="Tests\Feature\Contacts\ContactSoftDeleteTest" classname="Tests.Feature.Contacts.ContactSoftDeleteTest" assertions="1" time="0.005428"/>
        <testcase name="delete_all_soft_deletes_all_contacts" file="D:\meem-commerce\tests\Feature\Contacts\ContactSoftDeleteTest.php" line="125" class="Tests\Feature\Contacts\ContactSoftDeleteTest" classname="Tests.Feature.Contacts.ContactSoftDeleteTest" assertions="2" time="0.004457"/>
        <testcase name="delete_all_read_contacts_soft_deletes_only_read_contacts" file="D:\meem-commerce\tests\Feature\Contacts\ContactSoftDeleteTest.php" line="137" class="Tests\Feature\Contacts\ContactSoftDeleteTest" classname="Tests.Feature.Contacts.ContactSoftDeleteTest" assertions="2" time="0.005872"/>
        <testcase name="delete_all_keeps_records_in_database" file="D:\meem-commerce\tests\Feature\Contacts\ContactSoftDeleteTest.php" line="149" class="Tests\Feature\Contacts\ContactSoftDeleteTest" classname="Tests.Feature.Contacts.ContactSoftDeleteTest" assertions="2" time="0.004932"/>
        <testcase name="delete_all_read_keeps_unread_records_in_database" file="D:\meem-commerce\tests\Feature\Contacts\ContactSoftDeleteTest.php" line="161" class="Tests\Feature\Contacts\ContactSoftDeleteTest" classname="Tests.Feature.Contacts.ContactSoftDeleteTest" assertions="2" time="0.004770"/>
      </testsuite>
      <testsuite name="Tests\Feature\Contacts\ContactValidationTest" file="D:\meem-commerce\tests\Feature\Contacts\ContactValidationTest.php" tests="6" assertions="6" errors="0" failures="0" skipped="0" time="0.021185">
        <testcase name="create_returns_422_without_email" file="D:\meem-commerce\tests\Feature\Contacts\ContactValidationTest.php" line="72" class="Tests\Feature\Contacts\ContactValidationTest" classname="Tests.Feature.Contacts.ContactValidationTest" assertions="1" time="0.003273"/>
        <testcase name="create_returns_422_with_invalid_email" file="D:\meem-commerce\tests\Feature\Contacts\ContactValidationTest.php" line="83" class="Tests\Feature\Contacts\ContactValidationTest" classname="Tests.Feature.Contacts.ContactValidationTest" assertions="1" time="0.003423"/>
        <testcase name="create_returns_422_without_subject" file="D:\meem-commerce\tests\Feature\Contacts\ContactValidationTest.php" line="95" class="Tests\Feature\Contacts\ContactValidationTest" classname="Tests.Feature.Contacts.ContactValidationTest" assertions="1" time="0.003255"/>
        <testcase name="create_returns_422_without_message" file="D:\meem-commerce\tests\Feature\Contacts\ContactValidationTest.php" line="106" class="Tests\Feature\Contacts\ContactValidationTest" classname="Tests.Feature.Contacts.ContactValidationTest" assertions="1" time="0.003123"/>
        <testcase name="create_returns_422_with_short_message" file="D:\meem-commerce\tests\Feature\Contacts\ContactValidationTest.php" line="117" class="Tests\Feature\Contacts\ContactValidationTest" classname="Tests.Feature.Contacts.ContactValidationTest" assertions="1" time="0.004788"/>
        <testcase name="create_returns_422_without_name" file="D:\meem-commerce\tests\Feature\Contacts\ContactValidationTest.php" line="129" class="Tests\Feature\Contacts\ContactValidationTest" classname="Tests.Feature.Contacts.ContactValidationTest" assertions="1" time="0.003322"/>
      </testsuite>
      <testsuite name="Tests\Feature\ContentPageSectionTypeApiTest" file="D:\meem-commerce\tests\Feature\ContentPageSectionTypeApiTest.php" tests="81" assertions="150" errors="0" failures="7" skipped="0" time="0.406873">
        <testcase name="test_guest_gets_401_for_list_content_pages" file="D:\meem-commerce\tests\Feature\ContentPageSectionTypeApiTest.php" line="141" class="Tests\Feature\ContentPageSectionTypeApiTest" classname="Tests.Feature.ContentPageSectionTypeApiTest" assertions="1" time="0.004627"/>
        <testcase name="test_guest_gets_401_for_show_content_page" file="D:\meem-commerce\tests\Feature\ContentPageSectionTypeApiTest.php" line="146" class="Tests\Feature\ContentPageSectionTypeApiTest" classname="Tests.Feature.ContentPageSectionTypeApiTest" assertions="1" time="0.004770"/>
        <testcase name="test_guest_gets_401_for_create_content_page" file="D:\meem-commerce\tests\Feature\ContentPageSectionTypeApiTest.php" line="152" class="Tests\Feature\ContentPageSectionTypeApiTest" classname="Tests.Feature.ContentPageSectionTypeApiTest" assertions="1" time="0.002972"/>
        <testcase name="test_guest_gets_401_for_update_content_page" file="D:\meem-commerce\tests\Feature\ContentPageSectionTypeApiTest.php" line="159" class="Tests\Feature\ContentPageSectionTypeApiTest" classname="Tests.Feature.ContentPageSectionTypeApiTest" assertions="1" time="0.003125"/>
        <testcase name="test_guest_gets_401_for_delete_content_page" file="D:\meem-commerce\tests\Feature\ContentPageSectionTypeApiTest.php" line="167" class="Tests\Feature\ContentPageSectionTypeApiTest" classname="Tests.Feature.ContentPageSectionTypeApiTest" assertions="1" time="0.002998"/>
        <testcase name="test_guest_gets_401_for_toggle_active" file="D:\meem-commerce\tests\Feature\ContentPageSectionTypeApiTest.php" line="173" class="Tests\Feature\ContentPageSectionTypeApiTest" classname="Tests.Feature.ContentPageSectionTypeApiTest" assertions="1" time="0.003897"/>
        <testcase name="test_guest_gets_401_for_attach_sections" file="D:\meem-commerce\tests\Feature\ContentPageSectionTypeApiTest.php" line="179" class="Tests\Feature\ContentPageSectionTypeApiTest" classname="Tests.Feature.ContentPageSectionTypeApiTest" assertions="1" time="0.003551"/>
        <testcase name="test_guest_gets_401_for_list_sections" file="D:\meem-commerce\tests\Feature\ContentPageSectionTypeApiTest.php" line="187" class="Tests\Feature\ContentPageSectionTypeApiTest" classname="Tests.Feature.ContentPageSectionTypeApiTest" assertions="1" time="0.025380"/>
        <testcase name="test_guest_gets_401_for_show_section" file="D:\meem-commerce\tests\Feature\ContentPageSectionTypeApiTest.php" line="192" class="Tests\Feature\ContentPageSectionTypeApiTest" classname="Tests.Feature.ContentPageSectionTypeApiTest" assertions="1" time="0.005223"/>
        <testcase name="test_guest_gets_401_for_create_section" file="D:\meem-commerce\tests\Feature\ContentPageSectionTypeApiTest.php" line="198" class="Tests\Feature\ContentPageSectionTypeApiTest" classname="Tests.Feature.ContentPageSectionTypeApiTest" assertions="1" time="0.002894"/>
        <testcase name="test_guest_gets_401_for_update_section" file="D:\meem-commerce\tests\Feature\ContentPageSectionTypeApiTest.php" line="206" class="Tests\Feature\ContentPageSectionTypeApiTest" classname="Tests.Feature.ContentPageSectionTypeApiTest" assertions="1" time="0.003402"/>
        <testcase name="test_guest_gets_401_for_delete_section" file="D:\meem-commerce\tests\Feature\ContentPageSectionTypeApiTest.php" line="214" class="Tests\Feature\ContentPageSectionTypeApiTest" classname="Tests.Feature.ContentPageSectionTypeApiTest" assertions="1" time="0.003744"/>
        <testcase name="test_guest_gets_401_for_reorder_sections" file="D:\meem-commerce\tests\Feature\ContentPageSectionTypeApiTest.php" line="220" class="Tests\Feature\ContentPageSectionTypeApiTest" classname="Tests.Feature.ContentPageSectionTypeApiTest" assertions="1" time="0.006847">
          <failure type="PHPUnit\Framework\ExpectationFailedException">Tests\Feature\ContentPageSectionTypeApiTest::test_guest_gets_401_for_reorder_sections&#13;
Expected response status code [401] but received 405.
Failed asserting that 401 is identical to 405.
&#13;
D:\meem-commerce\vendor\laravel\framework\src\Illuminate\Testing\TestResponse.php:146
D:\meem-commerce\tests\Feature\ContentPageSectionTypeApiTest.php:224
D:\meem-commerce\vendor\laravel\framework\src\Illuminate\Foundation\Testing\TestCase.php:174</failure>
        </testcase>
        <testcase name="test_guest_gets_401_for_toggle_section_status" file="D:\meem-commerce\tests\Feature\ContentPageSectionTypeApiTest.php" line="227" class="Tests\Feature\ContentPageSectionTypeApiTest" classname="Tests.Feature.ContentPageSectionTypeApiTest" assertions="1" time="0.003215"/>
        <testcase name="test_guest_gets_401_for_list_section_types" file="D:\meem-commerce\tests\Feature\ContentPageSectionTypeApiTest.php" line="233" class="Tests\Feature\ContentPageSectionTypeApiTest" classname="Tests.Feature.ContentPageSectionTypeApiTest" assertions="1" time="0.004049"/>
        <testcase name="test_guest_gets_401_for_create_section_type" file="D:\meem-commerce\tests\Feature\ContentPageSectionTypeApiTest.php" line="238" class="Tests\Feature\ContentPageSectionTypeApiTest" classname="Tests.Feature.ContentPageSectionTypeApiTest" assertions="1" time="0.003088"/>
        <testcase name="test_guest_gets_401_for_update_section_type" file="D:\meem-commerce\tests\Feature\ContentPageSectionTypeApiTest.php" line="245" class="Tests\Feature\ContentPageSectionTypeApiTest" classname="Tests.Feature.ContentPageSectionTypeApiTest" assertions="1" time="0.003529"/>
        <testcase name="test_guest_gets_401_for_delete_section_type" file="D:\meem-commerce\tests\Feature\ContentPageSectionTypeApiTest.php" line="253" class="Tests\Feature\ContentPageSectionTypeApiTest" classname="Tests.Feature.ContentPageSectionTypeApiTest" assertions="1" time="0.003000"/>
        <testcase name="test_guest_gets_401_for_update_settings" file="D:\meem-commerce\tests\Feature\ContentPageSectionTypeApiTest.php" line="259" class="Tests\Feature\ContentPageSectionTypeApiTest" classname="Tests.Feature.ContentPageSectionTypeApiTest" assertions="1" time="0.003085"/>
        <testcase name="test_user_without_view_content_pages_gets_forbidden" file="D:\meem-commerce\tests\Feature\ContentPageSectionTypeApiTest.php" line="271" class="Tests\Feature\ContentPageSectionTypeApiTest" classname="Tests.Feature.ContentPageSectionTypeApiTest" assertions="1" time="0.005576"/>
        <testcase name="test_user_without_create_content_pages_gets_forbidden" file="D:\meem-commerce\tests\Feature\ContentPageSectionTypeApiTest.php" line="286" class="Tests\Feature\ContentPageSectionTypeApiTest" classname="Tests.Feature.ContentPageSectionTypeApiTest" assertions="1" time="0.003822"/>
        <testcase name="test_user_without_update_content_pages_gets_forbidden" file="D:\meem-commerce\tests\Feature\ContentPageSectionTypeApiTest.php" line="295" class="Tests\Feature\ContentPageSectionTypeApiTest" classname="Tests.Feature.ContentPageSectionTypeApiTest" assertions="1" time="0.003632"/>
        <testcase name="test_user_without_delete_content_pages_gets_forbidden" file="D:\meem-commerce\tests\Feature\ContentPageSectionTypeApiTest.php" line="305" class="Tests\Feature\ContentPageSectionTypeApiTest" classname="Tests.Feature.ContentPageSectionTypeApiTest" assertions="1" time="0.003581"/>
        <testcase name="test_user_without_update_content_pages_gets_forbidden_for_toggle_active" file="D:\meem-commerce\tests\Feature\ContentPageSectionTypeApiTest.php" line="313" class="Tests\Feature\ContentPageSectionTypeApiTest" classname="Tests.Feature.ContentPageSectionTypeApiTest" assertions="1" time="0.003388"/>
        <testcase name="test_user_without_update_content_pages_gets_forbidden_for_attach_sections" file="D:\meem-commerce\tests\Feature\ContentPageSectionTypeApiTest.php" line="321" class="Tests\Feature\ContentPageSectionTypeApiTest" classname="Tests.Feature.ContentPageSectionTypeApiTest" assertions="1" time="0.003837"/>
        <testcase name="test_user_without_view_sections_gets_forbidden" file="D:\meem-commerce\tests\Feature\ContentPageSectionTypeApiTest.php" line="331" class="Tests\Feature\ContentPageSectionTypeApiTest" classname="Tests.Feature.ContentPageSectionTypeApiTest" assertions="1" time="0.005586"/>
        <testcase name="test_user_without_create_sections_gets_forbidden" file="D:\meem-commerce\tests\Feature\ContentPageSectionTypeApiTest.php" line="346" class="Tests\Feature\ContentPageSectionTypeApiTest" classname="Tests.Feature.ContentPageSectionTypeApiTest" assertions="1" time="0.003616"/>
        <testcase name="test_user_without_update_sections_gets_forbidden" file="D:\meem-commerce\tests\Feature\ContentPageSectionTypeApiTest.php" line="356" class="Tests\Feature\ContentPageSectionTypeApiTest" classname="Tests.Feature.ContentPageSectionTypeApiTest" assertions="1" time="0.003856"/>
        <testcase name="test_user_without_update_sections_gets_forbidden_for_reorder" file="D:\meem-commerce\tests\Feature\ContentPageSectionTypeApiTest.php" line="366" class="Tests\Feature\ContentPageSectionTypeApiTest" classname="Tests.Feature.ContentPageSectionTypeApiTest" assertions="1" time="0.005793">
          <failure type="PHPUnit\Framework\ExpectationFailedException">Tests\Feature\ContentPageSectionTypeApiTest::test_user_without_update_sections_gets_forbidden_for_reorder&#13;
Expected response status code [403] but received 405.
Failed asserting that 403 is identical to 405.
&#13;
D:\meem-commerce\vendor\laravel\framework\src\Illuminate\Testing\TestResponse.php:146
D:\meem-commerce\tests\Feature\ContentPageSectionTypeApiTest.php:372
D:\meem-commerce\vendor\laravel\framework\src\Illuminate\Foundation\Testing\TestCase.php:174</failure>
        </testcase>
        <testcase name="test_user_without_update_sections_gets_forbidden_for_toggle_status" file="D:\meem-commerce\tests\Feature\ContentPageSectionTypeApiTest.php" line="375" class="Tests\Feature\ContentPageSectionTypeApiTest" classname="Tests.Feature.ContentPageSectionTypeApiTest" assertions="1" time="0.003807"/>
        <testcase name="test_user_without_delete_sections_gets_forbidden" file="D:\meem-commerce\tests\Feature\ContentPageSectionTypeApiTest.php" line="383" class="Tests\Feature\ContentPageSectionTypeApiTest" classname="Tests.Feature.ContentPageSectionTypeApiTest" assertions="1" time="0.003683"/>
        <testcase name="test_user_without_view_section_types_gets_forbidden" file="D:\meem-commerce\tests\Feature\ContentPageSectionTypeApiTest.php" line="391" class="Tests\Feature\ContentPageSectionTypeApiTest" classname="Tests.Feature.ContentPageSectionTypeApiTest" assertions="1" time="0.019530"/>
        <testcase name="test_user_without_create_section_types_gets_forbidden" file="D:\meem-commerce\tests\Feature\ContentPageSectionTypeApiTest.php" line="406" class="Tests\Feature\ContentPageSectionTypeApiTest" classname="Tests.Feature.ContentPageSectionTypeApiTest" assertions="1" time="0.003490"/>
        <testcase name="test_user_without_update_section_types_gets_forbidden" file="D:\meem-commerce\tests\Feature\ContentPageSectionTypeApiTest.php" line="415" class="Tests\Feature\ContentPageSectionTypeApiTest" classname="Tests.Feature.ContentPageSectionTypeApiTest" assertions="1" time="0.004112"/>
        <testcase name="test_user_without_update_section_types_gets_forbidden_for_settings" file="D:\meem-commerce\tests\Feature\ContentPageSectionTypeApiTest.php" line="425" class="Tests\Feature\ContentPageSectionTypeApiTest" classname="Tests.Feature.ContentPageSectionTypeApiTest" assertions="1" time="0.004698"/>
        <testcase name="test_user_without_delete_section_types_gets_forbidden" file="D:\meem-commerce\tests\Feature\ContentPageSectionTypeApiTest.php" line="435" class="Tests\Feature\ContentPageSectionTypeApiTest" classname="Tests.Feature.ContentPageSectionTypeApiTest" assertions="1" time="0.003537"/>
        <testcase name="test_authenticated_user_can_list_content_pages" file="D:\meem-commerce\tests\Feature\ContentPageSectionTypeApiTest.php" line="447" class="Tests\Feature\ContentPageSectionTypeApiTest" classname="Tests.Feature.ContentPageSectionTypeApiTest" assertions="6" time="0.006705"/>
        <testcase name="test_list_content_pages_returns_empty_when_none_exist" file="D:\meem-commerce\tests\Feature\ContentPageSectionTypeApiTest.php" line="463" class="Tests\Feature\ContentPageSectionTypeApiTest" classname="Tests.Feature.ContentPageSectionTypeApiTest" assertions="2" time="0.004242"/>
        <testcase name="test_authenticated_user_can_show_content_page" file="D:\meem-commerce\tests\Feature\ContentPageSectionTypeApiTest.php" line="473" class="Tests\Feature\ContentPageSectionTypeApiTest" classname="Tests.Feature.ContentPageSectionTypeApiTest" assertions="4" time="0.004580"/>
        <testcase name="test_show_content_page_returns_404_for_nonexistent" file="D:\meem-commerce\tests\Feature\ContentPageSectionTypeApiTest.php" line="487" class="Tests\Feature\ContentPageSectionTypeApiTest" classname="Tests.Feature.ContentPageSectionTypeApiTest" assertions="1" time="0.003485"/>
        <testcase name="test_admin_can_create_content_page" file="D:\meem-commerce\tests\Feature\ContentPageSectionTypeApiTest.php" line="494" class="Tests\Feature\ContentPageSectionTypeApiTest" classname="Tests.Feature.ContentPageSectionTypeApiTest" assertions="3" time="0.005021"/>
        <testcase name="test_create_content_page_returns_422_for_invalid_title" file="D:\meem-commerce\tests\Feature\ContentPageSectionTypeApiTest.php" line="507" class="Tests\Feature\ContentPageSectionTypeApiTest" classname="Tests.Feature.ContentPageSectionTypeApiTest" assertions="1" time="0.004107"/>
        <testcase name="test_admin_can_update_content_page" file="D:\meem-commerce\tests\Feature\ContentPageSectionTypeApiTest.php" line="518" class="Tests\Feature\ContentPageSectionTypeApiTest" classname="Tests.Feature.ContentPageSectionTypeApiTest" assertions="3" time="0.005196"/>
        <testcase name="test_update_content_page_returns_404_for_nonexistent" file="D:\meem-commerce\tests\Feature\ContentPageSectionTypeApiTest.php" line="534" class="Tests\Feature\ContentPageSectionTypeApiTest" classname="Tests.Feature.ContentPageSectionTypeApiTest" assertions="1" time="0.003997"/>
        <testcase name="test_admin_can_toggle_active" file="D:\meem-commerce\tests\Feature\ContentPageSectionTypeApiTest.php" line="543" class="Tests\Feature\ContentPageSectionTypeApiTest" classname="Tests.Feature.ContentPageSectionTypeApiTest" assertions="3" time="0.004898"/>
        <testcase name="test_admin_can_delete_content_page" file="D:\meem-commerce\tests\Feature\ContentPageSectionTypeApiTest.php" line="556" class="Tests\Feature\ContentPageSectionTypeApiTest" classname="Tests.Feature.ContentPageSectionTypeApiTest" assertions="3" time="0.004289"/>
        <testcase name="test_delete_content_page_returns_404_for_nonexistent" file="D:\meem-commerce\tests\Feature\ContentPageSectionTypeApiTest.php" line="569" class="Tests\Feature\ContentPageSectionTypeApiTest" classname="Tests.Feature.ContentPageSectionTypeApiTest" assertions="1" time="0.003463"/>
        <testcase name="test_admin_can_attach_sections_to_content_page" file="D:\meem-commerce\tests\Feature\ContentPageSectionTypeApiTest.php" line="580" class="Tests\Feature\ContentPageSectionTypeApiTest" classname="Tests.Feature.ContentPageSectionTypeApiTest" assertions="4" time="0.007529"/>
        <testcase name="test_attach_sections_with_empty_array_detaches_all" file="D:\meem-commerce\tests\Feature\ContentPageSectionTypeApiTest.php" line="599" class="Tests\Feature\ContentPageSectionTypeApiTest" classname="Tests.Feature.ContentPageSectionTypeApiTest" assertions="3" time="0.006000"/>
        <testcase name="test_attach_sections_returns_422_for_invalid_section_ids" file="D:\meem-commerce\tests\Feature\ContentPageSectionTypeApiTest.php" line="617" class="Tests\Feature\ContentPageSectionTypeApiTest" classname="Tests.Feature.ContentPageSectionTypeApiTest" assertions="1" time="0.004476"/>
        <testcase name="test_authenticated_user_can_list_sections" file="D:\meem-commerce\tests\Feature\ContentPageSectionTypeApiTest.php" line="634" class="Tests\Feature\ContentPageSectionTypeApiTest" classname="Tests.Feature.ContentPageSectionTypeApiTest" assertions="2" time="0.005195"/>
        <testcase name="test_list_sections_returns_empty_when_none_exist" file="D:\meem-commerce\tests\Feature\ContentPageSectionTypeApiTest.php" line="647" class="Tests\Feature\ContentPageSectionTypeApiTest" classname="Tests.Feature.ContentPageSectionTypeApiTest" assertions="2" time="0.004749"/>
        <testcase name="test_authenticated_user_can_show_section" file="D:\meem-commerce\tests\Feature\ContentPageSectionTypeApiTest.php" line="657" class="Tests\Feature\ContentPageSectionTypeApiTest" classname="Tests.Feature.ContentPageSectionTypeApiTest" assertions="3" time="0.008364"/>
        <testcase name="test_show_section_returns_404_for_nonexistent" file="D:\meem-commerce\tests\Feature\ContentPageSectionTypeApiTest.php" line="670" class="Tests\Feature\ContentPageSectionTypeApiTest" classname="Tests.Feature.ContentPageSectionTypeApiTest" assertions="1" time="0.003175"/>
        <testcase name="test_admin_can_create_section" file="D:\meem-commerce\tests\Feature\ContentPageSectionTypeApiTest.php" line="677" class="Tests\Feature\ContentPageSectionTypeApiTest" classname="Tests.Feature.ContentPageSectionTypeApiTest" assertions="3" time="0.006800"/>
        <testcase name="test_create_section_returns_422_for_missing_type" file="D:\meem-commerce\tests\Feature\ContentPageSectionTypeApiTest.php" line="696" class="Tests\Feature\ContentPageSectionTypeApiTest" classname="Tests.Feature.ContentPageSectionTypeApiTest" assertions="1" time="0.005113"/>
        <testcase name="test_create_section_returns_422_for_invalid_type" file="D:\meem-commerce\tests\Feature\ContentPageSectionTypeApiTest.php" line="707" class="Tests\Feature\ContentPageSectionTypeApiTest" classname="Tests.Feature.ContentPageSectionTypeApiTest" assertions="1" time="0.004207"/>
        <testcase name="test_admin_can_update_section" file="D:\meem-commerce\tests\Feature\ContentPageSectionTypeApiTest.php" line="719" class="Tests\Feature\ContentPageSectionTypeApiTest" classname="Tests.Feature.ContentPageSectionTypeApiTest" assertions="3" time="0.004979"/>
        <testcase name="test_update_section_returns_404_for_nonexistent" file="D:\meem-commerce\tests\Feature\ContentPageSectionTypeApiTest.php" line="735" class="Tests\Feature\ContentPageSectionTypeApiTest" classname="Tests.Feature.ContentPageSectionTypeApiTest" assertions="1" time="0.002728"/>
        <testcase name="test_admin_can_toggle_section_status" file="D:\meem-commerce\tests\Feature\ContentPageSectionTypeApiTest.php" line="744" class="Tests\Feature\ContentPageSectionTypeApiTest" classname="Tests.Feature.ContentPageSectionTypeApiTest" assertions="3" time="0.004813"/>
        <testcase name="test_admin_can_delete_section" file="D:\meem-commerce\tests\Feature\ContentPageSectionTypeApiTest.php" line="757" class="Tests\Feature\ContentPageSectionTypeApiTest" classname="Tests.Feature.ContentPageSectionTypeApiTest" assertions="3" time="0.004137"/>
        <testcase name="test_delete_section_returns_404_for_nonexistent" file="D:\meem-commerce\tests\Feature\ContentPageSectionTypeApiTest.php" line="770" class="Tests\Feature\ContentPageSectionTypeApiTest" classname="Tests.Feature.ContentPageSectionTypeApiTest" assertions="1" time="0.002771"/>
        <testcase name="test_admin_can_reorder_sections" file="D:\meem-commerce\tests\Feature\ContentPageSectionTypeApiTest.php" line="781" class="Tests\Feature\ContentPageSectionTypeApiTest" classname="Tests.Feature.ContentPageSectionTypeApiTest" assertions="1" time="0.006158">
          <failure type="PHPUnit\Framework\ExpectationFailedException">Tests\Feature\ContentPageSectionTypeApiTest::test_admin_can_reorder_sections&#13;
Expected response status code [200] but received 405.
Failed asserting that 200 is identical to 405.
&#13;
D:\meem-commerce\vendor\laravel\framework\src\Illuminate\Testing\TestResponse.php:146
D:\meem-commerce\vendor\laravel\framework\src\Illuminate\Testing\Concerns\AssertsStatusCodes.php:16
D:\meem-commerce\tests\Feature\ContentPageSectionTypeApiTest.php:792
D:\meem-commerce\vendor\laravel\framework\src\Illuminate\Foundation\Testing\TestCase.php:174</failure>
        </testcase>
        <testcase name="test_reorder_returns_422_for_missing_sections" file="D:\meem-commerce\tests\Feature\ContentPageSectionTypeApiTest.php" line="796" class="Tests\Feature\ContentPageSectionTypeApiTest" classname="Tests.Feature.ContentPageSectionTypeApiTest" assertions="1" time="0.005469">
          <failure type="PHPUnit\Framework\ExpectationFailedException">Tests\Feature\ContentPageSectionTypeApiTest::test_reorder_returns_422_for_missing_sections&#13;
Expected response status code [422] but received 405.
Failed asserting that 422 is identical to 405.
&#13;
D:\meem-commerce\vendor\laravel\framework\src\Illuminate\Testing\TestResponse.php:146
D:\meem-commerce\tests\Feature\ContentPageSectionTypeApiTest.php:802
D:\meem-commerce\vendor\laravel\framework\src\Illuminate\Foundation\Testing\TestCase.php:174</failure>
        </testcase>
        <testcase name="test_reorder_returns_422_for_invalid_section_ids" file="D:\meem-commerce\tests\Feature\ContentPageSectionTypeApiTest.php" line="805" class="Tests\Feature\ContentPageSectionTypeApiTest" classname="Tests.Feature.ContentPageSectionTypeApiTest" assertions="1" time="0.006372">
          <failure type="PHPUnit\Framework\ExpectationFailedException">Tests\Feature\ContentPageSectionTypeApiTest::test_reorder_returns_422_for_invalid_section_ids&#13;
Expected response status code [422] but received 405.
Failed asserting that 422 is identical to 405.
&#13;
D:\meem-commerce\vendor\laravel\framework\src\Illuminate\Testing\TestResponse.php:146
D:\meem-commerce\tests\Feature\ContentPageSectionTypeApiTest.php:813
D:\meem-commerce\vendor\laravel\framework\src\Illuminate\Foundation\Testing\TestCase.php:174</failure>
        </testcase>
        <testcase name="test_authenticated_user_can_list_section_types" file="D:\meem-commerce\tests\Feature\ContentPageSectionTypeApiTest.php" line="820" class="Tests\Feature\ContentPageSectionTypeApiTest" classname="Tests.Feature.ContentPageSectionTypeApiTest" assertions="2" time="0.004593"/>
        <testcase name="test_admin_can_create_section_type" file="D:\meem-commerce\tests\Feature\ContentPageSectionTypeApiTest.php" line="833" class="Tests\Feature\ContentPageSectionTypeApiTest" classname="Tests.Feature.ContentPageSectionTypeApiTest" assertions="3" time="0.004589"/>
        <testcase name="test_create_section_type_returns_422_for_empty_type" file="D:\meem-commerce\tests\Feature\ContentPageSectionTypeApiTest.php" line="846" class="Tests\Feature\ContentPageSectionTypeApiTest" classname="Tests.Feature.ContentPageSectionTypeApiTest" assertions="1" time="0.004446"/>
        <testcase name="test_create_section_type_returns_422_for_duplicate_type" file="D:\meem-commerce\tests\Feature\ContentPageSectionTypeApiTest.php" line="853" class="Tests\Feature\ContentPageSectionTypeApiTest" classname="Tests.Feature.ContentPageSectionTypeApiTest" assertions="1" time="0.004407"/>
        <testcase name="test_authenticated_user_can_show_section_type" file="D:\meem-commerce\tests\Feature\ContentPageSectionTypeApiTest.php" line="866" class="Tests\Feature\ContentPageSectionTypeApiTest" classname="Tests.Feature.ContentPageSectionTypeApiTest" assertions="2" time="0.004940"/>
        <testcase name="test_admin_can_update_section_type" file="D:\meem-commerce\tests\Feature\ContentPageSectionTypeApiTest.php" line="878" class="Tests\Feature\ContentPageSectionTypeApiTest" classname="Tests.Feature.ContentPageSectionTypeApiTest" assertions="4" time="0.005021"/>
        <testcase name="test_admin_can_delete_section_type" file="D:\meem-commerce\tests\Feature\ContentPageSectionTypeApiTest.php" line="894" class="Tests\Feature\ContentPageSectionTypeApiTest" classname="Tests.Feature.ContentPageSectionTypeApiTest" assertions="3" time="0.004213"/>
        <testcase name="test_authenticated_user_can_get_type_settings" file="D:\meem-commerce\tests\Feature\ContentPageSectionTypeApiTest.php" line="911" class="Tests\Feature\ContentPageSectionTypeApiTest" classname="Tests.Feature.ContentPageSectionTypeApiTest" assertions="2" time="0.005924"/>
        <testcase name="test_admin_can_update_type_settings" file="D:\meem-commerce\tests\Feature\ContentPageSectionTypeApiTest.php" line="928" class="Tests\Feature\ContentPageSectionTypeApiTest" classname="Tests.Feature.ContentPageSectionTypeApiTest" assertions="4" time="0.005930"/>
        <testcase name="test_update_settings_returns_404_for_nonexistent_type" file="D:\meem-commerce\tests\Feature\ContentPageSectionTypeApiTest.php" line="952" class="Tests\Feature\ContentPageSectionTypeApiTest" classname="Tests.Feature.ContentPageSectionTypeApiTest" assertions="1" time="0.003811"/>
        <testcase name="test_content_page_title_is_translatable" file="D:\meem-commerce\tests\Feature\ContentPageSectionTypeApiTest.php" line="967" class="Tests\Feature\ContentPageSectionTypeApiTest" classname="Tests.Feature.ContentPageSectionTypeApiTest" assertions="2" time="0.008990">
          <failure type="PHPUnit\Framework\ExpectationFailedException">Tests\Feature\ContentPageSectionTypeApiTest::test_content_page_title_is_translatable&#13;
Failed asserting that two strings are identical.
--- Expected
+++ Actual
@@ @@
-'صفحة عربية'
+'English Page'
&#13;
D:\meem-commerce\vendor\laravel\framework\src\Illuminate\Testing\AssertableJsonString.php:243
D:\meem-commerce\vendor\laravel\framework\src\Illuminate\Testing\TestResponse.php:683
D:\meem-commerce\tests\Feature\ContentPageSectionTypeApiTest.php:978
D:\meem-commerce\vendor\laravel\framework\src\Illuminate\Foundation\Testing\TestCase.php:174</failure>
        </testcase>
        <testcase name="test_section_title_is_translatable" file="D:\meem-commerce\tests\Feature\ContentPageSectionTypeApiTest.php" line="985" class="Tests\Feature\ContentPageSectionTypeApiTest" classname="Tests.Feature.ContentPageSectionTypeApiTest" assertions="2" time="0.008705">
          <failure type="PHPUnit\Framework\ExpectationFailedException">Tests\Feature\ContentPageSectionTypeApiTest::test_section_title_is_translatable&#13;
Failed asserting that two strings are identical.
--- Expected
+++ Actual
@@ @@
-'عنوان عربي'
+'English Title'
&#13;
D:\meem-commerce\vendor\laravel\framework\src\Illuminate\Testing\AssertableJsonString.php:243
D:\meem-commerce\vendor\laravel\framework\src\Illuminate\Testing\TestResponse.php:683
D:\meem-commerce\tests\Feature\ContentPageSectionTypeApiTest.php:999
D:\meem-commerce\vendor\laravel\framework\src\Illuminate\Foundation\Testing\TestCase.php:174</failure>
        </testcase>
        <testcase name="test_content_page_resource_structure" file="D:\meem-commerce\tests\Feature\ContentPageSectionTypeApiTest.php" line="1010" class="Tests\Feature\ContentPageSectionTypeApiTest" classname="Tests.Feature.ContentPageSectionTypeApiTest" assertions="9" time="0.004929"/>
        <testcase name="test_section_resource_structure" file="D:\meem-commerce\tests\Feature\ContentPageSectionTypeApiTest.php" line="1025" class="Tests\Feature\ContentPageSectionTypeApiTest" classname="Tests.Feature.ContentPageSectionTypeApiTest" assertions="11" time="0.004861"/>
        <testcase name="test_content_page_mass_assignment_protection" file="D:\meem-commerce\tests\Feature\ContentPageSectionTypeApiTest.php" line="1044" class="Tests\Feature\ContentPageSectionTypeApiTest" classname="Tests.Feature.ContentPageSectionTypeApiTest" assertions="2" time="0.005093"/>
        <testcase name="test_section_type_mass_assignment_protection" file="D:\meem-commerce\tests\Feature\ContentPageSectionTypeApiTest.php" line="1057" class="Tests\Feature\ContentPageSectionTypeApiTest" classname="Tests.Feature.ContentPageSectionTypeApiTest" assertions="2" time="0.004462"/>
      </testsuite>
      <testsuite name="Tests\Feature\CouponAssignment\CouponAssignmentApiTest" file="D:\meem-commerce\tests\Feature\CouponAssignment\CouponAssignmentApiTest.php" tests="29" assertions="122" errors="0" failures="0" skipped="0" time="0.185383">
        <testcase name="unauthenticated_user_cannot_access_any_endpoint" file="D:\meem-commerce\tests\Feature\CouponAssignment\CouponAssignmentApiTest.php" line="127" class="Tests\Feature\CouponAssignment\CouponAssignmentApiTest" classname="Tests.Feature.CouponAssignment.CouponAssignmentApiTest" assertions="5" time="0.009338"/>
        <testcase name="non_admin_user_gets_forbidden" file="D:\meem-commerce\tests\Feature\CouponAssignment\CouponAssignmentApiTest.php" line="139" class="Tests\Feature\CouponAssignment\CouponAssignmentApiTest" classname="Tests.Feature.CouponAssignment.CouponAssignmentApiTest" assertions="5" time="0.009381"/>
        <testcase name="admin_can_list_assignments" file="D:\meem-commerce\tests\Feature\CouponAssignment\CouponAssignmentApiTest.php" line="156" class="Tests\Feature\CouponAssignment\CouponAssignmentApiTest" classname="Tests.Feature.CouponAssignment.CouponAssignmentApiTest" assertions="15" time="0.008048"/>
        <testcase name="index_returns_empty_when_no_assignments" file="D:\meem-commerce\tests\Feature\CouponAssignment\CouponAssignmentApiTest.php" line="176" class="Tests\Feature\CouponAssignment\CouponAssignmentApiTest" classname="Tests.Feature.CouponAssignment.CouponAssignmentApiTest" assertions="4" time="0.004234"/>
        <testcase name="index_respects_per_page_parameter" file="D:\meem-commerce\tests\Feature\CouponAssignment\CouponAssignmentApiTest.php" line="189" class="Tests\Feature\CouponAssignment\CouponAssignmentApiTest" classname="Tests.Feature.CouponAssignment.CouponAssignmentApiTest" assertions="4" time="0.018204"/>
        <testcase name="index_returns_only_assignments_for_the_specified_coupon" file="D:\meem-commerce\tests\Feature\CouponAssignment\CouponAssignmentApiTest.php" line="206" class="Tests\Feature\CouponAssignment\CouponAssignmentApiTest" classname="Tests.Feature.CouponAssignment.CouponAssignmentApiTest" assertions="3" time="0.012054"/>
        <testcase name="admin_can_create_assignment" file="D:\meem-commerce\tests\Feature\CouponAssignment\CouponAssignmentApiTest.php" line="226" class="Tests\Feature\CouponAssignment\CouponAssignmentApiTest" classname="Tests.Feature.CouponAssignment.CouponAssignmentApiTest" assertions="22" time="0.005863"/>
        <testcase name="admin_can_create_assignment_with_expires_at" file="D:\meem-commerce\tests\Feature\CouponAssignment\CouponAssignmentApiTest.php" line="256" class="Tests\Feature\CouponAssignment\CouponAssignmentApiTest" classname="Tests.Feature.CouponAssignment.CouponAssignmentApiTest" assertions="4" time="0.006094"/>
        <testcase name="cannot_create_duplicate_assignment" file="D:\meem-commerce\tests\Feature\CouponAssignment\CouponAssignmentApiTest.php" line="273" class="Tests\Feature\CouponAssignment\CouponAssignmentApiTest" classname="Tests.Feature.CouponAssignment.CouponAssignmentApiTest" assertions="2" time="0.004771"/>
        <testcase name="cannot_create_assignment_for_non_existent_coupon" file="D:\meem-commerce\tests\Feature\CouponAssignment\CouponAssignmentApiTest.php" line="288" class="Tests\Feature\CouponAssignment\CouponAssignmentApiTest" classname="Tests.Feature.CouponAssignment.CouponAssignmentApiTest" assertions="2" time="0.003901"/>
        <testcase name="admin_can_show_assignment" file="D:\meem-commerce\tests\Feature\CouponAssignment\CouponAssignmentApiTest.php" line="306" class="Tests\Feature\CouponAssignment\CouponAssignmentApiTest" classname="Tests.Feature.CouponAssignment.CouponAssignmentApiTest" assertions="15" time="0.005049"/>
        <testcase name="show_returns_404_for_non_existent_assignment" file="D:\meem-commerce\tests\Feature\CouponAssignment\CouponAssignmentApiTest.php" line="329" class="Tests\Feature\CouponAssignment\CouponAssignmentApiTest" classname="Tests.Feature.CouponAssignment.CouponAssignmentApiTest" assertions="2" time="0.004501"/>
        <testcase name="show_returns_404_when_assignment_belongs_to_different_coupon" file="D:\meem-commerce\tests\Feature\CouponAssignment\CouponAssignmentApiTest.php" line="340" class="Tests\Feature\CouponAssignment\CouponAssignmentApiTest" classname="Tests.Feature.CouponAssignment.CouponAssignmentApiTest" assertions="2" time="0.008665"/>
        <testcase name="admin_can_update_max_uses" file="D:\meem-commerce\tests\Feature\CouponAssignment\CouponAssignmentApiTest.php" line="357" class="Tests\Feature\CouponAssignment\CouponAssignmentApiTest" classname="Tests.Feature.CouponAssignment.CouponAssignmentApiTest" assertions="5" time="0.005906"/>
        <testcase name="admin_can_update_expires_at" file="D:\meem-commerce\tests\Feature\CouponAssignment\CouponAssignmentApiTest.php" line="377" class="Tests\Feature\CouponAssignment\CouponAssignmentApiTest" classname="Tests.Feature.CouponAssignment.CouponAssignmentApiTest" assertions="3" time="0.006049"/>
        <testcase name="admin_can_set_expires_at_to_null" file="D:\meem-commerce\tests\Feature\CouponAssignment\CouponAssignmentApiTest.php" line="393" class="Tests\Feature\CouponAssignment\CouponAssignmentApiTest" classname="Tests.Feature.CouponAssignment.CouponAssignmentApiTest" assertions="3" time="0.004734"/>
        <testcase name="cannot_update_max_uses_below_current_usage" file="D:\meem-commerce\tests\Feature\CouponAssignment\CouponAssignmentApiTest.php" line="410" class="Tests\Feature\CouponAssignment\CouponAssignmentApiTest" classname="Tests.Feature.CouponAssignment.CouponAssignmentApiTest" assertions="3" time="0.004241"/>
        <testcase name="update_returns_404_for_non_existent_assignment" file="D:\meem-commerce\tests\Feature\CouponAssignment\CouponAssignmentApiTest.php" line="431" class="Tests\Feature\CouponAssignment\CouponAssignmentApiTest" classname="Tests.Feature.CouponAssignment.CouponAssignmentApiTest" assertions="2" time="0.003617"/>
        <testcase name="admin_can_delete_assignment_without_usage" file="D:\meem-commerce\tests\Feature\CouponAssignment\CouponAssignmentApiTest.php" line="448" class="Tests\Feature\CouponAssignment\CouponAssignmentApiTest" classname="Tests.Feature.CouponAssignment.CouponAssignmentApiTest" assertions="3" time="0.003841"/>
        <testcase name="cannot_delete_assignment_with_usage_history" file="D:\meem-commerce\tests\Feature\CouponAssignment\CouponAssignmentApiTest.php" line="463" class="Tests\Feature\CouponAssignment\CouponAssignmentApiTest" classname="Tests.Feature.CouponAssignment.CouponAssignmentApiTest" assertions="3" time="0.003993"/>
        <testcase name="delete_returns_404_for_non_existent_assignment" file="D:\meem-commerce\tests\Feature\CouponAssignment\CouponAssignmentApiTest.php" line="481" class="Tests\Feature\CouponAssignment\CouponAssignmentApiTest" classname="Tests.Feature.CouponAssignment.CouponAssignmentApiTest" assertions="2" time="0.003518"/>
        <testcase name="resource_shows_remaining_as_max_uses_minus_used" file="D:\meem-commerce\tests\Feature\CouponAssignment\CouponAssignmentApiTest.php" line="496" class="Tests\Feature\CouponAssignment\CouponAssignmentApiTest" classname="Tests.Feature.CouponAssignment.CouponAssignmentApiTest" assertions="1" time="0.004764"/>
        <testcase name="resource_shows_remaining_as_zero_when_exhausted" file="D:\meem-commerce\tests\Feature\CouponAssignment\CouponAssignmentApiTest.php" line="510" class="Tests\Feature\CouponAssignment\CouponAssignmentApiTest" classname="Tests.Feature.CouponAssignment.CouponAssignmentApiTest" assertions="1" time="0.007880"/>
        <testcase name="resource_shows_is_expired_true_when_expired" file="D:\meem-commerce\tests\Feature\CouponAssignment\CouponAssignmentApiTest.php" line="524" class="Tests\Feature\CouponAssignment\CouponAssignmentApiTest" classname="Tests.Feature.CouponAssignment.CouponAssignmentApiTest" assertions="1" time="0.005041"/>
        <testcase name="resource_shows_is_expired_false_when_not_expired" file="D:\meem-commerce\tests\Feature\CouponAssignment\CouponAssignmentApiTest.php" line="537" class="Tests\Feature\CouponAssignment\CouponAssignmentApiTest" classname="Tests.Feature.CouponAssignment.CouponAssignmentApiTest" assertions="1" time="0.005048"/>
        <testcase name="resource_shows_is_expired_false_when_no_expiry" file="D:\meem-commerce\tests\Feature\CouponAssignment\CouponAssignmentApiTest.php" line="550" class="Tests\Feature\CouponAssignment\CouponAssignmentApiTest" classname="Tests.Feature.CouponAssignment.CouponAssignmentApiTest" assertions="2" time="0.004867"/>
        <testcase name="resource_includes_user_data_when_loaded" file="D:\meem-commerce\tests\Feature\CouponAssignment\CouponAssignmentApiTest.php" line="562" class="Tests\Feature\CouponAssignment\CouponAssignmentApiTest" classname="Tests.Feature.CouponAssignment.CouponAssignmentApiTest" assertions="3" time="0.005147"/>
        <testcase name="coupon_with_zero_assignments_remains_public" file="D:\meem-commerce\tests\Feature\CouponAssignment\CouponAssignmentApiTest.php" line="579" class="Tests\Feature\CouponAssignment\CouponAssignmentApiTest" classname="Tests.Feature.CouponAssignment.CouponAssignmentApiTest" assertions="2" time="0.007827"/>
        <testcase name="deleting_an_assignment_restores_one_unit_of_quota_per_user" file="D:\meem-commerce\tests\Feature\CouponAssignment\CouponAssignmentApiTest.php" line="591" class="Tests\Feature\CouponAssignment\CouponAssignmentApiTest" classname="Tests.Feature.CouponAssignment.CouponAssignmentApiTest" assertions="2" time="0.008810"/>
      </testsuite>
      <testsuite name="Tests\Feature\CouponAssignment\CouponAssignmentValidationTest" file="D:\meem-commerce\tests\Feature\CouponAssignment\CouponAssignmentValidationTest.php" tests="14" assertions="29" errors="0" failures="0" skipped="0" time="0.061732">
        <testcase name="store_requires_user_id" file="D:\meem-commerce\tests\Feature\CouponAssignment\CouponAssignmentValidationTest.php" line="113" class="Tests\Feature\CouponAssignment\CouponAssignmentValidationTest" classname="Tests.Feature.CouponAssignment.CouponAssignmentValidationTest" assertions="2" time="0.004358"/>
        <testcase name="store_user_id_must_exist" file="D:\meem-commerce\tests\Feature\CouponAssignment\CouponAssignmentValidationTest.php" line="126" class="Tests\Feature\CouponAssignment\CouponAssignmentValidationTest" classname="Tests.Feature.CouponAssignment.CouponAssignmentValidationTest" assertions="2" time="0.003922"/>
        <testcase name="store_requires_max_uses" file="D:\meem-commerce\tests\Feature\CouponAssignment\CouponAssignmentValidationTest.php" line="144" class="Tests\Feature\CouponAssignment\CouponAssignmentValidationTest" classname="Tests.Feature.CouponAssignment.CouponAssignmentValidationTest" assertions="2" time="0.003867"/>
        <testcase name="store_max_uses_must_be_integer" file="D:\meem-commerce\tests\Feature\CouponAssignment\CouponAssignmentValidationTest.php" line="157" class="Tests\Feature\CouponAssignment\CouponAssignmentValidationTest" classname="Tests.Feature.CouponAssignment.CouponAssignmentValidationTest" assertions="2" time="0.003865"/>
        <testcase name="store_max_uses_must_be_at_least_one" file="D:\meem-commerce\tests\Feature\CouponAssignment\CouponAssignmentValidationTest.php" line="171" class="Tests\Feature\CouponAssignment\CouponAssignmentValidationTest" classname="Tests.Feature.CouponAssignment.CouponAssignmentValidationTest" assertions="2" time="0.004901"/>
        <testcase name="store_expires_at_must_be_valid_date" file="D:\meem-commerce\tests\Feature\CouponAssignment\CouponAssignmentValidationTest.php" line="189" class="Tests\Feature\CouponAssignment\CouponAssignmentValidationTest" classname="Tests.Feature.CouponAssignment.CouponAssignmentValidationTest" assertions="2" time="0.004429"/>
        <testcase name="store_expires_at_must_be_in_the_future" file="D:\meem-commerce\tests\Feature\CouponAssignment\CouponAssignmentValidationTest.php" line="204" class="Tests\Feature\CouponAssignment\CouponAssignmentValidationTest" classname="Tests.Feature.CouponAssignment.CouponAssignmentValidationTest" assertions="2" time="0.003948"/>
        <testcase name="update_max_uses_must_be_integer" file="D:\meem-commerce\tests\Feature\CouponAssignment\CouponAssignmentValidationTest.php" line="223" class="Tests\Feature\CouponAssignment\CouponAssignmentValidationTest" classname="Tests.Feature.CouponAssignment.CouponAssignmentValidationTest" assertions="2" time="0.003890"/>
        <testcase name="update_max_uses_must_be_at_least_one" file="D:\meem-commerce\tests\Feature\CouponAssignment\CouponAssignmentValidationTest.php" line="243" class="Tests\Feature\CouponAssignment\CouponAssignmentValidationTest" classname="Tests.Feature.CouponAssignment.CouponAssignmentValidationTest" assertions="2" time="0.003946"/>
        <testcase name="update_max_uses_is_optional" file="D:\meem-commerce\tests\Feature\CouponAssignment\CouponAssignmentValidationTest.php" line="263" class="Tests\Feature\CouponAssignment\CouponAssignmentValidationTest" classname="Tests.Feature.CouponAssignment.CouponAssignmentValidationTest" assertions="2" time="0.004408"/>
        <testcase name="update_expires_at_must_be_valid_date" file="D:\meem-commerce\tests\Feature\CouponAssignment\CouponAssignmentValidationTest.php" line="285" class="Tests\Feature\CouponAssignment\CouponAssignmentValidationTest" classname="Tests.Feature.CouponAssignment.CouponAssignmentValidationTest" assertions="2" time="0.004140"/>
        <testcase name="update_expires_at_must_be_in_the_future" file="D:\meem-commerce\tests\Feature\CouponAssignment\CouponAssignmentValidationTest.php" line="305" class="Tests\Feature\CouponAssignment\CouponAssignmentValidationTest" classname="Tests.Feature.CouponAssignment.CouponAssignmentValidationTest" assertions="2" time="0.004125"/>
        <testcase name="update_expires_at_null_clears_expiry" file="D:\meem-commerce\tests\Feature\CouponAssignment\CouponAssignmentValidationTest.php" line="325" class="Tests\Feature\CouponAssignment\CouponAssignmentValidationTest" classname="Tests.Feature.CouponAssignment.CouponAssignmentValidationTest" assertions="2" time="0.004979"/>
        <testcase name="store_with_all_fields_valid_succeeds" file="D:\meem-commerce\tests\Feature\CouponAssignment\CouponAssignmentValidationTest.php" line="350" class="Tests\Feature\CouponAssignment\CouponAssignmentValidationTest" classname="Tests.Feature.CouponAssignment.CouponAssignmentValidationTest" assertions="3" time="0.006955"/>
      </testsuite>
      <testsuite name="Tests\Feature\CouponSystemTest" file="D:\meem-commerce\tests\Feature\CouponSystemTest.php" tests="21" assertions="47" errors="0" failures="0" skipped="0" time="0.205058">
        <testcase name="apply_valid_coupon_success" file="D:\meem-commerce\tests\Feature\CouponSystemTest.php" line="122" class="Tests\Feature\CouponSystemTest" classname="Tests.Feature.CouponSystemTest" assertions="3" time="0.008380"/>
        <testcase name="apply_same_coupon_returns_already_applied" file="D:\meem-commerce\tests\Feature\CouponSystemTest.php" line="142" class="Tests\Feature\CouponSystemTest" classname="Tests.Feature.CouponSystemTest" assertions="3" time="0.008630"/>
        <testcase name="apply_different_coupon_replaces_existing" file="D:\meem-commerce\tests\Feature\CouponSystemTest.php" line="157" class="Tests\Feature\CouponSystemTest" classname="Tests.Feature.CouponSystemTest" assertions="4" time="0.013157"/>
        <testcase name="apply_expired_coupon_returns_error" file="D:\meem-commerce\tests\Feature\CouponSystemTest.php" line="186" class="Tests\Feature\CouponSystemTest" classname="Tests.Feature.CouponSystemTest" assertions="2" time="0.006735"/>
        <testcase name="apply_disabled_coupon_returns_error" file="D:\meem-commerce\tests\Feature\CouponSystemTest.php" line="202" class="Tests\Feature\CouponSystemTest" classname="Tests.Feature.CouponSystemTest" assertions="2" time="0.006909"/>
        <testcase name="apply_usage_limit_reached_returns_error" file="D:\meem-commerce\tests\Feature\CouponSystemTest.php" line="215" class="Tests\Feature\CouponSystemTest" classname="Tests.Feature.CouponSystemTest" assertions="2" time="0.006654"/>
        <testcase name="apply_nonexistent_coupon_returns_error" file="D:\meem-commerce\tests\Feature\CouponSystemTest.php" line="231" class="Tests\Feature\CouponSystemTest" classname="Tests.Feature.CouponSystemTest" assertions="2" time="0.003714"/>
        <testcase name="apply_coupon_without_auth_returns_401" file="D:\meem-commerce\tests\Feature\CouponSystemTest.php" line="243" class="Tests\Feature\CouponSystemTest" classname="Tests.Feature.CouponSystemTest" assertions="1" time="0.001631"/>
        <testcase name="apply_coupon_without_cart_returns_error" file="D:\meem-commerce\tests\Feature\CouponSystemTest.php" line="251" class="Tests\Feature\CouponSystemTest" classname="Tests.Feature.CouponSystemTest" assertions="2" time="0.006007"/>
        <testcase name="apply_already_used_coupon_returns_error" file="D:\meem-commerce\tests\Feature\CouponSystemTest.php" line="263" class="Tests\Feature\CouponSystemTest" classname="Tests.Feature.CouponSystemTest" assertions="2" time="0.007840"/>
        <testcase name="apply_product_restricted_coupon_returns_error" file="D:\meem-commerce\tests\Feature\CouponSystemTest.php" line="282" class="Tests\Feature\CouponSystemTest" classname="Tests.Feature.CouponSystemTest" assertions="2" time="0.009272"/>
        <testcase name="delete_last_cart_item_clears_coupon" file="D:\meem-commerce\tests\Feature\CouponSystemTest.php" line="310" class="Tests\Feature\CouponSystemTest" classname="Tests.Feature.CouponSystemTest" assertions="2" time="0.011644"/>
        <testcase name="delete_cart_with_coupon_returns_warning" file="D:\meem-commerce\tests\Feature\CouponSystemTest.php" line="333" class="Tests\Feature\CouponSystemTest" classname="Tests.Feature.CouponSystemTest" assertions="3" time="0.009065"/>
        <testcase name="delete_cart_with_coupon_and_confirm_deletes" file="D:\meem-commerce\tests\Feature\CouponSystemTest.php" line="349" class="Tests\Feature\CouponSystemTest" classname="Tests.Feature.CouponSystemTest" assertions="4" time="0.009962"/>
        <testcase name="checkout_with_expired_coupon_removes_it" file="D:\meem-commerce\tests\Feature\CouponSystemTest.php" line="376" class="Tests\Feature\CouponSystemTest" classname="Tests.Feature.CouponSystemTest" assertions="2" time="0.020345"/>
        <testcase name="checkout_records_coupon_usage" file="D:\meem-commerce\tests\Feature\CouponSystemTest.php" line="412" class="Tests\Feature\CouponSystemTest" classname="Tests.Feature.CouponSystemTest" assertions="1" time="0.007791"/>
        <testcase name="checkout_does_not_duplicate_coupon_usage" file="D:\meem-commerce\tests\Feature\CouponSystemTest.php" line="448" class="Tests\Feature\CouponSystemTest" classname="Tests.Feature.CouponSystemTest" assertions="1" time="0.010020"/>
        <testcase name="apply_free_shipping_coupon_success" file="D:\meem-commerce\tests\Feature\CouponSystemTest.php" line="480" class="Tests\Feature\CouponSystemTest" classname="Tests.Feature.CouponSystemTest" assertions="3" time="0.008017"/>
        <testcase name="checkout_with_free_shipping_coupon_sets_shipping_to_zero" file="D:\meem-commerce\tests\Feature\CouponSystemTest.php" line="503" class="Tests\Feature\CouponSystemTest" classname="Tests.Feature.CouponSystemTest" assertions="3" time="0.020370"/>
        <testcase name="free_shipping_coupon_overrides_free_shipping_over_threshold" file="D:\meem-commerce\tests\Feature\CouponSystemTest.php" line="537" class="Tests\Feature\CouponSystemTest" classname="Tests.Feature.CouponSystemTest" assertions="2" time="0.020730"/>
        <testcase name="coupon_used_count_increments_on_first_usage" file="D:\meem-commerce\tests\Feature\CouponSystemTest.php" line="569" class="Tests\Feature\CouponSystemTest" classname="Tests.Feature.CouponSystemTest" assertions="1" time="0.008186"/>
      </testsuite>
      <testsuite name="Tests\Feature\CouponsProductionHardenTest" file="D:\meem-commerce\tests\Feature\CouponsProductionHardenTest.php" tests="44" assertions="111" errors="0" failures="1" skipped="0" time="2.685696">
        <testcase name="guest_cannot_apply_coupon" file="D:\meem-commerce\tests\Feature\CouponsProductionHardenTest.php" line="533" class="Tests\Feature\CouponsProductionHardenTest" classname="Tests.Feature.CouponsProductionHardenTest" assertions="1" time="0.001870"/>
        <testcase name="expired_coupon_is_rejected" file="D:\meem-commerce\tests\Feature\CouponsProductionHardenTest.php" line="542" class="Tests\Feature\CouponsProductionHardenTest" classname="Tests.Feature.CouponsProductionHardenTest" assertions="2" time="0.003205"/>
        <testcase name="disabled_coupon_is_rejected" file="D:\meem-commerce\tests\Feature\CouponsProductionHardenTest.php" line="555" class="Tests\Feature\CouponsProductionHardenTest" classname="Tests.Feature.CouponsProductionHardenTest" assertions="2" time="0.003183"/>
        <testcase name="future_coupon_is_rejected" file="D:\meem-commerce\tests\Feature\CouponsProductionHardenTest.php" line="565" class="Tests\Feature\CouponsProductionHardenTest" classname="Tests.Feature.CouponsProductionHardenTest" assertions="2" time="0.004000"/>
        <testcase name="max_usage_limit_reached_is_rejected" file="D:\meem-commerce\tests\Feature\CouponsProductionHardenTest.php" line="578" class="Tests\Feature\CouponsProductionHardenTest" classname="Tests.Feature.CouponsProductionHardenTest" assertions="2" time="0.003264"/>
        <testcase name="percentage_coupon_calculates_correctly" file="D:\meem-commerce\tests\Feature\CouponsProductionHardenTest.php" line="593" class="Tests\Feature\CouponsProductionHardenTest" classname="Tests.Feature.CouponsProductionHardenTest" assertions="3" time="0.002815"/>
        <testcase name="fixed_rate_coupon_calculates_correctly" file="D:\meem-commerce\tests\Feature\CouponsProductionHardenTest.php" line="607" class="Tests\Feature\CouponsProductionHardenTest" classname="Tests.Feature.CouponsProductionHardenTest" assertions="3" time="0.005011"/>
        <testcase name="free_shipping_coupon_returns_free_shipping_flag" file="D:\meem-commerce\tests\Feature\CouponsProductionHardenTest.php" line="621" class="Tests\Feature\CouponsProductionHardenTest" classname="Tests.Feature.CouponsProductionHardenTest" assertions="3" time="0.002845"/>
        <testcase name="percentage_coupon_respects_max_discount_amount" file="D:\meem-commerce\tests\Feature\CouponsProductionHardenTest.php" line="635" class="Tests\Feature\CouponsProductionHardenTest" classname="Tests.Feature.CouponsProductionHardenTest" assertions="2" time="0.003221"/>
        <testcase name="fixed_rate_does_not_exceed_price" file="D:\meem-commerce\tests\Feature\CouponsProductionHardenTest.php" line="649" class="Tests\Feature\CouponsProductionHardenTest" classname="Tests.Feature.CouponsProductionHardenTest" assertions="1" time="0.005116">
          <failure type="PHPUnit\Framework\ExpectationFailedException">Tests\Feature\CouponsProductionHardenTest::fixed_rate_does_not_exceed_price&#13;
Failed asserting that 50.0 matches expected 200.0.
&#13;
D:\meem-commerce\tests\Feature\CouponsProductionHardenTest.php:657
D:\meem-commerce\vendor\laravel\framework\src\Illuminate\Foundation\Testing\TestCase.php:174</failure>
        </testcase>
        <testcase name="orchestrator_rejects_nonexistent_code" file="D:\meem-commerce\tests\Feature\CouponsProductionHardenTest.php" line="664" class="Tests\Feature\CouponsProductionHardenTest" classname="Tests.Feature.CouponsProductionHardenTest" assertions="2" time="0.001180"/>
        <testcase name="orchestrator_rejects_expired_coupon_by_code" file="D:\meem-commerce\tests\Feature\CouponsProductionHardenTest.php" line="672" class="Tests\Feature\CouponsProductionHardenTest" classname="Tests.Feature.CouponsProductionHardenTest" assertions="2" time="0.003297"/>
        <testcase name="orchestrator_accepts_valid_coupon" file="D:\meem-commerce\tests\Feature\CouponsProductionHardenTest.php" line="685" class="Tests\Feature\CouponsProductionHardenTest" classname="Tests.Feature.CouponsProductionHardenTest" assertions="2" time="0.003310"/>
        <testcase name="unassigned_user_rejected_for_assigned_coupon" file="D:\meem-commerce\tests\Feature\CouponsProductionHardenTest.php" line="697" class="Tests\Feature\CouponsProductionHardenTest" classname="Tests.Feature.CouponsProductionHardenTest" assertions="2" time="0.003455"/>
        <testcase name="assigned_user_accepted_for_assigned_coupon" file="D:\meem-commerce\tests\Feature\CouponsProductionHardenTest.php" line="713" class="Tests\Feature\CouponsProductionHardenTest" classname="Tests.Feature.CouponsProductionHardenTest" assertions="1" time="0.003412"/>
        <testcase name="expired_assignment_rejected" file="D:\meem-commerce\tests\Feature\CouponsProductionHardenTest.php" line="728" class="Tests\Feature\CouponsProductionHardenTest" classname="Tests.Feature.CouponsProductionHardenTest" assertions="2" time="0.003629"/>
        <testcase name="exhausted_assignment_rejected" file="D:\meem-commerce\tests\Feature\CouponsProductionHardenTest.php" line="745" class="Tests\Feature\CouponsProductionHardenTest" classname="Tests.Feature.CouponsProductionHardenTest" assertions="2" time="0.005319"/>
        <testcase name="public_coupon_has_no_assignment_restrictions" file="D:\meem-commerce\tests\Feature\CouponsProductionHardenTest.php" line="761" class="Tests\Feature\CouponsProductionHardenTest" classname="Tests.Feature.CouponsProductionHardenTest" assertions="2" time="0.003066"/>
        <testcase name="apply_coupon_to_cart_succeeds" file="D:\meem-commerce\tests\Feature\CouponsProductionHardenTest.php" line="773" class="Tests\Feature\CouponsProductionHardenTest" classname="Tests.Feature.CouponsProductionHardenTest" assertions="2" time="0.008737"/>
        <testcase name="apply_invalid_coupon_to_cart_returns_error" file="D:\meem-commerce\tests\Feature\CouponsProductionHardenTest.php" line="787" class="Tests\Feature\CouponsProductionHardenTest" classname="Tests.Feature.CouponsProductionHardenTest" assertions="1" time="0.005432"/>
        <testcase name="apply_coupon_without_cart_returns_error" file="D:\meem-commerce\tests\Feature\CouponsProductionHardenTest.php" line="797" class="Tests\Feature\CouponsProductionHardenTest" classname="Tests.Feature.CouponsProductionHardenTest" assertions="1" time="0.005799"/>
        <testcase name="apply_expired_coupon_to_cart_returns_error" file="D:\meem-commerce\tests\Feature\CouponsProductionHardenTest.php" line="807" class="Tests\Feature\CouponsProductionHardenTest" classname="Tests.Feature.CouponsProductionHardenTest" assertions="1" time="0.008095"/>
        <testcase name="apply_same_coupon_twice_returns_already_applied" file="D:\meem-commerce\tests\Feature\CouponsProductionHardenTest.php" line="821" class="Tests\Feature\CouponsProductionHardenTest" classname="Tests.Feature.CouponsProductionHardenTest" assertions="3" time="0.010871"/>
        <testcase name="apply_coupon_returns_calculated_discount" file="D:\meem-commerce\tests\Feature\CouponsProductionHardenTest.php" line="835" class="Tests\Feature\CouponsProductionHardenTest" classname="Tests.Feature.CouponsProductionHardenTest" assertions="3" time="0.008571"/>
        <testcase name="apply_free_shipping_coupon_returns_free_shipping_flag" file="D:\meem-commerce\tests\Feature\CouponsProductionHardenTest.php" line="853" class="Tests\Feature\CouponsProductionHardenTest" classname="Tests.Feature.CouponsProductionHardenTest" assertions="3" time="0.008709"/>
        <testcase name="checkout_with_percentage_coupon_applies_discount" file="D:\meem-commerce\tests\Feature\CouponsProductionHardenTest.php" line="873" class="Tests\Feature\CouponsProductionHardenTest" classname="Tests.Feature.CouponsProductionHardenTest" assertions="6" time="0.213019"/>
        <testcase name="checkout_with_fixed_coupon_applies_discount" file="D:\meem-commerce\tests\Feature\CouponsProductionHardenTest.php" line="896" class="Tests\Feature\CouponsProductionHardenTest" classname="Tests.Feature.CouponsProductionHardenTest" assertions="3" time="0.157780"/>
        <testcase name="checkout_with_free_shipping_coupon_sets_shipping_to_zero" file="D:\meem-commerce\tests\Feature\CouponsProductionHardenTest.php" line="915" class="Tests\Feature\CouponsProductionHardenTest" classname="Tests.Feature.CouponsProductionHardenTest" assertions="5" time="0.159826"/>
        <testcase name="checkout_clears_expired_coupon_from_cart" file="D:\meem-commerce\tests\Feature\CouponsProductionHardenTest.php" line="935" class="Tests\Feature\CouponsProductionHardenTest" classname="Tests.Feature.CouponsProductionHardenTest" assertions="4" time="0.162578"/>
        <testcase name="checkout_with_assigned_coupon_succeeds_for_assigned_user" file="D:\meem-commerce\tests\Feature\CouponsProductionHardenTest.php" line="955" class="Tests\Feature\CouponsProductionHardenTest" classname="Tests.Feature.CouponsProductionHardenTest" assertions="3" time="0.159174"/>
        <testcase name="checkout_clears_unassigned_coupon_for_unassigned_user" file="D:\meem-commerce\tests\Feature\CouponsProductionHardenTest.php" line="976" class="Tests\Feature\CouponsProductionHardenTest" classname="Tests.Feature.CouponsProductionHardenTest" assertions="4" time="0.154685"/>
        <testcase name="public_coupon_usage_recorded_on_payment" file="D:\meem-commerce\tests\Feature\CouponsProductionHardenTest.php" line="1001" class="Tests\Feature\CouponsProductionHardenTest" classname="Tests.Feature.CouponsProductionHardenTest" assertions="3" time="0.166587"/>
        <testcase name="assigned_coupon_usage_recorded_on_payment" file="D:\meem-commerce\tests\Feature\CouponsProductionHardenTest.php" line="1024" class="Tests\Feature\CouponsProductionHardenTest" classname="Tests.Feature.CouponsProductionHardenTest" assertions="4" time="0.171588"/>
        <testcase name="assigned_coupon_usage_increments_coupon_global_counter" file="D:\meem-commerce\tests\Feature\CouponsProductionHardenTest.php" line="1051" class="Tests\Feature\CouponsProductionHardenTest" classname="Tests.Feature.CouponsProductionHardenTest" assertions="2" time="0.168560"/>
        <testcase name="duplicate_coupon_usage_for_same_user_is_blocked" file="D:\meem-commerce\tests\Feature\CouponsProductionHardenTest.php" line="1074" class="Tests\Feature\CouponsProductionHardenTest" classname="Tests.Feature.CouponsProductionHardenTest" assertions="2" time="0.007033"/>
        <testcase name="assigned_coupon_usage_respects_max_uses" file="D:\meem-commerce\tests\Feature\CouponsProductionHardenTest.php" line="1113" class="Tests\Feature\CouponsProductionHardenTest" classname="Tests.Feature.CouponsProductionHardenTest" assertions="3" time="0.157783"/>
        <testcase name="assigned_coupon_consumed_event_dispatched" file="D:\meem-commerce\tests\Feature\CouponsProductionHardenTest.php" line="1143" class="Tests\Feature\CouponsProductionHardenTest" classname="Tests.Feature.CouponsProductionHardenTest" assertions="2" time="0.198546"/>
        <testcase name="product_restricted_coupon_works_with_matching_product" file="D:\meem-commerce\tests\Feature\CouponsProductionHardenTest.php" line="1171" class="Tests\Feature\CouponsProductionHardenTest" classname="Tests.Feature.CouponsProductionHardenTest" assertions="3" time="0.166833"/>
        <testcase name="product_restricted_coupon_rejected_when_no_matching_product" file="D:\meem-commerce\tests\Feature\CouponsProductionHardenTest.php" line="1190" class="Tests\Feature\CouponsProductionHardenTest" classname="Tests.Feature.CouponsProductionHardenTest" assertions="2" time="0.004182"/>
        <testcase name="checkout_clears_non_matching_product_coupon" file="D:\meem-commerce\tests\Feature\CouponsProductionHardenTest.php" line="1205" class="Tests\Feature\CouponsProductionHardenTest" classname="Tests.Feature.CouponsProductionHardenTest" assertions="4" time="0.176195"/>
        <testcase name="coupon_list_only_returns_valid_coupons" file="D:\meem-commerce\tests\Feature\CouponsProductionHardenTest.php" line="1224" class="Tests\Feature\CouponsProductionHardenTest" classname="Tests.Feature.CouponsProductionHardenTest" assertions="4" time="0.012747"/>
        <testcase name="cannot_assign_coupon_to_another_user" file="D:\meem-commerce\tests\Feature\CouponsProductionHardenTest.php" line="1245" class="Tests\Feature\CouponsProductionHardenTest" classname="Tests.Feature.CouponsProductionHardenTest" assertions="4" time="0.159836"/>
        <testcase name="coupon_list_requires_no_auth" file="D:\meem-commerce\tests\Feature\CouponsProductionHardenTest.php" line="1267" class="Tests\Feature\CouponsProductionHardenTest" classname="Tests.Feature.CouponsProductionHardenTest" assertions="1" time="0.002668"/>
        <testcase name="record_coupon_usage_does_not_throw_for_valid_public_coupon" file="D:\meem-commerce\tests\Feature\CouponsProductionHardenTest.php" line="1276" class="Tests\Feature\CouponsProductionHardenTest" classname="Tests.Feature.CouponsProductionHardenTest" assertions="2" time="0.168660"/>
      </testsuite>
      <testsuite name="Tests\Feature\DashboardTest" file="D:\meem-commerce\tests\Feature\DashboardTest.php" tests="32" assertions="217" errors="0" failures="4" skipped="0" time="0.905594">
        <testcase name="test_unauthenticated_user_cannot_access_dashboard" file="D:\meem-commerce\tests\Feature\DashboardTest.php" line="225" class="Tests\Feature\DashboardTest" classname="Tests.Feature.DashboardTest" assertions="1" time="0.006122">
          <failure type="PHPUnit\Framework\ExpectationFailedException">Tests\Feature\DashboardTest::test_unauthenticated_user_cannot_access_dashboard&#13;
Expected response status code [401] but received 200.
Failed asserting that 401 is identical to 200.
&#13;
D:\meem-commerce\vendor\laravel\framework\src\Illuminate\Testing\TestResponse.php:146
D:\meem-commerce\vendor\laravel\framework\src\Illuminate\Testing\Concerns\AssertsStatusCodes.php:121
D:\meem-commerce\tests\Feature\DashboardTest.php:236
D:\meem-commerce\vendor\laravel\framework\src\Illuminate\Foundation\Testing\TestCase.php:174</failure>
        </testcase>
        <testcase name="test_overview_returns_expected_structure" file="D:\meem-commerce\tests\Feature\DashboardTest.php" line="244" class="Tests\Feature\DashboardTest" classname="Tests.Feature.DashboardTest" assertions="13" time="0.033585"/>
        <testcase name="test_revenue_returns_monthly_breakdown" file="D:\meem-commerce\tests\Feature\DashboardTest.php" line="268" class="Tests\Feature\DashboardTest" classname="Tests.Feature.DashboardTest" assertions="9" time="0.025231"/>
        <testcase name="test_order_stats_returns_status_breakdown" file="D:\meem-commerce\tests\Feature\DashboardTest.php" line="288" class="Tests\Feature\DashboardTest" classname="Tests.Feature.DashboardTest" assertions="8" time="0.027724"/>
        <testcase name="test_recent_orders_returns_limited_orders" file="D:\meem-commerce\tests\Feature\DashboardTest.php" line="307" class="Tests\Feature\DashboardTest" classname="Tests.Feature.DashboardTest" assertions="3" time="0.035793"/>
        <testcase name="test_top_products_returns_sorted_by_sold_quantity" file="D:\meem-commerce\tests\Feature\DashboardTest.php" line="323" class="Tests\Feature\DashboardTest" classname="Tests.Feature.DashboardTest" assertions="4" time="0.030227"/>
        <testcase name="test_category_stats_returns_distribution" file="D:\meem-commerce\tests\Feature\DashboardTest.php" line="340" class="Tests\Feature\DashboardTest" classname="Tests.Feature.DashboardTest" assertions="7" time="0.025773"/>
        <testcase name="test_low_stock_returns_products_below_threshold" file="D:\meem-commerce\tests\Feature\DashboardTest.php" line="363" class="Tests\Feature\DashboardTest" classname="Tests.Feature.DashboardTest" assertions="3" time="0.025210"/>
        <testcase name="test_sales_analytics_returns_daily_comparison" file="D:\meem-commerce\tests\Feature\DashboardTest.php" line="383" class="Tests\Feature\DashboardTest" classname="Tests.Feature.DashboardTest" assertions="13" time="0.045288"/>
        <testcase name="test_sales_analytics_shows_revenue_by_payment_method" file="D:\meem-commerce\tests\Feature\DashboardTest.php" line="405" class="Tests\Feature\DashboardTest" classname="Tests.Feature.DashboardTest" assertions="3" time="0.026609"/>
        <testcase name="test_customer_analytics_returns_growth_and_segments" file="D:\meem-commerce\tests\Feature\DashboardTest.php" line="427" class="Tests\Feature\DashboardTest" classname="Tests.Feature.DashboardTest" assertions="15" time="0.027712"/>
        <testcase name="test_product_analytics_returns_all_sections" file="D:\meem-commerce\tests\Feature\DashboardTest.php" line="454" class="Tests\Feature\DashboardTest" classname="Tests.Feature.DashboardTest" assertions="10" time="0.027781"/>
        <testcase name="test_product_analytics_includes_never_sold" file="D:\meem-commerce\tests\Feature\DashboardTest.php" line="477" class="Tests\Feature\DashboardTest" classname="Tests.Feature.DashboardTest" assertions="2" time="0.026887"/>
        <testcase name="test_order_analytics_returns_timeline_and_success_rate" file="D:\meem-commerce\tests\Feature\DashboardTest.php" line="496" class="Tests\Feature\DashboardTest" classname="Tests.Feature.DashboardTest" assertions="15" time="0.025399"/>
        <testcase name="test_order_analytics_refund_rate_is_calculated" file="D:\meem-commerce\tests\Feature\DashboardTest.php" line="517" class="Tests\Feature\DashboardTest" classname="Tests.Feature.DashboardTest" assertions="2" time="0.023569"/>
        <testcase name="test_category_analytics_returns_distribution_and_growth" file="D:\meem-commerce\tests\Feature\DashboardTest.php" line="535" class="Tests\Feature\DashboardTest" classname="Tests.Feature.DashboardTest" assertions="9" time="0.026598"/>
        <testcase name="test_coupon_analytics_returns_usage_and_revenue" file="D:\meem-commerce\tests\Feature\DashboardTest.php" line="568" class="Tests\Feature\DashboardTest" classname="Tests.Feature.DashboardTest" assertions="11" time="0.024666"/>
        <testcase name="test_cart_analytics_returns_abandonment_rate" file="D:\meem-commerce\tests\Feature\DashboardTest.php" line="596" class="Tests\Feature\DashboardTest" classname="Tests.Feature.DashboardTest" assertions="9" time="0.026745"/>
        <testcase name="test_cart_analytics_shows_zero_when_no_carts" file="D:\meem-commerce\tests\Feature\DashboardTest.php" line="621" class="Tests\Feature\DashboardTest" classname="Tests.Feature.DashboardTest" assertions="4" time="0.021017"/>
        <testcase name="test_finance_analytics_returns_revenue_breakdown" file="D:\meem-commerce\tests\Feature\DashboardTest.php" line="638" class="Tests\Feature\DashboardTest" classname="Tests.Feature.DashboardTest" assertions="12" time="0.023771"/>
        <testcase name="test_finance_analytics_returns_zero_when_no_data" file="D:\meem-commerce\tests\Feature\DashboardTest.php" line="669" class="Tests\Feature\DashboardTest" classname="Tests.Feature.DashboardTest" assertions="4" time="0.019133"/>
        <testcase name="test_all_endpoints_return_429_when_rate_limited" file="D:\meem-commerce\tests\Feature\DashboardTest.php" line="686" class="Tests\Feature\DashboardTest" classname="Tests.Feature.DashboardTest" assertions="1" time="0.080906"/>
        <testcase name="test_empty_database_returns_valid_responses" file="D:\meem-commerce\tests\Feature\DashboardTest.php" line="699" class="Tests\Feature\DashboardTest" classname="Tests.Feature.DashboardTest" assertions="30" time="0.050855"/>
        <testcase name="test_top_products_is_empty_when_no_sales" file="D:\meem-commerce\tests\Feature\DashboardTest.php" line="719" class="Tests\Feature\DashboardTest" classname="Tests.Feature.DashboardTest" assertions="2" time="0.020875"/>
        <testcase name="test_order_stats_counts_are_zero_when_no_orders" file="D:\meem-commerce\tests\Feature\DashboardTest.php" line="732" class="Tests\Feature\DashboardTest" classname="Tests.Feature.DashboardTest" assertions="13" time="0.019332"/>
        <testcase name="test_low_stock_is_empty_when_quantity_above_threshold" file="D:\meem-commerce\tests\Feature\DashboardTest.php" line="748" class="Tests\Feature\DashboardTest" classname="Tests.Feature.DashboardTest" assertions="1" time="0.021404"/>
        <testcase name="test_dashboard_returns_readable_english_messages" file="D:\meem-commerce\tests\Feature\DashboardTest.php" line="770" class="Tests\Feature\DashboardTest" classname="Tests.Feature.DashboardTest" assertions="3" time="0.025684"/>
        <testcase name="test_dashboard_returns_readable_arabic_reconciliation_message" file="D:\meem-commerce\tests\Feature\DashboardTest.php" line="786" class="Tests\Feature\DashboardTest" classname="Tests.Feature.DashboardTest" assertions="3" time="0.021090">
          <failure type="PHPUnit\Framework\ExpectationFailedException">Tests\Feature\DashboardTest::test_dashboard_returns_readable_arabic_reconciliation_message&#13;
Failed asserting that two strings are equal.
--- Expected
+++ Actual
@@ @@
-'تم جلب ملخص التسوية بنجاح'
+'Reconciliation summary fetched successfully.'
&#13;
D:\meem-commerce\tests\Feature\DashboardTest.php:796
D:\meem-commerce\vendor\laravel\framework\src\Illuminate\Foundation\Testing\TestCase.php:174</failure>
        </testcase>
        <testcase name="test_product_analytics_out_of_stock_uses_stock_quantity" file="D:\meem-commerce\tests\Feature\DashboardTest.php" line="803" class="Tests\Feature\DashboardTest" classname="Tests.Feature.DashboardTest" assertions="3" time="0.032141"/>
        <testcase name="test_product_analytics_inventory_value_uses_stock_quantity" file="D:\meem-commerce\tests\Feature\DashboardTest.php" line="820" class="Tests\Feature\DashboardTest" classname="Tests.Feature.DashboardTest" assertions="2" time="0.043796"/>
        <testcase name="test_public_general_dashboard_route_returns_401_when_unauthenticated" file="D:\meem-commerce\tests\Feature\DashboardTest.php" line="841" class="Tests\Feature\DashboardTest" classname="Tests.Feature.DashboardTest" assertions="1" time="0.008007">
          <failure type="PHPUnit\Framework\ExpectationFailedException">Tests\Feature\DashboardTest::test_public_general_dashboard_route_returns_401_when_unauthenticated&#13;
Expected response status code [401] but received 404.
Failed asserting that 401 is identical to 404.
&#13;
D:\meem-commerce\vendor\laravel\framework\src\Illuminate\Testing\TestResponse.php:146
D:\meem-commerce\vendor\laravel\framework\src\Illuminate\Testing\Concerns\AssertsStatusCodes.php:121
D:\meem-commerce\tests\Feature\DashboardTest.php:845
D:\meem-commerce\vendor\laravel\framework\src\Illuminate\Foundation\Testing\TestCase.php:174</failure>
        </testcase>
        <testcase name="test_public_general_dashboard_route_returns_200_when_authenticated" file="D:\meem-commerce\tests\Feature\DashboardTest.php" line="848" class="Tests\Feature\DashboardTest" classname="Tests.Feature.DashboardTest" assertions="1" time="0.026665">
          <failure type="PHPUnit\Framework\ExpectationFailedException">Tests\Feature\DashboardTest::test_public_general_dashboard_route_returns_200_when_authenticated&#13;
Expected response status code [200] but received 404.
Failed asserting that 200 is identical to 404.
&#13;
D:\meem-commerce\vendor\laravel\framework\src\Illuminate\Testing\TestResponse.php:146
D:\meem-commerce\vendor\laravel\framework\src\Illuminate\Testing\Concerns\AssertsStatusCodes.php:16
D:\meem-commerce\tests\Feature\DashboardTest.php:857
D:\meem-commerce\vendor\laravel\framework\src\Illuminate\Foundation\Testing\TestCase.php:174</failure>
        </testcase>
      </testsuite>
      <testsuite name="Tests\Feature\DimensionFilterTest" file="D:\meem-commerce\tests\Feature\DimensionFilterTest.php" tests="16" assertions="34" errors="0" failures="5" skipped="0" time="0.321934">
        <testcase name="test_dimension_fields_return_correct_json_type" file="D:\meem-commerce\tests\Feature\DimensionFilterTest.php" line="99" class="Tests\Feature\DimensionFilterTest" classname="Tests.Feature.DimensionFilterTest" assertions="5" time="0.030565"/>
        <testcase name="test_exact_match_height_filter" file="D:\meem-commerce\tests\Feature\DimensionFilterTest.php" line="114" class="Tests\Feature\DimensionFilterTest" classname="Tests.Feature.DimensionFilterTest" assertions="2" time="0.020536"/>
        <testcase name="test_exact_match_width_filter" file="D:\meem-commerce\tests\Feature\DimensionFilterTest.php" line="125" class="Tests\Feature\DimensionFilterTest" classname="Tests.Feature.DimensionFilterTest" assertions="2" time="0.019841"/>
        <testcase name="test_exact_match_length_filter" file="D:\meem-commerce\tests\Feature\DimensionFilterTest.php" line="136" class="Tests\Feature\DimensionFilterTest" classname="Tests.Feature.DimensionFilterTest" assertions="2" time="0.022823"/>
        <testcase name="test_exact_match_weight_filter" file="D:\meem-commerce\tests\Feature\DimensionFilterTest.php" line="147" class="Tests\Feature\DimensionFilterTest" classname="Tests.Feature.DimensionFilterTest" assertions="2" time="0.021257"/>
        <testcase name="test_exact_match_zero_filter" file="D:\meem-commerce\tests\Feature\DimensionFilterTest.php" line="158" class="Tests\Feature\DimensionFilterTest" classname="Tests.Feature.DimensionFilterTest" assertions="3" time="0.025979"/>
        <testcase name="test_range_height_min_filter" file="D:\meem-commerce\tests\Feature\DimensionFilterTest.php" line="170" class="Tests\Feature\DimensionFilterTest" classname="Tests.Feature.DimensionFilterTest" assertions="1" time="0.016152">
          <failure type="PHPUnit\Framework\ExpectationFailedException">Tests\Feature\DimensionFilterTest::test_range_height_min_filter&#13;
Expected response status code [200] but received 409.
Failed asserting that 200 is identical to 409.&#13;
&#13;
The following exception occurred during the last request:

PDOException: SQLSTATE[HY000]: General error: 1 no such function: REGEXP_REPLACE in D:\meem-commerce\vendor\laravel\framework\src\Illuminate\Database\Connection.php:416
Stack trace:
#0 D:\meem-commerce\vendor\laravel\framework\src\Illuminate\Database\Connection.php(416): PDO-&gt;prepare('select count(*)...')
#1 D:\meem-commerce\vendor\laravel\framework\src\Illuminate\Database\Connection.php(809): Illuminate\Database\Connection-&gt;Illuminate\Database\{closure}('select count(*)...', Array)
#2 D:\meem-commerce\vendor\laravel\framework\src\Illuminate\Database\Connection.php(776): Illuminate\Database\Connection-&gt;runQueryCallback('select count(*)...', Array, Object(Closure))
#3 D:\meem-commerce\vendor\laravel\framework\src\Illuminate\Database\Connection.php(407): Illuminate\Database\Connection-&gt;run('select count(*)...', Array, Object(Closure))
#4 D:\meem-commerce\vendor\laravel\framework\src\Illuminate\Database\Query\Builder.php(2751): Illuminate\Database\Connection-&gt;select('select count(*)...', Array, true)
#5 D:\meem-commerce\vendor\laravel\framework\src\Illuminate\Database\Query\Builder.php(2740): Illuminate\Database\Query\Builder-&gt;runSelect()
#6 D:\meem-commerce\vendor\laravel\framework\src\Illuminate\Database\Query\Builder.php(3294): Illuminate\Database\Query\Builder-&gt;Illuminate\Database\Query\{closure}()
#7 D:\meem-commerce\vendor\laravel\framework\src\Illuminate\Database\Query\Builder.php(2739): Illuminate\Database\Query\Builder-&gt;onceWithColumns(Array, Object(Closure))
#8 D:\meem-commerce\vendor\laravel\framework\src\Illuminate\Database\Query\Builder.php(2904): Illuminate\Database\Query\Builder-&gt;get()
#9 D:\meem-commerce\vendor\laravel\framework\src\Illuminate\Database\Query\Builder.php(2863): Illuminate\Database\Query\Builder-&gt;runPaginationCountQuery(Array)
#10 D:\meem-commerce\vendor\laravel\framework\src\Illuminate\Database\Eloquent\Builder.php(921): Illuminate\Database\Query\Builder-&gt;getCountForPagination()
#11 D:\meem-commerce\app\Services\General\ProductService.php(136): Illuminate\Database\Eloquent\Builder-&gt;paginate(15)
#12 D:\meem-commerce\app\Services\General\ProductEngine\Strategies\AllProduct.php(18): App\Services\General\ProductService-&gt;paginate(Object(Illuminate\Http\Request))
#13 D:\meem-commerce\app\Http\Controllers\Api\General\ProductController.php(53): App\Services\General\ProductEngine\Strategies\AllProduct-&gt;getProducts(Object(Illuminate\Http\Request))
#14 D:\meem-commerce\vendor\laravel\framework\src\Illuminate\Routing\Controller.php(54): App\Http\Controllers\Api\General\ProductController-&gt;index(Object(Illuminate\Http\Request))
#15 D:\meem-commerce\vendor\laravel\framework\src\Illuminate\Routing\ControllerDispatcher.php(43): Illuminate\Routing\Controller-&gt;callAction('index', Array)
#16 D:\meem-commerce\vendor\laravel\framework\src\Illuminate\Routing\Route.php(259): Illuminate\Routing\ControllerDispatcher-&gt;dispatch(Object(Illuminate\Routing\Route), Object(App\Http\Controllers\Api\General\ProductController), 'index')
#17 D:\meem-commerce\vendor\laravel\framework\src\Illuminate\Routing\Route.php(205): Illuminate\Routing\Route-&gt;runController()
#18 D:\meem-commerce\vendor\laravel\framework\src\Illuminate\Routing\Router.php(799): Illuminate\Routing\Route-&gt;run()
#19 D:\meem-commerce\vendor\laravel\framework\src\Illuminate\Pipeline\Pipeline.php(141): Illuminate\Routing\Router-&gt;Illuminate\Routing\{closure}(Object(Illuminate\Http\Request))
#20 D:\meem-commerce\app\Http\Middleware\CheckLangMiddleware.php(27): Illuminate\Pipeline\Pipeline-&gt;Illuminate\Pipeline\{closure}(Object(Illuminate\Http\Request))
#21 D:\meem-commerce\vendor\laravel\framework\src\Illuminate\Pipeline\Pipeline.php(180): App\Http\Middleware\CheckLangMiddleware-&gt;handle(Object(Illuminate\Http\Request), Object(Closure))
#22 D:\meem-commerce\app\Http\Middleware\ChannelMiddleware.php(25): Illuminate\Pipeline\Pipeline-&gt;Illuminate\Pipeline\{closure}(Object(Illuminate\Http\Request))
#23 D:\meem-commerce\vendor\laravel\framework\src\Illuminate\Pipeline\Pipeline.php(180): App\Http\Middleware\ChannelMiddleware-&gt;handle(Object(Illuminate\Http\Request), Object(Closure))
#24 D:\meem-commerce\vendor\laravel\framework\src\Illuminate\Routing\Middleware\SubstituteBindings.php(50): Illuminate\Pipeline\Pipeline-&gt;Illuminate\Pipeline\{closure}(Object(Illuminate\Http\Request))
#25 D:\meem-commerce\vendor\laravel\framework\src\Illuminate\Pipeline\Pipeline.php(180): Illuminate\Routing\Middleware\SubstituteBindings-&gt;handle(Object(Illuminate\Http\Request), Object(Closure))
#26 D:\meem-commerce\vendor\laravel\framework\src\Illuminate\Routing\Middleware\ThrottleRequests.php(159): Illuminate\Pipeline\Pipeline-&gt;Illuminate\Pipeline\{closure}(Object(Illuminate\Http\Request))
#27 D:\meem-commerce\vendor\laravel\framework\src\Illuminate\Routing\Middleware\ThrottleRequests.php(125): Illuminate\Routing\Middleware\ThrottleRequests-&gt;handleRequest(Object(Illuminate\Http\Request), Object(Closure), Array)
#28 D:\meem-commerce\vendor\laravel\framework\src\Illuminate\Routing\Middleware\ThrottleRequests.php(87): Illuminate\Routing\Middleware\ThrottleRequests-&gt;handleRequestUsingNamedLimiter(Object(Illuminate\Http\Request), Object(Closure), 'api', Object(Closure))
#29 D:\meem-commerce\vendor\laravel\framework\src\Illuminate\Pipeline\Pipeline.php(180): Illuminate\Routing\Middleware\ThrottleRequests-&gt;handle(Object(Illuminate\Http\Request), Object(Closure), 'api')
#30 D:\meem-commerce\vendor\laravel\framework\src\Illuminate\Pipeline\Pipeline.php(116): Illuminate\Pipeline\Pipeline-&gt;Illuminate\Pipeline\{closure}(Object(Illuminate\Http\Request))
#31 D:\meem-commerce\vendor\laravel\framework\src\Illuminate\Routing\Router.php(798): Illuminate\Pipeline\Pipeline-&gt;then(Object(Closure))
#32 D:\meem-commerce\vendor\laravel\framework\src\Illuminate\Routing\Router.php(777): Illuminate\Routing\Router-&gt;runRouteWithinStack(Object(Illuminate\Routing\Route), Object(Illuminate\Http\Request))
#33 D:\meem-commerce\vendor\laravel\framework\src\Illuminate\Routing\Router.php(741): Illuminate\Routing\Router-&gt;runRoute(Object(Illuminate\Http\Request), Object(Illuminate\Routing\Route))
#34 D:\meem-commerce\vendor\laravel\framework\src\Illuminate\Routing\Router.php(730): Illuminate\Routing\Router-&gt;dispatchToRoute(Object(Illuminate\Http\Request))
#35 D:\meem-commerce\vendor\laravel\framework\src\Illuminate\Foundation\Http\Kernel.php(200): Illuminate\Routing\Router-&gt;dispatch(Object(Illuminate\Http\Request))
#36 D:\meem-commerce\vendor\laravel\framework\src\Illuminate\Pipeline\Pipeline.php(141): Illuminate\Foundation\Http\Kernel-&gt;Illuminate\Foundation\Http\{closure}(Object(Illuminate\Http\Request))
#37 D:\meem-commerce\vendor\laravel\framework\src\Illuminate\Http\Middleware\HandleCors.php(62): Illuminate\Pipeline\Pipeline-&gt;Illuminate\Pipeline\{closure}(Object(Illuminate\Http\Request))
#38 D:\meem-commerce\vendor\laravel\framework\src\Illuminate\Pipeline\Pipeline.php(180): Illuminate\Http\Middleware\HandleCors-&gt;handle(Object(Illuminate\Http\Request), Object(Closure))
#39 D:\meem-commerce\vendor\laravel\framework\src\Illuminate\Foundation\Http\Middleware\TransformsRequest.php(21): Illuminate\Pipeline\Pipeline-&gt;Illuminate\Pipeline\{closure}(Object(Illuminate\Http\Request))
#40 D:\meem-commerce\vendor\laravel\framework\src\Illuminate\Foundation\Http\Middleware\ConvertEmptyStringsToNull.php(31): Illuminate\Foundation\Http\Middleware\TransformsRequest-&gt;handle(Object(Illuminate\Http\Request), Object(Closure))
#41 D:\meem-commerce\vendor\laravel\framework\src\Illuminate\Pipeline\Pipeline.php(180): Illuminate\Foundation\Http\Middleware\ConvertEmptyStringsToNull-&gt;handle(Object(Illuminate\Http\Request), Object(Closure))
#42 D:\meem-commerce\vendor\laravel\framework\src\Illuminate\Foundation\Http\Middleware\TransformsRequest.php(21): Illuminate\Pipeline\Pipeline-&gt;Illuminate\Pipeline\{closure}(Object(Illuminate\Http\Request))
#43 D:\meem-commerce\vendor\laravel\framework\src\Illuminate\Foundation\Http\Middleware\TrimStrings.php(40): Illuminate\Foundation\Http\Middleware\TransformsRequest-&gt;handle(Object(Illuminate\Http\Request), Object(Closure))
#44 D:\meem-commerce\vendor\laravel\framework\src\Illuminate\Pipeline\Pipeline.php(180): Illuminate\Foundation\Http\Middleware\TrimStrings-&gt;handle(Object(Illuminate\Http\Request), Object(Closure))
#45 D:\meem-commerce\vendor\laravel\framework\src\Illuminate\Foundation\Http\Middleware\ValidatePostSize.php(27): Illuminate\Pipeline\Pipeline-&gt;Illuminate\Pipeline\{closure}(Object(Illuminate\Http\Request))
#46 D:\meem-commerce\vendor\laravel\framework\src\Illuminate\Pipeline\Pipeline.php(180): Illuminate\Foundation\Http\Middleware\ValidatePostSize-&gt;handle(Object(Illuminate\Http\Request), Object(Closure))
#47 D:\meem-commerce\vendor\laravel\framework\src\Illuminate\Foundation\Http\Middleware\PreventRequestsDuringMaintenance.php(99): Illuminate\Pipeline\Pipeline-&gt;Illuminate\Pipeline\{closure}(Object(Illuminate\Http\Request))
#48 D:\meem-commerce\vendor\laravel\framework\src\Illuminate\Pipeline\Pipeline.php(180): Illuminate\Foundation\Http\Middleware\PreventRequestsDuringMaintenance-&gt;handle(Object(Illuminate\Http\Request), Object(Closure))
#49 D:\meem-commerce\vendor\laravel\framework\src\Illuminate\Http\Middleware\TrustProxies.php(39): Illuminate\Pipeline\Pipeline-&gt;Illuminate\Pipeline\{closure}(Object(Illuminate\Http\Request))
#50 D:\meem-commerce\vendor\laravel\framework\src\Illuminate\Pipeline\Pipeline.php(180): Illuminate\Http\Middleware\TrustProxies-&gt;handle(Object(Illuminate\Http\Request), Object(Closure))
#51 D:\meem-commerce\vendor\laravel\framework\src\Illuminate\Pipeline\Pipeline.php(116): Illuminate\Pipeline\Pipeline-&gt;Illuminate\Pipeline\{closure}(Object(Illuminate\Http\Request))
#52 D:\meem-commerce\vendor\laravel\framework\src\Illuminate\Foundation\Http\Kernel.php(175): Illuminate\Pipeline\Pipeline-&gt;then(Object(Closure))
#53 D:\meem-commerce\vendor\laravel\framework\src\Illuminate\Foundation\Http\Kernel.php(144): Illuminate\Foundation\Http\Kernel-&gt;sendRequestThroughRouter(Object(Illuminate\Http\Request))
#54 D:\meem-commerce\vendor\laravel\framework\src\Illuminate\Foundation\Testing\Concerns\MakesHttpRequests.php(573): Illuminate\Foundation\Http\Kernel-&gt;handle(Object(Illuminate\Http\Request))
#55 D:\meem-commerce\vendor\laravel\framework\src\Illuminate\Foundation\Testing\Concerns\MakesHttpRequests.php(539): Illuminate\Foundation\Testing\TestCase-&gt;call('GET', '/api/v1/general...', Array, Array, Array, Array, '[]')
#56 D:\meem-commerce\vendor\laravel\framework\src\Illuminate\Foundation\Testing\Concerns\MakesHttpRequests.php(347): Illuminate\Foundation\Testing\TestCase-&gt;json('GET', '/api/v1/general...', Array, Array, 0)
#57 D:\meem-commerce\tests\Feature\DimensionFilterTest.php(174): Illuminate\Foundation\Testing\TestCase-&gt;getJson('/api/v1/general...')
#58 D:\meem-commerce\vendor\phpunit\phpunit\src\Framework\TestCase.php(1030): Tests\Feature\DimensionFilterTest-&gt;test_range_height_min_filter()
#59 D:\meem-commerce\vendor\laravel\framework\src\Illuminate\Foundation\Testing\TestCase.php(174): PHPUnit\Framework\TestCase-&gt;runTest()
#60 D:\meem-commerce\vendor\phpunit\phpunit\src\Framework\TestCase.php(627): Illuminate\Foundation\Testing\TestCase-&gt;runTest()
#61 D:\meem-commerce\vendor\phpunit\phpunit\src\Framework\TestRunner.php(101): PHPUnit\Framework\TestCase-&gt;runBare()
#62 D:\meem-commerce\vendor\phpunit\phpunit\src\Framework\TestCase.php(456): PHPUnit\Framework\TestRunner-&gt;run(Object(Tests\Feature\DimensionFilterTest))
#63 D:\meem-commerce\vendor\phpunit\phpunit\src\Framework\TestSuite.php(352): PHPUnit\Framework\TestCase-&gt;run()
#64 D:\meem-commerce\vendor\phpunit\phpunit\src\Framework\TestSuite.php(352): PHPUnit\Framework\TestSuite-&gt;run()
#65 D:\meem-commerce\vendor\phpunit\phpunit\src\Framework\TestSuite.php(352): PHPUnit\Framework\TestSuite-&gt;run()
#66 D:\meem-commerce\vendor\phpunit\phpunit\src\TextUI\TestRunner.php(63): PHPUnit\Framework\TestSuite-&gt;run()
#67 D:\meem-commerce\vendor\phpunit\phpunit\src\TextUI\Application.php(141): PHPUnit\TextUI\TestRunner-&gt;run(Object(PHPUnit\TextUI\Configuration\Configuration), Object(PHPUnit\Runner\ResultCache\DefaultResultCache), Object(PHPUnit\Framework\TestSuite))
#68 D:\meem-commerce\vendor\phpunit\phpunit\phpunit(90): PHPUnit\TextUI\Application-&gt;run(Array)
#69 D:\meem-commerce\vendor\bin\phpunit(122): include('D:\\meem-commerc...')
#70 {main}

Next Illuminate\Database\QueryException: SQLSTATE[HY000]: General error: 1 no such function: REGEXP_REPLACE (Connection: sqlite, SQL: select count(*) as aggregate from "products" where ("status" = 1 or "status" = publish) and ("in_stock" = 1 or (COALESCE(stock_quantity, 0) - COALESCE(reserved_quantity, 0)) &gt; 0) and "is_fast_shipping_available" = 0 and ((CAST(REGEXP_REPLACE(COALESCE(products.height, ''), '[^0-9.]', '') AS DECIMAL(12,4)) &gt;= 12) or exists (select * from "product_variants" where "products"."id" = "product_variants"."product_id" and "height" &gt;= 12)) and "products"."deleted_at" is null) in D:\meem-commerce\vendor\laravel\framework\src\Illuminate\Database\Connection.php:822
Stack trace:
#0 D:\meem-commerce\vendor\laravel\framework\src\Illuminate\Database\Connection.php(776): Illuminate\Database\Connection-&gt;runQueryCallback('select count(*)...', Array, Object(Closure))
#1 D:\meem-commerce\vendor\laravel\framework\src\Illuminate\Database\Connection.php(407): Illuminate\Database\Connection-&gt;run('select count(*)...', Array, Object(Closure))
#2 D:\meem-commerce\vendor\laravel\framework\src\Illuminate\Database\Query\Builder.php(2751): Illuminate\Database\Connection-&gt;select('select count(*)...', Array, true)
#3 D:\meem-commerce\vendor\laravel\framework\src\Illuminate\Database\Query\Builder.php(2740): Illuminate\Database\Query\Builder-&gt;runSelect()
#4 D:\meem-commerce\vendor\laravel\framework\src\Illuminate\Database\Query\Builder.php(3294): Illuminate\Database\Query\Builder-&gt;Illuminate\Database\Query\{closure}()
#5 D:\meem-commerce\vendor\laravel\framework\src\Illuminate\Database\Query\Builder.php(2739): Illuminate\Database\Query\Builder-&gt;onceWithColumns(Array, Object(Closure))
#6 D:\meem-commerce\vendor\laravel\framework\src\Illuminate\Database\Query\Builder.php(2904): Illuminate\Database\Query\Builder-&gt;get()
#7 D:\meem-commerce\vendor\laravel\framework\src\Illuminate\Database\Query\Builder.php(2863): Illuminate\Database\Query\Builder-&gt;runPaginationCountQuery(Array)
#8 D:\meem-commerce\vendor\laravel\framework\src\Illuminate\Database\Eloquent\Builder.php(921): Illuminate\Database\Query\Builder-&gt;getCountForPagination()
#9 D:\meem-commerce\app\Services\General\ProductService.php(136): Illuminate\Database\Eloquent\Builder-&gt;paginate(15)
#10 D:\meem-commerce\app\Services\General\ProductEngine\Strategies\AllProduct.php(18): App\Services\General\ProductService-&gt;paginate(Object(Illuminate\Http\Request))
#11 D:\meem-commerce\app\Http\Controllers\Api\General\ProductController.php(53): App\Services\General\ProductEngine\Strategies\AllProduct-&gt;getProducts(Object(Illuminate\Http\Request))
#12 D:\meem-commerce\vendor\laravel\framework\src\Illuminate\Routing\Controller.php(54): App\Http\Controllers\Api\General\ProductController-&gt;index(Object(Illuminate\Http\Request))
#13 D:\meem-commerce\vendor\laravel\framework\src\Illuminate\Routing\ControllerDispatcher.php(43): Illuminate\Routing\Controller-&gt;callAction('index', Array)
#14 D:\meem-commerce\vendor\laravel\framework\src\Illuminate\Routing\Route.php(259): Illuminate\Routing\ControllerDispatcher-&gt;dispatch(Object(Illuminate\Routing\Route), Object(App\Http\Controllers\Api\General\ProductController), 'index')
#15 D:\meem-commerce\vendor\laravel\framework\src\Illuminate\Routing\Route.php(205): Illuminate\Routing\Route-&gt;runController()
#16 D:\meem-commerce\vendor\laravel\framework\src\Illuminate\Routing\Router.php(799): Illuminate\Routing\Route-&gt;run()
#17 D:\meem-commerce\vendor\laravel\framework\src\Illuminate\Pipeline\Pipeline.php(141): Illuminate\Routing\Router-&gt;Illuminate\Routing\{closure}(Object(Illuminate\Http\Request))
#18 D:\meem-commerce\app\Http\Middleware\CheckLangMiddleware.php(27): Illuminate\Pipeline\Pipeline-&gt;Illuminate\Pipeline\{closure}(Object(Illuminate\Http\Request))
#19 D:\meem-commerce\vendor\laravel\framework\src\Illuminate\Pipeline\Pipeline.php(180): App\Http\Middleware\CheckLangMiddleware-&gt;handle(Object(Illuminate\Http\Request), Object(Closure))
#20 D:\meem-commerce\app\Http\Middleware\ChannelMiddleware.php(25): Illuminate\Pipeline\Pipeline-&gt;Illuminate\Pipeline\{closure}(Object(Illuminate\Http\Request))
#21 D:\meem-commerce\vendor\laravel\framework\src\Illuminate\Pipeline\Pipeline.php(180): App\Http\Middleware\ChannelMiddleware-&gt;handle(Object(Illuminate\Http\Request), Object(Closure))
#22 D:\meem-commerce\vendor\laravel\framework\src\Illuminate\Routing\Middleware\SubstituteBindings.php(50): Illuminate\Pipeline\Pipeline-&gt;Illuminate\Pipeline\{closure}(Object(Illuminate\Http\Request))
#23 D:\meem-commerce\vendor\laravel\framework\src\Illuminate\Pipeline\Pipeline.php(180): Illuminate\Routing\Middleware\SubstituteBindings-&gt;handle(Object(Illuminate\Http\Request), Object(Closure))
#24 D:\meem-commerce\vendor\laravel\framework\src\Illuminate\Routing\Middleware\ThrottleRequests.php(159): Illuminate\Pipeline\Pipeline-&gt;Illuminate\Pipeline\{closure}(Object(Illuminate\Http\Request))
#25 D:\meem-commerce\vendor\laravel\framework\src\Illuminate\Routing\Middleware\ThrottleRequests.php(125): Illuminate\Routing\Middleware\ThrottleRequests-&gt;handleRequest(Object(Illuminate\Http\Request), Object(Closure), Array)
#26 D:\meem-commerce\vendor\laravel\framework\src\Illuminate\Routing\Middleware\ThrottleRequests.php(87): Illuminate\Routing\Middleware\ThrottleRequests-&gt;handleRequestUsingNamedLimiter(Object(Illuminate\Http\Request), Object(Closure), 'api', Object(Closure))
#27 D:\meem-commerce\vendor\laravel\framework\src\Illuminate\Pipeline\Pipeline.php(180): Illuminate\Routing\Middleware\ThrottleRequests-&gt;handle(Object(Illuminate\Http\Request), Object(Closure), 'api')
#28 D:\meem-commerce\vendor\laravel\framework\src\Illuminate\Pipeline\Pipeline.php(116): Illuminate\Pipeline\Pipeline-&gt;Illuminate\Pipeline\{closure}(Object(Illuminate\Http\Request))
#29 D:\meem-commerce\vendor\laravel\framework\src\Illuminate\Routing\Router.php(798): Illuminate\Pipeline\Pipeline-&gt;then(Object(Closure))
#30 D:\meem-commerce\vendor\laravel\framework\src\Illuminate\Routing\Router.php(777): Illuminate\Routing\Router-&gt;runRouteWithinStack(Object(Illuminate\Routing\Route), Object(Illuminate\Http\Request))
#31 D:\meem-commerce\vendor\laravel\framework\src\Illuminate\Routing\Router.php(741): Illuminate\Routing\Router-&gt;runRoute(Object(Illuminate\Http\Request), Object(Illuminate\Routing\Route))
#32 D:\meem-commerce\vendor\laravel\framework\src\Illuminate\Routing\Router.php(730): Illuminate\Routing\Router-&gt;dispatchToRoute(Object(Illuminate\Http\Request))
#33 D:\meem-commerce\vendor\laravel\framework\src\Illuminate\Foundation\Http\Kernel.php(200): Illuminate\Routing\Router-&gt;dispatch(Object(Illuminate\Http\Request))
#34 D:\meem-commerce\vendor\laravel\framework\src\Illuminate\Pipeline\Pipeline.php(141): Illuminate\Foundation\Http\Kernel-&gt;Illuminate\Foundation\Http\{closure}(Object(Illuminate\Http\Request))
#35 D:\meem-commerce\vendor\laravel\framework\src\Illuminate\Http\Middleware\HandleCors.php(62): Illuminate\Pipeline\Pipeline-&gt;Illuminate\Pipeline\{closure}(Object(Illuminate\Http\Request))
#36 D:\meem-commerce\vendor\laravel\framework\src\Illuminate\Pipeline\Pipeline.php(180): Illuminate\Http\Middleware\HandleCors-&gt;handle(Object(Illuminate\Http\Request), Object(Closure))
#37 D:\meem-commerce\vendor\laravel\framework\src\Illuminate\Foundation\Http\Middleware\TransformsRequest.php(21): Illuminate\Pipeline\Pipeline-&gt;Illuminate\Pipeline\{closure}(Object(Illuminate\Http\Request))
#38 D:\meem-commerce\vendor\laravel\framework\src\Illuminate\Foundation\Http\Middleware\ConvertEmptyStringsToNull.php(31): Illuminate\Foundation\Http\Middleware\TransformsRequest-&gt;handle(Object(Illuminate\Http\Request), Object(Closure))
#39 D:\meem-commerce\vendor\laravel\framework\src\Illuminate\Pipeline\Pipeline.php(180): Illuminate\Foundation\Http\Middleware\ConvertEmptyStringsToNull-&gt;handle(Object(Illuminate\Http\Request), Object(Closure))
#40 D:\meem-commerce\vendor\laravel\framework\src\Illuminate\Foundation\Http\Middleware\TransformsRequest.php(21): Illuminate\Pipeline\Pipeline-&gt;Illuminate\Pipeline\{closure}(Object(Illuminate\Http\Request))
#41 D:\meem-commerce\vendor\laravel\framework\src\Illuminate\Foundation\Http\Middleware\TrimStrings.php(40): Illuminate\Foundation\Http\Middleware\TransformsRequest-&gt;handle(Object(Illuminate\Http\Request), Object(Closure))
#42 D:\meem-commerce\vendor\laravel\framework\src\Illuminate\Pipeline\Pipeline.php(180): Illuminate\Foundation\Http\Middleware\TrimStrings-&gt;handle(Object(Illuminate\Http\Request), Object(Closure))
#43 D:\meem-commerce\vendor\laravel\framework\src\Illuminate\Foundation\Http\Middleware\ValidatePostSize.php(27): Illuminate\Pipeline\Pipeline-&gt;Illuminate\Pipeline\{closure}(Object(Illuminate\Http\Request))
#44 D:\meem-commerce\vendor\laravel\framework\src\Illuminate\Pipeline\Pipeline.php(180): Illuminate\Foundation\Http\Middleware\ValidatePostSize-&gt;handle(Object(Illuminate\Http\Request), Object(Closure))
#45 D:\meem-commerce\vendor\laravel\framework\src\Illuminate\Foundation\Http\Middleware\PreventRequestsDuringMaintenance.php(99): Illuminate\Pipeline\Pipeline-&gt;Illuminate\Pipeline\{closure}(Object(Illuminate\Http\Request))
#46 D:\meem-commerce\vendor\laravel\framework\src\Illuminate\Pipeline\Pipeline.php(180): Illuminate\Foundation\Http\Middleware\PreventRequestsDuringMaintenance-&gt;handle(Object(Illuminate\Http\Request), Object(Closure))
#47 D:\meem-commerce\vendor\laravel\framework\src\Illuminate\Http\Middleware\TrustProxies.php(39): Illuminate\Pipeline\Pipeline-&gt;Illuminate\Pipeline\{closure}(Object(Illuminate\Http\Request))
#48 D:\meem-commerce\vendor\laravel\framework\src\Illuminate\Pipeline\Pipeline.php(180): Illuminate\Http\Middleware\TrustProxies-&gt;handle(Object(Illuminate\Http\Request), Object(Closure))
#49 D:\meem-commerce\vendor\laravel\framework\src\Illuminate\Pipeline\Pipeline.php(116): Illuminate\Pipeline\Pipeline-&gt;Illuminate\Pipeline\{closure}(Object(Illuminate\Http\Request))
#50 D:\meem-commerce\vendor\laravel\framework\src\Illuminate\Foundation\Http\Kernel.php(175): Illuminate\Pipeline\Pipeline-&gt;then(Object(Closure))
#51 D:\meem-commerce\vendor\laravel\framework\src\Illuminate\Foundation\Http\Kernel.php(144): Illuminate\Foundation\Http\Kernel-&gt;sendRequestThroughRouter(Object(Illuminate\Http\Request))
#52 D:\meem-commerce\vendor\laravel\framework\src\Illuminate\Foundation\Testing\Concerns\MakesHttpRequests.php(573): Illuminate\Foundation\Http\Kernel-&gt;handle(Object(Illuminate\Http\Request))
#53 D:\meem-commerce\vendor\laravel\framework\src\Illuminate\Foundation\Testing\Concerns\MakesHttpRequests.php(539): Illuminate\Foundation\Testing\TestCase-&gt;call('GET', '/api/v1/general...', Array, Array, Array, Array, '[]')
#54 D:\meem-commerce\vendor\laravel\framework\src\Illuminate\Foundation\Testing\Concerns\MakesHttpRequests.php(347): Illuminate\Foundation\Testing\TestCase-&gt;json('GET', '/api/v1/general...', Array, Array, 0)
#55 D:\meem-commerce\tests\Feature\DimensionFilterTest.php(174): Illuminate\Foundation\Testing\TestCase-&gt;getJson('/api/v1/general...')
#56 D:\meem-commerce\vendor\phpunit\phpunit\src\Framework\TestCase.php(1030): Tests\Feature\DimensionFilterTest-&gt;test_range_height_min_filter()
#57 D:\meem-commerce\vendor\laravel\framework\src\Illuminate\Foundation\Testing\TestCase.php(174): PHPUnit\Framework\TestCase-&gt;runTest()
#58 D:\meem-commerce\vendor\phpunit\phpunit\src\Framework\TestCase.php(627): Illuminate\Foundation\Testing\TestCase-&gt;runTest()
#59 D:\meem-commerce\vendor\phpunit\phpunit\src\Framework\TestRunner.php(101): PHPUnit\Framework\TestCase-&gt;runBare()
#60 D:\meem-commerce\vendor\phpunit\phpunit\src\Framework\TestCase.php(456): PHPUnit\Framework\TestRunner-&gt;run(Object(Tests\Feature\DimensionFilterTest))
#61 D:\meem-commerce\vendor\phpunit\phpunit\src\Framework\TestSuite.php(352): PHPUnit\Framework\TestCase-&gt;run()
#62 D:\meem-commerce\vendor\phpunit\phpunit\src\Framework\TestSuite.php(352): PHPUnit\Framework\TestSuite-&gt;run()
#63 D:\meem-commerce\vendor\phpunit\phpunit\src\Framework\TestSuite.php(352): PHPUnit\Framework\TestSuite-&gt;run()
#64 D:\meem-commerce\vendor\phpunit\phpunit\src\TextUI\TestRunner.php(63): PHPUnit\Framework\TestSuite-&gt;run()
#65 D:\meem-commerce\vendor\phpunit\phpunit\src\TextUI\Application.php(141): PHPUnit\TextUI\TestRunner-&gt;run(Object(PHPUnit\TextUI\Configuration\Configuration), Object(PHPUnit\Runner\ResultCache\DefaultResultCache), Object(PHPUnit\Framework\TestSuite))
#66 D:\meem-commerce\vendor\phpunit\phpunit\phpunit(90): PHPUnit\TextUI\Application-&gt;run(Array)
#67 D:\meem-commerce\vendor\bin\phpunit(122): include('D:\\meem-commerc...')
#68 {main}

----------------------------------------------------------------------------------

SQLSTATE[HY000]: General error: 1 no such function: REGEXP_REPLACE (Connection: sqlite, SQL: select count(*) as aggregate from "products" where ("status" = 1 or "status" = publish) and ("in_stock" = 1 or (COALESCE(stock_quantity, 0) - COALESCE(reserved_quantity, 0)) &gt; 0) and "is_fast_shipping_available" = 0 and ((CAST(REGEXP_REPLACE(COALESCE(products.height, ''), '[^0-9.]', '') AS DECIMAL(12,4)) &gt;= 12) or exists (select * from "product_variants" where "products"."id" = "product_variants"."product_id" and "height" &gt;= 12)) and "products"."deleted_at" is null)
&#13;
D:\meem-commerce\vendor\laravel\framework\src\Illuminate\Testing\TestResponse.php:146
D:\meem-commerce\vendor\laravel\framework\src\Illuminate\Testing\Concerns\AssertsStatusCodes.php:16
D:\meem-commerce\tests\Feature\DimensionFilterTest.php:175
D:\meem-commerce\vendor\laravel\framework\src\Illuminate\Foundation\Testing\TestCase.php:174</failure>
        </testcase>
        <testcase name="test_range_height_max_filter" file="D:\meem-commerce\tests\Feature\DimensionFilterTest.php" line="181" class="Tests\Feature\DimensionFilterTest" classname="Tests.Feature.DimensionFilterTest" assertions="1" time="0.016181">
          <failure type="PHPUnit\Framework\ExpectationFailedException">Tests\Feature\DimensionFilterTest::test_range_height_max_filter&#13;
Expected response status code [200] but received 409.
Failed asserting that 200 is identical to 409.&#13;
&#13;
The following exception occurred during the last request:

PDOException: SQLSTATE[HY000]: General error: 1 no such function: REGEXP_REPLACE in D:\meem-commerce\vendor\laravel\framework\src\Illuminate\Database\Connection.php:416
Stack trace:
#0 D:\meem-commerce\vendor\laravel\framework\src\Illuminate\Database\Connection.php(416): PDO-&gt;prepare('select count(*)...')
#1 D:\meem-commerce\vendor\laravel\framework\src\Illuminate\Database\Connection.php(809): Illuminate\Database\Connection-&gt;Illuminate\Database\{closure}('select count(*)...', Array)
#2 D:\meem-commerce\vendor\laravel\framework\src\Illuminate\Database\Connection.php(776): Illuminate\Database\Connection-&gt;runQueryCallback('select count(*)...', Array, Object(Closure))
#3 D:\meem-commerce\vendor\laravel\framework\src\Illuminate\Database\Connection.php(407): Illuminate\Database\Connection-&gt;run('select count(*)...', Array, Object(Closure))
#4 D:\meem-commerce\vendor\laravel\framework\src\Illuminate\Database\Query\Builder.php(2751): Illuminate\Database\Connection-&gt;select('select count(*)...', Array, true)
#5 D:\meem-commerce\vendor\laravel\framework\src\Illuminate\Database\Query\Builder.php(2740): Illuminate\Database\Query\Builder-&gt;runSelect()
#6 D:\meem-commerce\vendor\laravel\framework\src\Illuminate\Database\Query\Builder.php(3294): Illuminate\Database\Query\Builder-&gt;Illuminate\Database\Query\{closure}()
#7 D:\meem-commerce\vendor\laravel\framework\src\Illuminate\Database\Query\Builder.php(2739): Illuminate\Database\Query\Builder-&gt;onceWithColumns(Array, Object(Closure))
#8 D:\meem-commerce\vendor\laravel\framework\src\Illuminate\Database\Query\Builder.php(2904): Illuminate\Database\Query\Builder-&gt;get()
#9 D:\meem-commerce\vendor\laravel\framework\src\Illuminate\Database\Query\Builder.php(2863): Illuminate\Database\Query\Builder-&gt;runPaginationCountQuery(Array)
#10 D:\meem-commerce\vendor\laravel\framework\src\Illuminate\Database\Eloquent\Builder.php(921): Illuminate\Database\Query\Builder-&gt;getCountForPagination()
#11 D:\meem-commerce\app\Services\General\ProductService.php(136): Illuminate\Database\Eloquent\Builder-&gt;paginate(15)
#12 D:\meem-commerce\app\Services\General\ProductEngine\Strategies\AllProduct.php(18): App\Services\General\ProductService-&gt;paginate(Object(Illuminate\Http\Request))
#13 D:\meem-commerce\app\Http\Controllers\Api\General\ProductController.php(53): App\Services\General\ProductEngine\Strategies\AllProduct-&gt;getProducts(Object(Illuminate\Http\Request))
#14 D:\meem-commerce\vendor\laravel\framework\src\Illuminate\Routing\Controller.php(54): App\Http\Controllers\Api\General\ProductController-&gt;index(Object(Illuminate\Http\Request))
#15 D:\meem-commerce\vendor\laravel\framework\src\Illuminate\Routing\ControllerDispatcher.php(43): Illuminate\Routing\Controller-&gt;callAction('index', Array)
#16 D:\meem-commerce\vendor\laravel\framework\src\Illuminate\Routing\Route.php(259): Illuminate\Routing\ControllerDispatcher-&gt;dispatch(Object(Illuminate\Routing\Route), Object(App\Http\Controllers\Api\General\ProductController), 'index')
#17 D:\meem-commerce\vendor\laravel\framework\src\Illuminate\Routing\Route.php(205): Illuminate\Routing\Route-&gt;runController()
#18 D:\meem-commerce\vendor\laravel\framework\src\Illuminate\Routing\Router.php(799): Illuminate\Routing\Route-&gt;run()
#19 D:\meem-commerce\vendor\laravel\framework\src\Illuminate\Pipeline\Pipeline.php(141): Illuminate\Routing\Router-&gt;Illuminate\Routing\{closure}(Object(Illuminate\Http\Request))
#20 D:\meem-commerce\app\Http\Middleware\CheckLangMiddleware.php(27): Illuminate\Pipeline\Pipeline-&gt;Illuminate\Pipeline\{closure}(Object(Illuminate\Http\Request))
#21 D:\meem-commerce\vendor\laravel\framework\src\Illuminate\Pipeline\Pipeline.php(180): App\Http\Middleware\CheckLangMiddleware-&gt;handle(Object(Illuminate\Http\Request), Object(Closure))
#22 D:\meem-commerce\app\Http\Middleware\ChannelMiddleware.php(25): Illuminate\Pipeline\Pipeline-&gt;Illuminate\Pipeline\{closure}(Object(Illuminate\Http\Request))
#23 D:\meem-commerce\vendor\laravel\framework\src\Illuminate\Pipeline\Pipeline.php(180): App\Http\Middleware\ChannelMiddleware-&gt;handle(Object(Illuminate\Http\Request), Object(Closure))
#24 D:\meem-commerce\vendor\laravel\framework\src\Illuminate\Routing\Middleware\SubstituteBindings.php(50): Illuminate\Pipeline\Pipeline-&gt;Illuminate\Pipeline\{closure}(Object(Illuminate\Http\Request))
#25 D:\meem-commerce\vendor\laravel\framework\src\Illuminate\Pipeline\Pipeline.php(180): Illuminate\Routing\Middleware\SubstituteBindings-&gt;handle(Object(Illuminate\Http\Request), Object(Closure))
#26 D:\meem-commerce\vendor\laravel\framework\src\Illuminate\Routing\Middleware\ThrottleRequests.php(159): Illuminate\Pipeline\Pipeline-&gt;Illuminate\Pipeline\{closure}(Object(Illuminate\Http\Request))
#27 D:\meem-commerce\vendor\laravel\framework\src\Illuminate\Routing\Middleware\ThrottleRequests.php(125): Illuminate\Routing\Middleware\ThrottleRequests-&gt;handleRequest(Object(Illuminate\Http\Request), Object(Closure), Array)
#28 D:\meem-commerce\vendor\laravel\framework\src\Illuminate\Routing\Middleware\ThrottleRequests.php(87): Illuminate\Routing\Middleware\ThrottleRequests-&gt;handleRequestUsingNamedLimiter(Object(Illuminate\Http\Request), Object(Closure), 'api', Object(Closure))
#29 D:\meem-commerce\vendor\laravel\framework\src\Illuminate\Pipeline\Pipeline.php(180): Illuminate\Routing\Middleware\ThrottleRequests-&gt;handle(Object(Illuminate\Http\Request), Object(Closure), 'api')
#30 D:\meem-commerce\vendor\laravel\framework\src\Illuminate\Pipeline\Pipeline.php(116): Illuminate\Pipeline\Pipeline-&gt;Illuminate\Pipeline\{closure}(Object(Illuminate\Http\Request))
#31 D:\meem-commerce\vendor\laravel\framework\src\Illuminate\Routing\Router.php(798): Illuminate\Pipeline\Pipeline-&gt;then(Object(Closure))
#32 D:\meem-commerce\vendor\laravel\framework\src\Illuminate\Routing\Router.php(777): Illuminate\Routing\Router-&gt;runRouteWithinStack(Object(Illuminate\Routing\Route), Object(Illuminate\Http\Request))
#33 D:\meem-commerce\vendor\laravel\framework\src\Illuminate\Routing\Router.php(741): Illuminate\Routing\Router-&gt;runRoute(Object(Illuminate\Http\Request), Object(Illuminate\Routing\Route))
#34 D:\meem-commerce\vendor\laravel\framework\src\Illuminate\Routing\Router.php(730): Illuminate\Routing\Router-&gt;dispatchToRoute(Object(Illuminate\Http\Request))
#35 D:\meem-commerce\vendor\laravel\framework\src\Illuminate\Foundation\Http\Kernel.php(200): Illuminate\Routing\Router-&gt;dispatch(Object(Illuminate\Http\Request))
#36 D:\meem-commerce\vendor\laravel\framework\src\Illuminate\Pipeline\Pipeline.php(141): Illuminate\Foundation\Http\Kernel-&gt;Illuminate\Foundation\Http\{closure}(Object(Illuminate\Http\Request))
#37 D:\meem-commerce\vendor\laravel\framework\src\Illuminate\Http\Middleware\HandleCors.php(62): Illuminate\Pipeline\Pipeline-&gt;Illuminate\Pipeline\{closure}(Object(Illuminate\Http\Request))
#38 D:\meem-commerce\vendor\laravel\framework\src\Illuminate\Pipeline\Pipeline.php(180): Illuminate\Http\Middleware\HandleCors-&gt;handle(Object(Illuminate\Http\Request), Object(Closure))
#39 D:\meem-commerce\vendor\laravel\framework\src\Illuminate\Foundation\Http\Middleware\TransformsRequest.php(21): Illuminate\Pipeline\Pipeline-&gt;Illuminate\Pipeline\{closure}(Object(Illuminate\Http\Request))
#40 D:\meem-commerce\vendor\laravel\framework\src\Illuminate\Foundation\Http\Middleware\ConvertEmptyStringsToNull.php(31): Illuminate\Foundation\Http\Middleware\TransformsRequest-&gt;handle(Object(Illuminate\Http\Request), Object(Closure))
#41 D:\meem-commerce\vendor\laravel\framework\src\Illuminate\Pipeline\Pipeline.php(180): Illuminate\Foundation\Http\Middleware\ConvertEmptyStringsToNull-&gt;handle(Object(Illuminate\Http\Request), Object(Closure))
#42 D:\meem-commerce\vendor\laravel\framework\src\Illuminate\Foundation\Http\Middleware\TransformsRequest.php(21): Illuminate\Pipeline\Pipeline-&gt;Illuminate\Pipeline\{closure}(Object(Illuminate\Http\Request))
#43 D:\meem-commerce\vendor\laravel\framework\src\Illuminate\Foundation\Http\Middleware\TrimStrings.php(40): Illuminate\Foundation\Http\Middleware\TransformsRequest-&gt;handle(Object(Illuminate\Http\Request), Object(Closure))
#44 D:\meem-commerce\vendor\laravel\framework\src\Illuminate\Pipeline\Pipeline.php(180): Illuminate\Foundation\Http\Middleware\TrimStrings-&gt;handle(Object(Illuminate\Http\Request), Object(Closure))
#45 D:\meem-commerce\vendor\laravel\framework\src\Illuminate\Foundation\Http\Middleware\ValidatePostSize.php(27): Illuminate\Pipeline\Pipeline-&gt;Illuminate\Pipeline\{closure}(Object(Illuminate\Http\Request))
#46 D:\meem-commerce\vendor\laravel\framework\src\Illuminate\Pipeline\Pipeline.php(180): Illuminate\Foundation\Http\Middleware\ValidatePostSize-&gt;handle(Object(Illuminate\Http\Request), Object(Closure))
#47 D:\meem-commerce\vendor\laravel\framework\src\Illuminate\Foundation\Http\Middleware\PreventRequestsDuringMaintenance.php(99): Illuminate\Pipeline\Pipeline-&gt;Illuminate\Pipeline\{closure}(Object(Illuminate\Http\Request))
#48 D:\meem-commerce\vendor\laravel\framework\src\Illuminate\Pipeline\Pipeline.php(180): Illuminate\Foundation\Http\Middleware\PreventRequestsDuringMaintenance-&gt;handle(Object(Illuminate\Http\Request), Object(Closure))
#49 D:\meem-commerce\vendor\laravel\framework\src\Illuminate\Http\Middleware\TrustProxies.php(39): Illuminate\Pipeline\Pipeline-&gt;Illuminate\Pipeline\{closure}(Object(Illuminate\Http\Request))
#50 D:\meem-commerce\vendor\laravel\framework\src\Illuminate\Pipeline\Pipeline.php(180): Illuminate\Http\Middleware\TrustProxies-&gt;handle(Object(Illuminate\Http\Request), Object(Closure))
#51 D:\meem-commerce\vendor\laravel\framework\src\Illuminate\Pipeline\Pipeline.php(116): Illuminate\Pipeline\Pipeline-&gt;Illuminate\Pipeline\{closure}(Object(Illuminate\Http\Request))
#52 D:\meem-commerce\vendor\laravel\framework\src\Illuminate\Foundation\Http\Kernel.php(175): Illuminate\Pipeline\Pipeline-&gt;then(Object(Closure))
#53 D:\meem-commerce\vendor\laravel\framework\src\Illuminate\Foundation\Http\Kernel.php(144): Illuminate\Foundation\Http\Kernel-&gt;sendRequestThroughRouter(Object(Illuminate\Http\Request))
#54 D:\meem-commerce\vendor\laravel\framework\src\Illuminate\Foundation\Testing\Concerns\MakesHttpRequests.php(573): Illuminate\Foundation\Http\Kernel-&gt;handle(Object(Illuminate\Http\Request))
#55 D:\meem-commerce\vendor\laravel\framework\src\Illuminate\Foundation\Testing\Concerns\MakesHttpRequests.php(539): Illuminate\Foundation\Testing\TestCase-&gt;call('GET', '/api/v1/general...', Array, Array, Array, Array, '[]')
#56 D:\meem-commerce\vendor\laravel\framework\src\Illuminate\Foundation\Testing\Concerns\MakesHttpRequests.php(347): Illuminate\Foundation\Testing\TestCase-&gt;json('GET', '/api/v1/general...', Array, Array, 0)
#57 D:\meem-commerce\tests\Feature\DimensionFilterTest.php(185): Illuminate\Foundation\Testing\TestCase-&gt;getJson('/api/v1/general...')
#58 D:\meem-commerce\vendor\phpunit\phpunit\src\Framework\TestCase.php(1030): Tests\Feature\DimensionFilterTest-&gt;test_range_height_max_filter()
#59 D:\meem-commerce\vendor\laravel\framework\src\Illuminate\Foundation\Testing\TestCase.php(174): PHPUnit\Framework\TestCase-&gt;runTest()
#60 D:\meem-commerce\vendor\phpunit\phpunit\src\Framework\TestCase.php(627): Illuminate\Foundation\Testing\TestCase-&gt;runTest()
#61 D:\meem-commerce\vendor\phpunit\phpunit\src\Framework\TestRunner.php(101): PHPUnit\Framework\TestCase-&gt;runBare()
#62 D:\meem-commerce\vendor\phpunit\phpunit\src\Framework\TestCase.php(456): PHPUnit\Framework\TestRunner-&gt;run(Object(Tests\Feature\DimensionFilterTest))
#63 D:\meem-commerce\vendor\phpunit\phpunit\src\Framework\TestSuite.php(352): PHPUnit\Framework\TestCase-&gt;run()
#64 D:\meem-commerce\vendor\phpunit\phpunit\src\Framework\TestSuite.php(352): PHPUnit\Framework\TestSuite-&gt;run()
#65 D:\meem-commerce\vendor\phpunit\phpunit\src\Framework\TestSuite.php(352): PHPUnit\Framework\TestSuite-&gt;run()
#66 D:\meem-commerce\vendor\phpunit\phpunit\src\TextUI\TestRunner.php(63): PHPUnit\Framework\TestSuite-&gt;run()
#67 D:\meem-commerce\vendor\phpunit\phpunit\src\TextUI\Application.php(141): PHPUnit\TextUI\TestRunner-&gt;run(Object(PHPUnit\TextUI\Configuration\Configuration), Object(PHPUnit\Runner\ResultCache\DefaultResultCache), Object(PHPUnit\Framework\TestSuite))
#68 D:\meem-commerce\vendor\phpunit\phpunit\phpunit(90): PHPUnit\TextUI\Application-&gt;run(Array)
#69 D:\meem-commerce\vendor\bin\phpunit(122): include('D:\\meem-commerc...')
#70 {main}

Next Illuminate\Database\QueryException: SQLSTATE[HY000]: General error: 1 no such function: REGEXP_REPLACE (Connection: sqlite, SQL: select count(*) as aggregate from "products" where ("status" = 1 or "status" = publish) and ("in_stock" = 1 or (COALESCE(stock_quantity, 0) - COALESCE(reserved_quantity, 0)) &gt; 0) and "is_fast_shipping_available" = 0 and ((CAST(REGEXP_REPLACE(COALESCE(products.height, ''), '[^0-9.]', '') AS DECIMAL(12,4)) &lt;= 12) or exists (select * from "product_variants" where "products"."id" = "product_variants"."product_id" and "height" &lt;= 12)) and "products"."deleted_at" is null) in D:\meem-commerce\vendor\laravel\framework\src\Illuminate\Database\Connection.php:822
Stack trace:
#0 D:\meem-commerce\vendor\laravel\framework\src\Illuminate\Database\Connection.php(776): Illuminate\Database\Connection-&gt;runQueryCallback('select count(*)...', Array, Object(Closure))
#1 D:\meem-commerce\vendor\laravel\framework\src\Illuminate\Database\Connection.php(407): Illuminate\Database\Connection-&gt;run('select count(*)...', Array, Object(Closure))
#2 D:\meem-commerce\vendor\laravel\framework\src\Illuminate\Database\Query\Builder.php(2751): Illuminate\Database\Connection-&gt;select('select count(*)...', Array, true)
#3 D:\meem-commerce\vendor\laravel\framework\src\Illuminate\Database\Query\Builder.php(2740): Illuminate\Database\Query\Builder-&gt;runSelect()
#4 D:\meem-commerce\vendor\laravel\framework\src\Illuminate\Database\Query\Builder.php(3294): Illuminate\Database\Query\Builder-&gt;Illuminate\Database\Query\{closure}()
#5 D:\meem-commerce\vendor\laravel\framework\src\Illuminate\Database\Query\Builder.php(2739): Illuminate\Database\Query\Builder-&gt;onceWithColumns(Array, Object(Closure))
#6 D:\meem-commerce\vendor\laravel\framework\src\Illuminate\Database\Query\Builder.php(2904): Illuminate\Database\Query\Builder-&gt;get()
#7 D:\meem-commerce\vendor\laravel\framework\src\Illuminate\Database\Query\Builder.php(2863): Illuminate\Database\Query\Builder-&gt;runPaginationCountQuery(Array)
#8 D:\meem-commerce\vendor\laravel\framework\src\Illuminate\Database\Eloquent\Builder.php(921): Illuminate\Database\Query\Builder-&gt;getCountForPagination()
#9 D:\meem-commerce\app\Services\General\ProductService.php(136): Illuminate\Database\Eloquent\Builder-&gt;paginate(15)
#10 D:\meem-commerce\app\Services\General\ProductEngine\Strategies\AllProduct.php(18): App\Services\General\ProductService-&gt;paginate(Object(Illuminate\Http\Request))
#11 D:\meem-commerce\app\Http\Controllers\Api\General\ProductController.php(53): App\Services\General\ProductEngine\Strategies\AllProduct-&gt;getProducts(Object(Illuminate\Http\Request))
#12 D:\meem-commerce\vendor\laravel\framework\src\Illuminate\Routing\Controller.php(54): App\Http\Controllers\Api\General\ProductController-&gt;index(Object(Illuminate\Http\Request))
#13 D:\meem-commerce\vendor\laravel\framework\src\Illuminate\Routing\ControllerDispatcher.php(43): Illuminate\Routing\Controller-&gt;callAction('index', Array)
#14 D:\meem-commerce\vendor\laravel\framework\src\Illuminate\Routing\Route.php(259): Illuminate\Routing\ControllerDispatcher-&gt;dispatch(Object(Illuminate\Routing\Route), Object(App\Http\Controllers\Api\General\ProductController), 'index')
#15 D:\meem-commerce\vendor\laravel\framework\src\Illuminate\Routing\Route.php(205): Illuminate\Routing\Route-&gt;runController()
#16 D:\meem-commerce\vendor\laravel\framework\src\Illuminate\Routing\Router.php(799): Illuminate\Routing\Route-&gt;run()
#17 D:\meem-commerce\vendor\laravel\framework\src\Illuminate\Pipeline\Pipeline.php(141): Illuminate\Routing\Router-&gt;Illuminate\Routing\{closure}(Object(Illuminate\Http\Request))
#18 D:\meem-commerce\app\Http\Middleware\CheckLangMiddleware.php(27): Illuminate\Pipeline\Pipeline-&gt;Illuminate\Pipeline\{closure}(Object(Illuminate\Http\Request))
#19 D:\meem-commerce\vendor\laravel\framework\src\Illuminate\Pipeline\Pipeline.php(180): App\Http\Middleware\CheckLangMiddleware-&gt;handle(Object(Illuminate\Http\Request), Object(Closure))
#20 D:\meem-commerce\app\Http\Middleware\ChannelMiddleware.php(25): Illuminate\Pipeline\Pipeline-&gt;Illuminate\Pipeline\{closure}(Object(Illuminate\Http\Request))
#21 D:\meem-commerce\vendor\laravel\framework\src\Illuminate\Pipeline\Pipeline.php(180): App\Http\Middleware\ChannelMiddleware-&gt;handle(Object(Illuminate\Http\Request), Object(Closure))
#22 D:\meem-commerce\vendor\laravel\framework\src\Illuminate\Routing\Middleware\SubstituteBindings.php(50): Illuminate\Pipeline\Pipeline-&gt;Illuminate\Pipeline\{closure}(Object(Illuminate\Http\Request))
#23 D:\meem-commerce\vendor\laravel\framework\src\Illuminate\Pipeline\Pipeline.php(180): Illuminate\Routing\Middleware\SubstituteBindings-&gt;handle(Object(Illuminate\Http\Request), Object(Closure))
#24 D:\meem-commerce\vendor\laravel\framework\src\Illuminate\Routing\Middleware\ThrottleRequests.php(159): Illuminate\Pipeline\Pipeline-&gt;Illuminate\Pipeline\{closure}(Object(Illuminate\Http\Request))
#25 D:\meem-commerce\vendor\laravel\framework\src\Illuminate\Routing\Middleware\ThrottleRequests.php(125): Illuminate\Routing\Middleware\ThrottleRequests-&gt;handleRequest(Object(Illuminate\Http\Request), Object(Closure), Array)
#26 D:\meem-commerce\vendor\laravel\framework\src\Illuminate\Routing\Middleware\ThrottleRequests.php(87): Illuminate\Routing\Middleware\ThrottleRequests-&gt;handleRequestUsingNamedLimiter(Object(Illuminate\Http\Request), Object(Closure), 'api', Object(Closure))
#27 D:\meem-commerce\vendor\laravel\framework\src\Illuminate\Pipeline\Pipeline.php(180): Illuminate\Routing\Middleware\ThrottleRequests-&gt;handle(Object(Illuminate\Http\Request), Object(Closure), 'api')
#28 D:\meem-commerce\vendor\laravel\framework\src\Illuminate\Pipeline\Pipeline.php(116): Illuminate\Pipeline\Pipeline-&gt;Illuminate\Pipeline\{closure}(Object(Illuminate\Http\Request))
#29 D:\meem-commerce\vendor\laravel\framework\src\Illuminate\Routing\Router.php(798): Illuminate\Pipeline\Pipeline-&gt;then(Object(Closure))
#30 D:\meem-commerce\vendor\laravel\framework\src\Illuminate\Routing\Router.php(777): Illuminate\Routing\Router-&gt;runRouteWithinStack(Object(Illuminate\Routing\Route), Object(Illuminate\Http\Request))
#31 D:\meem-commerce\vendor\laravel\framework\src\Illuminate\Routing\Router.php(741): Illuminate\Routing\Router-&gt;runRoute(Object(Illuminate\Http\Request), Object(Illuminate\Routing\Route))
#32 D:\meem-commerce\vendor\laravel\framework\src\Illuminate\Routing\Router.php(730): Illuminate\Routing\Router-&gt;dispatchToRoute(Object(Illuminate\Http\Request))
#33 D:\meem-commerce\vendor\laravel\framework\src\Illuminate\Foundation\Http\Kernel.php(200): Illuminate\Routing\Router-&gt;dispatch(Object(Illuminate\Http\Request))
#34 D:\meem-commerce\vendor\laravel\framework\src\Illuminate\Pipeline\Pipeline.php(141): Illuminate\Foundation\Http\Kernel-&gt;Illuminate\Foundation\Http\{closure}(Object(Illuminate\Http\Request))
#35 D:\meem-commerce\vendor\laravel\framework\src\Illuminate\Http\Middleware\HandleCors.php(62): Illuminate\Pipeline\Pipeline-&gt;Illuminate\Pipeline\{closure}(Object(Illuminate\Http\Request))
#36 D:\meem-commerce\vendor\laravel\framework\src\Illuminate\Pipeline\Pipeline.php(180): Illuminate\Http\Middleware\HandleCors-&gt;handle(Object(Illuminate\Http\Request), Object(Closure))
#37 D:\meem-commerce\vendor\laravel\framework\src\Illuminate\Foundation\Http\Middleware\TransformsRequest.php(21): Illuminate\Pipeline\Pipeline-&gt;Illuminate\Pipeline\{closure}(Object(Illuminate\Http\Request))
#38 D:\meem-commerce\vendor\laravel\framework\src\Illuminate\Foundation\Http\Middleware\ConvertEmptyStringsToNull.php(31): Illuminate\Foundation\Http\Middleware\TransformsRequest-&gt;handle(Object(Illuminate\Http\Request), Object(Closure))
#39 D:\meem-commerce\vendor\laravel\framework\src\Illuminate\Pipeline\Pipeline.php(180): Illuminate\Foundation\Http\Middleware\ConvertEmptyStringsToNull-&gt;handle(Object(Illuminate\Http\Request), Object(Closure))
#40 D:\meem-commerce\vendor\laravel\framework\src\Illuminate\Foundation\Http\Middleware\TransformsRequest.php(21): Illuminate\Pipeline\Pipeline-&gt;Illuminate\Pipeline\{closure}(Object(Illuminate\Http\Request))
#41 D:\meem-commerce\vendor\laravel\framework\src\Illuminate\Foundation\Http\Middleware\TrimStrings.php(40): Illuminate\Foundation\Http\Middleware\TransformsRequest-&gt;handle(Object(Illuminate\Http\Request), Object(Closure))
#42 D:\meem-commerce\vendor\laravel\framework\src\Illuminate\Pipeline\Pipeline.php(180): Illuminate\Foundation\Http\Middleware\TrimStrings-&gt;handle(Object(Illuminate\Http\Request), Object(Closure))
#43 D:\meem-commerce\vendor\laravel\framework\src\Illuminate\Foundation\Http\Middleware\ValidatePostSize.php(27): Illuminate\Pipeline\Pipeline-&gt;Illuminate\Pipeline\{closure}(Object(Illuminate\Http\Request))
#44 D:\meem-commerce\vendor\laravel\framework\src\Illuminate\Pipeline\Pipeline.php(180): Illuminate\Foundation\Http\Middleware\ValidatePostSize-&gt;handle(Object(Illuminate\Http\Request), Object(Closure))
#45 D:\meem-commerce\vendor\laravel\framework\src\Illuminate\Foundation\Http\Middleware\PreventRequestsDuringMaintenance.php(99): Illuminate\Pipeline\Pipeline-&gt;Illuminate\Pipeline\{closure}(Object(Illuminate\Http\Request))
#46 D:\meem-commerce\vendor\laravel\framework\src\Illuminate\Pipeline\Pipeline.php(180): Illuminate\Foundation\Http\Middleware\PreventRequestsDuringMaintenance-&gt;handle(Object(Illuminate\Http\Request), Object(Closure))
#47 D:\meem-commerce\vendor\laravel\framework\src\Illuminate\Http\Middleware\TrustProxies.php(39): Illuminate\Pipeline\Pipeline-&gt;Illuminate\Pipeline\{closure}(Object(Illuminate\Http\Request))
#48 D:\meem-commerce\vendor\laravel\framework\src\Illuminate\Pipeline\Pipeline.php(180): Illuminate\Http\Middleware\TrustProxies-&gt;handle(Object(Illuminate\Http\Request), Object(Closure))
#49 D:\meem-commerce\vendor\laravel\framework\src\Illuminate\Pipeline\Pipeline.php(116): Illuminate\Pipeline\Pipeline-&gt;Illuminate\Pipeline\{closure}(Object(Illuminate\Http\Request))
#50 D:\meem-commerce\vendor\laravel\framework\src\Illuminate\Foundation\Http\Kernel.php(175): Illuminate\Pipeline\Pipeline-&gt;then(Object(Closure))
#51 D:\meem-commerce\vendor\laravel\framework\src\Illuminate\Foundation\Http\Kernel.php(144): Illuminate\Foundation\Http\Kernel-&gt;sendRequestThroughRouter(Object(Illuminate\Http\Request))
#52 D:\meem-commerce\vendor\laravel\framework\src\Illuminate\Foundation\Testing\Concerns\MakesHttpRequests.php(573): Illuminate\Foundation\Http\Kernel-&gt;handle(Object(Illuminate\Http\Request))
#53 D:\meem-commerce\vendor\laravel\framework\src\Illuminate\Foundation\Testing\Concerns\MakesHttpRequests.php(539): Illuminate\Foundation\Testing\TestCase-&gt;call('GET', '/api/v1/general...', Array, Array, Array, Array, '[]')
#54 D:\meem-commerce\vendor\laravel\framework\src\Illuminate\Foundation\Testing\Concerns\MakesHttpRequests.php(347): Illuminate\Foundation\Testing\TestCase-&gt;json('GET', '/api/v1/general...', Array, Array, 0)
#55 D:\meem-commerce\tests\Feature\DimensionFilterTest.php(185): Illuminate\Foundation\Testing\TestCase-&gt;getJson('/api/v1/general...')
#56 D:\meem-commerce\vendor\phpunit\phpunit\src\Framework\TestCase.php(1030): Tests\Feature\DimensionFilterTest-&gt;test_range_height_max_filter()
#57 D:\meem-commerce\vendor\laravel\framework\src\Illuminate\Foundation\Testing\TestCase.php(174): PHPUnit\Framework\TestCase-&gt;runTest()
#58 D:\meem-commerce\vendor\phpunit\phpunit\src\Framework\TestCase.php(627): Illuminate\Foundation\Testing\TestCase-&gt;runTest()
#59 D:\meem-commerce\vendor\phpunit\phpunit\src\Framework\TestRunner.php(101): PHPUnit\Framework\TestCase-&gt;runBare()
#60 D:\meem-commerce\vendor\phpunit\phpunit\src\Framework\TestCase.php(456): PHPUnit\Framework\TestRunner-&gt;run(Object(Tests\Feature\DimensionFilterTest))
#61 D:\meem-commerce\vendor\phpunit\phpunit\src\Framework\TestSuite.php(352): PHPUnit\Framework\TestCase-&gt;run()
#62 D:\meem-commerce\vendor\phpunit\phpunit\src\Framework\TestSuite.php(352): PHPUnit\Framework\TestSuite-&gt;run()
#63 D:\meem-commerce\vendor\phpunit\phpunit\src\Framework\TestSuite.php(352): PHPUnit\Framework\TestSuite-&gt;run()
#64 D:\meem-commerce\vendor\phpunit\phpunit\src\TextUI\TestRunner.php(63): PHPUnit\Framework\TestSuite-&gt;run()
#65 D:\meem-commerce\vendor\phpunit\phpunit\src\TextUI\Application.php(141): PHPUnit\TextUI\TestRunner-&gt;run(Object(PHPUnit\TextUI\Configuration\Configuration), Object(PHPUnit\Runner\ResultCache\DefaultResultCache), Object(PHPUnit\Framework\TestSuite))
#66 D:\meem-commerce\vendor\phpunit\phpunit\phpunit(90): PHPUnit\TextUI\Application-&gt;run(Array)
#67 D:\meem-commerce\vendor\bin\phpunit(122): include('D:\\meem-commerc...')
#68 {main}

----------------------------------------------------------------------------------

SQLSTATE[HY000]: General error: 1 no such function: REGEXP_REPLACE (Connection: sqlite, SQL: select count(*) as aggregate from "products" where ("status" = 1 or "status" = publish) and ("in_stock" = 1 or (COALESCE(stock_quantity, 0) - COALESCE(reserved_quantity, 0)) &gt; 0) and "is_fast_shipping_available" = 0 and ((CAST(REGEXP_REPLACE(COALESCE(products.height, ''), '[^0-9.]', '') AS DECIMAL(12,4)) &lt;= 12) or exists (select * from "product_variants" where "products"."id" = "product_variants"."product_id" and "height" &lt;= 12)) and "products"."deleted_at" is null)
&#13;
D:\meem-commerce\vendor\laravel\framework\src\Illuminate\Testing\TestResponse.php:146
D:\meem-commerce\vendor\laravel\framework\src\Illuminate\Testing\Concerns\AssertsStatusCodes.php:16
D:\meem-commerce\tests\Feature\DimensionFilterTest.php:186
D:\meem-commerce\vendor\laravel\framework\src\Illuminate\Foundation\Testing\TestCase.php:174</failure>
        </testcase>
        <testcase name="test_range_height_min_max_filter" file="D:\meem-commerce\tests\Feature\DimensionFilterTest.php" line="193" class="Tests\Feature\DimensionFilterTest" classname="Tests.Feature.DimensionFilterTest" assertions="1" time="0.015967">
          <failure type="PHPUnit\Framework\ExpectationFailedException">Tests\Feature\DimensionFilterTest::test_range_height_min_max_filter&#13;
Expected response status code [200] but received 409.
Failed asserting that 200 is identical to 409.&#13;
&#13;
The following exception occurred during the last request:

PDOException: SQLSTATE[HY000]: General error: 1 no such function: REGEXP_REPLACE in D:\meem-commerce\vendor\laravel\framework\src\Illuminate\Database\Connection.php:416
Stack trace:
#0 D:\meem-commerce\vendor\laravel\framework\src\Illuminate\Database\Connection.php(416): PDO-&gt;prepare('select count(*)...')
#1 D:\meem-commerce\vendor\laravel\framework\src\Illuminate\Database\Connection.php(809): Illuminate\Database\Connection-&gt;Illuminate\Database\{closure}('select count(*)...', Array)
#2 D:\meem-commerce\vendor\laravel\framework\src\Illuminate\Database\Connection.php(776): Illuminate\Database\Connection-&gt;runQueryCallback('select count(*)...', Array, Object(Closure))
#3 D:\meem-commerce\vendor\laravel\framework\src\Illuminate\Database\Connection.php(407): Illuminate\Database\Connection-&gt;run('select count(*)...', Array, Object(Closure))
#4 D:\meem-commerce\vendor\laravel\framework\src\Illuminate\Database\Query\Builder.php(2751): Illuminate\Database\Connection-&gt;select('select count(*)...', Array, true)
#5 D:\meem-commerce\vendor\laravel\framework\src\Illuminate\Database\Query\Builder.php(2740): Illuminate\Database\Query\Builder-&gt;runSelect()
#6 D:\meem-commerce\vendor\laravel\framework\src\Illuminate\Database\Query\Builder.php(3294): Illuminate\Database\Query\Builder-&gt;Illuminate\Database\Query\{closure}()
#7 D:\meem-commerce\vendor\laravel\framework\src\Illuminate\Database\Query\Builder.php(2739): Illuminate\Database\Query\Builder-&gt;onceWithColumns(Array, Object(Closure))
#8 D:\meem-commerce\vendor\laravel\framework\src\Illuminate\Database\Query\Builder.php(2904): Illuminate\Database\Query\Builder-&gt;get()
#9 D:\meem-commerce\vendor\laravel\framework\src\Illuminate\Database\Query\Builder.php(2863): Illuminate\Database\Query\Builder-&gt;runPaginationCountQuery(Array)
#10 D:\meem-commerce\vendor\laravel\framework\src\Illuminate\Database\Eloquent\Builder.php(921): Illuminate\Database\Query\Builder-&gt;getCountForPagination()
#11 D:\meem-commerce\app\Services\General\ProductService.php(136): Illuminate\Database\Eloquent\Builder-&gt;paginate(15)
#12 D:\meem-commerce\app\Services\General\ProductEngine\Strategies\AllProduct.php(18): App\Services\General\ProductService-&gt;paginate(Object(Illuminate\Http\Request))
#13 D:\meem-commerce\app\Http\Controllers\Api\General\ProductController.php(53): App\Services\General\ProductEngine\Strategies\AllProduct-&gt;getProducts(Object(Illuminate\Http\Request))
#14 D:\meem-commerce\vendor\laravel\framework\src\Illuminate\Routing\Controller.php(54): App\Http\Controllers\Api\General\ProductController-&gt;index(Object(Illuminate\Http\Request))
#15 D:\meem-commerce\vendor\laravel\framework\src\Illuminate\Routing\ControllerDispatcher.php(43): Illuminate\Routing\Controller-&gt;callAction('index', Array)
#16 D:\meem-commerce\vendor\laravel\framework\src\Illuminate\Routing\Route.php(259): Illuminate\Routing\ControllerDispatcher-&gt;dispatch(Object(Illuminate\Routing\Route), Object(App\Http\Controllers\Api\General\ProductController), 'index')
#17 D:\meem-commerce\vendor\laravel\framework\src\Illuminate\Routing\Route.php(205): Illuminate\Routing\Route-&gt;runController()
#18 D:\meem-commerce\vendor\laravel\framework\src\Illuminate\Routing\Router.php(799): Illuminate\Routing\Route-&gt;run()
#19 D:\meem-commerce\vendor\laravel\framework\src\Illuminate\Pipeline\Pipeline.php(141): Illuminate\Routing\Router-&gt;Illuminate\Routing\{closure}(Object(Illuminate\Http\Request))
#20 D:\meem-commerce\app\Http\Middleware\CheckLangMiddleware.php(27): Illuminate\Pipeline\Pipeline-&gt;Illuminate\Pipeline\{closure}(Object(Illuminate\Http\Request))
#21 D:\meem-commerce\vendor\laravel\framework\src\Illuminate\Pipeline\Pipeline.php(180): App\Http\Middleware\CheckLangMiddleware-&gt;handle(Object(Illuminate\Http\Request), Object(Closure))
#22 D:\meem-commerce\app\Http\Middleware\ChannelMiddleware.php(25): Illuminate\Pipeline\Pipeline-&gt;Illuminate\Pipeline\{closure}(Object(Illuminate\Http\Request))
#23 D:\meem-commerce\vendor\laravel\framework\src\Illuminate\Pipeline\Pipeline.php(180): App\Http\Middleware\ChannelMiddleware-&gt;handle(Object(Illuminate\Http\Request), Object(Closure))
#24 D:\meem-commerce\vendor\laravel\framework\src\Illuminate\Routing\Middleware\SubstituteBindings.php(50): Illuminate\Pipeline\Pipeline-&gt;Illuminate\Pipeline\{closure}(Object(Illuminate\Http\Request))
#25 D:\meem-commerce\vendor\laravel\framework\src\Illuminate\Pipeline\Pipeline.php(180): Illuminate\Routing\Middleware\SubstituteBindings-&gt;handle(Object(Illuminate\Http\Request), Object(Closure))
#26 D:\meem-commerce\vendor\laravel\framework\src\Illuminate\Routing\Middleware\ThrottleRequests.php(159): Illuminate\Pipeline\Pipeline-&gt;Illuminate\Pipeline\{closure}(Object(Illuminate\Http\Request))
#27 D:\meem-commerce\vendor\laravel\framework\src\Illuminate\Routing\Middleware\ThrottleRequests.php(125): Illuminate\Routing\Middleware\ThrottleRequests-&gt;handleRequest(Object(Illuminate\Http\Request), Object(Closure), Array)
#28 D:\meem-commerce\vendor\laravel\framework\src\Illuminate\Routing\Middleware\ThrottleRequests.php(87): Illuminate\Routing\Middleware\ThrottleRequests-&gt;handleRequestUsingNamedLimiter(Object(Illuminate\Http\Request), Object(Closure), 'api', Object(Closure))
#29 D:\meem-commerce\vendor\laravel\framework\src\Illuminate\Pipeline\Pipeline.php(180): Illuminate\Routing\Middleware\ThrottleRequests-&gt;handle(Object(Illuminate\Http\Request), Object(Closure), 'api')
#30 D:\meem-commerce\vendor\laravel\framework\src\Illuminate\Pipeline\Pipeline.php(116): Illuminate\Pipeline\Pipeline-&gt;Illuminate\Pipeline\{closure}(Object(Illuminate\Http\Request))
#31 D:\meem-commerce\vendor\laravel\framework\src\Illuminate\Routing\Router.php(798): Illuminate\Pipeline\Pipeline-&gt;then(Object(Closure))
#32 D:\meem-commerce\vendor\laravel\framework\src\Illuminate\Routing\Router.php(777): Illuminate\Routing\Router-&gt;runRouteWithinStack(Object(Illuminate\Routing\Route), Object(Illuminate\Http\Request))
#33 D:\meem-commerce\vendor\laravel\framework\src\Illuminate\Routing\Router.php(741): Illuminate\Routing\Router-&gt;runRoute(Object(Illuminate\Http\Request), Object(Illuminate\Routing\Route))
#34 D:\meem-commerce\vendor\laravel\framework\src\Illuminate\Routing\Router.php(730): Illuminate\Routing\Router-&gt;dispatchToRoute(Object(Illuminate\Http\Request))
#35 D:\meem-commerce\vendor\laravel\framework\src\Illuminate\Foundation\Http\Kernel.php(200): Illuminate\Routing\Router-&gt;dispatch(Object(Illuminate\Http\Request))
#36 D:\meem-commerce\vendor\laravel\framework\src\Illuminate\Pipeline\Pipeline.php(141): Illuminate\Foundation\Http\Kernel-&gt;Illuminate\Foundation\Http\{closure}(Object(Illuminate\Http\Request))
#37 D:\meem-commerce\vendor\laravel\framework\src\Illuminate\Http\Middleware\HandleCors.php(62): Illuminate\Pipeline\Pipeline-&gt;Illuminate\Pipeline\{closure}(Object(Illuminate\Http\Request))
#38 D:\meem-commerce\vendor\laravel\framework\src\Illuminate\Pipeline\Pipeline.php(180): Illuminate\Http\Middleware\HandleCors-&gt;handle(Object(Illuminate\Http\Request), Object(Closure))
#39 D:\meem-commerce\vendor\laravel\framework\src\Illuminate\Foundation\Http\Middleware\TransformsRequest.php(21): Illuminate\Pipeline\Pipeline-&gt;Illuminate\Pipeline\{closure}(Object(Illuminate\Http\Request))
#40 D:\meem-commerce\vendor\laravel\framework\src\Illuminate\Foundation\Http\Middleware\ConvertEmptyStringsToNull.php(31): Illuminate\Foundation\Http\Middleware\TransformsRequest-&gt;handle(Object(Illuminate\Http\Request), Object(Closure))
#41 D:\meem-commerce\vendor\laravel\framework\src\Illuminate\Pipeline\Pipeline.php(180): Illuminate\Foundation\Http\Middleware\ConvertEmptyStringsToNull-&gt;handle(Object(Illuminate\Http\Request), Object(Closure))
#42 D:\meem-commerce\vendor\laravel\framework\src\Illuminate\Foundation\Http\Middleware\TransformsRequest.php(21): Illuminate\Pipeline\Pipeline-&gt;Illuminate\Pipeline\{closure}(Object(Illuminate\Http\Request))
#43 D:\meem-commerce\vendor\laravel\framework\src\Illuminate\Foundation\Http\Middleware\TrimStrings.php(40): Illuminate\Foundation\Http\Middleware\TransformsRequest-&gt;handle(Object(Illuminate\Http\Request), Object(Closure))
#44 D:\meem-commerce\vendor\laravel\framework\src\Illuminate\Pipeline\Pipeline.php(180): Illuminate\Foundation\Http\Middleware\TrimStrings-&gt;handle(Object(Illuminate\Http\Request), Object(Closure))
#45 D:\meem-commerce\vendor\laravel\framework\src\Illuminate\Foundation\Http\Middleware\ValidatePostSize.php(27): Illuminate\Pipeline\Pipeline-&gt;Illuminate\Pipeline\{closure}(Object(Illuminate\Http\Request))
#46 D:\meem-commerce\vendor\laravel\framework\src\Illuminate\Pipeline\Pipeline.php(180): Illuminate\Foundation\Http\Middleware\ValidatePostSize-&gt;handle(Object(Illuminate\Http\Request), Object(Closure))
#47 D:\meem-commerce\vendor\laravel\framework\src\Illuminate\Foundation\Http\Middleware\PreventRequestsDuringMaintenance.php(99): Illuminate\Pipeline\Pipeline-&gt;Illuminate\Pipeline\{closure}(Object(Illuminate\Http\Request))
#48 D:\meem-commerce\vendor\laravel\framework\src\Illuminate\Pipeline\Pipeline.php(180): Illuminate\Foundation\Http\Middleware\PreventRequestsDuringMaintenance-&gt;handle(Object(Illuminate\Http\Request), Object(Closure))
#49 D:\meem-commerce\vendor\laravel\framework\src\Illuminate\Http\Middleware\TrustProxies.php(39): Illuminate\Pipeline\Pipeline-&gt;Illuminate\Pipeline\{closure}(Object(Illuminate\Http\Request))
#50 D:\meem-commerce\vendor\laravel\framework\src\Illuminate\Pipeline\Pipeline.php(180): Illuminate\Http\Middleware\TrustProxies-&gt;handle(Object(Illuminate\Http\Request), Object(Closure))
#51 D:\meem-commerce\vendor\laravel\framework\src\Illuminate\Pipeline\Pipeline.php(116): Illuminate\Pipeline\Pipeline-&gt;Illuminate\Pipeline\{closure}(Object(Illuminate\Http\Request))
#52 D:\meem-commerce\vendor\laravel\framework\src\Illuminate\Foundation\Http\Kernel.php(175): Illuminate\Pipeline\Pipeline-&gt;then(Object(Closure))
#53 D:\meem-commerce\vendor\laravel\framework\src\Illuminate\Foundation\Http\Kernel.php(144): Illuminate\Foundation\Http\Kernel-&gt;sendRequestThroughRouter(Object(Illuminate\Http\Request))
#54 D:\meem-commerce\vendor\laravel\framework\src\Illuminate\Foundation\Testing\Concerns\MakesHttpRequests.php(573): Illuminate\Foundation\Http\Kernel-&gt;handle(Object(Illuminate\Http\Request))
#55 D:\meem-commerce\vendor\laravel\framework\src\Illuminate\Foundation\Testing\Concerns\MakesHttpRequests.php(539): Illuminate\Foundation\Testing\TestCase-&gt;call('GET', '/api/v1/general...', Array, Array, Array, Array, '[]')
#56 D:\meem-commerce\vendor\laravel\framework\src\Illuminate\Foundation\Testing\Concerns\MakesHttpRequests.php(347): Illuminate\Foundation\Testing\TestCase-&gt;json('GET', '/api/v1/general...', Array, Array, 0)
#57 D:\meem-commerce\tests\Feature\DimensionFilterTest.php(197): Illuminate\Foundation\Testing\TestCase-&gt;getJson('/api/v1/general...')
#58 D:\meem-commerce\vendor\phpunit\phpunit\src\Framework\TestCase.php(1030): Tests\Feature\DimensionFilterTest-&gt;test_range_height_min_max_filter()
#59 D:\meem-commerce\vendor\laravel\framework\src\Illuminate\Foundation\Testing\TestCase.php(174): PHPUnit\Framework\TestCase-&gt;runTest()
#60 D:\meem-commerce\vendor\phpunit\phpunit\src\Framework\TestCase.php(627): Illuminate\Foundation\Testing\TestCase-&gt;runTest()
#61 D:\meem-commerce\vendor\phpunit\phpunit\src\Framework\TestRunner.php(101): PHPUnit\Framework\TestCase-&gt;runBare()
#62 D:\meem-commerce\vendor\phpunit\phpunit\src\Framework\TestCase.php(456): PHPUnit\Framework\TestRunner-&gt;run(Object(Tests\Feature\DimensionFilterTest))
#63 D:\meem-commerce\vendor\phpunit\phpunit\src\Framework\TestSuite.php(352): PHPUnit\Framework\TestCase-&gt;run()
#64 D:\meem-commerce\vendor\phpunit\phpunit\src\Framework\TestSuite.php(352): PHPUnit\Framework\TestSuite-&gt;run()
#65 D:\meem-commerce\vendor\phpunit\phpunit\src\Framework\TestSuite.php(352): PHPUnit\Framework\TestSuite-&gt;run()
#66 D:\meem-commerce\vendor\phpunit\phpunit\src\TextUI\TestRunner.php(63): PHPUnit\Framework\TestSuite-&gt;run()
#67 D:\meem-commerce\vendor\phpunit\phpunit\src\TextUI\Application.php(141): PHPUnit\TextUI\TestRunner-&gt;run(Object(PHPUnit\TextUI\Configuration\Configuration), Object(PHPUnit\Runner\ResultCache\DefaultResultCache), Object(PHPUnit\Framework\TestSuite))
#68 D:\meem-commerce\vendor\phpunit\phpunit\phpunit(90): PHPUnit\TextUI\Application-&gt;run(Array)
#69 D:\meem-commerce\vendor\bin\phpunit(122): include('D:\\meem-commerc...')
#70 {main}

Next Illuminate\Database\QueryException: SQLSTATE[HY000]: General error: 1 no such function: REGEXP_REPLACE (Connection: sqlite, SQL: select count(*) as aggregate from "products" where ("status" = 1 or "status" = publish) and ("in_stock" = 1 or (COALESCE(stock_quantity, 0) - COALESCE(reserved_quantity, 0)) &gt; 0) and "is_fast_shipping_available" = 0 and ((CAST(REGEXP_REPLACE(COALESCE(products.height, ''), '[^0-9.]', '') AS DECIMAL(12,4)) &gt;= 5 and CAST(REGEXP_REPLACE(COALESCE(products.height, ''), '[^0-9.]', '') AS DECIMAL(12,4)) &lt;= 12) or exists (select * from "product_variants" where "products"."id" = "product_variants"."product_id" and "height" &gt;= 5 and "height" &lt;= 12)) and "products"."deleted_at" is null) in D:\meem-commerce\vendor\laravel\framework\src\Illuminate\Database\Connection.php:822
Stack trace:
#0 D:\meem-commerce\vendor\laravel\framework\src\Illuminate\Database\Connection.php(776): Illuminate\Database\Connection-&gt;runQueryCallback('select count(*)...', Array, Object(Closure))
#1 D:\meem-commerce\vendor\laravel\framework\src\Illuminate\Database\Connection.php(407): Illuminate\Database\Connection-&gt;run('select count(*)...', Array, Object(Closure))
#2 D:\meem-commerce\vendor\laravel\framework\src\Illuminate\Database\Query\Builder.php(2751): Illuminate\Database\Connection-&gt;select('select count(*)...', Array, true)
#3 D:\meem-commerce\vendor\laravel\framework\src\Illuminate\Database\Query\Builder.php(2740): Illuminate\Database\Query\Builder-&gt;runSelect()
#4 D:\meem-commerce\vendor\laravel\framework\src\Illuminate\Database\Query\Builder.php(3294): Illuminate\Database\Query\Builder-&gt;Illuminate\Database\Query\{closure}()
#5 D:\meem-commerce\vendor\laravel\framework\src\Illuminate\Database\Query\Builder.php(2739): Illuminate\Database\Query\Builder-&gt;onceWithColumns(Array, Object(Closure))
#6 D:\meem-commerce\vendor\laravel\framework\src\Illuminate\Database\Query\Builder.php(2904): Illuminate\Database\Query\Builder-&gt;get()
#7 D:\meem-commerce\vendor\laravel\framework\src\Illuminate\Database\Query\Builder.php(2863): Illuminate\Database\Query\Builder-&gt;runPaginationCountQuery(Array)
#8 D:\meem-commerce\vendor\laravel\framework\src\Illuminate\Database\Eloquent\Builder.php(921): Illuminate\Database\Query\Builder-&gt;getCountForPagination()
#9 D:\meem-commerce\app\Services\General\ProductService.php(136): Illuminate\Database\Eloquent\Builder-&gt;paginate(15)
#10 D:\meem-commerce\app\Services\General\ProductEngine\Strategies\AllProduct.php(18): App\Services\General\ProductService-&gt;paginate(Object(Illuminate\Http\Request))
#11 D:\meem-commerce\app\Http\Controllers\Api\General\ProductController.php(53): App\Services\General\ProductEngine\Strategies\AllProduct-&gt;getProducts(Object(Illuminate\Http\Request))
#12 D:\meem-commerce\vendor\laravel\framework\src\Illuminate\Routing\Controller.php(54): App\Http\Controllers\Api\General\ProductController-&gt;index(Object(Illuminate\Http\Request))
#13 D:\meem-commerce\vendor\laravel\framework\src\Illuminate\Routing\ControllerDispatcher.php(43): Illuminate\Routing\Controller-&gt;callAction('index', Array)
#14 D:\meem-commerce\vendor\laravel\framework\src\Illuminate\Routing\Route.php(259): Illuminate\Routing\ControllerDispatcher-&gt;dispatch(Object(Illuminate\Routing\Route), Object(App\Http\Controllers\Api\General\ProductController), 'index')
#15 D:\meem-commerce\vendor\laravel\framework\src\Illuminate\Routing\Route.php(205): Illuminate\Routing\Route-&gt;runController()
#16 D:\meem-commerce\vendor\laravel\framework\src\Illuminate\Routing\Router.php(799): Illuminate\Routing\Route-&gt;run()
#17 D:\meem-commerce\vendor\laravel\framework\src\Illuminate\Pipeline\Pipeline.php(141): Illuminate\Routing\Router-&gt;Illuminate\Routing\{closure}(Object(Illuminate\Http\Request))
#18 D:\meem-commerce\app\Http\Middleware\CheckLangMiddleware.php(27): Illuminate\Pipeline\Pipeline-&gt;Illuminate\Pipeline\{closure}(Object(Illuminate\Http\Request))
#19 D:\meem-commerce\vendor\laravel\framework\src\Illuminate\Pipeline\Pipeline.php(180): App\Http\Middleware\CheckLangMiddleware-&gt;handle(Object(Illuminate\Http\Request), Object(Closure))
#20 D:\meem-commerce\app\Http\Middleware\ChannelMiddleware.php(25): Illuminate\Pipeline\Pipeline-&gt;Illuminate\Pipeline\{closure}(Object(Illuminate\Http\Request))
#21 D:\meem-commerce\vendor\laravel\framework\src\Illuminate\Pipeline\Pipeline.php(180): App\Http\Middleware\ChannelMiddleware-&gt;handle(Object(Illuminate\Http\Request), Object(Closure))
#22 D:\meem-commerce\vendor\laravel\framework\src\Illuminate\Routing\Middleware\SubstituteBindings.php(50): Illuminate\Pipeline\Pipeline-&gt;Illuminate\Pipeline\{closure}(Object(Illuminate\Http\Request))
#23 D:\meem-commerce\vendor\laravel\framework\src\Illuminate\Pipeline\Pipeline.php(180): Illuminate\Routing\Middleware\SubstituteBindings-&gt;handle(Object(Illuminate\Http\Request), Object(Closure))
#24 D:\meem-commerce\vendor\laravel\framework\src\Illuminate\Routing\Middleware\ThrottleRequests.php(159): Illuminate\Pipeline\Pipeline-&gt;Illuminate\Pipeline\{closure}(Object(Illuminate\Http\Request))
#25 D:\meem-commerce\vendor\laravel\framework\src\Illuminate\Routing\Middleware\ThrottleRequests.php(125): Illuminate\Routing\Middleware\ThrottleRequests-&gt;handleRequest(Object(Illuminate\Http\Request), Object(Closure), Array)
#26 D:\meem-commerce\vendor\laravel\framework\src\Illuminate\Routing\Middleware\ThrottleRequests.php(87): Illuminate\Routing\Middleware\ThrottleRequests-&gt;handleRequestUsingNamedLimiter(Object(Illuminate\Http\Request), Object(Closure), 'api', Object(Closure))
#27 D:\meem-commerce\vendor\laravel\framework\src\Illuminate\Pipeline\Pipeline.php(180): Illuminate\Routing\Middleware\ThrottleRequests-&gt;handle(Object(Illuminate\Http\Request), Object(Closure), 'api')
#28 D:\meem-commerce\vendor\laravel\framework\src\Illuminate\Pipeline\Pipeline.php(116): Illuminate\Pipeline\Pipeline-&gt;Illuminate\Pipeline\{closure}(Object(Illuminate\Http\Request))
#29 D:\meem-commerce\vendor\laravel\framework\src\Illuminate\Routing\Router.php(798): Illuminate\Pipeline\Pipeline-&gt;then(Object(Closure))
#30 D:\meem-commerce\vendor\laravel\framework\src\Illuminate\Routing\Router.php(777): Illuminate\Routing\Router-&gt;runRouteWithinStack(Object(Illuminate\Routing\Route), Object(Illuminate\Http\Request))
#31 D:\meem-commerce\vendor\laravel\framework\src\Illuminate\Routing\Router.php(741): Illuminate\Routing\Router-&gt;runRoute(Object(Illuminate\Http\Request), Object(Illuminate\Routing\Route))
#32 D:\meem-commerce\vendor\laravel\framework\src\Illuminate\Routing\Router.php(730): Illuminate\Routing\Router-&gt;dispatchToRoute(Object(Illuminate\Http\Request))
#33 D:\meem-commerce\vendor\laravel\framework\src\Illuminate\Foundation\Http\Kernel.php(200): Illuminate\Routing\Router-&gt;dispatch(Object(Illuminate\Http\Request))
#34 D:\meem-commerce\vendor\laravel\framework\src\Illuminate\Pipeline\Pipeline.php(141): Illuminate\Foundation\Http\Kernel-&gt;Illuminate\Foundation\Http\{closure}(Object(Illuminate\Http\Request))
#35 D:\meem-commerce\vendor\laravel\framework\src\Illuminate\Http\Middleware\HandleCors.php(62): Illuminate\Pipeline\Pipeline-&gt;Illuminate\Pipeline\{closure}(Object(Illuminate\Http\Request))
#36 D:\meem-commerce\vendor\laravel\framework\src\Illuminate\Pipeline\Pipeline.php(180): Illuminate\Http\Middleware\HandleCors-&gt;handle(Object(Illuminate\Http\Request), Object(Closure))
#37 D:\meem-commerce\vendor\laravel\framework\src\Illuminate\Foundation\Http\Middleware\TransformsRequest.php(21): Illuminate\Pipeline\Pipeline-&gt;Illuminate\Pipeline\{closure}(Object(Illuminate\Http\Request))
#38 D:\meem-commerce\vendor\laravel\framework\src\Illuminate\Foundation\Http\Middleware\ConvertEmptyStringsToNull.php(31): Illuminate\Foundation\Http\Middleware\TransformsRequest-&gt;handle(Object(Illuminate\Http\Request), Object(Closure))
#39 D:\meem-commerce\vendor\laravel\framework\src\Illuminate\Pipeline\Pipeline.php(180): Illuminate\Foundation\Http\Middleware\ConvertEmptyStringsToNull-&gt;handle(Object(Illuminate\Http\Request), Object(Closure))
#40 D:\meem-commerce\vendor\laravel\framework\src\Illuminate\Foundation\Http\Middleware\TransformsRequest.php(21): Illuminate\Pipeline\Pipeline-&gt;Illuminate\Pipeline\{closure}(Object(Illuminate\Http\Request))
#41 D:\meem-commerce\vendor\laravel\framework\src\Illuminate\Foundation\Http\Middleware\TrimStrings.php(40): Illuminate\Foundation\Http\Middleware\TransformsRequest-&gt;handle(Object(Illuminate\Http\Request), Object(Closure))
#42 D:\meem-commerce\vendor\laravel\framework\src\Illuminate\Pipeline\Pipeline.php(180): Illuminate\Foundation\Http\Middleware\TrimStrings-&gt;handle(Object(Illuminate\Http\Request), Object(Closure))
#43 D:\meem-commerce\vendor\laravel\framework\src\Illuminate\Foundation\Http\Middleware\ValidatePostSize.php(27): Illuminate\Pipeline\Pipeline-&gt;Illuminate\Pipeline\{closure}(Object(Illuminate\Http\Request))
#44 D:\meem-commerce\vendor\laravel\framework\src\Illuminate\Pipeline\Pipeline.php(180): Illuminate\Foundation\Http\Middleware\ValidatePostSize-&gt;handle(Object(Illuminate\Http\Request), Object(Closure))
#45 D:\meem-commerce\vendor\laravel\framework\src\Illuminate\Foundation\Http\Middleware\PreventRequestsDuringMaintenance.php(99): Illuminate\Pipeline\Pipeline-&gt;Illuminate\Pipeline\{closure}(Object(Illuminate\Http\Request))
#46 D:\meem-commerce\vendor\laravel\framework\src\Illuminate\Pipeline\Pipeline.php(180): Illuminate\Foundation\Http\Middleware\PreventRequestsDuringMaintenance-&gt;handle(Object(Illuminate\Http\Request), Object(Closure))
#47 D:\meem-commerce\vendor\laravel\framework\src\Illuminate\Http\Middleware\TrustProxies.php(39): Illuminate\Pipeline\Pipeline-&gt;Illuminate\Pipeline\{closure}(Object(Illuminate\Http\Request))
#48 D:\meem-commerce\vendor\laravel\framework\src\Illuminate\Pipeline\Pipeline.php(180): Illuminate\Http\Middleware\TrustProxies-&gt;handle(Object(Illuminate\Http\Request), Object(Closure))
#49 D:\meem-commerce\vendor\laravel\framework\src\Illuminate\Pipeline\Pipeline.php(116): Illuminate\Pipeline\Pipeline-&gt;Illuminate\Pipeline\{closure}(Object(Illuminate\Http\Request))
#50 D:\meem-commerce\vendor\laravel\framework\src\Illuminate\Foundation\Http\Kernel.php(175): Illuminate\Pipeline\Pipeline-&gt;then(Object(Closure))
#51 D:\meem-commerce\vendor\laravel\framework\src\Illuminate\Foundation\Http\Kernel.php(144): Illuminate\Foundation\Http\Kernel-&gt;sendRequestThroughRouter(Object(Illuminate\Http\Request))
#52 D:\meem-commerce\vendor\laravel\framework\src\Illuminate\Foundation\Testing\Concerns\MakesHttpRequests.php(573): Illuminate\Foundation\Http\Kernel-&gt;handle(Object(Illuminate\Http\Request))
#53 D:\meem-commerce\vendor\laravel\framework\src\Illuminate\Foundation\Testing\Concerns\MakesHttpRequests.php(539): Illuminate\Foundation\Testing\TestCase-&gt;call('GET', '/api/v1/general...', Array, Array, Array, Array, '[]')
#54 D:\meem-commerce\vendor\laravel\framework\src\Illuminate\Foundation\Testing\Concerns\MakesHttpRequests.php(347): Illuminate\Foundation\Testing\TestCase-&gt;json('GET', '/api/v1/general...', Array, Array, 0)
#55 D:\meem-commerce\tests\Feature\DimensionFilterTest.php(197): Illuminate\Foundation\Testing\TestCase-&gt;getJson('/api/v1/general...')
#56 D:\meem-commerce\vendor\phpunit\phpunit\src\Framework\TestCase.php(1030): Tests\Feature\DimensionFilterTest-&gt;test_range_height_min_max_filter()
#57 D:\meem-commerce\vendor\laravel\framework\src\Illuminate\Foundation\Testing\TestCase.php(174): PHPUnit\Framework\TestCase-&gt;runTest()
#58 D:\meem-commerce\vendor\phpunit\phpunit\src\Framework\TestCase.php(627): Illuminate\Foundation\Testing\TestCase-&gt;runTest()
#59 D:\meem-commerce\vendor\phpunit\phpunit\src\Framework\TestRunner.php(101): PHPUnit\Framework\TestCase-&gt;runBare()
#60 D:\meem-commerce\vendor\phpunit\phpunit\src\Framework\TestCase.php(456): PHPUnit\Framework\TestRunner-&gt;run(Object(Tests\Feature\DimensionFilterTest))
#61 D:\meem-commerce\vendor\phpunit\phpunit\src\Framework\TestSuite.php(352): PHPUnit\Framework\TestCase-&gt;run()
#62 D:\meem-commerce\vendor\phpunit\phpunit\src\Framework\TestSuite.php(352): PHPUnit\Framework\TestSuite-&gt;run()
#63 D:\meem-commerce\vendor\phpunit\phpunit\src\Framework\TestSuite.php(352): PHPUnit\Framework\TestSuite-&gt;run()
#64 D:\meem-commerce\vendor\phpunit\phpunit\src\TextUI\TestRunner.php(63): PHPUnit\Framework\TestSuite-&gt;run()
#65 D:\meem-commerce\vendor\phpunit\phpunit\src\TextUI\Application.php(141): PHPUnit\TextUI\TestRunner-&gt;run(Object(PHPUnit\TextUI\Configuration\Configuration), Object(PHPUnit\Runner\ResultCache\DefaultResultCache), Object(PHPUnit\Framework\TestSuite))
#66 D:\meem-commerce\vendor\phpunit\phpunit\phpunit(90): PHPUnit\TextUI\Application-&gt;run(Array)
#67 D:\meem-commerce\vendor\bin\phpunit(122): include('D:\\meem-commerc...')
#68 {main}

----------------------------------------------------------------------------------

SQLSTATE[HY000]: General error: 1 no such function: REGEXP_REPLACE (Connection: sqlite, SQL: select count(*) as aggregate from "products" where ("status" = 1 or "status" = publish) and ("in_stock" = 1 or (COALESCE(stock_quantity, 0) - COALESCE(reserved_quantity, 0)) &gt; 0) and "is_fast_shipping_available" = 0 and ((CAST(REGEXP_REPLACE(COALESCE(products.height, ''), '[^0-9.]', '') AS DECIMAL(12,4)) &gt;= 5 and CAST(REGEXP_REPLACE(COALESCE(products.height, ''), '[^0-9.]', '') AS DECIMAL(12,4)) &lt;= 12) or exists (select * from "product_variants" where "products"."id" = "product_variants"."product_id" and "height" &gt;= 5 and "height" &lt;= 12)) and "products"."deleted_at" is null)
&#13;
D:\meem-commerce\vendor\laravel\framework\src\Illuminate\Testing\TestResponse.php:146
D:\meem-commerce\vendor\laravel\framework\src\Illuminate\Testing\Concerns\AssertsStatusCodes.php:16
D:\meem-commerce\tests\Feature\DimensionFilterTest.php:198
D:\meem-commerce\vendor\laravel\framework\src\Illuminate\Foundation\Testing\TestCase.php:174</failure>
        </testcase>
        <testcase name="test_range_weight_filter" file="D:\meem-commerce\tests\Feature\DimensionFilterTest.php" line="204" class="Tests\Feature\DimensionFilterTest" classname="Tests.Feature.DimensionFilterTest" assertions="1" time="0.015459">
          <failure type="PHPUnit\Framework\ExpectationFailedException">Tests\Feature\DimensionFilterTest::test_range_weight_filter&#13;
Expected response status code [200] but received 409.
Failed asserting that 200 is identical to 409.&#13;
&#13;
The following exception occurred during the last request:

PDOException: SQLSTATE[HY000]: General error: 1 no such function: REGEXP_REPLACE in D:\meem-commerce\vendor\laravel\framework\src\Illuminate\Database\Connection.php:416
Stack trace:
#0 D:\meem-commerce\vendor\laravel\framework\src\Illuminate\Database\Connection.php(416): PDO-&gt;prepare('select count(*)...')
#1 D:\meem-commerce\vendor\laravel\framework\src\Illuminate\Database\Connection.php(809): Illuminate\Database\Connection-&gt;Illuminate\Database\{closure}('select count(*)...', Array)
#2 D:\meem-commerce\vendor\laravel\framework\src\Illuminate\Database\Connection.php(776): Illuminate\Database\Connection-&gt;runQueryCallback('select count(*)...', Array, Object(Closure))
#3 D:\meem-commerce\vendor\laravel\framework\src\Illuminate\Database\Connection.php(407): Illuminate\Database\Connection-&gt;run('select count(*)...', Array, Object(Closure))
#4 D:\meem-commerce\vendor\laravel\framework\src\Illuminate\Database\Query\Builder.php(2751): Illuminate\Database\Connection-&gt;select('select count(*)...', Array, true)
#5 D:\meem-commerce\vendor\laravel\framework\src\Illuminate\Database\Query\Builder.php(2740): Illuminate\Database\Query\Builder-&gt;runSelect()
#6 D:\meem-commerce\vendor\laravel\framework\src\Illuminate\Database\Query\Builder.php(3294): Illuminate\Database\Query\Builder-&gt;Illuminate\Database\Query\{closure}()
#7 D:\meem-commerce\vendor\laravel\framework\src\Illuminate\Database\Query\Builder.php(2739): Illuminate\Database\Query\Builder-&gt;onceWithColumns(Array, Object(Closure))
#8 D:\meem-commerce\vendor\laravel\framework\src\Illuminate\Database\Query\Builder.php(2904): Illuminate\Database\Query\Builder-&gt;get()
#9 D:\meem-commerce\vendor\laravel\framework\src\Illuminate\Database\Query\Builder.php(2863): Illuminate\Database\Query\Builder-&gt;runPaginationCountQuery(Array)
#10 D:\meem-commerce\vendor\laravel\framework\src\Illuminate\Database\Eloquent\Builder.php(921): Illuminate\Database\Query\Builder-&gt;getCountForPagination()
#11 D:\meem-commerce\app\Services\General\ProductService.php(136): Illuminate\Database\Eloquent\Builder-&gt;paginate(15)
#12 D:\meem-commerce\app\Services\General\ProductEngine\Strategies\AllProduct.php(18): App\Services\General\ProductService-&gt;paginate(Object(Illuminate\Http\Request))
#13 D:\meem-commerce\app\Http\Controllers\Api\General\ProductController.php(53): App\Services\General\ProductEngine\Strategies\AllProduct-&gt;getProducts(Object(Illuminate\Http\Request))
#14 D:\meem-commerce\vendor\laravel\framework\src\Illuminate\Routing\Controller.php(54): App\Http\Controllers\Api\General\ProductController-&gt;index(Object(Illuminate\Http\Request))
#15 D:\meem-commerce\vendor\laravel\framework\src\Illuminate\Routing\ControllerDispatcher.php(43): Illuminate\Routing\Controller-&gt;callAction('index', Array)
#16 D:\meem-commerce\vendor\laravel\framework\src\Illuminate\Routing\Route.php(259): Illuminate\Routing\ControllerDispatcher-&gt;dispatch(Object(Illuminate\Routing\Route), Object(App\Http\Controllers\Api\General\ProductController), 'index')
#17 D:\meem-commerce\vendor\laravel\framework\src\Illuminate\Routing\Route.php(205): Illuminate\Routing\Route-&gt;runController()
#18 D:\meem-commerce\vendor\laravel\framework\src\Illuminate\Routing\Router.php(799): Illuminate\Routing\Route-&gt;run()
#19 D:\meem-commerce\vendor\laravel\framework\src\Illuminate\Pipeline\Pipeline.php(141): Illuminate\Routing\Router-&gt;Illuminate\Routing\{closure}(Object(Illuminate\Http\Request))
#20 D:\meem-commerce\app\Http\Middleware\CheckLangMiddleware.php(27): Illuminate\Pipeline\Pipeline-&gt;Illuminate\Pipeline\{closure}(Object(Illuminate\Http\Request))
#21 D:\meem-commerce\vendor\laravel\framework\src\Illuminate\Pipeline\Pipeline.php(180): App\Http\Middleware\CheckLangMiddleware-&gt;handle(Object(Illuminate\Http\Request), Object(Closure))
#22 D:\meem-commerce\app\Http\Middleware\ChannelMiddleware.php(25): Illuminate\Pipeline\Pipeline-&gt;Illuminate\Pipeline\{closure}(Object(Illuminate\Http\Request))
#23 D:\meem-commerce\vendor\laravel\framework\src\Illuminate\Pipeline\Pipeline.php(180): App\Http\Middleware\ChannelMiddleware-&gt;handle(Object(Illuminate\Http\Request), Object(Closure))
#24 D:\meem-commerce\vendor\laravel\framework\src\Illuminate\Routing\Middleware\SubstituteBindings.php(50): Illuminate\Pipeline\Pipeline-&gt;Illuminate\Pipeline\{closure}(Object(Illuminate\Http\Request))
#25 D:\meem-commerce\vendor\laravel\framework\src\Illuminate\Pipeline\Pipeline.php(180): Illuminate\Routing\Middleware\SubstituteBindings-&gt;handle(Object(Illuminate\Http\Request), Object(Closure))
#26 D:\meem-commerce\vendor\laravel\framework\src\Illuminate\Routing\Middleware\ThrottleRequests.php(159): Illuminate\Pipeline\Pipeline-&gt;Illuminate\Pipeline\{closure}(Object(Illuminate\Http\Request))
#27 D:\meem-commerce\vendor\laravel\framework\src\Illuminate\Routing\Middleware\ThrottleRequests.php(125): Illuminate\Routing\Middleware\ThrottleRequests-&gt;handleRequest(Object(Illuminate\Http\Request), Object(Closure), Array)
#28 D:\meem-commerce\vendor\laravel\framework\src\Illuminate\Routing\Middleware\ThrottleRequests.php(87): Illuminate\Routing\Middleware\ThrottleRequests-&gt;handleRequestUsingNamedLimiter(Object(Illuminate\Http\Request), Object(Closure), 'api', Object(Closure))
#29 D:\meem-commerce\vendor\laravel\framework\src\Illuminate\Pipeline\Pipeline.php(180): Illuminate\Routing\Middleware\ThrottleRequests-&gt;handle(Object(Illuminate\Http\Request), Object(Closure), 'api')
#30 D:\meem-commerce\vendor\laravel\framework\src\Illuminate\Pipeline\Pipeline.php(116): Illuminate\Pipeline\Pipeline-&gt;Illuminate\Pipeline\{closure}(Object(Illuminate\Http\Request))
#31 D:\meem-commerce\vendor\laravel\framework\src\Illuminate\Routing\Router.php(798): Illuminate\Pipeline\Pipeline-&gt;then(Object(Closure))
#32 D:\meem-commerce\vendor\laravel\framework\src\Illuminate\Routing\Router.php(777): Illuminate\Routing\Router-&gt;runRouteWithinStack(Object(Illuminate\Routing\Route), Object(Illuminate\Http\Request))
#33 D:\meem-commerce\vendor\laravel\framework\src\Illuminate\Routing\Router.php(741): Illuminate\Routing\Router-&gt;runRoute(Object(Illuminate\Http\Request), Object(Illuminate\Routing\Route))
#34 D:\meem-commerce\vendor\laravel\framework\src\Illuminate\Routing\Router.php(730): Illuminate\Routing\Router-&gt;dispatchToRoute(Object(Illuminate\Http\Request))
#35 D:\meem-commerce\vendor\laravel\framework\src\Illuminate\Foundation\Http\Kernel.php(200): Illuminate\Routing\Router-&gt;dispatch(Object(Illuminate\Http\Request))
#36 D:\meem-commerce\vendor\laravel\framework\src\Illuminate\Pipeline\Pipeline.php(141): Illuminate\Foundation\Http\Kernel-&gt;Illuminate\Foundation\Http\{closure}(Object(Illuminate\Http\Request))
#37 D:\meem-commerce\vendor\laravel\framework\src\Illuminate\Http\Middleware\HandleCors.php(62): Illuminate\Pipeline\Pipeline-&gt;Illuminate\Pipeline\{closure}(Object(Illuminate\Http\Request))
#38 D:\meem-commerce\vendor\laravel\framework\src\Illuminate\Pipeline\Pipeline.php(180): Illuminate\Http\Middleware\HandleCors-&gt;handle(Object(Illuminate\Http\Request), Object(Closure))
#39 D:\meem-commerce\vendor\laravel\framework\src\Illuminate\Foundation\Http\Middleware\TransformsRequest.php(21): Illuminate\Pipeline\Pipeline-&gt;Illuminate\Pipeline\{closure}(Object(Illuminate\Http\Request))
#40 D:\meem-commerce\vendor\laravel\framework\src\Illuminate\Foundation\Http\Middleware\ConvertEmptyStringsToNull.php(31): Illuminate\Foundation\Http\Middleware\TransformsRequest-&gt;handle(Object(Illuminate\Http\Request), Object(Closure))
#41 D:\meem-commerce\vendor\laravel\framework\src\Illuminate\Pipeline\Pipeline.php(180): Illuminate\Foundation\Http\Middleware\ConvertEmptyStringsToNull-&gt;handle(Object(Illuminate\Http\Request), Object(Closure))
#42 D:\meem-commerce\vendor\laravel\framework\src\Illuminate\Foundation\Http\Middleware\TransformsRequest.php(21): Illuminate\Pipeline\Pipeline-&gt;Illuminate\Pipeline\{closure}(Object(Illuminate\Http\Request))
#43 D:\meem-commerce\vendor\laravel\framework\src\Illuminate\Foundation\Http\Middleware\TrimStrings.php(40): Illuminate\Foundation\Http\Middleware\TransformsRequest-&gt;handle(Object(Illuminate\Http\Request), Object(Closure))
#44 D:\meem-commerce\vendor\laravel\framework\src\Illuminate\Pipeline\Pipeline.php(180): Illuminate\Foundation\Http\Middleware\TrimStrings-&gt;handle(Object(Illuminate\Http\Request), Object(Closure))
#45 D:\meem-commerce\vendor\laravel\framework\src\Illuminate\Foundation\Http\Middleware\ValidatePostSize.php(27): Illuminate\Pipeline\Pipeline-&gt;Illuminate\Pipeline\{closure}(Object(Illuminate\Http\Request))
#46 D:\meem-commerce\vendor\laravel\framework\src\Illuminate\Pipeline\Pipeline.php(180): Illuminate\Foundation\Http\Middleware\ValidatePostSize-&gt;handle(Object(Illuminate\Http\Request), Object(Closure))
#47 D:\meem-commerce\vendor\laravel\framework\src\Illuminate\Foundation\Http\Middleware\PreventRequestsDuringMaintenance.php(99): Illuminate\Pipeline\Pipeline-&gt;Illuminate\Pipeline\{closure}(Object(Illuminate\Http\Request))
#48 D:\meem-commerce\vendor\laravel\framework\src\Illuminate\Pipeline\Pipeline.php(180): Illuminate\Foundation\Http\Middleware\PreventRequestsDuringMaintenance-&gt;handle(Object(Illuminate\Http\Request), Object(Closure))
#49 D:\meem-commerce\vendor\laravel\framework\src\Illuminate\Http\Middleware\TrustProxies.php(39): Illuminate\Pipeline\Pipeline-&gt;Illuminate\Pipeline\{closure}(Object(Illuminate\Http\Request))
#50 D:\meem-commerce\vendor\laravel\framework\src\Illuminate\Pipeline\Pipeline.php(180): Illuminate\Http\Middleware\TrustProxies-&gt;handle(Object(Illuminate\Http\Request), Object(Closure))
#51 D:\meem-commerce\vendor\laravel\framework\src\Illuminate\Pipeline\Pipeline.php(116): Illuminate\Pipeline\Pipeline-&gt;Illuminate\Pipeline\{closure}(Object(Illuminate\Http\Request))
#52 D:\meem-commerce\vendor\laravel\framework\src\Illuminate\Foundation\Http\Kernel.php(175): Illuminate\Pipeline\Pipeline-&gt;then(Object(Closure))
#53 D:\meem-commerce\vendor\laravel\framework\src\Illuminate\Foundation\Http\Kernel.php(144): Illuminate\Foundation\Http\Kernel-&gt;sendRequestThroughRouter(Object(Illuminate\Http\Request))
#54 D:\meem-commerce\vendor\laravel\framework\src\Illuminate\Foundation\Testing\Concerns\MakesHttpRequests.php(573): Illuminate\Foundation\Http\Kernel-&gt;handle(Object(Illuminate\Http\Request))
#55 D:\meem-commerce\vendor\laravel\framework\src\Illuminate\Foundation\Testing\Concerns\MakesHttpRequests.php(539): Illuminate\Foundation\Testing\TestCase-&gt;call('GET', '/api/v1/general...', Array, Array, Array, Array, '[]')
#56 D:\meem-commerce\vendor\laravel\framework\src\Illuminate\Foundation\Testing\Concerns\MakesHttpRequests.php(347): Illuminate\Foundation\Testing\TestCase-&gt;json('GET', '/api/v1/general...', Array, Array, 0)
#57 D:\meem-commerce\tests\Feature\DimensionFilterTest.php(208): Illuminate\Foundation\Testing\TestCase-&gt;getJson('/api/v1/general...')
#58 D:\meem-commerce\vendor\phpunit\phpunit\src\Framework\TestCase.php(1030): Tests\Feature\DimensionFilterTest-&gt;test_range_weight_filter()
#59 D:\meem-commerce\vendor\laravel\framework\src\Illuminate\Foundation\Testing\TestCase.php(174): PHPUnit\Framework\TestCase-&gt;runTest()
#60 D:\meem-commerce\vendor\phpunit\phpunit\src\Framework\TestCase.php(627): Illuminate\Foundation\Testing\TestCase-&gt;runTest()
#61 D:\meem-commerce\vendor\phpunit\phpunit\src\Framework\TestRunner.php(101): PHPUnit\Framework\TestCase-&gt;runBare()
#62 D:\meem-commerce\vendor\phpunit\phpunit\src\Framework\TestCase.php(456): PHPUnit\Framework\TestRunner-&gt;run(Object(Tests\Feature\DimensionFilterTest))
#63 D:\meem-commerce\vendor\phpunit\phpunit\src\Framework\TestSuite.php(352): PHPUnit\Framework\TestCase-&gt;run()
#64 D:\meem-commerce\vendor\phpunit\phpunit\src\Framework\TestSuite.php(352): PHPUnit\Framework\TestSuite-&gt;run()
#65 D:\meem-commerce\vendor\phpunit\phpunit\src\Framework\TestSuite.php(352): PHPUnit\Framework\TestSuite-&gt;run()
#66 D:\meem-commerce\vendor\phpunit\phpunit\src\TextUI\TestRunner.php(63): PHPUnit\Framework\TestSuite-&gt;run()
#67 D:\meem-commerce\vendor\phpunit\phpunit\src\TextUI\Application.php(141): PHPUnit\TextUI\TestRunner-&gt;run(Object(PHPUnit\TextUI\Configuration\Configuration), Object(PHPUnit\Runner\ResultCache\DefaultResultCache), Object(PHPUnit\Framework\TestSuite))
#68 D:\meem-commerce\vendor\phpunit\phpunit\phpunit(90): PHPUnit\TextUI\Application-&gt;run(Array)
#69 D:\meem-commerce\vendor\bin\phpunit(122): include('D:\\meem-commerc...')
#70 {main}

Next Illuminate\Database\QueryException: SQLSTATE[HY000]: General error: 1 no such function: REGEXP_REPLACE (Connection: sqlite, SQL: select count(*) as aggregate from "products" where ("status" = 1 or "status" = publish) and ("in_stock" = 1 or (COALESCE(stock_quantity, 0) - COALESCE(reserved_quantity, 0)) &gt; 0) and "is_fast_shipping_available" = 0 and ((CAST(REGEXP_REPLACE(COALESCE(products.weight, ''), '[^0-9.]', '') AS DECIMAL(12,4)) &gt;= 5 and CAST(REGEXP_REPLACE(COALESCE(products.weight, ''), '[^0-9.]', '') AS DECIMAL(12,4)) &lt;= 9) or exists (select * from "product_variants" where "products"."id" = "product_variants"."product_id" and "weight" &gt;= 5 and "weight" &lt;= 9)) and "products"."deleted_at" is null) in D:\meem-commerce\vendor\laravel\framework\src\Illuminate\Database\Connection.php:822
Stack trace:
#0 D:\meem-commerce\vendor\laravel\framework\src\Illuminate\Database\Connection.php(776): Illuminate\Database\Connection-&gt;runQueryCallback('select count(*)...', Array, Object(Closure))
#1 D:\meem-commerce\vendor\laravel\framework\src\Illuminate\Database\Connection.php(407): Illuminate\Database\Connection-&gt;run('select count(*)...', Array, Object(Closure))
#2 D:\meem-commerce\vendor\laravel\framework\src\Illuminate\Database\Query\Builder.php(2751): Illuminate\Database\Connection-&gt;select('select count(*)...', Array, true)
#3 D:\meem-commerce\vendor\laravel\framework\src\Illuminate\Database\Query\Builder.php(2740): Illuminate\Database\Query\Builder-&gt;runSelect()
#4 D:\meem-commerce\vendor\laravel\framework\src\Illuminate\Database\Query\Builder.php(3294): Illuminate\Database\Query\Builder-&gt;Illuminate\Database\Query\{closure}()
#5 D:\meem-commerce\vendor\laravel\framework\src\Illuminate\Database\Query\Builder.php(2739): Illuminate\Database\Query\Builder-&gt;onceWithColumns(Array, Object(Closure))
#6 D:\meem-commerce\vendor\laravel\framework\src\Illuminate\Database\Query\Builder.php(2904): Illuminate\Database\Query\Builder-&gt;get()
#7 D:\meem-commerce\vendor\laravel\framework\src\Illuminate\Database\Query\Builder.php(2863): Illuminate\Database\Query\Builder-&gt;runPaginationCountQuery(Array)
#8 D:\meem-commerce\vendor\laravel\framework\src\Illuminate\Database\Eloquent\Builder.php(921): Illuminate\Database\Query\Builder-&gt;getCountForPagination()
#9 D:\meem-commerce\app\Services\General\ProductService.php(136): Illuminate\Database\Eloquent\Builder-&gt;paginate(15)
#10 D:\meem-commerce\app\Services\General\ProductEngine\Strategies\AllProduct.php(18): App\Services\General\ProductService-&gt;paginate(Object(Illuminate\Http\Request))
#11 D:\meem-commerce\app\Http\Controllers\Api\General\ProductController.php(53): App\Services\General\ProductEngine\Strategies\AllProduct-&gt;getProducts(Object(Illuminate\Http\Request))
#12 D:\meem-commerce\vendor\laravel\framework\src\Illuminate\Routing\Controller.php(54): App\Http\Controllers\Api\General\ProductController-&gt;index(Object(Illuminate\Http\Request))
#13 D:\meem-commerce\vendor\laravel\framework\src\Illuminate\Routing\ControllerDispatcher.php(43): Illuminate\Routing\Controller-&gt;callAction('index', Array)
#14 D:\meem-commerce\vendor\laravel\framework\src\Illuminate\Routing\Route.php(259): Illuminate\Routing\ControllerDispatcher-&gt;dispatch(Object(Illuminate\Routing\Route), Object(App\Http\Controllers\Api\General\ProductController), 'index')
#15 D:\meem-commerce\vendor\laravel\framework\src\Illuminate\Routing\Route.php(205): Illuminate\Routing\Route-&gt;runController()
#16 D:\meem-commerce\vendor\laravel\framework\src\Illuminate\Routing\Router.php(799): Illuminate\Routing\Route-&gt;run()
#17 D:\meem-commerce\vendor\laravel\framework\src\Illuminate\Pipeline\Pipeline.php(141): Illuminate\Routing\Router-&gt;Illuminate\Routing\{closure}(Object(Illuminate\Http\Request))
#18 D:\meem-commerce\app\Http\Middleware\CheckLangMiddleware.php(27): Illuminate\Pipeline\Pipeline-&gt;Illuminate\Pipeline\{closure}(Object(Illuminate\Http\Request))
#19 D:\meem-commerce\vendor\laravel\framework\src\Illuminate\Pipeline\Pipeline.php(180): App\Http\Middleware\CheckLangMiddleware-&gt;handle(Object(Illuminate\Http\Request), Object(Closure))
#20 D:\meem-commerce\app\Http\Middleware\ChannelMiddleware.php(25): Illuminate\Pipeline\Pipeline-&gt;Illuminate\Pipeline\{closure}(Object(Illuminate\Http\Request))
#21 D:\meem-commerce\vendor\laravel\framework\src\Illuminate\Pipeline\Pipeline.php(180): App\Http\Middleware\ChannelMiddleware-&gt;handle(Object(Illuminate\Http\Request), Object(Closure))
#22 D:\meem-commerce\vendor\laravel\framework\src\Illuminate\Routing\Middleware\SubstituteBindings.php(50): Illuminate\Pipeline\Pipeline-&gt;Illuminate\Pipeline\{closure}(Object(Illuminate\Http\Request))
#23 D:\meem-commerce\vendor\laravel\framework\src\Illuminate\Pipeline\Pipeline.php(180): Illuminate\Routing\Middleware\SubstituteBindings-&gt;handle(Object(Illuminate\Http\Request), Object(Closure))
#24 D:\meem-commerce\vendor\laravel\framework\src\Illuminate\Routing\Middleware\ThrottleRequests.php(159): Illuminate\Pipeline\Pipeline-&gt;Illuminate\Pipeline\{closure}(Object(Illuminate\Http\Request))
#25 D:\meem-commerce\vendor\laravel\framework\src\Illuminate\Routing\Middleware\ThrottleRequests.php(125): Illuminate\Routing\Middleware\ThrottleRequests-&gt;handleRequest(Object(Illuminate\Http\Request), Object(Closure), Array)
#26 D:\meem-commerce\vendor\laravel\framework\src\Illuminate\Routing\Middleware\ThrottleRequests.php(87): Illuminate\Routing\Middleware\ThrottleRequests-&gt;handleRequestUsingNamedLimiter(Object(Illuminate\Http\Request), Object(Closure), 'api', Object(Closure))
#27 D:\meem-commerce\vendor\laravel\framework\src\Illuminate\Pipeline\Pipeline.php(180): Illuminate\Routing\Middleware\ThrottleRequests-&gt;handle(Object(Illuminate\Http\Request), Object(Closure), 'api')
#28 D:\meem-commerce\vendor\laravel\framework\src\Illuminate\Pipeline\Pipeline.php(116): Illuminate\Pipeline\Pipeline-&gt;Illuminate\Pipeline\{closure}(Object(Illuminate\Http\Request))
#29 D:\meem-commerce\vendor\laravel\framework\src\Illuminate\Routing\Router.php(798): Illuminate\Pipeline\Pipeline-&gt;then(Object(Closure))
#30 D:\meem-commerce\vendor\laravel\framework\src\Illuminate\Routing\Router.php(777): Illuminate\Routing\Router-&gt;runRouteWithinStack(Object(Illuminate\Routing\Route), Object(Illuminate\Http\Request))
#31 D:\meem-commerce\vendor\laravel\framework\src\Illuminate\Routing\Router.php(741): Illuminate\Routing\Router-&gt;runRoute(Object(Illuminate\Http\Request), Object(Illuminate\Routing\Route))
#32 D:\meem-commerce\vendor\laravel\framework\src\Illuminate\Routing\Router.php(730): Illuminate\Routing\Router-&gt;dispatchToRoute(Object(Illuminate\Http\Request))
#33 D:\meem-commerce\vendor\laravel\framework\src\Illuminate\Foundation\Http\Kernel.php(200): Illuminate\Routing\Router-&gt;dispatch(Object(Illuminate\Http\Request))
#34 D:\meem-commerce\vendor\laravel\framework\src\Illuminate\Pipeline\Pipeline.php(141): Illuminate\Foundation\Http\Kernel-&gt;Illuminate\Foundation\Http\{closure}(Object(Illuminate\Http\Request))
#35 D:\meem-commerce\vendor\laravel\framework\src\Illuminate\Http\Middleware\HandleCors.php(62): Illuminate\Pipeline\Pipeline-&gt;Illuminate\Pipeline\{closure}(Object(Illuminate\Http\Request))
#36 D:\meem-commerce\vendor\laravel\framework\src\Illuminate\Pipeline\Pipeline.php(180): Illuminate\Http\Middleware\HandleCors-&gt;handle(Object(Illuminate\Http\Request), Object(Closure))
#37 D:\meem-commerce\vendor\laravel\framework\src\Illuminate\Foundation\Http\Middleware\TransformsRequest.php(21): Illuminate\Pipeline\Pipeline-&gt;Illuminate\Pipeline\{closure}(Object(Illuminate\Http\Request))
#38 D:\meem-commerce\vendor\laravel\framework\src\Illuminate\Foundation\Http\Middleware\ConvertEmptyStringsToNull.php(31): Illuminate\Foundation\Http\Middleware\TransformsRequest-&gt;handle(Object(Illuminate\Http\Request), Object(Closure))
#39 D:\meem-commerce\vendor\laravel\framework\src\Illuminate\Pipeline\Pipeline.php(180): Illuminate\Foundation\Http\Middleware\ConvertEmptyStringsToNull-&gt;handle(Object(Illuminate\Http\Request), Object(Closure))
#40 D:\meem-commerce\vendor\laravel\framework\src\Illuminate\Foundation\Http\Middleware\TransformsRequest.php(21): Illuminate\Pipeline\Pipeline-&gt;Illuminate\Pipeline\{closure}(Object(Illuminate\Http\Request))
#41 D:\meem-commerce\vendor\laravel\framework\src\Illuminate\Foundation\Http\Middleware\TrimStrings.php(40): Illuminate\Foundation\Http\Middleware\TransformsRequest-&gt;handle(Object(Illuminate\Http\Request), Object(Closure))
#42 D:\meem-commerce\vendor\laravel\framework\src\Illuminate\Pipeline\Pipeline.php(180): Illuminate\Foundation\Http\Middleware\TrimStrings-&gt;handle(Object(Illuminate\Http\Request), Object(Closure))
#43 D:\meem-commerce\vendor\laravel\framework\src\Illuminate\Foundation\Http\Middleware\ValidatePostSize.php(27): Illuminate\Pipeline\Pipeline-&gt;Illuminate\Pipeline\{closure}(Object(Illuminate\Http\Request))
#44 D:\meem-commerce\vendor\laravel\framework\src\Illuminate\Pipeline\Pipeline.php(180): Illuminate\Foundation\Http\Middleware\ValidatePostSize-&gt;handle(Object(Illuminate\Http\Request), Object(Closure))
#45 D:\meem-commerce\vendor\laravel\framework\src\Illuminate\Foundation\Http\Middleware\PreventRequestsDuringMaintenance.php(99): Illuminate\Pipeline\Pipeline-&gt;Illuminate\Pipeline\{closure}(Object(Illuminate\Http\Request))
#46 D:\meem-commerce\vendor\laravel\framework\src\Illuminate\Pipeline\Pipeline.php(180): Illuminate\Foundation\Http\Middleware\PreventRequestsDuringMaintenance-&gt;handle(Object(Illuminate\Http\Request), Object(Closure))
#47 D:\meem-commerce\vendor\laravel\framework\src\Illuminate\Http\Middleware\TrustProxies.php(39): Illuminate\Pipeline\Pipeline-&gt;Illuminate\Pipeline\{closure}(Object(Illuminate\Http\Request))
#48 D:\meem-commerce\vendor\laravel\framework\src\Illuminate\Pipeline\Pipeline.php(180): Illuminate\Http\Middleware\TrustProxies-&gt;handle(Object(Illuminate\Http\Request), Object(Closure))
#49 D:\meem-commerce\vendor\laravel\framework\src\Illuminate\Pipeline\Pipeline.php(116): Illuminate\Pipeline\Pipeline-&gt;Illuminate\Pipeline\{closure}(Object(Illuminate\Http\Request))
#50 D:\meem-commerce\vendor\laravel\framework\src\Illuminate\Foundation\Http\Kernel.php(175): Illuminate\Pipeline\Pipeline-&gt;then(Object(Closure))
#51 D:\meem-commerce\vendor\laravel\framework\src\Illuminate\Foundation\Http\Kernel.php(144): Illuminate\Foundation\Http\Kernel-&gt;sendRequestThroughRouter(Object(Illuminate\Http\Request))
#52 D:\meem-commerce\vendor\laravel\framework\src\Illuminate\Foundation\Testing\Concerns\MakesHttpRequests.php(573): Illuminate\Foundation\Http\Kernel-&gt;handle(Object(Illuminate\Http\Request))
#53 D:\meem-commerce\vendor\laravel\framework\src\Illuminate\Foundation\Testing\Concerns\MakesHttpRequests.php(539): Illuminate\Foundation\Testing\TestCase-&gt;call('GET', '/api/v1/general...', Array, Array, Array, Array, '[]')
#54 D:\meem-commerce\vendor\laravel\framework\src\Illuminate\Foundation\Testing\Concerns\MakesHttpRequests.php(347): Illuminate\Foundation\Testing\TestCase-&gt;json('GET', '/api/v1/general...', Array, Array, 0)
#55 D:\meem-commerce\tests\Feature\DimensionFilterTest.php(208): Illuminate\Foundation\Testing\TestCase-&gt;getJson('/api/v1/general...')
#56 D:\meem-commerce\vendor\phpunit\phpunit\src\Framework\TestCase.php(1030): Tests\Feature\DimensionFilterTest-&gt;test_range_weight_filter()
#57 D:\meem-commerce\vendor\laravel\framework\src\Illuminate\Foundation\Testing\TestCase.php(174): PHPUnit\Framework\TestCase-&gt;runTest()
#58 D:\meem-commerce\vendor\phpunit\phpunit\src\Framework\TestCase.php(627): Illuminate\Foundation\Testing\TestCase-&gt;runTest()
#59 D:\meem-commerce\vendor\phpunit\phpunit\src\Framework\TestRunner.php(101): PHPUnit\Framework\TestCase-&gt;runBare()
#60 D:\meem-commerce\vendor\phpunit\phpunit\src\Framework\TestCase.php(456): PHPUnit\Framework\TestRunner-&gt;run(Object(Tests\Feature\DimensionFilterTest))
#61 D:\meem-commerce\vendor\phpunit\phpunit\src\Framework\TestSuite.php(352): PHPUnit\Framework\TestCase-&gt;run()
#62 D:\meem-commerce\vendor\phpunit\phpunit\src\Framework\TestSuite.php(352): PHPUnit\Framework\TestSuite-&gt;run()
#63 D:\meem-commerce\vendor\phpunit\phpunit\src\Framework\TestSuite.php(352): PHPUnit\Framework\TestSuite-&gt;run()
#64 D:\meem-commerce\vendor\phpunit\phpunit\src\TextUI\TestRunner.php(63): PHPUnit\Framework\TestSuite-&gt;run()
#65 D:\meem-commerce\vendor\phpunit\phpunit\src\TextUI\Application.php(141): PHPUnit\TextUI\TestRunner-&gt;run(Object(PHPUnit\TextUI\Configuration\Configuration), Object(PHPUnit\Runner\ResultCache\DefaultResultCache), Object(PHPUnit\Framework\TestSuite))
#66 D:\meem-commerce\vendor\phpunit\phpunit\phpunit(90): PHPUnit\TextUI\Application-&gt;run(Array)
#67 D:\meem-commerce\vendor\bin\phpunit(122): include('D:\\meem-commerc...')
#68 {main}

----------------------------------------------------------------------------------

SQLSTATE[HY000]: General error: 1 no such function: REGEXP_REPLACE (Connection: sqlite, SQL: select count(*) as aggregate from "products" where ("status" = 1 or "status" = publish) and ("in_stock" = 1 or (COALESCE(stock_quantity, 0) - COALESCE(reserved_quantity, 0)) &gt; 0) and "is_fast_shipping_available" = 0 and ((CAST(REGEXP_REPLACE(COALESCE(products.weight, ''), '[^0-9.]', '') AS DECIMAL(12,4)) &gt;= 5 and CAST(REGEXP_REPLACE(COALESCE(products.weight, ''), '[^0-9.]', '') AS DECIMAL(12,4)) &lt;= 9) or exists (select * from "product_variants" where "products"."id" = "product_variants"."product_id" and "weight" &gt;= 5 and "weight" &lt;= 9)) and "products"."deleted_at" is null)
&#13;
D:\meem-commerce\vendor\laravel\framework\src\Illuminate\Testing\TestResponse.php:146
D:\meem-commerce\vendor\laravel\framework\src\Illuminate\Testing\Concerns\AssertsStatusCodes.php:16
D:\meem-commerce\tests\Feature\DimensionFilterTest.php:209
D:\meem-commerce\vendor\laravel\framework\src\Illuminate\Foundation\Testing\TestCase.php:174</failure>
        </testcase>
        <testcase name="test_multiple_exact_match_dimensions" file="D:\meem-commerce\tests\Feature\DimensionFilterTest.php" line="215" class="Tests\Feature\DimensionFilterTest" classname="Tests.Feature.DimensionFilterTest" assertions="2" time="0.020823"/>
        <testcase name="test_combined_exact_and_range_dimensions" file="D:\meem-commerce\tests\Feature\DimensionFilterTest.php" line="226" class="Tests\Feature\DimensionFilterTest" classname="Tests.Feature.DimensionFilterTest" assertions="1" time="0.015740">
          <failure type="PHPUnit\Framework\ExpectationFailedException">Tests\Feature\DimensionFilterTest::test_combined_exact_and_range_dimensions&#13;
Expected response status code [200] but received 409.
Failed asserting that 200 is identical to 409.&#13;
&#13;
The following exception occurred during the last request:

PDOException: SQLSTATE[HY000]: General error: 1 no such function: REGEXP_REPLACE in D:\meem-commerce\vendor\laravel\framework\src\Illuminate\Database\Connection.php:416
Stack trace:
#0 D:\meem-commerce\vendor\laravel\framework\src\Illuminate\Database\Connection.php(416): PDO-&gt;prepare('select count(*)...')
#1 D:\meem-commerce\vendor\laravel\framework\src\Illuminate\Database\Connection.php(809): Illuminate\Database\Connection-&gt;Illuminate\Database\{closure}('select count(*)...', Array)
#2 D:\meem-commerce\vendor\laravel\framework\src\Illuminate\Database\Connection.php(776): Illuminate\Database\Connection-&gt;runQueryCallback('select count(*)...', Array, Object(Closure))
#3 D:\meem-commerce\vendor\laravel\framework\src\Illuminate\Database\Connection.php(407): Illuminate\Database\Connection-&gt;run('select count(*)...', Array, Object(Closure))
#4 D:\meem-commerce\vendor\laravel\framework\src\Illuminate\Database\Query\Builder.php(2751): Illuminate\Database\Connection-&gt;select('select count(*)...', Array, true)
#5 D:\meem-commerce\vendor\laravel\framework\src\Illuminate\Database\Query\Builder.php(2740): Illuminate\Database\Query\Builder-&gt;runSelect()
#6 D:\meem-commerce\vendor\laravel\framework\src\Illuminate\Database\Query\Builder.php(3294): Illuminate\Database\Query\Builder-&gt;Illuminate\Database\Query\{closure}()
#7 D:\meem-commerce\vendor\laravel\framework\src\Illuminate\Database\Query\Builder.php(2739): Illuminate\Database\Query\Builder-&gt;onceWithColumns(Array, Object(Closure))
#8 D:\meem-commerce\vendor\laravel\framework\src\Illuminate\Database\Query\Builder.php(2904): Illuminate\Database\Query\Builder-&gt;get()
#9 D:\meem-commerce\vendor\laravel\framework\src\Illuminate\Database\Query\Builder.php(2863): Illuminate\Database\Query\Builder-&gt;runPaginationCountQuery(Array)
#10 D:\meem-commerce\vendor\laravel\framework\src\Illuminate\Database\Eloquent\Builder.php(921): Illuminate\Database\Query\Builder-&gt;getCountForPagination()
#11 D:\meem-commerce\app\Services\General\ProductService.php(136): Illuminate\Database\Eloquent\Builder-&gt;paginate(15)
#12 D:\meem-commerce\app\Services\General\ProductEngine\Strategies\AllProduct.php(18): App\Services\General\ProductService-&gt;paginate(Object(Illuminate\Http\Request))
#13 D:\meem-commerce\app\Http\Controllers\Api\General\ProductController.php(53): App\Services\General\ProductEngine\Strategies\AllProduct-&gt;getProducts(Object(Illuminate\Http\Request))
#14 D:\meem-commerce\vendor\laravel\framework\src\Illuminate\Routing\Controller.php(54): App\Http\Controllers\Api\General\ProductController-&gt;index(Object(Illuminate\Http\Request))
#15 D:\meem-commerce\vendor\laravel\framework\src\Illuminate\Routing\ControllerDispatcher.php(43): Illuminate\Routing\Controller-&gt;callAction('index', Array)
#16 D:\meem-commerce\vendor\laravel\framework\src\Illuminate\Routing\Route.php(259): Illuminate\Routing\ControllerDispatcher-&gt;dispatch(Object(Illuminate\Routing\Route), Object(App\Http\Controllers\Api\General\ProductController), 'index')
#17 D:\meem-commerce\vendor\laravel\framework\src\Illuminate\Routing\Route.php(205): Illuminate\Routing\Route-&gt;runController()
#18 D:\meem-commerce\vendor\laravel\framework\src\Illuminate\Routing\Router.php(799): Illuminate\Routing\Route-&gt;run()
#19 D:\meem-commerce\vendor\laravel\framework\src\Illuminate\Pipeline\Pipeline.php(141): Illuminate\Routing\Router-&gt;Illuminate\Routing\{closure}(Object(Illuminate\Http\Request))
#20 D:\meem-commerce\app\Http\Middleware\CheckLangMiddleware.php(27): Illuminate\Pipeline\Pipeline-&gt;Illuminate\Pipeline\{closure}(Object(Illuminate\Http\Request))
#21 D:\meem-commerce\vendor\laravel\framework\src\Illuminate\Pipeline\Pipeline.php(180): App\Http\Middleware\CheckLangMiddleware-&gt;handle(Object(Illuminate\Http\Request), Object(Closure))
#22 D:\meem-commerce\app\Http\Middleware\ChannelMiddleware.php(25): Illuminate\Pipeline\Pipeline-&gt;Illuminate\Pipeline\{closure}(Object(Illuminate\Http\Request))
#23 D:\meem-commerce\vendor\laravel\framework\src\Illuminate\Pipeline\Pipeline.php(180): App\Http\Middleware\ChannelMiddleware-&gt;handle(Object(Illuminate\Http\Request), Object(Closure))
#24 D:\meem-commerce\vendor\laravel\framework\src\Illuminate\Routing\Middleware\SubstituteBindings.php(50): Illuminate\Pipeline\Pipeline-&gt;Illuminate\Pipeline\{closure}(Object(Illuminate\Http\Request))
#25 D:\meem-commerce\vendor\laravel\framework\src\Illuminate\Pipeline\Pipeline.php(180): Illuminate\Routing\Middleware\SubstituteBindings-&gt;handle(Object(Illuminate\Http\Request), Object(Closure))
#26 D:\meem-commerce\vendor\laravel\framework\src\Illuminate\Routing\Middleware\ThrottleRequests.php(159): Illuminate\Pipeline\Pipeline-&gt;Illuminate\Pipeline\{closure}(Object(Illuminate\Http\Request))
#27 D:\meem-commerce\vendor\laravel\framework\src\Illuminate\Routing\Middleware\ThrottleRequests.php(125): Illuminate\Routing\Middleware\ThrottleRequests-&gt;handleRequest(Object(Illuminate\Http\Request), Object(Closure), Array)
#28 D:\meem-commerce\vendor\laravel\framework\src\Illuminate\Routing\Middleware\ThrottleRequests.php(87): Illuminate\Routing\Middleware\ThrottleRequests-&gt;handleRequestUsingNamedLimiter(Object(Illuminate\Http\Request), Object(Closure), 'api', Object(Closure))
#29 D:\meem-commerce\vendor\laravel\framework\src\Illuminate\Pipeline\Pipeline.php(180): Illuminate\Routing\Middleware\ThrottleRequests-&gt;handle(Object(Illuminate\Http\Request), Object(Closure), 'api')
#30 D:\meem-commerce\vendor\laravel\framework\src\Illuminate\Pipeline\Pipeline.php(116): Illuminate\Pipeline\Pipeline-&gt;Illuminate\Pipeline\{closure}(Object(Illuminate\Http\Request))
#31 D:\meem-commerce\vendor\laravel\framework\src\Illuminate\Routing\Router.php(798): Illuminate\Pipeline\Pipeline-&gt;then(Object(Closure))
#32 D:\meem-commerce\vendor\laravel\framework\src\Illuminate\Routing\Router.php(777): Illuminate\Routing\Router-&gt;runRouteWithinStack(Object(Illuminate\Routing\Route), Object(Illuminate\Http\Request))
#33 D:\meem-commerce\vendor\laravel\framework\src\Illuminate\Routing\Router.php(741): Illuminate\Routing\Router-&gt;runRoute(Object(Illuminate\Http\Request), Object(Illuminate\Routing\Route))
#34 D:\meem-commerce\vendor\laravel\framework\src\Illuminate\Routing\Router.php(730): Illuminate\Routing\Router-&gt;dispatchToRoute(Object(Illuminate\Http\Request))
#35 D:\meem-commerce\vendor\laravel\framework\src\Illuminate\Foundation\Http\Kernel.php(200): Illuminate\Routing\Router-&gt;dispatch(Object(Illuminate\Http\Request))
#36 D:\meem-commerce\vendor\laravel\framework\src\Illuminate\Pipeline\Pipeline.php(141): Illuminate\Foundation\Http\Kernel-&gt;Illuminate\Foundation\Http\{closure}(Object(Illuminate\Http\Request))
#37 D:\meem-commerce\vendor\laravel\framework\src\Illuminate\Http\Middleware\HandleCors.php(62): Illuminate\Pipeline\Pipeline-&gt;Illuminate\Pipeline\{closure}(Object(Illuminate\Http\Request))
#38 D:\meem-commerce\vendor\laravel\framework\src\Illuminate\Pipeline\Pipeline.php(180): Illuminate\Http\Middleware\HandleCors-&gt;handle(Object(Illuminate\Http\Request), Object(Closure))
#39 D:\meem-commerce\vendor\laravel\framework\src\Illuminate\Foundation\Http\Middleware\TransformsRequest.php(21): Illuminate\Pipeline\Pipeline-&gt;Illuminate\Pipeline\{closure}(Object(Illuminate\Http\Request))
#40 D:\meem-commerce\vendor\laravel\framework\src\Illuminate\Foundation\Http\Middleware\ConvertEmptyStringsToNull.php(31): Illuminate\Foundation\Http\Middleware\TransformsRequest-&gt;handle(Object(Illuminate\Http\Request), Object(Closure))
#41 D:\meem-commerce\vendor\laravel\framework\src\Illuminate\Pipeline\Pipeline.php(180): Illuminate\Foundation\Http\Middleware\ConvertEmptyStringsToNull-&gt;handle(Object(Illuminate\Http\Request), Object(Closure))
#42 D:\meem-commerce\vendor\laravel\framework\src\Illuminate\Foundation\Http\Middleware\TransformsRequest.php(21): Illuminate\Pipeline\Pipeline-&gt;Illuminate\Pipeline\{closure}(Object(Illuminate\Http\Request))
#43 D:\meem-commerce\vendor\laravel\framework\src\Illuminate\Foundation\Http\Middleware\TrimStrings.php(40): Illuminate\Foundation\Http\Middleware\TransformsRequest-&gt;handle(Object(Illuminate\Http\Request), Object(Closure))
#44 D:\meem-commerce\vendor\laravel\framework\src\Illuminate\Pipeline\Pipeline.php(180): Illuminate\Foundation\Http\Middleware\TrimStrings-&gt;handle(Object(Illuminate\Http\Request), Object(Closure))
#45 D:\meem-commerce\vendor\laravel\framework\src\Illuminate\Foundation\Http\Middleware\ValidatePostSize.php(27): Illuminate\Pipeline\Pipeline-&gt;Illuminate\Pipeline\{closure}(Object(Illuminate\Http\Request))
#46 D:\meem-commerce\vendor\laravel\framework\src\Illuminate\Pipeline\Pipeline.php(180): Illuminate\Foundation\Http\Middleware\ValidatePostSize-&gt;handle(Object(Illuminate\Http\Request), Object(Closure))
#47 D:\meem-commerce\vendor\laravel\framework\src\Illuminate\Foundation\Http\Middleware\PreventRequestsDuringMaintenance.php(99): Illuminate\Pipeline\Pipeline-&gt;Illuminate\Pipeline\{closure}(Object(Illuminate\Http\Request))
#48 D:\meem-commerce\vendor\laravel\framework\src\Illuminate\Pipeline\Pipeline.php(180): Illuminate\Foundation\Http\Middleware\PreventRequestsDuringMaintenance-&gt;handle(Object(Illuminate\Http\Request), Object(Closure))
#49 D:\meem-commerce\vendor\laravel\framework\src\Illuminate\Http\Middleware\TrustProxies.php(39): Illuminate\Pipeline\Pipeline-&gt;Illuminate\Pipeline\{closure}(Object(Illuminate\Http\Request))
#50 D:\meem-commerce\vendor\laravel\framework\src\Illuminate\Pipeline\Pipeline.php(180): Illuminate\Http\Middleware\TrustProxies-&gt;handle(Object(Illuminate\Http\Request), Object(Closure))
#51 D:\meem-commerce\vendor\laravel\framework\src\Illuminate\Pipeline\Pipeline.php(116): Illuminate\Pipeline\Pipeline-&gt;Illuminate\Pipeline\{closure}(Object(Illuminate\Http\Request))
#52 D:\meem-commerce\vendor\laravel\framework\src\Illuminate\Foundation\Http\Kernel.php(175): Illuminate\Pipeline\Pipeline-&gt;then(Object(Closure))
#53 D:\meem-commerce\vendor\laravel\framework\src\Illuminate\Foundation\Http\Kernel.php(144): Illuminate\Foundation\Http\Kernel-&gt;sendRequestThroughRouter(Object(Illuminate\Http\Request))
#54 D:\meem-commerce\vendor\laravel\framework\src\Illuminate\Foundation\Testing\Concerns\MakesHttpRequests.php(573): Illuminate\Foundation\Http\Kernel-&gt;handle(Object(Illuminate\Http\Request))
#55 D:\meem-commerce\vendor\laravel\framework\src\Illuminate\Foundation\Testing\Concerns\MakesHttpRequests.php(539): Illuminate\Foundation\Testing\TestCase-&gt;call('GET', '/api/v1/general...', Array, Array, Array, Array, '[]')
#56 D:\meem-commerce\vendor\laravel\framework\src\Illuminate\Foundation\Testing\Concerns\MakesHttpRequests.php(347): Illuminate\Foundation\Testing\TestCase-&gt;json('GET', '/api/v1/general...', Array, Array, 0)
#57 D:\meem-commerce\tests\Feature\DimensionFilterTest.php(230): Illuminate\Foundation\Testing\TestCase-&gt;getJson('/api/v1/general...')
#58 D:\meem-commerce\vendor\phpunit\phpunit\src\Framework\TestCase.php(1030): Tests\Feature\DimensionFilterTest-&gt;test_combined_exact_and_range_dimensions()
#59 D:\meem-commerce\vendor\laravel\framework\src\Illuminate\Foundation\Testing\TestCase.php(174): PHPUnit\Framework\TestCase-&gt;runTest()
#60 D:\meem-commerce\vendor\phpunit\phpunit\src\Framework\TestCase.php(627): Illuminate\Foundation\Testing\TestCase-&gt;runTest()
#61 D:\meem-commerce\vendor\phpunit\phpunit\src\Framework\TestRunner.php(101): PHPUnit\Framework\TestCase-&gt;runBare()
#62 D:\meem-commerce\vendor\phpunit\phpunit\src\Framework\TestCase.php(456): PHPUnit\Framework\TestRunner-&gt;run(Object(Tests\Feature\DimensionFilterTest))
#63 D:\meem-commerce\vendor\phpunit\phpunit\src\Framework\TestSuite.php(352): PHPUnit\Framework\TestCase-&gt;run()
#64 D:\meem-commerce\vendor\phpunit\phpunit\src\Framework\TestSuite.php(352): PHPUnit\Framework\TestSuite-&gt;run()
#65 D:\meem-commerce\vendor\phpunit\phpunit\src\Framework\TestSuite.php(352): PHPUnit\Framework\TestSuite-&gt;run()
#66 D:\meem-commerce\vendor\phpunit\phpunit\src\TextUI\TestRunner.php(63): PHPUnit\Framework\TestSuite-&gt;run()
#67 D:\meem-commerce\vendor\phpunit\phpunit\src\TextUI\Application.php(141): PHPUnit\TextUI\TestRunner-&gt;run(Object(PHPUnit\TextUI\Configuration\Configuration), Object(PHPUnit\Runner\ResultCache\DefaultResultCache), Object(PHPUnit\Framework\TestSuite))
#68 D:\meem-commerce\vendor\phpunit\phpunit\phpunit(90): PHPUnit\TextUI\Application-&gt;run(Array)
#69 D:\meem-commerce\vendor\bin\phpunit(122): include('D:\\meem-commerc...')
#70 {main}

Next Illuminate\Database\QueryException: SQLSTATE[HY000]: General error: 1 no such function: REGEXP_REPLACE (Connection: sqlite, SQL: select count(*) as aggregate from "products" where ("status" = 1 or "status" = publish) and ("in_stock" = 1 or (COALESCE(stock_quantity, 0) - COALESCE(reserved_quantity, 0)) &gt; 0) and "is_fast_shipping_available" = 0 and ("products"."height" in (10) or exists (select * from "product_variants" where "products"."id" = "product_variants"."product_id" and "height" in (10))) and ((CAST(REGEXP_REPLACE(COALESCE(products.weight, ''), '[^0-9.]', '') AS DECIMAL(12,4)) &gt;= 5 and CAST(REGEXP_REPLACE(COALESCE(products.weight, ''), '[^0-9.]', '') AS DECIMAL(12,4)) &lt;= 6) or exists (select * from "product_variants" where "products"."id" = "product_variants"."product_id" and "weight" &gt;= 5 and "weight" &lt;= 6)) and "products"."deleted_at" is null) in D:\meem-commerce\vendor\laravel\framework\src\Illuminate\Database\Connection.php:822
Stack trace:
#0 D:\meem-commerce\vendor\laravel\framework\src\Illuminate\Database\Connection.php(776): Illuminate\Database\Connection-&gt;runQueryCallback('select count(*)...', Array, Object(Closure))
#1 D:\meem-commerce\vendor\laravel\framework\src\Illuminate\Database\Connection.php(407): Illuminate\Database\Connection-&gt;run('select count(*)...', Array, Object(Closure))
#2 D:\meem-commerce\vendor\laravel\framework\src\Illuminate\Database\Query\Builder.php(2751): Illuminate\Database\Connection-&gt;select('select count(*)...', Array, true)
#3 D:\meem-commerce\vendor\laravel\framework\src\Illuminate\Database\Query\Builder.php(2740): Illuminate\Database\Query\Builder-&gt;runSelect()
#4 D:\meem-commerce\vendor\laravel\framework\src\Illuminate\Database\Query\Builder.php(3294): Illuminate\Database\Query\Builder-&gt;Illuminate\Database\Query\{closure}()
#5 D:\meem-commerce\vendor\laravel\framework\src\Illuminate\Database\Query\Builder.php(2739): Illuminate\Database\Query\Builder-&gt;onceWithColumns(Array, Object(Closure))
#6 D:\meem-commerce\vendor\laravel\framework\src\Illuminate\Database\Query\Builder.php(2904): Illuminate\Database\Query\Builder-&gt;get()
#7 D:\meem-commerce\vendor\laravel\framework\src\Illuminate\Database\Query\Builder.php(2863): Illuminate\Database\Query\Builder-&gt;runPaginationCountQuery(Array)
#8 D:\meem-commerce\vendor\laravel\framework\src\Illuminate\Database\Eloquent\Builder.php(921): Illuminate\Database\Query\Builder-&gt;getCountForPagination()
#9 D:\meem-commerce\app\Services\General\ProductService.php(136): Illuminate\Database\Eloquent\Builder-&gt;paginate(15)
#10 D:\meem-commerce\app\Services\General\ProductEngine\Strategies\AllProduct.php(18): App\Services\General\ProductService-&gt;paginate(Object(Illuminate\Http\Request))
#11 D:\meem-commerce\app\Http\Controllers\Api\General\ProductController.php(53): App\Services\General\ProductEngine\Strategies\AllProduct-&gt;getProducts(Object(Illuminate\Http\Request))
#12 D:\meem-commerce\vendor\laravel\framework\src\Illuminate\Routing\Controller.php(54): App\Http\Controllers\Api\General\ProductController-&gt;index(Object(Illuminate\Http\Request))
#13 D:\meem-commerce\vendor\laravel\framework\src\Illuminate\Routing\ControllerDispatcher.php(43): Illuminate\Routing\Controller-&gt;callAction('index', Array)
#14 D:\meem-commerce\vendor\laravel\framework\src\Illuminate\Routing\Route.php(259): Illuminate\Routing\ControllerDispatcher-&gt;dispatch(Object(Illuminate\Routing\Route), Object(App\Http\Controllers\Api\General\ProductController), 'index')
#15 D:\meem-commerce\vendor\laravel\framework\src\Illuminate\Routing\Route.php(205): Illuminate\Routing\Route-&gt;runController()
#16 D:\meem-commerce\vendor\laravel\framework\src\Illuminate\Routing\Router.php(799): Illuminate\Routing\Route-&gt;run()
#17 D:\meem-commerce\vendor\laravel\framework\src\Illuminate\Pipeline\Pipeline.php(141): Illuminate\Routing\Router-&gt;Illuminate\Routing\{closure}(Object(Illuminate\Http\Request))
#18 D:\meem-commerce\app\Http\Middleware\CheckLangMiddleware.php(27): Illuminate\Pipeline\Pipeline-&gt;Illuminate\Pipeline\{closure}(Object(Illuminate\Http\Request))
#19 D:\meem-commerce\vendor\laravel\framework\src\Illuminate\Pipeline\Pipeline.php(180): App\Http\Middleware\CheckLangMiddleware-&gt;handle(Object(Illuminate\Http\Request), Object(Closure))
#20 D:\meem-commerce\app\Http\Middleware\ChannelMiddleware.php(25): Illuminate\Pipeline\Pipeline-&gt;Illuminate\Pipeline\{closure}(Object(Illuminate\Http\Request))
#21 D:\meem-commerce\vendor\laravel\framework\src\Illuminate\Pipeline\Pipeline.php(180): App\Http\Middleware\ChannelMiddleware-&gt;handle(Object(Illuminate\Http\Request), Object(Closure))
#22 D:\meem-commerce\vendor\laravel\framework\src\Illuminate\Routing\Middleware\SubstituteBindings.php(50): Illuminate\Pipeline\Pipeline-&gt;Illuminate\Pipeline\{closure}(Object(Illuminate\Http\Request))
#23 D:\meem-commerce\vendor\laravel\framework\src\Illuminate\Pipeline\Pipeline.php(180): Illuminate\Routing\Middleware\SubstituteBindings-&gt;handle(Object(Illuminate\Http\Request), Object(Closure))
#24 D:\meem-commerce\vendor\laravel\framework\src\Illuminate\Routing\Middleware\ThrottleRequests.php(159): Illuminate\Pipeline\Pipeline-&gt;Illuminate\Pipeline\{closure}(Object(Illuminate\Http\Request))
#25 D:\meem-commerce\vendor\laravel\framework\src\Illuminate\Routing\Middleware\ThrottleRequests.php(125): Illuminate\Routing\Middleware\ThrottleRequests-&gt;handleRequest(Object(Illuminate\Http\Request), Object(Closure), Array)
#26 D:\meem-commerce\vendor\laravel\framework\src\Illuminate\Routing\Middleware\ThrottleRequests.php(87): Illuminate\Routing\Middleware\ThrottleRequests-&gt;handleRequestUsingNamedLimiter(Object(Illuminate\Http\Request), Object(Closure), 'api', Object(Closure))
#27 D:\meem-commerce\vendor\laravel\framework\src\Illuminate\Pipeline\Pipeline.php(180): Illuminate\Routing\Middleware\ThrottleRequests-&gt;handle(Object(Illuminate\Http\Request), Object(Closure), 'api')
#28 D:\meem-commerce\vendor\laravel\framework\src\Illuminate\Pipeline\Pipeline.php(116): Illuminate\Pipeline\Pipeline-&gt;Illuminate\Pipeline\{closure}(Object(Illuminate\Http\Request))
#29 D:\meem-commerce\vendor\laravel\framework\src\Illuminate\Routing\Router.php(798): Illuminate\Pipeline\Pipeline-&gt;then(Object(Closure))
#30 D:\meem-commerce\vendor\laravel\framework\src\Illuminate\Routing\Router.php(777): Illuminate\Routing\Router-&gt;runRouteWithinStack(Object(Illuminate\Routing\Route), Object(Illuminate\Http\Request))
#31 D:\meem-commerce\vendor\laravel\framework\src\Illuminate\Routing\Router.php(741): Illuminate\Routing\Router-&gt;runRoute(Object(Illuminate\Http\Request), Object(Illuminate\Routing\Route))
#32 D:\meem-commerce\vendor\laravel\framework\src\Illuminate\Routing\Router.php(730): Illuminate\Routing\Router-&gt;dispatchToRoute(Object(Illuminate\Http\Request))
#33 D:\meem-commerce\vendor\laravel\framework\src\Illuminate\Foundation\Http\Kernel.php(200): Illuminate\Routing\Router-&gt;dispatch(Object(Illuminate\Http\Request))
#34 D:\meem-commerce\vendor\laravel\framework\src\Illuminate\Pipeline\Pipeline.php(141): Illuminate\Foundation\Http\Kernel-&gt;Illuminate\Foundation\Http\{closure}(Object(Illuminate\Http\Request))
#35 D:\meem-commerce\vendor\laravel\framework\src\Illuminate\Http\Middleware\HandleCors.php(62): Illuminate\Pipeline\Pipeline-&gt;Illuminate\Pipeline\{closure}(Object(Illuminate\Http\Request))
#36 D:\meem-commerce\vendor\laravel\framework\src\Illuminate\Pipeline\Pipeline.php(180): Illuminate\Http\Middleware\HandleCors-&gt;handle(Object(Illuminate\Http\Request), Object(Closure))
#37 D:\meem-commerce\vendor\laravel\framework\src\Illuminate\Foundation\Http\Middleware\TransformsRequest.php(21): Illuminate\Pipeline\Pipeline-&gt;Illuminate\Pipeline\{closure}(Object(Illuminate\Http\Request))
#38 D:\meem-commerce\vendor\laravel\framework\src\Illuminate\Foundation\Http\Middleware\ConvertEmptyStringsToNull.php(31): Illuminate\Foundation\Http\Middleware\TransformsRequest-&gt;handle(Object(Illuminate\Http\Request), Object(Closure))
#39 D:\meem-commerce\vendor\laravel\framework\src\Illuminate\Pipeline\Pipeline.php(180): Illuminate\Foundation\Http\Middleware\ConvertEmptyStringsToNull-&gt;handle(Object(Illuminate\Http\Request), Object(Closure))
#40 D:\meem-commerce\vendor\laravel\framework\src\Illuminate\Foundation\Http\Middleware\TransformsRequest.php(21): Illuminate\Pipeline\Pipeline-&gt;Illuminate\Pipeline\{closure}(Object(Illuminate\Http\Request))
#41 D:\meem-commerce\vendor\laravel\framework\src\Illuminate\Foundation\Http\Middleware\TrimStrings.php(40): Illuminate\Foundation\Http\Middleware\TransformsRequest-&gt;handle(Object(Illuminate\Http\Request), Object(Closure))
#42 D:\meem-commerce\vendor\laravel\framework\src\Illuminate\Pipeline\Pipeline.php(180): Illuminate\Foundation\Http\Middleware\TrimStrings-&gt;handle(Object(Illuminate\Http\Request), Object(Closure))
#43 D:\meem-commerce\vendor\laravel\framework\src\Illuminate\Foundation\Http\Middleware\ValidatePostSize.php(27): Illuminate\Pipeline\Pipeline-&gt;Illuminate\Pipeline\{closure}(Object(Illuminate\Http\Request))
#44 D:\meem-commerce\vendor\laravel\framework\src\Illuminate\Pipeline\Pipeline.php(180): Illuminate\Foundation\Http\Middleware\ValidatePostSize-&gt;handle(Object(Illuminate\Http\Request), Object(Closure))
#45 D:\meem-commerce\vendor\laravel\framework\src\Illuminate\Foundation\Http\Middleware\PreventRequestsDuringMaintenance.php(99): Illuminate\Pipeline\Pipeline-&gt;Illuminate\Pipeline\{closure}(Object(Illuminate\Http\Request))
#46 D:\meem-commerce\vendor\laravel\framework\src\Illuminate\Pipeline\Pipeline.php(180): Illuminate\Foundation\Http\Middleware\PreventRequestsDuringMaintenance-&gt;handle(Object(Illuminate\Http\Request), Object(Closure))
#47 D:\meem-commerce\vendor\laravel\framework\src\Illuminate\Http\Middleware\TrustProxies.php(39): Illuminate\Pipeline\Pipeline-&gt;Illuminate\Pipeline\{closure}(Object(Illuminate\Http\Request))
#48 D:\meem-commerce\vendor\laravel\framework\src\Illuminate\Pipeline\Pipeline.php(180): Illuminate\Http\Middleware\TrustProxies-&gt;handle(Object(Illuminate\Http\Request), Object(Closure))
#49 D:\meem-commerce\vendor\laravel\framework\src\Illuminate\Pipeline\Pipeline.php(116): Illuminate\Pipeline\Pipeline-&gt;Illuminate\Pipeline\{closure}(Object(Illuminate\Http\Request))
#50 D:\meem-commerce\vendor\laravel\framework\src\Illuminate\Foundation\Http\Kernel.php(175): Illuminate\Pipeline\Pipeline-&gt;then(Object(Closure))
#51 D:\meem-commerce\vendor\laravel\framework\src\Illuminate\Foundation\Http\Kernel.php(144): Illuminate\Foundation\Http\Kernel-&gt;sendRequestThroughRouter(Object(Illuminate\Http\Request))
#52 D:\meem-commerce\vendor\laravel\framework\src\Illuminate\Foundation\Testing\Concerns\MakesHttpRequests.php(573): Illuminate\Foundation\Http\Kernel-&gt;handle(Object(Illuminate\Http\Request))
#53 D:\meem-commerce\vendor\laravel\framework\src\Illuminate\Foundation\Testing\Concerns\MakesHttpRequests.php(539): Illuminate\Foundation\Testing\TestCase-&gt;call('GET', '/api/v1/general...', Array, Array, Array, Array, '[]')
#54 D:\meem-commerce\vendor\laravel\framework\src\Illuminate\Foundation\Testing\Concerns\MakesHttpRequests.php(347): Illuminate\Foundation\Testing\TestCase-&gt;json('GET', '/api/v1/general...', Array, Array, 0)
#55 D:\meem-commerce\tests\Feature\DimensionFilterTest.php(230): Illuminate\Foundation\Testing\TestCase-&gt;getJson('/api/v1/general...')
#56 D:\meem-commerce\vendor\phpunit\phpunit\src\Framework\TestCase.php(1030): Tests\Feature\DimensionFilterTest-&gt;test_combined_exact_and_range_dimensions()
#57 D:\meem-commerce\vendor\laravel\framework\src\Illuminate\Foundation\Testing\TestCase.php(174): PHPUnit\Framework\TestCase-&gt;runTest()
#58 D:\meem-commerce\vendor\phpunit\phpunit\src\Framework\TestCase.php(627): Illuminate\Foundation\Testing\TestCase-&gt;runTest()
#59 D:\meem-commerce\vendor\phpunit\phpunit\src\Framework\TestRunner.php(101): PHPUnit\Framework\TestCase-&gt;runBare()
#60 D:\meem-commerce\vendor\phpunit\phpunit\src\Framework\TestCase.php(456): PHPUnit\Framework\TestRunner-&gt;run(Object(Tests\Feature\DimensionFilterTest))
#61 D:\meem-commerce\vendor\phpunit\phpunit\src\Framework\TestSuite.php(352): PHPUnit\Framework\TestCase-&gt;run()
#62 D:\meem-commerce\vendor\phpunit\phpunit\src\Framework\TestSuite.php(352): PHPUnit\Framework\TestSuite-&gt;run()
#63 D:\meem-commerce\vendor\phpunit\phpunit\src\Framework\TestSuite.php(352): PHPUnit\Framework\TestSuite-&gt;run()
#64 D:\meem-commerce\vendor\phpunit\phpunit\src\TextUI\TestRunner.php(63): PHPUnit\Framework\TestSuite-&gt;run()
#65 D:\meem-commerce\vendor\phpunit\phpunit\src\TextUI\Application.php(141): PHPUnit\TextUI\TestRunner-&gt;run(Object(PHPUnit\TextUI\Configuration\Configuration), Object(PHPUnit\Runner\ResultCache\DefaultResultCache), Object(PHPUnit\Framework\TestSuite))
#66 D:\meem-commerce\vendor\phpunit\phpunit\phpunit(90): PHPUnit\TextUI\Application-&gt;run(Array)
#67 D:\meem-commerce\vendor\bin\phpunit(122): include('D:\\meem-commerc...')
#68 {main}

----------------------------------------------------------------------------------

SQLSTATE[HY000]: General error: 1 no such function: REGEXP_REPLACE (Connection: sqlite, SQL: select count(*) as aggregate from "products" where ("status" = 1 or "status" = publish) and ("in_stock" = 1 or (COALESCE(stock_quantity, 0) - COALESCE(reserved_quantity, 0)) &gt; 0) and "is_fast_shipping_available" = 0 and ("products"."height" in (10) or exists (select * from "product_variants" where "products"."id" = "product_variants"."product_id" and "height" in (10))) and ((CAST(REGEXP_REPLACE(COALESCE(products.weight, ''), '[^0-9.]', '') AS DECIMAL(12,4)) &gt;= 5 and CAST(REGEXP_REPLACE(COALESCE(products.weight, ''), '[^0-9.]', '') AS DECIMAL(12,4)) &lt;= 6) or exists (select * from "product_variants" where "products"."id" = "product_variants"."product_id" and "weight" &gt;= 5 and "weight" &lt;= 6)) and "products"."deleted_at" is null)
&#13;
D:\meem-commerce\vendor\laravel\framework\src\Illuminate\Testing\TestResponse.php:146
D:\meem-commerce\vendor\laravel\framework\src\Illuminate\Testing\Concerns\AssertsStatusCodes.php:16
D:\meem-commerce\tests\Feature\DimensionFilterTest.php:231
D:\meem-commerce\vendor\laravel\framework\src\Illuminate\Foundation\Testing\TestCase.php:174</failure>
        </testcase>
        <testcase name="test_dimension_filter_excludes_when_no_match" file="D:\meem-commerce\tests\Feature\DimensionFilterTest.php" line="237" class="Tests\Feature\DimensionFilterTest" classname="Tests.Feature.DimensionFilterTest" assertions="2" time="0.019445"/>
        <testcase name="test_dimension_filter_with_decimal_variant_value" file="D:\meem-commerce\tests\Feature\DimensionFilterTest.php" line="247" class="Tests\Feature\DimensionFilterTest" classname="Tests.Feature.DimensionFilterTest" assertions="2" time="0.021948"/>
        <testcase name="test_dimension_filter_with_null_values" file="D:\meem-commerce\tests\Feature\DimensionFilterTest.php" line="258" class="Tests\Feature\DimensionFilterTest" classname="Tests.Feature.DimensionFilterTest" assertions="2" time="0.021098"/>
        <testcase name="test_single_product_dimension_types" file="D:\meem-commerce\tests\Feature\DimensionFilterTest.php" line="269" class="Tests\Feature\DimensionFilterTest" classname="Tests.Feature.DimensionFilterTest" assertions="5" time="0.018121"/>
      </testsuite>
      <testsuite name="Tests\Feature\EventSystemTest" file="D:\meem-commerce\tests\Feature\EventSystemTest.php" tests="48" assertions="63" errors="0" failures="0" skipped="0" time="0.138797">
        <testcase name="order_cancelled_event_holds_order" file="D:\meem-commerce\tests\Feature\EventSystemTest.php" line="359" class="Tests\Feature\EventSystemTest" classname="Tests.Feature.EventSystemTest" assertions="1" time="0.001706"/>
        <testcase name="order_status_changed_event_holds_order" file="D:\meem-commerce\tests\Feature\EventSystemTest.php" line="368" class="Tests\Feature\EventSystemTest" classname="Tests.Feature.EventSystemTest" assertions="1" time="0.001629"/>
        <testcase name="payment_succeeded_event_holds_order" file="D:\meem-commerce\tests\Feature\EventSystemTest.php" line="377" class="Tests\Feature\EventSystemTest" classname="Tests.Feature.EventSystemTest" assertions="1" time="0.001626"/>
        <testcase name="payment_failed_event_holds_order" file="D:\meem-commerce\tests\Feature\EventSystemTest.php" line="386" class="Tests\Feature\EventSystemTest" classname="Tests.Feature.EventSystemTest" assertions="1" time="0.001576"/>
        <testcase name="restore_product_inventory_restores_stock" file="D:\meem-commerce\tests\Feature\EventSystemTest.php" line="397" class="Tests\Feature\EventSystemTest" classname="Tests.Feature.EventSystemTest" assertions="1" time="0.006596"/>
        <testcase name="restore_product_inventory_skips_gift_items" file="D:\meem-commerce\tests\Feature\EventSystemTest.php" line="411" class="Tests\Feature\EventSystemTest" classname="Tests.Feature.EventSystemTest" assertions="1" time="0.003398"/>
        <testcase name="restore_product_inventory_handles_missing_product_gracefully" file="D:\meem-commerce\tests\Feature\EventSystemTest.php" line="439" class="Tests\Feature\EventSystemTest" classname="Tests.Feature.EventSystemTest" assertions="1" time="0.005923"/>
        <testcase name="restore_product_inventory_is_queued" file="D:\meem-commerce\tests\Feature\EventSystemTest.php" line="473" class="Tests\Feature\EventSystemTest" classname="Tests.Feature.EventSystemTest" assertions="1" time="0.000515"/>
        <testcase name="restore_product_inventory_uses_medium_queue" file="D:\meem-commerce\tests\Feature\EventSystemTest.php" line="480" class="Tests\Feature\EventSystemTest" classname="Tests.Feature.EventSystemTest" assertions="1" time="0.000750"/>
        <testcase name="restore_inventory_on_refund_restores_stock" file="D:\meem-commerce\tests\Feature\EventSystemTest.php" line="489" class="Tests\Feature\EventSystemTest" classname="Tests.Feature.EventSystemTest" assertions="1" time="0.006149"/>
        <testcase name="restore_inventory_on_refund_skips_when_order_already_cancelled" file="D:\meem-commerce\tests\Feature\EventSystemTest.php" line="512" class="Tests\Feature\EventSystemTest" classname="Tests.Feature.EventSystemTest" assertions="1" time="0.004406"/>
        <testcase name="restore_inventory_on_refund_handles_missing_order_gracefully" file="D:\meem-commerce\tests\Feature\EventSystemTest.php" line="537" class="Tests\Feature\EventSystemTest" classname="Tests.Feature.EventSystemTest" assertions="1" time="0.001433"/>
        <testcase name="restore_inventory_on_refund_skips_gift_items" file="D:\meem-commerce\tests\Feature\EventSystemTest.php" line="555" class="Tests\Feature\EventSystemTest" classname="Tests.Feature.EventSystemTest" assertions="1" time="0.002999"/>
        <testcase name="restore_inventory_on_refund_is_queued" file="D:\meem-commerce\tests\Feature\EventSystemTest.php" line="593" class="Tests\Feature\EventSystemTest" classname="Tests.Feature.EventSystemTest" assertions="1" time="0.000553"/>
        <testcase name="restore_inventory_on_refund_uses_medium_queue" file="D:\meem-commerce\tests\Feature\EventSystemTest.php" line="600" class="Tests\Feature\EventSystemTest" classname="Tests.Feature.EventSystemTest" assertions="1" time="0.000545"/>
        <testcase name="gateway_refund_returns_success_result" file="D:\meem-commerce\tests\Feature\EventSystemTest.php" line="609" class="Tests\Feature\EventSystemTest" classname="Tests.Feature.EventSystemTest" assertions="4" time="0.002730"/>
        <testcase name="gateway_refund_handles_no_paid_transaction" file="D:\meem-commerce\tests\Feature\EventSystemTest.php" line="639" class="Tests\Feature\EventSystemTest" classname="Tests.Feature.EventSystemTest" assertions="2" time="0.001866"/>
        <testcase name="gateway_refund_handles_gateway_error" file="D:\meem-commerce\tests\Feature\EventSystemTest.php" line="651" class="Tests\Feature\EventSystemTest" classname="Tests.Feature.EventSystemTest" assertions="2" time="0.002455"/>
        <testcase name="refund_approved_event_dispatches_listeners" file="D:\meem-commerce\tests\Feature\EventSystemTest.php" line="673" class="Tests\Feature\EventSystemTest" classname="Tests.Feature.EventSystemTest" assertions="1" time="0.002033"/>
        <testcase name="order_cancelled_logs_activity" file="D:\meem-commerce\tests\Feature\EventSystemTest.php" line="696" class="Tests\Feature\EventSystemTest" classname="Tests.Feature.EventSystemTest" assertions="1" time="0.003136"/>
        <testcase name="order_cancelled_notification_is_queued" file="D:\meem-commerce\tests\Feature\EventSystemTest.php" line="718" class="Tests\Feature\EventSystemTest" classname="Tests.Feature.EventSystemTest" assertions="1" time="0.000599"/>
        <testcase name="order_cancelled_notification_uses_medium_queue" file="D:\meem-commerce\tests\Feature\EventSystemTest.php" line="725" class="Tests\Feature\EventSystemTest" classname="Tests.Feature.EventSystemTest" assertions="1" time="0.000770"/>
        <testcase name="order_status_changed_logs_activity" file="D:\meem-commerce\tests\Feature\EventSystemTest.php" line="734" class="Tests\Feature\EventSystemTest" classname="Tests.Feature.EventSystemTest" assertions="1" time="0.001733"/>
        <testcase name="order_status_changed_notification_is_queued" file="D:\meem-commerce\tests\Feature\EventSystemTest.php" line="756" class="Tests\Feature\EventSystemTest" classname="Tests.Feature.EventSystemTest" assertions="1" time="0.000529"/>
        <testcase name="order_status_changed_notification_uses_medium_queue" file="D:\meem-commerce\tests\Feature\EventSystemTest.php" line="763" class="Tests\Feature\EventSystemTest" classname="Tests.Feature.EventSystemTest" assertions="1" time="0.000638"/>
        <testcase name="payment_succeeded_logs_activity" file="D:\meem-commerce\tests\Feature\EventSystemTest.php" line="772" class="Tests\Feature\EventSystemTest" classname="Tests.Feature.EventSystemTest" assertions="1" time="0.001882"/>
        <testcase name="payment_succeeded_notification_is_queued" file="D:\meem-commerce\tests\Feature\EventSystemTest.php" line="794" class="Tests\Feature\EventSystemTest" classname="Tests.Feature.EventSystemTest" assertions="1" time="0.000535"/>
        <testcase name="payment_succeeded_notification_uses_medium_queue" file="D:\meem-commerce\tests\Feature\EventSystemTest.php" line="801" class="Tests\Feature\EventSystemTest" classname="Tests.Feature.EventSystemTest" assertions="1" time="0.000545"/>
        <testcase name="payment_failed_logs_activity" file="D:\meem-commerce\tests\Feature\EventSystemTest.php" line="810" class="Tests\Feature\EventSystemTest" classname="Tests.Feature.EventSystemTest" assertions="1" time="0.002159"/>
        <testcase name="payment_failed_notification_is_queued" file="D:\meem-commerce\tests\Feature\EventSystemTest.php" line="832" class="Tests\Feature\EventSystemTest" classname="Tests.Feature.EventSystemTest" assertions="1" time="0.000562"/>
        <testcase name="payment_failed_notification_uses_medium_queue" file="D:\meem-commerce\tests\Feature\EventSystemTest.php" line="839" class="Tests\Feature\EventSystemTest" classname="Tests.Feature.EventSystemTest" assertions="1" time="0.000554"/>
        <testcase name="change_order_status_dispatches_order_status_changed" file="D:\meem-commerce\tests\Feature\EventSystemTest.php" line="848" class="Tests\Feature\EventSystemTest" classname="Tests.Feature.EventSystemTest" assertions="1" time="0.002436"/>
        <testcase name="change_order_status_to_cancelled_from_pending_dispatches_order_cancelled" file="D:\meem-commerce\tests\Feature\EventSystemTest.php" line="861" class="Tests\Feature\EventSystemTest" classname="Tests.Feature.EventSystemTest" assertions="3" time="0.002680"/>
        <testcase name="mark_cod_as_paid_dispatches_payment_succeeded" file="D:\meem-commerce\tests\Feature\EventSystemTest.php" line="876" class="Tests\Feature\EventSystemTest" classname="Tests.Feature.EventSystemTest" assertions="1" time="0.002893"/>
        <testcase name="mark_cashier_paid_dispatches_payment_succeeded" file="D:\meem-commerce\tests\Feature\EventSystemTest.php" line="889" class="Tests\Feature\EventSystemTest" classname="Tests.Feature.EventSystemTest" assertions="1" time="0.004604"/>
        <testcase name="cancel_unpaid_orders_dispatches_payment_failed" file="D:\meem-commerce\tests\Feature\EventSystemTest.php" line="904" class="Tests\Feature\EventSystemTest" classname="Tests.Feature.EventSystemTest" assertions="1" time="0.024894"/>
        <testcase name="order_cancelled_listener_creates_activity_log_record" file="D:\meem-commerce\tests\Feature\EventSystemTest.php" line="921" class="Tests\Feature\EventSystemTest" classname="Tests.Feature.EventSystemTest" assertions="1" time="0.002853"/>
        <testcase name="order_status_changed_listener_creates_activity_log_record" file="D:\meem-commerce\tests\Feature\EventSystemTest.php" line="938" class="Tests\Feature\EventSystemTest" classname="Tests.Feature.EventSystemTest" assertions="1" time="0.003576"/>
        <testcase name="payment_succeeded_listener_creates_activity_log_record" file="D:\meem-commerce\tests\Feature\EventSystemTest.php" line="955" class="Tests\Feature\EventSystemTest" classname="Tests.Feature.EventSystemTest" assertions="1" time="0.002749"/>
        <testcase name="payment_failed_listener_creates_activity_log_record" file="D:\meem-commerce\tests\Feature\EventSystemTest.php" line="972" class="Tests\Feature\EventSystemTest" classname="Tests.Feature.EventSystemTest" assertions="1" time="0.003141"/>
        <testcase name="event_service_provider_registers_order_cancelled_listeners" file="D:\meem-commerce\tests\Feature\EventSystemTest.php" line="991" class="Tests\Feature\EventSystemTest" classname="Tests.Feature.EventSystemTest" assertions="3" time="0.000543"/>
        <testcase name="app_event_service_provider_listens_to_marvel_order_cancelled" file="D:\meem-commerce\tests\Feature\EventSystemTest.php" line="1002" class="Tests\Feature\EventSystemTest" classname="Tests.Feature.EventSystemTest" assertions="3" time="0.000577"/>
        <testcase name="order_cancelled_via_service_restores_stock" file="D:\meem-commerce\tests\Feature\EventSystemTest.php" line="1019" class="Tests\Feature\EventSystemTest" classname="Tests.Feature.EventSystemTest" assertions="2" time="0.010169"/>
        <testcase name="marvel_event_service_provider_registers_order_cancelled_listener" file="D:\meem-commerce\tests\Feature\EventSystemTest.php" line="1049" class="Tests\Feature\EventSystemTest" classname="Tests.Feature.EventSystemTest" assertions="2" time="0.000743"/>
        <testcase name="marvel_order_cancelled_listener_is_queued" file="D:\meem-commerce\tests\Feature\EventSystemTest.php" line="1062" class="Tests\Feature\EventSystemTest" classname="Tests.Feature.EventSystemTest" assertions="1" time="0.001367"/>
        <testcase name="marvel_order_cancelled_event_dispatches_listener" file="D:\meem-commerce\tests\Feature\EventSystemTest.php" line="1069" class="Tests\Feature\EventSystemTest" classname="Tests.Feature.EventSystemTest" assertions="1" time="0.002013"/>
        <testcase name="restore_product_inventory_handles_marvel_event" file="D:\meem-commerce\tests\Feature\EventSystemTest.php" line="1082" class="Tests\Feature\EventSystemTest" classname="Tests.Feature.EventSystemTest" assertions="2" time="0.003895"/>
        <testcase name="restore_product_inventory_via_marvel_event_is_idempotent" file="D:\meem-commerce\tests\Feature\EventSystemTest.php" line="1100" class="Tests\Feature\EventSystemTest" classname="Tests.Feature.EventSystemTest" assertions="2" time="0.007132"/>
      </testsuite>
      <testsuite name="Tests\Feature\ExampleTest" file="D:\meem-commerce\tests\Feature\ExampleTest.php" tests="1" assertions="1" errors="0" failures="0" skipped="0" time="0.012874">
        <testcase name="testBasicTest" file="D:\meem-commerce\tests\Feature\ExampleTest.php" line="15" class="Tests\Feature\ExampleTest" classname="Tests.Feature.ExampleTest" assertions="1" time="0.012874"/>
      </testsuite>
      <testsuite name="Tests\Feature\Faqs\FaqAuthenticationTest" file="D:\meem-commerce\tests\Feature\Faqs\FaqAuthenticationTest.php" tests="7" assertions="7" errors="0" failures="0" skipped="0" time="0.022397">
        <testcase name="unauthenticated_user_cannot_index_faqs" file="D:\meem-commerce\tests\Feature\Faqs\FaqAuthenticationTest.php" line="73" class="Tests\Feature\Faqs\FaqAuthenticationTest" classname="Tests.Feature.Faqs.FaqAuthenticationTest" assertions="1" time="0.003788"/>
        <testcase name="unauthenticated_user_cannot_show_faq" file="D:\meem-commerce\tests\Feature\Faqs\FaqAuthenticationTest.php" line="81" class="Tests\Feature\Faqs\FaqAuthenticationTest" classname="Tests.Feature.Faqs.FaqAuthenticationTest" assertions="1" time="0.003090"/>
        <testcase name="unauthenticated_user_cannot_create_faq" file="D:\meem-commerce\tests\Feature\Faqs\FaqAuthenticationTest.php" line="94" class="Tests\Feature\Faqs\FaqAuthenticationTest" classname="Tests.Feature.Faqs.FaqAuthenticationTest" assertions="1" time="0.002528"/>
        <testcase name="unauthenticated_user_cannot_update_faq" file="D:\meem-commerce\tests\Feature\Faqs\FaqAuthenticationTest.php" line="105" class="Tests\Feature\Faqs\FaqAuthenticationTest" classname="Tests.Feature.Faqs.FaqAuthenticationTest" assertions="1" time="0.002303"/>
        <testcase name="unauthenticated_user_cannot_delete_faq" file="D:\meem-commerce\tests\Feature\Faqs\FaqAuthenticationTest.php" line="120" class="Tests\Feature\Faqs\FaqAuthenticationTest" classname="Tests.Feature.Faqs.FaqAuthenticationTest" assertions="1" time="0.002274"/>
        <testcase name="unauthenticated_user_cannot_reorder_faqs" file="D:\meem-commerce\tests\Feature\Faqs\FaqAuthenticationTest.php" line="133" class="Tests\Feature\Faqs\FaqAuthenticationTest" classname="Tests.Feature.Faqs.FaqAuthenticationTest" assertions="1" time="0.002469"/>
        <testcase name="authenticated_user_can_access_all_routes" file="D:\meem-commerce\tests\Feature\Faqs\FaqAuthenticationTest.php" line="143" class="Tests\Feature\Faqs\FaqAuthenticationTest" classname="Tests.Feature.Faqs.FaqAuthenticationTest" assertions="1" time="0.005946"/>
      </testsuite>
      <testsuite name="Tests\Feature\Faqs\FaqAuthorizationTest" file="D:\meem-commerce\tests\Feature\Faqs\FaqAuthorizationTest.php" tests="10" assertions="18" errors="0" failures="0" skipped="0" time="0.082612">
        <testcase name="user_with_view_only_can_index_and_show" file="D:\meem-commerce\tests\Feature\Faqs\FaqAuthorizationTest.php" line="99" class="Tests\Feature\Faqs\FaqAuthorizationTest" classname="Tests.Feature.Faqs.FaqAuthorizationTest" assertions="2" time="0.010437"/>
        <testcase name="user_with_view_only_cannot_create" file="D:\meem-commerce\tests\Feature\Faqs\FaqAuthorizationTest.php" line="110" class="Tests\Feature\Faqs\FaqAuthorizationTest" classname="Tests.Feature.Faqs.FaqAuthorizationTest" assertions="1" time="0.006867"/>
        <testcase name="user_with_view_only_cannot_update" file="D:\meem-commerce\tests\Feature\Faqs\FaqAuthorizationTest.php" line="122" class="Tests\Feature\Faqs\FaqAuthorizationTest" classname="Tests.Feature.Faqs.FaqAuthorizationTest" assertions="1" time="0.007824"/>
        <testcase name="user_with_view_only_cannot_delete" file="D:\meem-commerce\tests\Feature\Faqs\FaqAuthorizationTest.php" line="134" class="Tests\Feature\Faqs\FaqAuthorizationTest" classname="Tests.Feature.Faqs.FaqAuthorizationTest" assertions="1" time="0.006702"/>
        <testcase name="user_with_view_only_cannot_reorder" file="D:\meem-commerce\tests\Feature\Faqs\FaqAuthorizationTest.php" line="144" class="Tests\Feature\Faqs\FaqAuthorizationTest" classname="Tests.Feature.Faqs.FaqAuthorizationTest" assertions="1" time="0.010199"/>
        <testcase name="user_with_create_only_can_create" file="D:\meem-commerce\tests\Feature\Faqs\FaqAuthorizationTest.php" line="155" class="Tests\Feature\Faqs\FaqAuthorizationTest" classname="Tests.Feature.Faqs.FaqAuthorizationTest" assertions="4" time="0.007970"/>
        <testcase name="user_with_update_only_can_update" file="D:\meem-commerce\tests\Feature\Faqs\FaqAuthorizationTest.php" line="179" class="Tests\Feature\Faqs\FaqAuthorizationTest" classname="Tests.Feature.Faqs.FaqAuthorizationTest" assertions="3" time="0.008120"/>
        <testcase name="user_with_update_only_can_reorder" file="D:\meem-commerce\tests\Feature\Faqs\FaqAuthorizationTest.php" line="202" class="Tests\Feature\Faqs\FaqAuthorizationTest" classname="Tests.Feature.Faqs.FaqAuthorizationTest" assertions="1" time="0.008468"/>
        <testcase name="user_with_delete_only_can_delete" file="D:\meem-commerce\tests\Feature\Faqs\FaqAuthorizationTest.php" line="219" class="Tests\Feature\Faqs\FaqAuthorizationTest" classname="Tests.Feature.Faqs.FaqAuthorizationTest" assertions="3" time="0.007900"/>
        <testcase name="user_with_no_faq_permissions_gets_forbidden" file="D:\meem-commerce\tests\Feature\Faqs\FaqAuthorizationTest.php" line="240" class="Tests\Feature\Faqs\FaqAuthorizationTest" classname="Tests.Feature.Faqs.FaqAuthorizationTest" assertions="1" time="0.008126"/>
      </testsuite>
      <testsuite name="Tests\Feature\Faqs\FaqCrudTest" file="D:\meem-commerce\tests\Feature\Faqs\FaqCrudTest.php" tests="7" assertions="16" errors="0" failures="0" skipped="0" time="0.045893">
        <testcase name="can_create_faq" file="D:\meem-commerce\tests\Feature\Faqs\FaqCrudTest.php" line="72" class="Tests\Feature\Faqs\FaqCrudTest" classname="Tests.Feature.Faqs.FaqCrudTest" assertions="3" time="0.005518"/>
        <testcase name="can_list_faqs" file="D:\meem-commerce\tests\Feature\Faqs\FaqCrudTest.php" line="88" class="Tests\Feature\Faqs\FaqCrudTest" classname="Tests.Feature.Faqs.FaqCrudTest" assertions="3" time="0.008247"/>
        <testcase name="can_show_faq" file="D:\meem-commerce\tests\Feature\Faqs\FaqCrudTest.php" line="101" class="Tests\Feature\Faqs\FaqCrudTest" classname="Tests.Feature.Faqs.FaqCrudTest" assertions="2" time="0.005907"/>
        <testcase name="can_update_faq" file="D:\meem-commerce\tests\Feature\Faqs\FaqCrudTest.php" line="115" class="Tests\Feature\Faqs\FaqCrudTest" classname="Tests.Feature.Faqs.FaqCrudTest" assertions="3" time="0.011944"/>
        <testcase name="can_delete_faq" file="D:\meem-commerce\tests\Feature\Faqs\FaqCrudTest.php" line="133" class="Tests\Feature\Faqs\FaqCrudTest" classname="Tests.Feature.Faqs.FaqCrudTest" assertions="3" time="0.004986"/>
        <testcase name="show_returns_404_for_nonexistent_faq" file="D:\meem-commerce\tests\Feature\Faqs\FaqCrudTest.php" line="149" class="Tests\Feature\Faqs\FaqCrudTest" classname="Tests.Feature.Faqs.FaqCrudTest" assertions="1" time="0.004807"/>
        <testcase name="delete_returns_404_for_nonexistent_faq" file="D:\meem-commerce\tests\Feature\Faqs\FaqCrudTest.php" line="157" class="Tests\Feature\Faqs\FaqCrudTest" classname="Tests.Feature.Faqs.FaqCrudTest" assertions="1" time="0.004485"/>
      </testsuite>
      <testsuite name="Tests\Feature\Faqs\FaqRegressionTest" file="D:\meem-commerce\tests\Feature\Faqs\FaqRegressionTest.php" tests="9" assertions="24" errors="0" failures="0" skipped="0" time="0.046967">
        <testcase name="b1_soft_delete_does_not_hard_delete" file="D:\meem-commerce\tests\Feature\Faqs\FaqRegressionTest.php" line="72" class="Tests\Feature\Faqs\FaqRegressionTest" classname="Tests.Feature.Faqs.FaqRegressionTest" assertions="2" time="0.001187"/>
        <testcase name="b2_resource_returns_translated_name_on_index" file="D:\meem-commerce\tests\Feature\Faqs\FaqRegressionTest.php" line="84" class="Tests\Feature\Faqs\FaqRegressionTest" classname="Tests.Feature.Faqs.FaqRegressionTest" assertions="3" time="0.006100"/>
        <testcase name="b3_model_uses_soft_deletes" file="D:\meem-commerce\tests\Feature\Faqs\FaqRegressionTest.php" line="99" class="Tests\Feature\Faqs\FaqRegressionTest" classname="Tests.Feature.Faqs.FaqRegressionTest" assertions="1" time="0.000470"/>
        <testcase name="b4_model_has_translatable_fields" file="D:\meem-commerce\tests\Feature\Faqs\FaqRegressionTest.php" line="106" class="Tests\Feature\Faqs\FaqRegressionTest" classname="Tests.Feature.Faqs.FaqRegressionTest" assertions="4" time="0.000601"/>
        <testcase name="b5_model_uses_sortable_trait" file="D:\meem-commerce\tests\Feature\Faqs\FaqRegressionTest.php" line="116" class="Tests\Feature\Faqs\FaqRegressionTest" classname="Tests.Feature.Faqs.FaqRegressionTest" assertions="1" time="0.000792"/>
        <testcase name="b6_translation_keys_exist" file="D:\meem-commerce\tests\Feature\Faqs\FaqRegressionTest.php" line="123" class="Tests\Feature\Faqs\FaqRegressionTest" classname="Tests.Feature.Faqs.FaqRegressionTest" assertions="4" time="0.001002"/>
        <testcase name="b7_faq_search_by_title" file="D:\meem-commerce\tests\Feature\Faqs\FaqRegressionTest.php" line="147" class="Tests\Feature\Faqs\FaqRegressionTest" classname="Tests.Feature.Faqs.FaqRegressionTest" assertions="3" time="0.006467"/>
        <testcase name="b8_faq_sorting_by_title_asc" file="D:\meem-commerce\tests\Feature\Faqs\FaqRegressionTest.php" line="161" class="Tests\Feature\Faqs\FaqRegressionTest" classname="Tests.Feature.Faqs.FaqRegressionTest" assertions="3" time="0.023337"/>
        <testcase name="b9_faq_sorting_by_title_desc" file="D:\meem-commerce\tests\Feature\Faqs\FaqRegressionTest.php" line="175" class="Tests\Feature\Faqs\FaqRegressionTest" classname="Tests.Feature.Faqs.FaqRegressionTest" assertions="3" time="0.007010"/>
      </testsuite>
      <testsuite name="Tests\Feature\Faqs\FaqReorderTest" file="D:\meem-commerce\tests\Feature\Faqs\FaqReorderTest.php" tests="3" assertions="4" errors="0" failures="0" skipped="0" time="0.020649">
        <testcase name="can_reorder_faqs" file="D:\meem-commerce\tests\Feature\Faqs\FaqReorderTest.php" line="74" class="Tests\Feature\Faqs\FaqReorderTest" classname="Tests.Feature.Faqs.FaqReorderTest" assertions="2" time="0.007037"/>
        <testcase name="reorder_updates_order_column" file="D:\meem-commerce\tests\Feature\Faqs\FaqReorderTest.php" line="89" class="Tests\Feature\Faqs\FaqReorderTest" classname="Tests.Feature.Faqs.FaqReorderTest" assertions="1" time="0.006107"/>
        <testcase name="reorder_validates_faqs_required" file="D:\meem-commerce\tests\Feature\Faqs\FaqReorderTest.php" line="105" class="Tests\Feature\Faqs\FaqReorderTest" classname="Tests.Feature.Faqs.FaqReorderTest" assertions="1" time="0.007505"/>
      </testsuite>
      <testsuite name="Tests\Feature\Faqs\FaqResourceTest" file="D:\meem-commerce\tests\Feature\Faqs\FaqResourceTest.php" tests="7" assertions="33" errors="0" failures="0" skipped="0" time="0.043447">
        <testcase name="index_returns_paginated_response" file="D:\meem-commerce\tests\Feature\Faqs\FaqResourceTest.php" line="72" class="Tests\Feature\Faqs\FaqResourceTest" classname="Tests.Feature.Faqs.FaqResourceTest" assertions="9" time="0.006922"/>
        <testcase name="index_response_contains_expected_fields" file="D:\meem-commerce\tests\Feature\Faqs\FaqResourceTest.php" line="93" class="Tests\Feature\Faqs\FaqResourceTest" classname="Tests.Feature.Faqs.FaqResourceTest" assertions="6" time="0.006554"/>
        <testcase name="index_response_returns_translated_string_not_raw_json" file="D:\meem-commerce\tests\Feature\Faqs\FaqResourceTest.php" line="109" class="Tests\Feature\Faqs\FaqResourceTest" classname="Tests.Feature.Faqs.FaqResourceTest" assertions="2" time="0.006165"/>
        <testcase name="show_response_includes_id_title_and_description" file="D:\meem-commerce\tests\Feature\Faqs\FaqResourceTest.php" line="121" class="Tests\Feature\Faqs\FaqResourceTest" classname="Tests.Feature.Faqs.FaqResourceTest" assertions="7" time="0.005720"/>
        <testcase name="show_response_does_not_include_internal_fields" file="D:\meem-commerce\tests\Feature\Faqs\FaqResourceTest.php" line="140" class="Tests\Feature\Faqs\FaqResourceTest" classname="Tests.Feature.Faqs.FaqResourceTest" assertions="3" time="0.005659"/>
        <testcase name="response_has_correct_envelope" file="D:\meem-commerce\tests\Feature\Faqs\FaqResourceTest.php" line="153" class="Tests\Feature\Faqs\FaqResourceTest" classname="Tests.Feature.Faqs.FaqResourceTest" assertions="5" time="0.005793"/>
        <testcase name="response_type_is_json" file="D:\meem-commerce\tests\Feature\Faqs\FaqResourceTest.php" line="167" class="Tests\Feature\Faqs\FaqResourceTest" classname="Tests.Feature.Faqs.FaqResourceTest" assertions="1" time="0.006635"/>
      </testsuite>
      <testsuite name="Tests\Feature\Faqs\FaqSoftDeleteTest" file="D:\meem-commerce\tests\Feature\Faqs\FaqSoftDeleteTest.php" tests="5" assertions="8" errors="0" failures="0" skipped="0" time="0.014989">
        <testcase name="faq_uses_soft_deletes_trait" file="D:\meem-commerce\tests\Feature\Faqs\FaqSoftDeleteTest.php" line="72" class="Tests\Feature\Faqs\FaqSoftDeleteTest" classname="Tests.Feature.Faqs.FaqSoftDeleteTest" assertions="1" time="0.000488"/>
        <testcase name="deleted_faq_not_in_index" file="D:\meem-commerce\tests\Feature\Faqs\FaqSoftDeleteTest.php" line="79" class="Tests\Feature\Faqs\FaqSoftDeleteTest" classname="Tests.Feature.Faqs.FaqSoftDeleteTest" assertions="2" time="0.006134"/>
        <testcase name="show_returns_404_for_soft_deleted_faq" file="D:\meem-commerce\tests\Feature\Faqs\FaqSoftDeleteTest.php" line="92" class="Tests\Feature\Faqs\FaqSoftDeleteTest" classname="Tests.Feature.Faqs.FaqSoftDeleteTest" assertions="1" time="0.005424"/>
        <testcase name="force_delete_removes_permanently" file="D:\meem-commerce\tests\Feature\Faqs\FaqSoftDeleteTest.php" line="103" class="Tests\Feature\Faqs\FaqSoftDeleteTest" classname="Tests.Feature.Faqs.FaqSoftDeleteTest" assertions="1" time="0.001047"/>
        <testcase name="multiple_soft_deletes_work" file="D:\meem-commerce\tests\Feature\Faqs\FaqSoftDeleteTest.php" line="113" class="Tests\Feature\Faqs\FaqSoftDeleteTest" classname="Tests.Feature.Faqs.FaqSoftDeleteTest" assertions="3" time="0.001897"/>
      </testsuite>
      <testsuite name="Tests\Feature\Faqs\FaqTranslationTest" file="D:\meem-commerce\tests\Feature\Faqs\FaqTranslationTest.php" tests="5" assertions="10" errors="0" failures="1" skipped="0" time="0.028071">
        <testcase name="create_faq_with_multiple_translations" file="D:\meem-commerce\tests\Feature\Faqs\FaqTranslationTest.php" line="72" class="Tests\Feature\Faqs\FaqTranslationTest" classname="Tests.Feature.Faqs.FaqTranslationTest" assertions="3" time="0.005900"/>
        <testcase name="index_returns_translated_title_in_current_locale" file="D:\meem-commerce\tests\Feature\Faqs\FaqTranslationTest.php" line="93" class="Tests\Feature\Faqs\FaqTranslationTest" classname="Tests.Feature.Faqs.FaqTranslationTest" assertions="2" time="0.006949"/>
        <testcase name="index_returns_arabic_translation_when_locale_is_ar" file="D:\meem-commerce\tests\Feature\Faqs\FaqTranslationTest.php" line="107" class="Tests\Feature\Faqs\FaqTranslationTest" classname="Tests.Feature.Faqs.FaqTranslationTest" assertions="2" time="0.007378">
          <failure type="PHPUnit\Framework\ExpectationFailedException">Tests\Feature\Faqs\FaqTranslationTest::index_returns_arabic_translation_when_locale_is_ar&#13;
Failed asserting that two strings are equal.
--- Expected
+++ Actual
@@ @@
-'عنوان عربي'
+'English Title'
&#13;
D:\meem-commerce\tests\Feature\Faqs\FaqTranslationTest.php:117
D:\meem-commerce\vendor\laravel\framework\src\Illuminate\Foundation\Testing\TestCase.php:174</failure>
        </testcase>
        <testcase name="show_returns_faq_with_translatable_fields" file="D:\meem-commerce\tests\Feature\Faqs\FaqTranslationTest.php" line="121" class="Tests\Feature\Faqs\FaqTranslationTest" classname="Tests.Feature.Faqs.FaqTranslationTest" assertions="2" time="0.007161"/>
        <testcase name="model_has_translatable_fields_defined" file="D:\meem-commerce\tests\Feature\Faqs\FaqTranslationTest.php" line="134" class="Tests\Feature\Faqs\FaqTranslationTest" classname="Tests.Feature.Faqs.FaqTranslationTest" assertions="1" time="0.000682"/>
      </testsuite>
      <testsuite name="Tests\Feature\Faqs\FaqValidationTest" file="D:\meem-commerce\tests\Feature\Faqs\FaqValidationTest.php" tests="3" assertions="5" errors="0" failures="0" skipped="0" time="0.018041">
        <testcase name="update_accepts_partial_data" file="D:\meem-commerce\tests\Feature\Faqs\FaqValidationTest.php" line="72" class="Tests\Feature\Faqs\FaqValidationTest" classname="Tests.Feature.Faqs.FaqValidationTest" assertions="2" time="0.005961"/>
        <testcase name="update_accepts_status_field" file="D:\meem-commerce\tests\Feature\Faqs\FaqValidationTest.php" line="88" class="Tests\Feature\Faqs\FaqValidationTest" classname="Tests.Feature.Faqs.FaqValidationTest" assertions="2" time="0.006205"/>
        <testcase name="update_allows_same_title_for_self" file="D:\meem-commerce\tests\Feature\Faqs\FaqValidationTest.php" line="104" class="Tests\Feature\Faqs\FaqValidationTest" classname="Tests.Feature.Faqs.FaqValidationTest" assertions="1" time="0.005875"/>
      </testsuite>
      <testsuite name="Tests\Feature\FastShippingControllerTest" file="D:\meem-commerce\tests\Feature\FastShippingControllerTest.php" tests="41" assertions="104" errors="0" failures="1" skipped="0" time="0.257143">
        <testcase name="status_returns_enabled_when_settings_configured" file="D:\meem-commerce\tests\Feature\FastShippingControllerTest.php" line="481" class="Tests\Feature\FastShippingControllerTest" classname="Tests.Feature.FastShippingControllerTest" assertions="16" time="0.004062"/>
        <testcase name="status_returns_unavailable_without_settings" file="D:\meem-commerce\tests\Feature\FastShippingControllerTest.php" line="499" class="Tests\Feature\FastShippingControllerTest" classname="Tests.Feature.FastShippingControllerTest" assertions="3" time="0.003167"/>
        <testcase name="status_works_without_channel_header" file="D:\meem-commerce\tests\Feature\FastShippingControllerTest.php" line="511" class="Tests\Feature\FastShippingControllerTest" classname="Tests.Feature.FastShippingControllerTest" assertions="2" time="0.005415"/>
        <testcase name="fast_shipping_products_returns_only_fast_eligible_products" file="D:\meem-commerce\tests\Feature\FastShippingControllerTest.php" line="524" class="Tests\Feature\FastShippingControllerTest" classname="Tests.Feature.FastShippingControllerTest" assertions="5" time="0.006822"/>
        <testcase name="fast_shipping_products_accepts_search_term" file="D:\meem-commerce\tests\Feature\FastShippingControllerTest.php" line="538" class="Tests\Feature\FastShippingControllerTest" classname="Tests.Feature.FastShippingControllerTest" assertions="3" time="0.008313"/>
        <testcase name="fast_shipping_products_returns_empty_for_non_matching_search" file="D:\meem-commerce\tests\Feature\FastShippingControllerTest.php" line="549" class="Tests\Feature\FastShippingControllerTest" classname="Tests.Feature.FastShippingControllerTest" assertions="2" time="0.004389"/>
        <testcase name="fast_shipping_products_respects_limit_parameter" file="D:\meem-commerce\tests\Feature\FastShippingControllerTest.php" line="558" class="Tests\Feature\FastShippingControllerTest" classname="Tests.Feature.FastShippingControllerTest" assertions="2" time="0.009800"/>
        <testcase name="fast_shipping_products_response_has_pagination_meta" file="D:\meem-commerce\tests\Feature\FastShippingControllerTest.php" line="577" class="Tests\Feature\FastShippingControllerTest" classname="Tests.Feature.FastShippingControllerTest" assertions="5" time="0.006648"/>
        <testcase name="fast_shipping_orders_requires_authentication" file="D:\meem-commerce\tests\Feature\FastShippingControllerTest.php" line="591" class="Tests\Feature\FastShippingControllerTest" classname="Tests.Feature.FastShippingControllerTest" assertions="1" time="0.002659"/>
        <testcase name="fast_shipping_orders_returns_only_fast_orders_for_auth_user" file="D:\meem-commerce\tests\Feature\FastShippingControllerTest.php" line="599" class="Tests\Feature\FastShippingControllerTest" classname="Tests.Feature.FastShippingControllerTest" assertions="3" time="0.004723"/>
        <testcase name="fast_shipping_order_shows_eta_and_fee_fields" file="D:\meem-commerce\tests\Feature\FastShippingControllerTest.php" line="630" class="Tests\Feature\FastShippingControllerTest" classname="Tests.Feature.FastShippingControllerTest" assertions="4" time="0.004531"/>
        <testcase name="fast_shipping_orders_returns_empty_for_user_without_orders" file="D:\meem-commerce\tests\Feature\FastShippingControllerTest.php" line="654" class="Tests\Feature\FastShippingControllerTest" classname="Tests.Feature.FastShippingControllerTest" assertions="2" time="0.003735"/>
        <testcase name="fast_shipping_orders_does_not_show_other_users_orders" file="D:\meem-commerce\tests\Feature\FastShippingControllerTest.php" line="665" class="Tests\Feature\FastShippingControllerTest" classname="Tests.Feature.FastShippingControllerTest" assertions="2" time="0.006080"/>
        <testcase name="fast_checkout_fails_without_active_cart" file="D:\meem-commerce\tests\Feature\FastShippingControllerTest.php" line="692" class="Tests\Feature\FastShippingControllerTest" classname="Tests.Feature.FastShippingControllerTest" assertions="3" time="0.004803"/>
        <testcase name="fast_checkout_fails_when_validation_fails" file="D:\meem-commerce\tests\Feature\FastShippingControllerTest.php" line="719" class="Tests\Feature\FastShippingControllerTest" classname="Tests.Feature.FastShippingControllerTest" assertions="1" time="0.005182"/>
        <testcase name="products_endpoint_excludes_fast_shipping_in_home_channel" file="D:\meem-commerce\tests\Feature\FastShippingControllerTest.php" line="731" class="Tests\Feature\FastShippingControllerTest" classname="Tests.Feature.FastShippingControllerTest" assertions="3" time="0.011567"/>
        <testcase name="products_endpoint_filters_in_fast_shipping_channel" file="D:\meem-commerce\tests\Feature\FastShippingControllerTest.php" line="742" class="Tests\Feature\FastShippingControllerTest" classname="Tests.Feature.FastShippingControllerTest" assertions="3" time="0.010911"/>
        <testcase name="product_detail_returns_404_for_non_fast_product_in_fast_channel" file="D:\meem-commerce\tests\Feature\FastShippingControllerTest.php" line="755" class="Tests\Feature\FastShippingControllerTest" classname="Tests.Feature.FastShippingControllerTest" assertions="1" time="0.003889"/>
        <testcase name="product_detail_shows_fast_product_in_fast_channel" file="D:\meem-commerce\tests\Feature\FastShippingControllerTest.php" line="765" class="Tests\Feature\FastShippingControllerTest" classname="Tests.Feature.FastShippingControllerTest" assertions="2" time="0.007891"/>
        <testcase name="product_detail_returns_normal_product_in_home_channel" file="D:\meem-commerce\tests\Feature\FastShippingControllerTest.php" line="776" class="Tests\Feature\FastShippingControllerTest" classname="Tests.Feature.FastShippingControllerTest" assertions="2" time="0.008011"/>
        <testcase name="product_detail_returns_404_for_fast_product_in_home_channel" file="D:\meem-commerce\tests\Feature\FastShippingControllerTest.php" line="785" class="Tests\Feature\FastShippingControllerTest" classname="Tests.Feature.FastShippingControllerTest" assertions="1" time="0.003645"/>
        <testcase name="product_detail_returns_404_for_nonexistent_slug" file="D:\meem-commerce\tests\Feature\FastShippingControllerTest.php" line="793" class="Tests\Feature\FastShippingControllerTest" classname="Tests.Feature.FastShippingControllerTest" assertions="1" time="0.004865"/>
        <testcase name="product_response_contains_required_fields" file="D:\meem-commerce\tests\Feature\FastShippingControllerTest.php" line="801" class="Tests\Feature\FastShippingControllerTest" classname="Tests.Feature.FastShippingControllerTest" assertions="5" time="0.007582"/>
        <testcase name="products_list_response_has_pagination_meta" file="D:\meem-commerce\tests\Feature\FastShippingControllerTest.php" line="816" class="Tests\Feature\FastShippingControllerTest" classname="Tests.Feature.FastShippingControllerTest" assertions="3" time="0.010830"/>
        <testcase name="categories_endpoint_works_in_both_channels" file="D:\meem-commerce\tests\Feature\FastShippingControllerTest.php" line="829" class="Tests\Feature\FastShippingControllerTest" classname="Tests.Feature.FastShippingControllerTest" assertions="4" time="0.007283"/>
        <testcase name="category_by_slug_returns_404_for_nonexistent" file="D:\meem-commerce\tests\Feature\FastShippingControllerTest.php" line="851" class="Tests\Feature\FastShippingControllerTest" classname="Tests.Feature.FastShippingControllerTest" assertions="1" time="0.002461"/>
        <testcase name="banners_endpoint_works_with_channel_header" file="D:\meem-commerce\tests\Feature\FastShippingControllerTest.php" line="861" class="Tests\Feature\FastShippingControllerTest" classname="Tests.Feature.FastShippingControllerTest" assertions="2" time="0.003964"/>
        <testcase name="sliders_endpoint_works_with_channel_header" file="D:\meem-commerce\tests\Feature\FastShippingControllerTest.php" line="877" class="Tests\Feature\FastShippingControllerTest" classname="Tests.Feature.FastShippingControllerTest" assertions="2" time="0.004055"/>
        <testcase name="flash_sales_endpoint_works_with_channel_header" file="D:\meem-commerce\tests\Feature\FastShippingControllerTest.php" line="893" class="Tests\Feature\FastShippingControllerTest" classname="Tests.Feature.FastShippingControllerTest" assertions="2" time="0.005479"/>
        <testcase name="brands_endpoint_works_with_channel_header" file="D:\meem-commerce\tests\Feature\FastShippingControllerTest.php" line="910" class="Tests\Feature\FastShippingControllerTest" classname="Tests.Feature.FastShippingControllerTest" assertions="2" time="0.005264"/>
        <testcase name="coupons_endpoint_works_with_channel_header" file="D:\meem-commerce\tests\Feature\FastShippingControllerTest.php" line="926" class="Tests\Feature\FastShippingControllerTest" classname="Tests.Feature.FastShippingControllerTest" assertions="2" time="0.004017"/>
        <testcase name="search_endpoint_works_with_channel_header" file="D:\meem-commerce\tests\Feature\FastShippingControllerTest.php" line="946" class="Tests\Feature\FastShippingControllerTest" classname="Tests.Feature.FastShippingControllerTest" assertions="1" time="0.002978"/>
        <testcase name="home_endpoint_returns_sections" file="D:\meem-commerce\tests\Feature\FastShippingControllerTest.php" line="958" class="Tests\Feature\FastShippingControllerTest" classname="Tests.Feature.FastShippingControllerTest" assertions="1" time="0.008044">
          <failure type="PHPUnit\Framework\ExpectationFailedException">Tests\Feature\FastShippingControllerTest::home_endpoint_returns_sections&#13;
Expected response status code [200] but received 404.
Failed asserting that 200 is identical to 404.
&#13;
D:\meem-commerce\vendor\laravel\framework\src\Illuminate\Testing\TestResponse.php:146
D:\meem-commerce\vendor\laravel\framework\src\Illuminate\Testing\Concerns\AssertsStatusCodes.php:16
D:\meem-commerce\tests\Feature\FastShippingControllerTest.php:962
D:\meem-commerce\vendor\laravel\framework\src\Illuminate\Foundation\Testing\TestCase.php:174</failure>
        </testcase>
        <testcase name="missing_channel_header_defaults_to_home" file="D:\meem-commerce\tests\Feature\FastShippingControllerTest.php" line="968" class="Tests\Feature\FastShippingControllerTest" classname="Tests.Feature.FastShippingControllerTest" assertions="1" time="0.010161"/>
        <testcase name="invalid_channel_header_falls_back_to_home_in_non_strict_mode" file="D:\meem-commerce\tests\Feature\FastShippingControllerTest.php" line="978" class="Tests\Feature\FastShippingControllerTest" classname="Tests.Feature.FastShippingControllerTest" assertions="1" time="0.010715"/>
        <testcase name="invalid_channel_header_returns_400_in_strict_mode" file="D:\meem-commerce\tests\Feature\FastShippingControllerTest.php" line="991" class="Tests\Feature\FastShippingControllerTest" classname="Tests.Feature.FastShippingControllerTest" assertions="1" time="0.002402"/>
        <testcase name="empty_channel_header_defaults_to_home" file="D:\meem-commerce\tests\Feature\FastShippingControllerTest.php" line="1003" class="Tests\Feature\FastShippingControllerTest" classname="Tests.Feature.FastShippingControllerTest" assertions="1" time="0.011620"/>
        <testcase name="channel_header_is_case_insensitive" file="D:\meem-commerce\tests\Feature\FastShippingControllerTest.php" line="1015" class="Tests\Feature\FastShippingControllerTest" classname="Tests.Feature.FastShippingControllerTest" assertions="3" time="0.010513"/>
        <testcase name="channel_disabled_config_disables_scope" file="D:\meem-commerce\tests\Feature\FastShippingControllerTest.php" line="1027" class="Tests\Feature\FastShippingControllerTest" classname="Tests.Feature.FastShippingControllerTest" assertions="2" time="0.012673"/>
        <testcase name="checkout_without_cart_returns_cart_not_found_translated" file="D:\meem-commerce\tests\Feature\FastShippingControllerTest.php" line="1042" class="Tests\Feature\FastShippingControllerTest" classname="Tests.Feature.FastShippingControllerTest" assertions="2" time="0.005122"/>
        <testcase name="cod_pickup_error_is_translated" file="D:\meem-commerce\tests\Feature\FastShippingControllerTest.php" line="1069" class="Tests\Feature\FastShippingControllerTest" classname="Tests.Feature.FastShippingControllerTest" assertions="1" time="0.000872"/>
      </testsuite>
      <testsuite name="Tests\Feature\FastShippingHardenTest" file="D:\meem-commerce\tests\Feature\FastShippingHardenTest.php" tests="14" assertions="23" errors="0" failures="1" skipped="0" time="0.152002">
        <testcase name="fast_checkout_succeeds_with_cod" file="D:\meem-commerce\tests\Feature\FastShippingHardenTest.php" line="454" class="Tests\Feature\FastShippingHardenTest" classname="Tests.Feature.FastShippingHardenTest" assertions="3" time="0.018372"/>
        <testcase name="fast_checkout_succeeds_with_online_payment" file="D:\meem-commerce\tests\Feature\FastShippingHardenTest.php" line="483" class="Tests\Feature\FastShippingHardenTest" classname="Tests.Feature.FastShippingHardenTest" assertions="2" time="0.019285"/>
        <testcase name="fast_checkout_rejects_cod_pickup_combination" file="D:\meem-commerce\tests\Feature\FastShippingHardenTest.php" line="505" class="Tests\Feature\FastShippingHardenTest" classname="Tests.Feature.FastShippingHardenTest" assertions="2" time="0.018524"/>
        <testcase name="fast_checkout_rejects_governorate_with_fast_shipping_disabled" file="D:\meem-commerce\tests\Feature\FastShippingHardenTest.php" line="530" class="Tests\Feature\FastShippingHardenTest" classname="Tests.Feature.FastShippingHardenTest" assertions="2" time="0.010897"/>
        <testcase name="fast_checkout_rejects_inactive_governorate" file="D:\meem-commerce\tests\Feature\FastShippingHardenTest.php" line="557" class="Tests\Feature\FastShippingHardenTest" classname="Tests.Feature.FastShippingHardenTest" assertions="1" time="0.005506"/>
        <testcase name="fast_checkout_fails_when_product_has_insufficient_stock" file="D:\meem-commerce\tests\Feature\FastShippingHardenTest.php" line="585" class="Tests\Feature\FastShippingHardenTest" classname="Tests.Feature.FastShippingHardenTest" assertions="1" time="0.007900"/>
        <testcase name="cache_key_differs_by_channel" file="D:\meem-commerce\tests\Feature\FastShippingHardenTest.php" line="625" class="Tests\Feature\FastShippingHardenTest" classname="Tests.Feature.FastShippingHardenTest" assertions="1" time="0.009237">
          <failure type="PHPUnit\Framework\ExpectationFailedException">Tests\Feature\FastShippingHardenTest::cache_key_differs_by_channel&#13;
No home-channel cache keys found
Failed asserting that an array is not empty.
&#13;
D:\meem-commerce\tests\Feature\FastShippingHardenTest.php:645
D:\meem-commerce\vendor\laravel\framework\src\Illuminate\Foundation\Testing\TestCase.php:174</failure>
        </testcase>
        <testcase name="product_toggle_fast_shipping_updates_flag" file="D:\meem-commerce\tests\Feature\FastShippingHardenTest.php" line="652" class="Tests\Feature\FastShippingHardenTest" classname="Tests.Feature.FastShippingHardenTest" assertions="2" time="0.012959"/>
        <testcase name="admin_fast_shipping_settings_requires_authentication" file="D:\meem-commerce\tests\Feature\FastShippingHardenTest.php" line="687" class="Tests\Feature\FastShippingHardenTest" classname="Tests.Feature.FastShippingHardenTest" assertions="1" time="0.003135"/>
        <testcase name="admin_fast_shipping_settings_update_requires_authentication" file="D:\meem-commerce\tests\Feature\FastShippingHardenTest.php" line="694" class="Tests\Feature\FastShippingHardenTest" classname="Tests.Feature.FastShippingHardenTest" assertions="1" time="0.002413"/>
        <testcase name="fast_checkout_only_processes_fast_items_from_mixed_cart" file="D:\meem-commerce\tests\Feature\FastShippingHardenTest.php" line="705" class="Tests\Feature\FastShippingHardenTest" classname="Tests.Feature.FastShippingHardenTest" assertions="3" time="0.020973"/>
        <testcase name="fast_checkout_fails_with_empty_cart" file="D:\meem-commerce\tests\Feature\FastShippingHardenTest.php" line="760" class="Tests\Feature\FastShippingHardenTest" classname="Tests.Feature.FastShippingHardenTest" assertions="1" time="0.007546"/>
        <testcase name="fast_checkout_fails_when_cart_has_no_fast_items" file="D:\meem-commerce\tests\Feature\FastShippingHardenTest.php" line="785" class="Tests\Feature\FastShippingHardenTest" classname="Tests.Feature.FastShippingHardenTest" assertions="2" time="0.009156"/>
        <testcase name="fast_checkout_rejects_invalid_payment_method" file="D:\meem-commerce\tests\Feature\FastShippingHardenTest.php" line="823" class="Tests\Feature\FastShippingHardenTest" classname="Tests.Feature.FastShippingHardenTest" assertions="1" time="0.006101"/>
      </testsuite>
      <testsuite name="Tests\Feature\FinancialDeepAuditTest" file="D:\meem-commerce\tests\Feature\FinancialDeepAuditTest.php" tests="30" assertions="84" errors="0" failures="0" skipped="0" time="0.509055">
        <testcase name="promotion_usage_limiter_enforces_max_uses" file="D:\meem-commerce\tests\Feature\FinancialDeepAuditTest.php" line="220" class="Tests\Feature\FinancialDeepAuditTest" classname="Tests.Feature.FinancialDeepAuditTest" assertions="2" time="0.035403"/>
        <testcase name="concurrent_coupon_usage_unique_per_user" file="D:\meem-commerce\tests\Feature\FinancialDeepAuditTest.php" line="248" class="Tests\Feature\FinancialDeepAuditTest" classname="Tests.Feature.FinancialDeepAuditTest" assertions="3" time="0.005168"/>
        <testcase name="transaction_lock_prevents_double_promotion_application" file="D:\meem-commerce\tests\Feature\FinancialDeepAuditTest.php" line="281" class="Tests\Feature\FinancialDeepAuditTest" classname="Tests.Feature.FinancialDeepAuditTest" assertions="3" time="0.011368"/>
        <testcase name="assigned_coupon_usage_recorded_in_assignment_and_global" file="D:\meem-commerce\tests\Feature\FinancialDeepAuditTest.php" line="314" class="Tests\Feature\FinancialDeepAuditTest" classname="Tests.Feature.FinancialDeepAuditTest" assertions="4" time="0.021842"/>
        <testcase name="assigned_coupon_rejects_when_max_uses_exhausted" file="D:\meem-commerce\tests\Feature\FinancialDeepAuditTest.php" line="361" class="Tests\Feature\FinancialDeepAuditTest" classname="Tests.Feature.FinancialDeepAuditTest" assertions="1" time="0.006296"/>
        <testcase name="gift_promotion_has_zero_discount_and_reserves_gift_item" file="D:\meem-commerce\tests\Feature\FinancialDeepAuditTest.php" line="390" class="Tests\Feature\FinancialDeepAuditTest" classname="Tests.Feature.FinancialDeepAuditTest" assertions="6" time="0.019142"/>
        <testcase name="promotion_applies_only_to_specific_products" file="D:\meem-commerce\tests\Feature\FinancialDeepAuditTest.php" line="428" class="Tests\Feature\FinancialDeepAuditTest" classname="Tests.Feature.FinancialDeepAuditTest" assertions="6" time="0.015249"/>
        <testcase name="expired_discount_not_applied" file="D:\meem-commerce\tests\Feature\FinancialDeepAuditTest.php" line="471" class="Tests\Feature\FinancialDeepAuditTest" classname="Tests.Feature.FinancialDeepAuditTest" assertions="2" time="0.004662"/>
        <testcase name="future_discount_not_applied" file="D:\meem-commerce\tests\Feature\FinancialDeepAuditTest.php" line="489" class="Tests\Feature\FinancialDeepAuditTest" classname="Tests.Feature.FinancialDeepAuditTest" assertions="2" time="0.003768"/>
        <testcase name="expired_promotion_rejected_by_resolver" file="D:\meem-commerce\tests\Feature\FinancialDeepAuditTest.php" line="507" class="Tests\Feature\FinancialDeepAuditTest" classname="Tests.Feature.FinancialDeepAuditTest" assertions="1" time="0.008561"/>
        <testcase name="inactive_promotion_rejected" file="D:\meem-commerce\tests\Feature\FinancialDeepAuditTest.php" line="527" class="Tests\Feature\FinancialDeepAuditTest" classname="Tests.Feature.FinancialDeepAuditTest" assertions="1" time="0.008853"/>
        <testcase name="expired_coupon_rejected_by_orchestrator" file="D:\meem-commerce\tests\Feature\FinancialDeepAuditTest.php" line="546" class="Tests\Feature\FinancialDeepAuditTest" classname="Tests.Feature.FinancialDeepAuditTest" assertions="1" time="0.004652"/>
        <testcase name="free_shipping_by_threshold_works_with_promotion" file="D:\meem-commerce\tests\Feature\FinancialDeepAuditTest.php" line="566" class="Tests\Feature\FinancialDeepAuditTest" classname="Tests.Feature.FinancialDeepAuditTest" assertions="4" time="0.001756"/>
        <testcase name="free_shipping_coupon_overrides_shipping_cost" file="D:\meem-commerce\tests\Feature\FinancialDeepAuditTest.php" line="583" class="Tests\Feature\FinancialDeepAuditTest" classname="Tests.Feature.FinancialDeepAuditTest" assertions="3" time="0.000628"/>
        <testcase name="shipping_cost_included_in_order_total" file="D:\meem-commerce\tests\Feature\FinancialDeepAuditTest.php" line="592" class="Tests\Feature\FinancialDeepAuditTest" classname="Tests.Feature.FinancialDeepAuditTest" assertions="3" time="0.018827"/>
        <testcase name="variant_with_flash_sale_applied_correctly" file="D:\meem-commerce\tests\Feature\FinancialDeepAuditTest.php" line="612" class="Tests\Feature\FinancialDeepAuditTest" classname="Tests.Feature.FinancialDeepAuditTest" assertions="2" time="0.005121"/>
        <testcase name="variant_with_product_discount_and_no_flash_sale" file="D:\meem-commerce\tests\Feature\FinancialDeepAuditTest.php" line="634" class="Tests\Feature\FinancialDeepAuditTest" classname="Tests.Feature.FinancialDeepAuditTest" assertions="1" time="0.004623"/>
        <testcase name="promotion_minimum_order_amount_enforced" file="D:\meem-commerce\tests\Feature\FinancialDeepAuditTest.php" line="658" class="Tests\Feature\FinancialDeepAuditTest" classname="Tests.Feature.FinancialDeepAuditTest" assertions="1" time="0.010787"/>
        <testcase name="promotion_usage_limiter_at_scope_valid" file="D:\meem-commerce\tests\Feature\FinancialDeepAuditTest.php" line="682" class="Tests\Feature\FinancialDeepAuditTest" classname="Tests.Feature.FinancialDeepAuditTest" assertions="2" time="0.004305"/>
        <testcase name="coupon_global_limiter_enforced_by_validator" file="D:\meem-commerce\tests\Feature\FinancialDeepAuditTest.php" line="702" class="Tests\Feature\FinancialDeepAuditTest" classname="Tests.Feature.FinancialDeepAuditTest" assertions="2" time="0.004212"/>
        <testcase name="settings_minimum_order_amount_reads_from_column" file="D:\meem-commerce\tests\Feature\FinancialDeepAuditTest.php" line="726" class="Tests\Feature\FinancialDeepAuditTest" classname="Tests.Feature.FinancialDeepAuditTest" assertions="2" time="0.015740"/>
        <testcase name="settings_api_returns_minimum_order_amount" file="D:\meem-commerce\tests\Feature\FinancialDeepAuditTest.php" line="754" class="Tests\Feature\FinancialDeepAuditTest" classname="Tests.Feature.FinancialDeepAuditTest" assertions="2" time="0.004595"/>
        <testcase name="settings_update_via_api_writes_to_column" file="D:\meem-commerce\tests\Feature\FinancialDeepAuditTest.php" line="763" class="Tests\Feature\FinancialDeepAuditTest" classname="Tests.Feature.FinancialDeepAuditTest" assertions="2" time="0.015707"/>
        <testcase name="max_discount_coupon_with_fixed_promotion" file="D:\meem-commerce\tests\Feature\FinancialDeepAuditTest.php" line="781" class="Tests\Feature\FinancialDeepAuditTest" classname="Tests.Feature.FinancialDeepAuditTest" assertions="4" time="0.017722"/>
        <testcase name="order_immutable_after_all_price_changes" file="D:\meem-commerce\tests\Feature\FinancialDeepAuditTest.php" line="820" class="Tests\Feature\FinancialDeepAuditTest" classname="Tests.Feature.FinancialDeepAuditTest" assertions="4" time="0.021044"/>
        <testcase name="complete_checkout_all_discounts_manually_verified" file="D:\meem-commerce\tests\Feature\FinancialDeepAuditTest.php" line="849" class="Tests\Feature\FinancialDeepAuditTest" classname="Tests.Feature.FinancialDeepAuditTest" assertions="6" time="0.021629"/>
        <testcase name="rounding_consistency_across_discounts" file="D:\meem-commerce\tests\Feature\FinancialDeepAuditTest.php" line="914" class="Tests\Feature\FinancialDeepAuditTest" classname="Tests.Feature.FinancialDeepAuditTest" assertions="1" time="0.213924"/>
        <testcase name="number_format_precision_preserved" file="D:\meem-commerce\tests\Feature\FinancialDeepAuditTest.php" line="938" class="Tests\Feature\FinancialDeepAuditTest" classname="Tests.Feature.FinancialDeepAuditTest" assertions="7" time="0.000525"/>
        <testcase name="no_legacy_minimum_order_amount_in_options" file="D:\meem-commerce\tests\Feature\FinancialDeepAuditTest.php" line="950" class="Tests\Feature\FinancialDeepAuditTest" classname="Tests.Feature.FinancialDeepAuditTest" assertions="3" time="0.001359"/>
        <testcase name="checkout_repository_uses_dedicated_column" file="D:\meem-commerce\tests\Feature\FinancialDeepAuditTest.php" line="962" class="Tests\Feature\FinancialDeepAuditTest" classname="Tests.Feature.FinancialDeepAuditTest" assertions="3" time="0.001589"/>
      </testsuite>
      <testsuite name="Tests\Feature\FinancialVerificationTest" file="D:\meem-commerce\tests\Feature\FinancialVerificationTest.php" tests="39" assertions="193" errors="0" failures="0" skipped="0" time="0.498895">
        <testcase name="base_price_is_exact" file="D:\meem-commerce\tests\Feature\FinancialVerificationTest.php" line="172" class="Tests\Feature\FinancialVerificationTest" classname="Tests.Feature.FinancialVerificationTest" assertions="22" time="0.026731"/>
        <testcase name="percentage_discount_is_mathematically_correct" file="D:\meem-commerce\tests\Feature\FinancialVerificationTest.php" line="186" class="Tests\Feature\FinancialVerificationTest" classname="Tests.Feature.FinancialVerificationTest" assertions="16" time="0.020844"/>
        <testcase name="fixed_discount_is_mathematically_correct" file="D:\meem-commerce\tests\Feature\FinancialVerificationTest.php" line="216" class="Tests\Feature\FinancialVerificationTest" classname="Tests.Feature.FinancialVerificationTest" assertions="5" time="0.013874"/>
        <testcase name="variant_pricing_is_correct" file="D:\meem-commerce\tests\Feature\FinancialVerificationTest.php" line="238" class="Tests\Feature\FinancialVerificationTest" classname="Tests.Feature.FinancialVerificationTest" assertions="2" time="0.004982"/>
        <testcase name="flash_sale_percentage_is_correct" file="D:\meem-commerce\tests\Feature\FinancialVerificationTest.php" line="257" class="Tests\Feature\FinancialVerificationTest" classname="Tests.Feature.FinancialVerificationTest" assertions="2" time="0.004368"/>
        <testcase name="flash_sale_fixed_discount_is_correct" file="D:\meem-commerce\tests\Feature\FinancialVerificationTest.php" line="279" class="Tests\Feature\FinancialVerificationTest" classname="Tests.Feature.FinancialVerificationTest" assertions="2" time="0.006157"/>
        <testcase name="flash_sale_final_price_type_is_correct" file="D:\meem-commerce\tests\Feature\FinancialVerificationTest.php" line="300" class="Tests\Feature\FinancialVerificationTest" classname="Tests.Feature.FinancialVerificationTest" assertions="2" time="0.004426"/>
        <testcase name="flash_sale_max_discount_capped" file="D:\meem-commerce\tests\Feature\FinancialVerificationTest.php" line="321" class="Tests\Feature\FinancialVerificationTest" classname="Tests.Feature.FinancialVerificationTest" assertions="1" time="0.004799"/>
        <testcase name="flash_sale_takes_priority_over_product_discount" file="D:\meem-commerce\tests\Feature\FinancialVerificationTest.php" line="342" class="Tests\Feature\FinancialVerificationTest" classname="Tests.Feature.FinancialVerificationTest" assertions="3" time="0.004590"/>
        <testcase name="promotion_discount_amount_matches_manual_percentage" file="D:\meem-commerce\tests\Feature\FinancialVerificationTest.php" line="368" class="Tests\Feature\FinancialVerificationTest" classname="Tests.Feature.FinancialVerificationTest" assertions="15" time="0.009841"/>
        <testcase name="promotion_max_discount_capped" file="D:\meem-commerce\tests\Feature\FinancialVerificationTest.php" line="403" class="Tests\Feature\FinancialVerificationTest" classname="Tests.Feature.FinancialVerificationTest" assertions="4" time="0.003161"/>
        <testcase name="promotion_fixed_discount_never_exceeds_price" file="D:\meem-commerce\tests\Feature\FinancialVerificationTest.php" line="424" class="Tests\Feature\FinancialVerificationTest" classname="Tests.Feature.FinancialVerificationTest" assertions="4" time="0.003072"/>
        <testcase name="promotion_proportional_allocation_sum_matches_total_discount" file="D:\meem-commerce\tests\Feature\FinancialVerificationTest.php" line="444" class="Tests\Feature\FinancialVerificationTest" classname="Tests.Feature.FinancialVerificationTest" assertions="4" time="0.017309"/>
        <testcase name="promotion_clears_and_restores_original_prices" file="D:\meem-commerce\tests\Feature\FinancialVerificationTest.php" line="484" class="Tests\Feature\FinancialVerificationTest" classname="Tests.Feature.FinancialVerificationTest" assertions="8" time="0.013721"/>
        <testcase name="coupon_calculator_matches_manual" file="D:\meem-commerce\tests\Feature\FinancialVerificationTest.php" line="526" class="Tests\Feature\FinancialVerificationTest" classname="Tests.Feature.FinancialVerificationTest" assertions="20" time="0.007291"/>
        <testcase name="coupon_max_discount_capped" file="D:\meem-commerce\tests\Feature\FinancialVerificationTest.php" line="564" class="Tests\Feature\FinancialVerificationTest" classname="Tests.Feature.FinancialVerificationTest" assertions="4" time="0.003456"/>
        <testcase name="checkout_totals_match_manual_calculation" file="D:\meem-commerce\tests\Feature\FinancialVerificationTest.php" line="592" class="Tests\Feature\FinancialVerificationTest" classname="Tests.Feature.FinancialVerificationTest" assertions="5" time="0.022045"/>
        <testcase name="checkout_with_promotion_and_coupon_produces_correct_order" file="D:\meem-commerce\tests\Feature\FinancialVerificationTest.php" line="645" class="Tests\Feature\FinancialVerificationTest" classname="Tests.Feature.FinancialVerificationTest" assertions="4" time="0.017477"/>
        <testcase name="order_product_snapshot_contains_correct_prices" file="D:\meem-commerce\tests\Feature\FinancialVerificationTest.php" line="699" class="Tests\Feature\FinancialVerificationTest" classname="Tests.Feature.FinancialVerificationTest" assertions="3" time="0.013265"/>
        <testcase name="order_snapshot_immutable_after_checkout" file="D:\meem-commerce\tests\Feature\FinancialVerificationTest.php" line="727" class="Tests\Feature\FinancialVerificationTest" classname="Tests.Feature.FinancialVerificationTest" assertions="5" time="0.043321"/>
        <testcase name="promotion_applied_before_coupon_in_checkout" file="D:\meem-commerce\tests\Feature\FinancialVerificationTest.php" line="779" class="Tests\Feature\FinancialVerificationTest" classname="Tests.Feature.FinancialVerificationTest" assertions="5" time="0.017841"/>
        <testcase name="sub_penny_prices_do_not_cause_precision_loss" file="D:\meem-commerce\tests\Feature\FinancialVerificationTest.php" line="834" class="Tests\Feature\FinancialVerificationTest" classname="Tests.Feature.FinancialVerificationTest" assertions="2" time="0.006779"/>
        <testcase name="rounding_never_produces_negative_prices" file="D:\meem-commerce\tests\Feature\FinancialVerificationTest.php" line="848" class="Tests\Feature\FinancialVerificationTest" classname="Tests.Feature.FinancialVerificationTest" assertions="3" time="0.006831"/>
        <testcase name="large_quantities_maintain_precision" file="D:\meem-commerce\tests\Feature\FinancialVerificationTest.php" line="872" class="Tests\Feature\FinancialVerificationTest" classname="Tests.Feature.FinancialVerificationTest" assertions="3" time="0.015703"/>
        <testcase name="multiple_cart_items_line_totals_sum_correctly" file="D:\meem-commerce\tests\Feature\FinancialVerificationTest.php" line="901" class="Tests\Feature\FinancialVerificationTest" classname="Tests.Feature.FinancialVerificationTest" assertions="3" time="0.023765"/>
        <testcase name="minimum_order_amount_reads_from_dedicated_column" file="D:\meem-commerce\tests\Feature\FinancialVerificationTest.php" line="945" class="Tests\Feature\FinancialVerificationTest" classname="Tests.Feature.FinancialVerificationTest" assertions="3" time="0.001494"/>
        <testcase name="minimum_order_amount_enforced_at_checkout" file="D:\meem-commerce\tests\Feature\FinancialVerificationTest.php" line="961" class="Tests\Feature\FinancialVerificationTest" classname="Tests.Feature.FinancialVerificationTest" assertions="1" time="0.011628"/>
        <testcase name="minimum_order_amount_zero_allows_any_order" file="D:\meem-commerce\tests\Feature\FinancialVerificationTest.php" line="988" class="Tests\Feature\FinancialVerificationTest" classname="Tests.Feature.FinancialVerificationTest" assertions="1" time="0.017833"/>
        <testcase name="totals_invariant_holds" file="D:\meem-commerce\tests\Feature\FinancialVerificationTest.php" line="1019" class="Tests\Feature\FinancialVerificationTest" classname="Tests.Feature.FinancialVerificationTest" assertions="7" time="0.022031"/>
        <testcase name="promotion_proportional_allocation_handles_price_changes" file="D:\meem-commerce\tests\Feature\FinancialVerificationTest.php" line="1071" class="Tests\Feature\FinancialVerificationTest" classname="Tests.Feature.FinancialVerificationTest" assertions="4" time="0.022424"/>
        <testcase name="proportional_allocation_largest_remainder_completes_full_discount" file="D:\meem-commerce\tests\Feature\FinancialVerificationTest.php" line="1114" class="Tests\Feature\FinancialVerificationTest" classname="Tests.Feature.FinancialVerificationTest" assertions="3" time="0.021709"/>
        <testcase name="settings_get_data_is_restored" file="D:\meem-commerce\tests\Feature\FinancialVerificationTest.php" line="1153" class="Tests\Feature\FinancialVerificationTest" classname="Tests.Feature.FinancialVerificationTest" assertions="3" time="0.000822"/>
        <testcase name="flash_sale_rounding_precision_edge_case" file="D:\meem-commerce\tests\Feature\FinancialVerificationTest.php" line="1164" class="Tests\Feature\FinancialVerificationTest" classname="Tests.Feature.FinancialVerificationTest" assertions="2" time="0.006626"/>
        <testcase name="wallet_points_round_correctly" file="D:\meem-commerce\tests\Feature\FinancialVerificationTest.php" line="1187" class="Tests\Feature\FinancialVerificationTest" classname="Tests.Feature.FinancialVerificationTest" assertions="1" time="0.001262"/>
        <testcase name="flash_sale_takes_priority_over_promotion" file="D:\meem-commerce\tests\Feature\FinancialVerificationTest.php" line="1206" class="Tests\Feature\FinancialVerificationTest" classname="Tests.Feature.FinancialVerificationTest" assertions="3" time="0.013090"/>
        <testcase name="flash_sale_with_discount_and_coupon_priority" file="D:\meem-commerce\tests\Feature\FinancialVerificationTest.php" line="1245" class="Tests\Feature\FinancialVerificationTest" classname="Tests.Feature.FinancialVerificationTest" assertions="7" time="0.021758"/>
        <testcase name="promotion_with_free_shipping_coupon" file="D:\meem-commerce\tests\Feature\FinancialVerificationTest.php" line="1310" class="Tests\Feature\FinancialVerificationTest" classname="Tests.Feature.FinancialVerificationTest" assertions="4" time="0.018401"/>
        <testcase name="fixed_rate_promotion_with_percentage_coupon" file="D:\meem-commerce\tests\Feature\FinancialVerificationTest.php" line="1355" class="Tests\Feature\FinancialVerificationTest" classname="Tests.Feature.FinancialVerificationTest" assertions="4" time="0.022458"/>
        <testcase name="minimum_order_amount_reads_from_dedicated_column_not_options" file="D:\meem-commerce\tests\Feature\FinancialVerificationTest.php" line="1405" class="Tests\Feature\FinancialVerificationTest" classname="Tests.Feature.FinancialVerificationTest" assertions="3" time="0.001712"/>
      </testsuite>
      <testsuite name="Tests\Feature\FlashSales\FlashSaleApproveRequestTest" file="D:\meem-commerce\tests\Feature\FlashSales\FlashSaleApproveRequestTest.php" tests="4" assertions="4" errors="0" failures="0" skipped="0" time="0.023433">
        <testcase name="unauthenticated_user_cannot_approve" file="D:\meem-commerce\tests\Feature\FlashSales\FlashSaleApproveRequestTest.php" line="22" class="Tests\Feature\FlashSales\FlashSaleApproveRequestTest" classname="Tests.Feature.FlashSales.FlashSaleApproveRequestTest" assertions="1" time="0.005198"/>
        <testcase name="unauthenticated_user_cannot_disapprove" file="D:\meem-commerce\tests\Feature\FlashSales\FlashSaleApproveRequestTest.php" line="32" class="Tests\Feature\FlashSales\FlashSaleApproveRequestTest" classname="Tests.Feature.FlashSales.FlashSaleApproveRequestTest" assertions="1" time="0.003258"/>
        <testcase name="unauthorized_user_gets_403_on_approve" file="D:\meem-commerce\tests\Feature\FlashSales\FlashSaleApproveRequestTest.php" line="47" class="Tests\Feature\FlashSales\FlashSaleApproveRequestTest" classname="Tests.Feature.FlashSales.FlashSaleApproveRequestTest" assertions="1" time="0.007709"/>
        <testcase name="unauthorized_user_gets_403_on_disapprove" file="D:\meem-commerce\tests\Feature\FlashSales\FlashSaleApproveRequestTest.php" line="69" class="Tests\Feature\FlashSales\FlashSaleApproveRequestTest" classname="Tests.Feature.FlashSales.FlashSaleApproveRequestTest" assertions="1" time="0.007269"/>
      </testsuite>
      <testsuite name="Tests\Feature\FlashSales\FlashSaleProductionHardenTest" file="D:\meem-commerce\tests\Feature\FlashSales\FlashSaleProductionHardenTest.php" tests="26" assertions="59" errors="0" failures="0" skipped="0" time="0.140181">
        <testcase name="listener_sets_has_flash_sale_when_products_attached" file="D:\meem-commerce\tests\Feature\FlashSales\FlashSaleProductionHardenTest.php" line="50" class="Tests\Feature\FlashSales\FlashSaleProductionHardenTest" classname="Tests.Feature.FlashSales.FlashSaleProductionHardenTest" assertions="2" time="0.007267"/>
        <testcase name="listener_clears_has_flash_sale_when_products_detached" file="D:\meem-commerce\tests\Feature\FlashSales\FlashSaleProductionHardenTest.php" line="91" class="Tests\Feature\FlashSales\FlashSaleProductionHardenTest" classname="Tests.Feature.FlashSales.FlashSaleProductionHardenTest" assertions="2" time="0.004475"/>
        <testcase name="listener_clears_has_flash_sale_on_vendor_request_delete" file="D:\meem-commerce\tests\Feature\FlashSales\FlashSaleProductionHardenTest.php" line="120" class="Tests\Feature\FlashSales\FlashSaleProductionHardenTest" classname="Tests.Feature.FlashSales.FlashSaleProductionHardenTest" assertions="2" time="0.004635"/>
        <testcase name="admin_create_flash_sale_validates_image_required" file="D:\meem-commerce\tests\Feature\FlashSales\FlashSaleProductionHardenTest.php" line="151" class="Tests\Feature\FlashSales\FlashSaleProductionHardenTest" classname="Tests.Feature.FlashSales.FlashSaleProductionHardenTest" assertions="1" time="0.008064"/>
        <testcase name="admin_create_flash_sale_sets_has_flash_sale_on_products" file="D:\meem-commerce\tests\Feature\FlashSales\FlashSaleProductionHardenTest.php" line="169" class="Tests\Feature\FlashSales\FlashSaleProductionHardenTest" classname="Tests.Feature.FlashSales.FlashSaleProductionHardenTest" assertions="2" time="0.008150"/>
        <testcase name="admin_can_update_flash_sale" file="D:\meem-commerce\tests\Feature\FlashSales\FlashSaleProductionHardenTest.php" line="204" class="Tests\Feature\FlashSales\FlashSaleProductionHardenTest" classname="Tests.Feature.FlashSales.FlashSaleProductionHardenTest" assertions="3" time="0.011748"/>
        <testcase name="admin_can_delete_flash_sale" file="D:\meem-commerce\tests\Feature\FlashSales\FlashSaleProductionHardenTest.php" line="231" class="Tests\Feature\FlashSales\FlashSaleProductionHardenTest" classname="Tests.Feature.FlashSales.FlashSaleProductionHardenTest" assertions="3" time="0.008746"/>
        <testcase name="flash_sale_overrides_normal_discount_in_pricing" file="D:\meem-commerce\tests\Feature\FlashSales\FlashSaleProductionHardenTest.php" line="256" class="Tests\Feature\FlashSales\FlashSaleProductionHardenTest" classname="Tests.Feature.FlashSales.FlashSaleProductionHardenTest" assertions="4" time="0.005327"/>
        <testcase name="expired_flash_sale_is_ignored" file="D:\meem-commerce\tests\Feature\FlashSales\FlashSaleProductionHardenTest.php" line="293" class="Tests\Feature\FlashSales\FlashSaleProductionHardenTest" classname="Tests.Feature.FlashSales.FlashSaleProductionHardenTest" assertions="3" time="0.004174"/>
        <testcase name="inactive_flash_sale_is_ignored" file="D:\meem-commerce\tests\Feature\FlashSales\FlashSaleProductionHardenTest.php" line="329" class="Tests\Feature\FlashSales\FlashSaleProductionHardenTest" classname="Tests.Feature.FlashSales.FlashSaleProductionHardenTest" assertions="3" time="0.004390"/>
        <testcase name="calculate_flash_sale_price_with_percentage_type" file="D:\meem-commerce\tests\Feature\FlashSales\FlashSaleProductionHardenTest.php" line="365" class="Tests\Feature\FlashSales\FlashSaleProductionHardenTest" classname="Tests.Feature.FlashSales.FlashSaleProductionHardenTest" assertions="1" time="0.000800"/>
        <testcase name="calculate_flash_sale_price_with_fixed_rate_type" file="D:\meem-commerce\tests\Feature\FlashSales\FlashSaleProductionHardenTest.php" line="380" class="Tests\Feature\FlashSales\FlashSaleProductionHardenTest" classname="Tests.Feature.FlashSales.FlashSaleProductionHardenTest" assertions="1" time="0.000733"/>
        <testcase name="calculate_flash_sale_price_with_final_price_type" file="D:\meem-commerce\tests\Feature\FlashSales\FlashSaleProductionHardenTest.php" line="395" class="Tests\Feature\FlashSales\FlashSaleProductionHardenTest" classname="Tests.Feature.FlashSales.FlashSaleProductionHardenTest" assertions="1" time="0.000717"/>
        <testcase name="null_flash_sale_returns_null_price" file="D:\meem-commerce\tests\Feature\FlashSales\FlashSaleProductionHardenTest.php" line="410" class="Tests\Feature\FlashSales\FlashSaleProductionHardenTest" classname="Tests.Feature.FlashSales.FlashSaleProductionHardenTest" assertions="1" time="0.000535"/>
        <testcase name="flash_sale_resource_has_description_field" file="D:\meem-commerce\tests\Feature\FlashSales\FlashSaleProductionHardenTest.php" line="420" class="Tests\Feature\FlashSales\FlashSaleProductionHardenTest" classname="Tests.Feature.FlashSales.FlashSaleProductionHardenTest" assertions="15" time="0.010762"/>
        <testcase name="create_flash_sale_validates_required_fields" file="D:\meem-commerce\tests\Feature\FlashSales\FlashSaleProductionHardenTest.php" line="450" class="Tests\Feature\FlashSales\FlashSaleProductionHardenTest" classname="Tests.Feature.FlashSales.FlashSaleProductionHardenTest" assertions="1" time="0.005726"/>
        <testcase name="unauthenticated_user_cannot_create_flash_sale" file="D:\meem-commerce\tests\Feature\FlashSales\FlashSaleProductionHardenTest.php" line="460" class="Tests\Feature\FlashSales\FlashSaleProductionHardenTest" classname="Tests.Feature.FlashSales.FlashSaleProductionHardenTest" assertions="1" time="0.002999"/>
        <testcase name="unauthorized_user_cannot_delete_flash_sale" file="D:\meem-commerce\tests\Feature\FlashSales\FlashSaleProductionHardenTest.php" line="470" class="Tests\Feature\FlashSales\FlashSaleProductionHardenTest" classname="Tests.Feature.FlashSales.FlashSaleProductionHardenTest" assertions="1" time="0.004548"/>
        <testcase name="flash_sale_show_returns_404_for_nonexistent" file="D:\meem-commerce\tests\Feature\FlashSales\FlashSaleProductionHardenTest.php" line="480" class="Tests\Feature\FlashSales\FlashSaleProductionHardenTest" classname="Tests.Feature.FlashSales.FlashSaleProductionHardenTest" assertions="1" time="0.006848"/>
        <testcase name="flash_sale_type_must_be_valid_enum" file="D:\meem-commerce\tests\Feature\FlashSales\FlashSaleProductionHardenTest.php" line="490" class="Tests\Feature\FlashSales\FlashSaleProductionHardenTest" classname="Tests.Feature.FlashSales.FlashSaleProductionHardenTest" assertions="1" time="0.006332"/>
        <testcase name="flash_sale_discount_must_be_numeric" file="D:\meem-commerce\tests\Feature\FlashSales\FlashSaleProductionHardenTest.php" line="508" class="Tests\Feature\FlashSales\FlashSaleProductionHardenTest" classname="Tests.Feature.FlashSales.FlashSaleProductionHardenTest" assertions="1" time="0.007381"/>
        <testcase name="valid_scope_only_returns_active_flash_sales" file="D:\meem-commerce\tests\Feature\FlashSales\FlashSaleProductionHardenTest.php" line="528" class="Tests\Feature\FlashSales\FlashSaleProductionHardenTest" classname="Tests.Feature.FlashSales.FlashSaleProductionHardenTest" assertions="3" time="0.006288"/>
        <testcase name="product_get_active_flash_sale_returns_correct_sale" file="D:\meem-commerce\tests\Feature\FlashSales\FlashSaleProductionHardenTest.php" line="568" class="Tests\Feature\FlashSales\FlashSaleProductionHardenTest" classname="Tests.Feature.FlashSales.FlashSaleProductionHardenTest" assertions="2" time="0.004712"/>
        <testcase name="product_without_has_flash_sale_returns_null_active_sale" file="D:\meem-commerce\tests\Feature\FlashSales\FlashSaleProductionHardenTest.php" line="600" class="Tests\Feature\FlashSales\FlashSaleProductionHardenTest" classname="Tests.Feature.FlashSales.FlashSaleProductionHardenTest" assertions="1" time="0.002618"/>
        <testcase name="flash_sale_can_be_soft_deleted_and_restored" file="D:\meem-commerce\tests\Feature\FlashSales\FlashSaleProductionHardenTest.php" line="620" class="Tests\Feature\FlashSales\FlashSaleProductionHardenTest" classname="Tests.Feature.FlashSales.FlashSaleProductionHardenTest" assertions="2" time="0.005243"/>
        <testcase name="reorder_route_does_not_conflict_with_show" file="D:\meem-commerce\tests\Feature\FlashSales\FlashSaleProductionHardenTest.php" line="642" class="Tests\Feature\FlashSales\FlashSaleProductionHardenTest" classname="Tests.Feature.FlashSales.FlashSaleProductionHardenTest" assertions="1" time="0.006959"/>
      </testsuite>
      <testsuite name="Tests\Feature\FlashSales\FlashSaleRegressionTest" file="D:\meem-commerce\tests\Feature\FlashSales\FlashSaleRegressionTest.php" tests="5" assertions="23" errors="0" failures="0" skipped="0" time="0.060635">
        <testcase name="test_show_returns_404_for_nonexistent_id" file="D:\meem-commerce\tests\Feature\FlashSales\FlashSaleRegressionTest.php" line="35" class="Tests\Feature\FlashSales\FlashSaleRegressionTest" classname="Tests.Feature.FlashSales.FlashSaleRegressionTest" assertions="1" time="0.006113"/>
        <testcase name="test_show_returns_404_for_nonexistent_slug" file="D:\meem-commerce\tests\Feature\FlashSales\FlashSaleRegressionTest.php" line="45" class="Tests\Feature\FlashSales\FlashSaleRegressionTest" classname="Tests.Feature.FlashSales.FlashSaleRegressionTest" assertions="1" time="0.005350"/>
        <testcase name="test_show_finds_by_slug" file="D:\meem-commerce\tests\Feature\FlashSales\FlashSaleRegressionTest.php" line="55" class="Tests\Feature\FlashSales\FlashSaleRegressionTest" classname="Tests.Feature.FlashSales.FlashSaleRegressionTest" assertions="2" time="0.036427"/>
        <testcase name="test_destroy_returns_404_for_nonexistent" file="D:\meem-commerce\tests\Feature\FlashSales\FlashSaleRegressionTest.php" line="75" class="Tests\Feature\FlashSales\FlashSaleRegressionTest" classname="Tests.Feature.FlashSales.FlashSaleRegressionTest" assertions="1" time="0.004529"/>
        <testcase name="test_show_returns_flash_sale_with_products" file="D:\meem-commerce\tests\Feature\FlashSales\FlashSaleRegressionTest.php" line="85" class="Tests\Feature\FlashSales\FlashSaleRegressionTest" classname="Tests.Feature.FlashSales.FlashSaleRegressionTest" assertions="18" time="0.008217"/>
      </testsuite>
      <testsuite name="Tests\Feature\FlashSales\FlashSaleReorderTest" file="D:\meem-commerce\tests\Feature\FlashSales\FlashSaleReorderTest.php" tests="3" assertions="4" errors="0" failures="0" skipped="0" time="0.027202">
        <testcase name="can_reorder_flash_sales" file="D:\meem-commerce\tests\Feature\FlashSales\FlashSaleReorderTest.php" line="71" class="Tests\Feature\FlashSales\FlashSaleReorderTest" classname="Tests.Feature.FlashSales.FlashSaleReorderTest" assertions="2" time="0.009965"/>
        <testcase name="reorder_updates_order_column" file="D:\meem-commerce\tests\Feature\FlashSales\FlashSaleReorderTest.php" line="86" class="Tests\Feature\FlashSales\FlashSaleReorderTest" classname="Tests.Feature.FlashSales.FlashSaleReorderTest" assertions="1" time="0.010218"/>
        <testcase name="reorder_validates_flash_sales_required" file="D:\meem-commerce\tests\Feature\FlashSales\FlashSaleReorderTest.php" line="102" class="Tests\Feature\FlashSales\FlashSaleReorderTest" classname="Tests.Feature.FlashSales.FlashSaleReorderTest" assertions="1" time="0.007020"/>
      </testsuite>
      <testsuite name="Tests\Feature\Media\MediaLifecycleTest" file="D:\meem-commerce\tests\Feature\Media\MediaLifecycleTest.php" tests="25" assertions="85" errors="0" failures="0" skipped="0" time="0.393264">
        <testcase name="all_affected_models_use_media_and_soft_deletes" file="D:\meem-commerce\tests\Feature\Media\MediaLifecycleTest.php" line="67" class="Tests\Feature\Media\MediaLifecycleTest" classname="Tests.Feature.Media.MediaLifecycleTest" assertions="18" time="0.000683"/>
        <testcase name="all_affected_models_are_registered_in_event_service_provider" file="D:\meem-commerce\tests\Feature\Media\MediaLifecycleTest.php" line="95" class="Tests\Feature\Media\MediaLifecycleTest" classname="Tests.Feature.Media.MediaLifecycleTest" assertions="9" time="0.000796"/>
        <testcase name="media_cleanup_observer_is_registered_for_all_affected_models" file="D:\meem-commerce\tests\Feature\Media\MediaLifecycleTest.php" line="123" class="Tests\Feature\Media\MediaLifecycleTest" classname="Tests.Feature.Media.MediaLifecycleTest" assertions="2" time="0.000829"/>
        <testcase name="media_cleanup_observer_preserves_media_on_soft_delete" file="D:\meem-commerce\tests\Feature\Media\MediaLifecycleTest.php" line="162" class="Tests\Feature\Media\MediaLifecycleTest" classname="Tests.Feature.Media.MediaLifecycleTest" assertions="1" time="0.009137"/>
        <testcase name="observer_does_not_interfere_with_non_soft_delete_deletion" file="D:\meem-commerce\tests\Feature\Media\MediaLifecycleTest.php" line="183" class="Tests\Feature\Media\MediaLifecycleTest" classname="Tests.Feature.Media.MediaLifecycleTest" assertions="1" time="0.009596"/>
        <testcase name="observer_preserves_media_across_consecutive_soft_deletes" file="D:\meem-commerce\tests\Feature\Media\MediaLifecycleTest.php" line="204" class="Tests\Feature\Media\MediaLifecycleTest" classname="Tests.Feature.Media.MediaLifecycleTest" assertions="1" time="0.017534"/>
        <testcase name="observer_keeps_original_media_when_recreating_model_after_soft_delete" file="D:\meem-commerce\tests\Feature\Media\MediaLifecycleTest.php" line="228" class="Tests\Feature\Media\MediaLifecycleTest" classname="Tests.Feature.Media.MediaLifecycleTest" assertions="2" time="0.015189"/>
        <testsuite name="Tests\Feature\Media\MediaLifecycleTest::test_model_implements_has_media" tests="3" assertions="3" errors="0" failures="0" skipped="0" time="0.006205">
          <testcase name="test_model_implements_has_media with data set &quot;Category&quot;" file="D:\meem-commerce\tests\Feature\Media\MediaLifecycleTest.php" line="253" class="Tests\Feature\Media\MediaLifecycleTest" classname="Tests.Feature.Media.MediaLifecycleTest" assertions="1" time="0.002748"/>
          <testcase name="test_model_implements_has_media with data set &quot;Brand&quot;" file="D:\meem-commerce\tests\Feature\Media\MediaLifecycleTest.php" line="253" class="Tests\Feature\Media\MediaLifecycleTest" classname="Tests.Feature.Media.MediaLifecycleTest" assertions="1" time="0.002478"/>
          <testcase name="test_model_implements_has_media with data set &quot;Banner&quot;" file="D:\meem-commerce\tests\Feature\Media\MediaLifecycleTest.php" line="253" class="Tests\Feature\Media\MediaLifecycleTest" classname="Tests.Feature.Media.MediaLifecycleTest" assertions="1" time="0.000979"/>
        </testsuite>
        <testsuite name="Tests\Feature\Media\MediaLifecycleTest::test_model_can_upload_media" tests="3" assertions="6" errors="0" failures="0" skipped="0" time="0.051622">
          <testcase name="test_model_can_upload_media with data set &quot;Category&quot;" file="D:\meem-commerce\tests\Feature\Media\MediaLifecycleTest.php" line="260" class="Tests\Feature\Media\MediaLifecycleTest" classname="Tests.Feature.Media.MediaLifecycleTest" assertions="2" time="0.016857"/>
          <testcase name="test_model_can_upload_media with data set &quot;Brand&quot;" file="D:\meem-commerce\tests\Feature\Media\MediaLifecycleTest.php" line="260" class="Tests\Feature\Media\MediaLifecycleTest" classname="Tests.Feature.Media.MediaLifecycleTest" assertions="2" time="0.018450"/>
          <testcase name="test_model_can_upload_media with data set &quot;Banner&quot;" file="D:\meem-commerce\tests\Feature\Media\MediaLifecycleTest.php" line="260" class="Tests\Feature\Media\MediaLifecycleTest" classname="Tests.Feature.Media.MediaLifecycleTest" assertions="2" time="0.016314"/>
        </testsuite>
        <testsuite name="Tests\Feature\Media\MediaLifecycleTest::test_soft_delete_removes_orphan_media" tests="3" assertions="9" errors="0" failures="0" skipped="0" time="0.051220">
          <testcase name="test_soft_delete_removes_orphan_media with data set &quot;Category&quot;" file="D:\meem-commerce\tests\Feature\Media\MediaLifecycleTest.php" line="284" class="Tests\Feature\Media\MediaLifecycleTest" classname="Tests.Feature.Media.MediaLifecycleTest" assertions="3" time="0.018151"/>
          <testcase name="test_soft_delete_removes_orphan_media with data set &quot;Brand&quot;" file="D:\meem-commerce\tests\Feature\Media\MediaLifecycleTest.php" line="284" class="Tests\Feature\Media\MediaLifecycleTest" classname="Tests.Feature.Media.MediaLifecycleTest" assertions="3" time="0.019301"/>
          <testcase name="test_soft_delete_removes_orphan_media with data set &quot;Banner&quot;" file="D:\meem-commerce\tests\Feature\Media\MediaLifecycleTest.php" line="284" class="Tests\Feature\Media\MediaLifecycleTest" classname="Tests.Feature.Media.MediaLifecycleTest" assertions="3" time="0.013768"/>
        </testsuite>
        <testsuite name="Tests\Feature\Media\MediaLifecycleTest::test_force_delete_removes_media" tests="3" assertions="9" errors="0" failures="0" skipped="0" time="0.067732">
          <testcase name="test_force_delete_removes_media with data set &quot;Category&quot;" file="D:\meem-commerce\tests\Feature\Media\MediaLifecycleTest.php" line="313" class="Tests\Feature\Media\MediaLifecycleTest" classname="Tests.Feature.Media.MediaLifecycleTest" assertions="3" time="0.022833"/>
          <testcase name="test_force_delete_removes_media with data set &quot;Brand&quot;" file="D:\meem-commerce\tests\Feature\Media\MediaLifecycleTest.php" line="313" class="Tests\Feature\Media\MediaLifecycleTest" classname="Tests.Feature.Media.MediaLifecycleTest" assertions="3" time="0.023186"/>
          <testcase name="test_force_delete_removes_media with data set &quot;Banner&quot;" file="D:\meem-commerce\tests\Feature\Media\MediaLifecycleTest.php" line="313" class="Tests\Feature\Media\MediaLifecycleTest" classname="Tests.Feature.Media.MediaLifecycleTest" assertions="3" time="0.021713"/>
        </testsuite>
        <testsuite name="Tests\Feature\Media\MediaLifecycleTest::test_multiple_media_files_all_removed_on_soft_delete" tests="3" assertions="15" errors="0" failures="0" skipped="0" time="0.055581">
          <testcase name="test_multiple_media_files_all_removed_on_soft_delete with data set &quot;Category&quot;" file="D:\meem-commerce\tests\Feature\Media\MediaLifecycleTest.php" line="335" class="Tests\Feature\Media\MediaLifecycleTest" classname="Tests.Feature.Media.MediaLifecycleTest" assertions="5" time="0.018237"/>
          <testcase name="test_multiple_media_files_all_removed_on_soft_delete with data set &quot;Brand&quot;" file="D:\meem-commerce\tests\Feature\Media\MediaLifecycleTest.php" line="335" class="Tests\Feature\Media\MediaLifecycleTest" classname="Tests.Feature.Media.MediaLifecycleTest" assertions="5" time="0.020207"/>
          <testcase name="test_multiple_media_files_all_removed_on_soft_delete with data set &quot;Banner&quot;" file="D:\meem-commerce\tests\Feature\Media\MediaLifecycleTest.php" line="335" class="Tests\Feature\Media\MediaLifecycleTest" classname="Tests.Feature.Media.MediaLifecycleTest" assertions="5" time="0.017137"/>
        </testsuite>
        <testsuite name="Tests\Feature\Media\MediaLifecycleTest::test_update_media_clears_old_and_adds_new" tests="3" assertions="9" errors="0" failures="0" skipped="0" time="0.107140">
          <testcase name="test_update_media_clears_old_and_adds_new with data set &quot;Category&quot;" file="D:\meem-commerce\tests\Feature\Media\MediaLifecycleTest.php" line="369" class="Tests\Feature\Media\MediaLifecycleTest" classname="Tests.Feature.Media.MediaLifecycleTest" assertions="3" time="0.037415"/>
          <testcase name="test_update_media_clears_old_and_adds_new with data set &quot;Brand&quot;" file="D:\meem-commerce\tests\Feature\Media\MediaLifecycleTest.php" line="369" class="Tests\Feature\Media\MediaLifecycleTest" classname="Tests.Feature.Media.MediaLifecycleTest" assertions="3" time="0.036663"/>
          <testcase name="test_update_media_clears_old_and_adds_new with data set &quot;Banner&quot;" file="D:\meem-commerce\tests\Feature\Media\MediaLifecycleTest.php" line="369" class="Tests\Feature\Media\MediaLifecycleTest" classname="Tests.Feature.Media.MediaLifecycleTest" assertions="3" time="0.033063"/>
        </testsuite>
      </testsuite>
      <testsuite name="Tests\Feature\NotificationTest" file="D:\meem-commerce\tests\Feature\NotificationTest.php" tests="38" assertions="177" errors="0" failures="0" skipped="0" time="1.006979">
        <testcase name="test_unauthenticated_user_cannot_access_notifications" file="D:\meem-commerce\tests\Feature\NotificationTest.php" line="256" class="Tests\Feature\NotificationTest" classname="Tests.Feature.NotificationTest" assertions="1" time="0.003588"/>
        <testcase name="test_unauthenticated_user_cannot_access_unread" file="D:\meem-commerce\tests\Feature\NotificationTest.php" line="262" class="Tests\Feature\NotificationTest" classname="Tests.Feature.NotificationTest" assertions="1" time="0.003217"/>
        <testcase name="test_unauthenticated_user_cannot_mark_as_read" file="D:\meem-commerce\tests\Feature\NotificationTest.php" line="268" class="Tests\Feature\NotificationTest" classname="Tests.Feature.NotificationTest" assertions="1" time="0.002195"/>
        <testcase name="test_unauthenticated_user_cannot_mark_all_as_read" file="D:\meem-commerce\tests\Feature\NotificationTest.php" line="274" class="Tests\Feature\NotificationTest" classname="Tests.Feature.NotificationTest" assertions="1" time="0.001977"/>
        <testcase name="test_unauthenticated_user_cannot_delete_notification" file="D:\meem-commerce\tests\Feature\NotificationTest.php" line="280" class="Tests\Feature\NotificationTest" classname="Tests.Feature.NotificationTest" assertions="1" time="0.002060"/>
        <testcase name="test_unauthenticated_user_cannot_delete_all_notifications" file="D:\meem-commerce\tests\Feature\NotificationTest.php" line="286" class="Tests\Feature\NotificationTest" classname="Tests.Feature.NotificationTest" assertions="1" time="0.002420"/>
        <testcase name="test_non_admin_cannot_access_notifications" file="D:\meem-commerce\tests\Feature\NotificationTest.php" line="294" class="Tests\Feature\NotificationTest" classname="Tests.Feature.NotificationTest" assertions="1" time="0.006365"/>
        <testcase name="test_non_admin_cannot_mark_as_read" file="D:\meem-commerce\tests\Feature\NotificationTest.php" line="303" class="Tests\Feature\NotificationTest" classname="Tests.Feature.NotificationTest" assertions="1" time="0.004714"/>
        <testcase name="test_non_admin_cannot_delete" file="D:\meem-commerce\tests\Feature\NotificationTest.php" line="312" class="Tests\Feature\NotificationTest" classname="Tests.Feature.NotificationTest" assertions="1" time="0.004652"/>
        <testcase name="test_admin_without_view_permission_cannot_fetch_notifications" file="D:\meem-commerce\tests\Feature\NotificationTest.php" line="323" class="Tests\Feature\NotificationTest" classname="Tests.Feature.NotificationTest" assertions="1" time="0.005470"/>
        <testcase name="test_admin_with_view_only_cannot_mark_as_read" file="D:\meem-commerce\tests\Feature\NotificationTest.php" line="340" class="Tests\Feature\NotificationTest" classname="Tests.Feature.NotificationTest" assertions="1" time="0.007660"/>
        <testcase name="test_admin_with_view_only_cannot_delete" file="D:\meem-commerce\tests\Feature\NotificationTest.php" line="350" class="Tests\Feature\NotificationTest" classname="Tests.Feature.NotificationTest" assertions="1" time="0.007065"/>
        <testcase name="test_admin_with_view_only_cannot_mark_all_as_read" file="D:\meem-commerce\tests\Feature\NotificationTest.php" line="360" class="Tests\Feature\NotificationTest" classname="Tests.Feature.NotificationTest" assertions="1" time="0.005907"/>
        <testcase name="test_admin_with_view_only_cannot_delete_all" file="D:\meem-commerce\tests\Feature\NotificationTest.php" line="369" class="Tests\Feature\NotificationTest" classname="Tests.Feature.NotificationTest" assertions="1" time="0.006071"/>
        <testcase name="test_admin_can_fetch_notifications" file="D:\meem-commerce\tests\Feature\NotificationTest.php" line="380" class="Tests\Feature\NotificationTest" classname="Tests.Feature.NotificationTest" assertions="36" time="0.016008"/>
        <testcase name="test_fetch_notifications_returns_empty_when_no_notifications" file="D:\meem-commerce\tests\Feature\NotificationTest.php" line="406" class="Tests\Feature\NotificationTest" classname="Tests.Feature.NotificationTest" assertions="4" time="0.014759"/>
        <testcase name="test_fetch_notifications_only_returns_own_notifications" file="D:\meem-commerce\tests\Feature\NotificationTest.php" line="419" class="Tests\Feature\NotificationTest" classname="Tests.Feature.NotificationTest" assertions="2" time="0.018760"/>
        <testcase name="test_fetch_notifications_supports_pagination" file="D:\meem-commerce\tests\Feature\NotificationTest.php" line="437" class="Tests\Feature\NotificationTest" classname="Tests.Feature.NotificationTest" assertions="5" time="0.016311"/>
        <testcase name="test_admin_can_fetch_unread_notifications" file="D:\meem-commerce\tests\Feature\NotificationTest.php" line="457" class="Tests\Feature\NotificationTest" classname="Tests.Feature.NotificationTest" assertions="3" time="0.016422"/>
        <testcase name="test_fetch_unread_returns_empty_when_all_read" file="D:\meem-commerce\tests\Feature\NotificationTest.php" line="473" class="Tests\Feature\NotificationTest" classname="Tests.Feature.NotificationTest" assertions="3" time="0.018471"/>
        <testcase name="test_admin_can_mark_notification_as_read" file="D:\meem-commerce\tests\Feature\NotificationTest.php" line="490" class="Tests\Feature\NotificationTest" classname="Tests.Feature.NotificationTest" assertions="5" time="0.018544"/>
        <testcase name="test_mark_as_read_is_idempotent" file="D:\meem-commerce\tests\Feature\NotificationTest.php" line="506" class="Tests\Feature\NotificationTest" classname="Tests.Feature.NotificationTest" assertions="2" time="0.014990"/>
        <testcase name="test_mark_as_read_returns_404_for_nonexistent_notification" file="D:\meem-commerce\tests\Feature\NotificationTest.php" line="519" class="Tests\Feature\NotificationTest" classname="Tests.Feature.NotificationTest" assertions="1" time="0.015399"/>
        <testcase name="test_admin_can_mark_all_notifications_as_read" file="D:\meem-commerce\tests\Feature\NotificationTest.php" line="531" class="Tests\Feature\NotificationTest" classname="Tests.Feature.NotificationTest" assertions="4" time="0.014552"/>
        <testcase name="test_mark_all_as_read_when_none_unread" file="D:\meem-commerce\tests\Feature\NotificationTest.php" line="550" class="Tests\Feature\NotificationTest" classname="Tests.Feature.NotificationTest" assertions="2" time="0.014948"/>
        <testcase name="test_admin_can_delete_single_notification" file="D:\meem-commerce\tests\Feature\NotificationTest.php" line="565" class="Tests\Feature\NotificationTest" classname="Tests.Feature.NotificationTest" assertions="3" time="0.014006"/>
        <testcase name="test_delete_returns_404_for_nonexistent_notification" file="D:\meem-commerce\tests\Feature\NotificationTest.php" line="580" class="Tests\Feature\NotificationTest" classname="Tests.Feature.NotificationTest" assertions="1" time="0.013072"/>
        <testcase name="test_admin_can_delete_all_notifications" file="D:\meem-commerce\tests\Feature\NotificationTest.php" line="592" class="Tests\Feature\NotificationTest" classname="Tests.Feature.NotificationTest" assertions="4" time="0.015784"/>
        <testcase name="test_delete_all_when_no_notifications" file="D:\meem-commerce\tests\Feature\NotificationTest.php" line="610" class="Tests\Feature\NotificationTest" classname="Tests.Feature.NotificationTest" assertions="2" time="0.013891"/>
        <testcase name="test_delete_all_only_deletes_own_notifications" file="D:\meem-commerce\tests\Feature\NotificationTest.php" line="621" class="Tests\Feature\NotificationTest" classname="Tests.Feature.NotificationTest" assertions="4" time="0.035701"/>
        <testcase name="test_order_created_event_creates_notification_for_admins" file="D:\meem-commerce\tests\Feature\NotificationTest.php" line="645" class="Tests\Feature\NotificationTest" classname="Tests.Feature.NotificationTest" assertions="4" time="0.236196"/>
        <testcase name="test_contact_message_event_creates_notification_for_admins" file="D:\meem-commerce\tests\Feature\NotificationTest.php" line="664" class="Tests\Feature\NotificationTest" classname="Tests.Feature.NotificationTest" assertions="4" time="0.146752"/>
        <testcase name="test_admin_login_event_creates_notification_for_admins" file="D:\meem-commerce\tests\Feature\NotificationTest.php" line="684" class="Tests\Feature\NotificationTest" classname="Tests.Feature.NotificationTest" assertions="4" time="0.217197"/>
        <testcase name="test_notification_response_structure" file="D:\meem-commerce\tests\Feature\NotificationTest.php" line="699" class="Tests\Feature\NotificationTest" classname="Tests.Feature.NotificationTest" assertions="24" time="0.014904"/>
        <testcase name="test_unread_response_structure" file="D:\meem-commerce\tests\Feature\NotificationTest.php" line="740" class="Tests\Feature\NotificationTest" classname="Tests.Feature.NotificationTest" assertions="19" time="0.014747"/>
        <testcase name="test_mark_as_read_response_structure" file="D:\meem-commerce\tests\Feature\NotificationTest.php" line="776" class="Tests\Feature\NotificationTest" classname="Tests.Feature.NotificationTest" assertions="15" time="0.014134"/>
        <testcase name="test_mark_all_as_read_response_structure" file="D:\meem-commerce\tests\Feature\NotificationTest.php" line="805" class="Tests\Feature\NotificationTest" classname="Tests.Feature.NotificationTest" assertions="6" time="0.014620"/>
        <testcase name="test_delete_all_response_structure" file="D:\meem-commerce\tests\Feature\NotificationTest.php" line="825" class="Tests\Feature\NotificationTest" classname="Tests.Feature.NotificationTest" assertions="6" time="0.013451"/>
      </testsuite>
      <testsuite name="Tests\Feature\NotifyLogsTest" file="D:\meem-commerce\tests\Feature\NotifyLogsTest.php" tests="20" assertions="57" errors="0" failures="0" skipped="0" time="0.143560">
        <testcase name="test_unauthenticated_user_cannot_access_index" file="D:\meem-commerce\tests\Feature\NotifyLogsTest.php" line="163" class="Tests\Feature\NotifyLogsTest" classname="Tests.Feature.NotifyLogsTest" assertions="1" time="0.004969"/>
        <testcase name="test_unauthenticated_user_cannot_access_show" file="D:\meem-commerce\tests\Feature\NotifyLogsTest.php" line="169" class="Tests\Feature\NotifyLogsTest" classname="Tests.Feature.NotifyLogsTest" assertions="1" time="0.004189"/>
        <testcase name="test_unauthenticated_user_cannot_read_notify_log" file="D:\meem-commerce\tests\Feature\NotifyLogsTest.php" line="175" class="Tests\Feature\NotifyLogsTest" classname="Tests.Feature.NotifyLogsTest" assertions="1" time="0.002784"/>
        <testcase name="test_unauthenticated_user_cannot_read_all_notify_logs" file="D:\meem-commerce\tests\Feature\NotifyLogsTest.php" line="181" class="Tests\Feature\NotifyLogsTest" classname="Tests.Feature.NotifyLogsTest" assertions="1" time="0.002861"/>
        <testcase name="test_index_returns_own_notifications" file="D:\meem-commerce\tests\Feature\NotifyLogsTest.php" line="189" class="Tests\Feature\NotifyLogsTest" classname="Tests.Feature.NotifyLogsTest" assertions="3" time="0.011698"/>
        <testcase name="test_index_returns_empty_when_no_notifications" file="D:\meem-commerce\tests\Feature\NotifyLogsTest.php" line="208" class="Tests\Feature\NotifyLogsTest" classname="Tests.Feature.NotifyLogsTest" assertions="3" time="0.006797"/>
        <testcase name="test_index_filters_by_notify_type" file="D:\meem-commerce\tests\Feature\NotifyLogsTest.php" line="220" class="Tests\Feature\NotifyLogsTest" classname="Tests.Feature.NotifyLogsTest" assertions="2" time="0.009239"/>
        <testcase name="test_index_does_not_expose_sensitive_data" file="D:\meem-commerce\tests\Feature\NotifyLogsTest.php" line="237" class="Tests\Feature\NotifyLogsTest" classname="Tests.Feature.NotifyLogsTest" assertions="7" time="0.008411"/>
        <testcase name="test_show_returns_own_notification" file="D:\meem-commerce\tests\Feature\NotifyLogsTest.php" line="264" class="Tests\Feature\NotifyLogsTest" classname="Tests.Feature.NotifyLogsTest" assertions="4" time="0.008634"/>
        <testcase name="test_show_returns_404_for_nonexistent_notification" file="D:\meem-commerce\tests\Feature\NotifyLogsTest.php" line="281" class="Tests\Feature\NotifyLogsTest" classname="Tests.Feature.NotifyLogsTest" assertions="1" time="0.006250"/>
        <testcase name="test_user_cannot_view_another_users_notification" file="D:\meem-commerce\tests\Feature\NotifyLogsTest.php" line="293" class="Tests\Feature\NotifyLogsTest" classname="Tests.Feature.NotifyLogsTest" assertions="1" time="0.010083"/>
        <testcase name="test_user_can_mark_own_notification_as_read" file="D:\meem-commerce\tests\Feature\NotifyLogsTest.php" line="310" class="Tests\Feature\NotifyLogsTest" classname="Tests.Feature.NotifyLogsTest" assertions="4" time="0.007836"/>
        <testcase name="test_read_requires_id" file="D:\meem-commerce\tests\Feature\NotifyLogsTest.php" line="328" class="Tests\Feature\NotifyLogsTest" classname="Tests.Feature.NotifyLogsTest" assertions="1" time="0.005725"/>
        <testcase name="test_user_cannot_mark_another_users_notification_as_read" file="D:\meem-commerce\tests\Feature\NotifyLogsTest.php" line="340" class="Tests\Feature\NotifyLogsTest" classname="Tests.Feature.NotifyLogsTest" assertions="2" time="0.009113"/>
        <testcase name="test_user_can_mark_all_own_notifications_as_read" file="D:\meem-commerce\tests\Feature\NotifyLogsTest.php" line="359" class="Tests\Feature\NotifyLogsTest" classname="Tests.Feature.NotifyLogsTest" assertions="3" time="0.009032"/>
        <testcase name="test_user_can_mark_all_own_notifications_as_read_filtered_by_type" file="D:\meem-commerce\tests\Feature\NotifyLogsTest.php" line="380" class="Tests\Feature\NotifyLogsTest" classname="Tests.Feature.NotifyLogsTest" assertions="4" time="0.007851"/>
        <testcase name="test_user_cannot_mark_another_users_notifications_as_read_through_receiver_injection" file="D:\meem-commerce\tests\Feature\NotifyLogsTest.php" line="405" class="Tests\Feature\NotifyLogsTest" classname="Tests.Feature.NotifyLogsTest" assertions="2" time="0.007742"/>
        <testcase name="test_non_admin_destroy_does_not_delete_notify_log" file="D:\meem-commerce\tests\Feature\NotifyLogsTest.php" line="428" class="Tests\Feature\NotifyLogsTest" classname="Tests.Feature.NotifyLogsTest" assertions="1" time="0.005669"/>
        <testcase name="test_super_admin_can_destroy_notify_log" file="D:\meem-commerce\tests\Feature\NotifyLogsTest.php" line="440" class="Tests\Feature\NotifyLogsTest" classname="Tests.Feature.NotifyLogsTest" assertions="2" time="0.006208"/>
        <testcase name="test_notify_log_response_structure" file="D:\meem-commerce\tests\Feature\NotifyLogsTest.php" line="456" class="Tests\Feature\NotifyLogsTest" classname="Tests.Feature.NotifyLogsTest" assertions="13" time="0.008471"/>
      </testsuite>
      <testsuite name="Tests\Feature\OrderCreationFlowTest" file="D:\meem-commerce\tests\Feature\OrderCreationFlowTest.php" tests="17" assertions="57" errors="0" failures="0" skipped="0" time="0.116344">
        <testcase name="order_item_stores_correct_flash_sale_price_for_percentage_type" file="D:\meem-commerce\tests\Feature\OrderCreationFlowTest.php" line="309" class="Tests\Feature\OrderCreationFlowTest" classname="Tests.Feature.OrderCreationFlowTest" assertions="3" time="0.007084"/>
        <testcase name="order_item_stores_correct_flash_sale_price_for_fixed_rate_type" file="D:\meem-commerce\tests\Feature\OrderCreationFlowTest.php" line="333" class="Tests\Feature\OrderCreationFlowTest" classname="Tests.Feature.OrderCreationFlowTest" assertions="3" time="0.007140"/>
        <testcase name="order_item_stores_correct_flash_sale_price_for_final_price_type" file="D:\meem-commerce\tests\Feature\OrderCreationFlowTest.php" line="357" class="Tests\Feature\OrderCreationFlowTest" classname="Tests.Feature.OrderCreationFlowTest" assertions="3" time="0.008567"/>
        <testcase name="order_item_flash_sale_price_is_null_when_product_has_no_flash_sale" file="D:\meem-commerce\tests\Feature\OrderCreationFlowTest.php" line="381" class="Tests\Feature\OrderCreationFlowTest" classname="Tests.Feature.OrderCreationFlowTest" assertions="3" time="0.005900"/>
        <testcase name="order_item_flash_sale_price_is_null_when_product_has_flash_sale_but_none_active" file="D:\meem-commerce\tests\Feature\OrderCreationFlowTest.php" line="401" class="Tests\Feature\OrderCreationFlowTest" classname="Tests.Feature.OrderCreationFlowTest" assertions="3" time="0.007282"/>
        <testcase name="order_item_stores_correct_discount_price_for_percentage_type" file="D:\meem-commerce\tests\Feature\OrderCreationFlowTest.php" line="427" class="Tests\Feature\OrderCreationFlowTest" classname="Tests.Feature.OrderCreationFlowTest" assertions="3" time="0.006442"/>
        <testcase name="order_item_stores_correct_discount_price_for_fixed_rate_type" file="D:\meem-commerce\tests\Feature\OrderCreationFlowTest.php" line="449" class="Tests\Feature\OrderCreationFlowTest" classname="Tests.Feature.OrderCreationFlowTest" assertions="3" time="0.006138"/>
        <testcase name="order_item_discount_price_is_null_when_product_has_no_discount" file="D:\meem-commerce\tests\Feature\OrderCreationFlowTest.php" line="471" class="Tests\Feature\OrderCreationFlowTest" classname="Tests.Feature.OrderCreationFlowTest" assertions="3" time="0.005755"/>
        <testcase name="order_item_discount_price_uses_computed_price_not_raw_amount" file="D:\meem-commerce\tests\Feature\OrderCreationFlowTest.php" line="491" class="Tests\Feature\OrderCreationFlowTest" classname="Tests.Feature.OrderCreationFlowTest" assertions="4" time="0.005823"/>
        <testcase name="variant_flash_sale_price_uses_variant_price_not_product_price_for_percentage" file="D:\meem-commerce\tests\Feature\OrderCreationFlowTest.php" line="518" class="Tests\Feature\OrderCreationFlowTest" classname="Tests.Feature.OrderCreationFlowTest" assertions="4" time="0.008330"/>
        <testcase name="variant_flash_sale_price_uses_variant_price_for_fixed_rate" file="D:\meem-commerce\tests\Feature\OrderCreationFlowTest.php" line="547" class="Tests\Feature\OrderCreationFlowTest" classname="Tests.Feature.OrderCreationFlowTest" assertions="4" time="0.007995"/>
        <testcase name="variant_flash_sale_price_uses_variant_price_for_final_price" file="D:\meem-commerce\tests\Feature\OrderCreationFlowTest.php" line="576" class="Tests\Feature\OrderCreationFlowTest" classname="Tests.Feature.OrderCreationFlowTest" assertions="3" time="0.007475"/>
        <testcase name="variant_discount_price_uses_variant_price_for_percentage" file="D:\meem-commerce\tests\Feature\OrderCreationFlowTest.php" line="604" class="Tests\Feature\OrderCreationFlowTest" classname="Tests.Feature.OrderCreationFlowTest" assertions="4" time="0.005952"/>
        <testcase name="variant_discount_price_uses_variant_price_for_fixed" file="D:\meem-commerce\tests\Feature\OrderCreationFlowTest.php" line="631" class="Tests\Feature\OrderCreationFlowTest" classname="Tests.Feature.OrderCreationFlowTest" assertions="4" time="0.006080"/>
        <testcase name="product_without_variant_still_uses_product_price" file="D:\meem-commerce\tests\Feature\OrderCreationFlowTest.php" line="658" class="Tests\Feature\OrderCreationFlowTest" classname="Tests.Feature.OrderCreationFlowTest" assertions="4" time="0.006922"/>
        <testcase name="variant_without_price_falls_back_to_product_price" file="D:\meem-commerce\tests\Feature\OrderCreationFlowTest.php" line="689" class="Tests\Feature\OrderCreationFlowTest" classname="Tests.Feature.OrderCreationFlowTest" assertions="3" time="0.006397"/>
        <testcase name="variant_product_price_remains_effective_unit_price" file="D:\meem-commerce\tests\Feature\OrderCreationFlowTest.php" line="714" class="Tests\Feature\OrderCreationFlowTest" classname="Tests.Feature.OrderCreationFlowTest" assertions="3" time="0.007062"/>
      </testsuite>
      <testsuite name="Tests\Feature\OrdersProductionHardenTest" file="D:\meem-commerce\tests\Feature\OrdersProductionHardenTest.php" tests="38" assertions="83" errors="0" failures="0" skipped="0" time="2.496398">
        <testcase name="guest_cannot_checkout" file="D:\meem-commerce\tests\Feature\OrdersProductionHardenTest.php" line="529" class="Tests\Feature\OrdersProductionHardenTest" classname="Tests.Feature.OrdersProductionHardenTest" assertions="1" time="0.001871"/>
        <testcase name="guest_cannot_access_promotions" file="D:\meem-commerce\tests\Feature\OrdersProductionHardenTest.php" line="536" class="Tests\Feature\OrdersProductionHardenTest" classname="Tests.Feature.OrdersProductionHardenTest" assertions="1" time="0.002517"/>
        <testcase name="checkout_creates_order_with_correct_totals" file="D:\meem-commerce\tests\Feature\OrdersProductionHardenTest.php" line="545" class="Tests\Feature\OrdersProductionHardenTest" classname="Tests.Feature.OrdersProductionHardenTest" assertions="9" time="0.179102"/>
        <testcase name="checkout_creates_transaction_for_cod" file="D:\meem-commerce\tests\Feature\OrdersProductionHardenTest.php" line="575" class="Tests\Feature\OrdersProductionHardenTest" classname="Tests.Feature.OrdersProductionHardenTest" assertions="5" time="0.172780"/>
        <testcase name="checkout_creates_order_items_with_price_snapshot" file="D:\meem-commerce\tests\Feature\OrdersProductionHardenTest.php" line="601" class="Tests\Feature\OrdersProductionHardenTest" classname="Tests.Feature.OrdersProductionHardenTest" assertions="3" time="0.155234"/>
        <testcase name="checkout_rejects_empty_cart" file="D:\meem-commerce\tests\Feature\OrdersProductionHardenTest.php" line="625" class="Tests\Feature\OrdersProductionHardenTest" classname="Tests.Feature.OrdersProductionHardenTest" assertions="1" time="0.007190"/>
        <testcase name="checkout_rejects_invalid_payment_method" file="D:\meem-commerce\tests\Feature\OrdersProductionHardenTest.php" line="643" class="Tests\Feature\OrdersProductionHardenTest" classname="Tests.Feature.OrdersProductionHardenTest" assertions="1" time="0.005259"/>
        <testcase name="checkout_rejects_cod_with_pickup" file="D:\meem-commerce\tests\Feature\OrdersProductionHardenTest.php" line="662" class="Tests\Feature\OrdersProductionHardenTest" classname="Tests.Feature.OrdersProductionHardenTest" assertions="1" time="0.022235"/>
        <testcase name="pending_to_completed_transition_succeeds" file="D:\meem-commerce\tests\Feature\OrdersProductionHardenTest.php" line="682" class="Tests\Feature\OrdersProductionHardenTest" classname="Tests.Feature.OrdersProductionHardenTest" assertions="4" time="0.003992"/>
        <testcase name="pending_to_cancelled_transition_succeeds" file="D:\meem-commerce\tests\Feature\OrdersProductionHardenTest.php" line="715" class="Tests\Feature\OrdersProductionHardenTest" classname="Tests.Feature.OrdersProductionHardenTest" assertions="3" time="0.005940"/>
        <testcase name="completed_to_cancelled_transition_rejected" file="D:\meem-commerce\tests\Feature\OrdersProductionHardenTest.php" line="745" class="Tests\Feature\OrdersProductionHardenTest" classname="Tests.Feature.OrdersProductionHardenTest" assertions="1" time="0.001831"/>
        <testcase name="cancelled_to_completed_transition_rejected" file="D:\meem-commerce\tests\Feature\OrdersProductionHardenTest.php" line="762" class="Tests\Feature\OrdersProductionHardenTest" classname="Tests.Feature.OrdersProductionHardenTest" assertions="1" time="0.001623"/>
        <testcase name="pending_to_delivered_transition_rejected" file="D:\meem-commerce\tests\Feature\OrdersProductionHardenTest.php" line="779" class="Tests\Feature\OrdersProductionHardenTest" classname="Tests.Feature.OrdersProductionHardenTest" assertions="1" time="0.001585"/>
        <testcase name="callback_missing_payment_id_returns_400" file="D:\meem-commerce\tests\Feature\OrdersProductionHardenTest.php" line="798" class="Tests\Feature\OrdersProductionHardenTest" classname="Tests.Feature.OrdersProductionHardenTest" assertions="1" time="0.004893"/>
        <testcase name="checkout_with_valid_coupon_applies_discount" file="D:\meem-commerce\tests\Feature\OrdersProductionHardenTest.php" line="820" class="Tests\Feature\OrdersProductionHardenTest" classname="Tests.Feature.OrdersProductionHardenTest" assertions="3" time="0.165359"/>
        <testcase name="checkout_with_expired_coupon_ignores_it" file="D:\meem-commerce\tests\Feature\OrdersProductionHardenTest.php" line="856" class="Tests\Feature\OrdersProductionHardenTest" classname="Tests.Feature.OrdersProductionHardenTest" assertions="3" time="0.171043"/>
        <testcase name="checkout_with_free_shipping_coupon_sets_shipping_to_zero" file="D:\meem-commerce\tests\Feature\OrdersProductionHardenTest.php" line="892" class="Tests\Feature\OrdersProductionHardenTest" classname="Tests.Feature.OrdersProductionHardenTest" assertions="4" time="0.159701"/>
        <testcase name="checkout_with_percentage_promotion_applies_discount" file="D:\meem-commerce\tests\Feature\OrdersProductionHardenTest.php" line="931" class="Tests\Feature\OrdersProductionHardenTest" classname="Tests.Feature.OrdersProductionHardenTest" assertions="3" time="0.175884"/>
        <testcase name="checkout_does_not_finalize_inventory" file="D:\meem-commerce\tests\Feature\OrdersProductionHardenTest.php" line="975" class="Tests\Feature\OrdersProductionHardenTest" classname="Tests.Feature.OrdersProductionHardenTest" assertions="3" time="0.158133"/>
        <testcase name="inventory_not_affected_if_checkout_fails" file="D:\meem-commerce\tests\Feature\OrdersProductionHardenTest.php" line="1003" class="Tests\Feature\OrdersProductionHardenTest" classname="Tests.Feature.OrdersProductionHardenTest" assertions="1" time="0.003765"/>
        <testcase name="cancelled_order_restores_inventory" file="D:\meem-commerce\tests\Feature\OrdersProductionHardenTest.php" line="1024" class="Tests\Feature\OrdersProductionHardenTest" classname="Tests.Feature.OrdersProductionHardenTest" assertions="3" time="0.177662"/>
        <testcase name="order_created_event_dispatched_on_checkout" file="D:\meem-commerce\tests\Feature\OrdersProductionHardenTest.php" line="1067" class="Tests\Feature\OrdersProductionHardenTest" classname="Tests.Feature.OrdersProductionHardenTest" assertions="1" time="0.016925"/>
        <testcase name="order_status_changed_event_dispatched" file="D:\meem-commerce\tests\Feature\OrdersProductionHardenTest.php" line="1090" class="Tests\Feature\OrdersProductionHardenTest" classname="Tests.Feature.OrdersProductionHardenTest" assertions="1" time="0.002265"/>
        <testcase name="order_cancelled_event_dispatched" file="D:\meem-commerce\tests\Feature\OrdersProductionHardenTest.php" line="1120" class="Tests\Feature\OrdersProductionHardenTest" classname="Tests.Feature.OrdersProductionHardenTest" assertions="1" time="0.002260"/>
        <testcase name="mark_cod_as_paid_succeeds" file="D:\meem-commerce\tests\Feature\OrdersProductionHardenTest.php" line="1152" class="Tests\Feature\OrdersProductionHardenTest" classname="Tests.Feature.OrdersProductionHardenTest" assertions="4" time="0.002800"/>
        <testcase name="mark_cod_as_paid_rejects_when_no_pending_transaction" file="D:\meem-commerce\tests\Feature\OrdersProductionHardenTest.php" line="1188" class="Tests\Feature\OrdersProductionHardenTest" classname="Tests.Feature.OrdersProductionHardenTest" assertions="1" time="0.001340"/>
        <testcase name="mark_cod_as_paid_rejects_already_paid_transaction" file="D:\meem-commerce\tests\Feature\OrdersProductionHardenTest.php" line="1205" class="Tests\Feature\OrdersProductionHardenTest" classname="Tests.Feature.OrdersProductionHardenTest" assertions="1" time="0.001609"/>
        <testcase name="transaction_auto_generates_uuid" file="D:\meem-commerce\tests\Feature\OrdersProductionHardenTest.php" line="1235" class="Tests\Feature\OrdersProductionHardenTest" classname="Tests.Feature.OrdersProductionHardenTest" assertions="2" time="0.001129"/>
        <testcase name="transaction_uuid_is_unique" file="D:\meem-commerce\tests\Feature\OrdersProductionHardenTest.php" line="1259" class="Tests\Feature\OrdersProductionHardenTest" classname="Tests.Feature.OrdersProductionHardenTest" assertions="1" time="0.001305"/>
        <testcase name="duplicate_checkout_request_returns_error" file="D:\meem-commerce\tests\Feature\OrdersProductionHardenTest.php" line="1293" class="Tests\Feature\OrdersProductionHardenTest" classname="Tests.Feature.OrdersProductionHardenTest" assertions="3" time="0.180198"/>
        <testcase name="order_items_preserve_discount_snapshots" file="D:\meem-commerce\tests\Feature\OrdersProductionHardenTest.php" line="1323" class="Tests\Feature\OrdersProductionHardenTest" classname="Tests.Feature.OrdersProductionHardenTest" assertions="4" time="0.179721"/>
        <testcase name="order_price_snapshot_immutable_after_product_price_change" file="D:\meem-commerce\tests\Feature\OrdersProductionHardenTest.php" line="1348" class="Tests\Feature\OrdersProductionHardenTest" classname="Tests.Feature.OrdersProductionHardenTest" assertions="2" time="0.157243"/>
        <testcase name="customer_cannot_access_another_customers_order" file="D:\meem-commerce\tests\Feature\OrdersProductionHardenTest.php" line="1376" class="Tests\Feature\OrdersProductionHardenTest" classname="Tests.Feature.OrdersProductionHardenTest" assertions="1" time="0.002449"/>
        <testcase name="free_shipping_threshold_applied" file="D:\meem-commerce\tests\Feature\OrdersProductionHardenTest.php" line="1405" class="Tests\Feature\OrdersProductionHardenTest" classname="Tests.Feature.OrdersProductionHardenTest" assertions="3" time="0.175885"/>
        <testcase name="promotion_usage_increments_on_order" file="D:\meem-commerce\tests\Feature\OrdersProductionHardenTest.php" line="1429" class="Tests\Feature\OrdersProductionHardenTest" classname="Tests.Feature.OrdersProductionHardenTest" assertions="2" time="0.178477"/>
        <testcase name="mark_paid_requires_update_order_status_permission" file="D:\meem-commerce\tests\Feature\OrdersProductionHardenTest.php" line="1473" class="Tests\Feature\OrdersProductionHardenTest" classname="Tests.Feature.OrdersProductionHardenTest" assertions="1" time="0.004016"/>
        <testcase name="mark_paid_succeeds_for_admin_with_permission" file="D:\meem-commerce\tests\Feature\OrdersProductionHardenTest.php" line="1489" class="Tests\Feature\OrdersProductionHardenTest" classname="Tests.Feature.OrdersProductionHardenTest" assertions="1" time="0.007339"/>
        <testcase name="mark_paid_returns_404_for_nonexistent_order" file="D:\meem-commerce\tests\Feature\OrdersProductionHardenTest.php" line="1517" class="Tests\Feature\OrdersProductionHardenTest" classname="Tests.Feature.OrdersProductionHardenTest" assertions="1" time="0.003838"/>
      </testsuite>
      <testsuite name="Tests\Feature\PaymentCheckoutTest" file="D:\meem-commerce\tests\Feature\PaymentCheckoutTest.php" tests="33" assertions="76" errors="0" failures="2" skipped="0" time="0.931008">
        <testcase name="scheduled_checkout_without_payment_fields_defaults_to_online_myfatoorah" file="D:\meem-commerce\tests\Feature\PaymentCheckoutTest.php" line="577" class="Tests\Feature\PaymentCheckoutTest" classname="Tests.Feature.PaymentCheckoutTest" assertions="1" time="0.614286">
          <failure type="PHPUnit\Framework\ExpectationFailedException">Tests\Feature\PaymentCheckoutTest::scheduled_checkout_without_payment_fields_defaults_to_online_myfatoorah&#13;
Expected response status code [200] but received 500.
Failed asserting that 200 is identical to 500.
&#13;
D:\meem-commerce\vendor\laravel\framework\src\Illuminate\Testing\TestResponse.php:146
D:\meem-commerce\tests\Feature\PaymentCheckoutTest.php:589
D:\meem-commerce\vendor\laravel\framework\src\Illuminate\Foundation\Testing\TestCase.php:174</failure>
        </testcase>
        <testcase name="scheduled_checkout_with_cod_returns_order_id" file="D:\meem-commerce\tests\Feature\PaymentCheckoutTest.php" line="615" class="Tests\Feature\PaymentCheckoutTest" classname="Tests.Feature.PaymentCheckoutTest" assertions="7" time="0.020272"/>
        <testcase name="scheduled_checkout_with_cod_has_no_url_in_response" file="D:\meem-commerce\tests\Feature\PaymentCheckoutTest.php" line="652" class="Tests\Feature\PaymentCheckoutTest" classname="Tests.Feature.PaymentCheckoutTest" assertions="3" time="0.018037"/>
        <testcase name="scheduled_checkout_with_pay_at_cashier_requires_pickup_location" file="D:\meem-commerce\tests\Feature\PaymentCheckoutTest.php" line="674" class="Tests\Feature\PaymentCheckoutTest" classname="Tests.Feature.PaymentCheckoutTest" assertions="10" time="0.035512"/>
        <testcase name="cod_with_pickup_is_rejected" file="D:\meem-commerce\tests\Feature\PaymentCheckoutTest.php" line="709" class="Tests\Feature\PaymentCheckoutTest" classname="Tests.Feature.PaymentCheckoutTest" assertions="2" time="0.017518"/>
        <testcase name="fast_checkout_cod_with_pickup_is_rejected" file="D:\meem-commerce\tests\Feature\PaymentCheckoutTest.php" line="730" class="Tests\Feature\PaymentCheckoutTest" classname="Tests.Feature.PaymentCheckoutTest" assertions="2" time="0.015488"/>
        <testcase name="fast_checkout_with_cod_returns_order_id" file="D:\meem-commerce\tests\Feature\PaymentCheckoutTest.php" line="777" class="Tests\Feature\PaymentCheckoutTest" classname="Tests.Feature.PaymentCheckoutTest" assertions="1" time="0.030304">
          <failure type="PHPUnit\Framework\ExpectationFailedException">Tests\Feature\PaymentCheckoutTest::fast_checkout_with_cod_returns_order_id&#13;
Expected response status code [200] but received 422.
Failed asserting that 200 is identical to 422.
&#13;
D:\meem-commerce\vendor\laravel\framework\src\Illuminate\Testing\TestResponse.php:146
D:\meem-commerce\tests\Feature\PaymentCheckoutTest.php:813
D:\meem-commerce\vendor\laravel\framework\src\Illuminate\Foundation\Testing\TestCase.php:174</failure>
        </testcase>
        <testcase name="transaction_auto_generates_uuid_on_creation" file="D:\meem-commerce\tests\Feature\PaymentCheckoutTest.php" line="832" class="Tests\Feature\PaymentCheckoutTest" classname="Tests.Feature.PaymentCheckoutTest" assertions="2" time="0.001085"/>
        <testcase name="transaction_uuid_is_unique" file="D:\meem-commerce\tests\Feature\PaymentCheckoutTest.php" line="854" class="Tests\Feature\PaymentCheckoutTest" classname="Tests.Feature.PaymentCheckoutTest" assertions="1" time="0.001262"/>
        <testcase name="transaction_pending_scope_filters_correctly" file="D:\meem-commerce\tests\Feature\PaymentCheckoutTest.php" line="885" class="Tests\Feature\PaymentCheckoutTest" classname="Tests.Feature.PaymentCheckoutTest" assertions="2" time="0.001552"/>
        <testcase name="transaction_by_uuid_scope_works" file="D:\meem-commerce\tests\Feature\PaymentCheckoutTest.php" line="902" class="Tests\Feature\PaymentCheckoutTest" classname="Tests.Feature.PaymentCheckoutTest" assertions="2" time="0.001199"/>
        <testcase name="order_payment_status_returns_pending_for_cod_with_pending_transaction" file="D:\meem-commerce\tests\Feature\PaymentCheckoutTest.php" line="926" class="Tests\Feature\PaymentCheckoutTest" classname="Tests.Feature.PaymentCheckoutTest" assertions="1" time="0.001207"/>
        <testcase name="order_payment_status_returns_success_for_cod_with_paid_transaction" file="D:\meem-commerce\tests\Feature\PaymentCheckoutTest.php" line="947" class="Tests\Feature\PaymentCheckoutTest" classname="Tests.Feature.PaymentCheckoutTest" assertions="1" time="0.001199"/>
        <testcase name="order_belongs_to_pickup_location" file="D:\meem-commerce\tests\Feature\PaymentCheckoutTest.php" line="971" class="Tests\Feature\PaymentCheckoutTest" classname="Tests.Feature.PaymentCheckoutTest" assertions="2" time="0.002148"/>
        <testcase name="order_delivery_and_pickup_scopes_work" file="D:\meem-commerce\tests\Feature\PaymentCheckoutTest.php" line="990" class="Tests\Feature\PaymentCheckoutTest" classname="Tests.Feature.PaymentCheckoutTest" assertions="2" time="0.001404"/>
        <testcase name="checkout_requires_authentication" file="D:\meem-commerce\tests\Feature\PaymentCheckoutTest.php" line="1003" class="Tests\Feature\PaymentCheckoutTest" classname="Tests.Feature.PaymentCheckoutTest" assertions="1" time="0.001913"/>
        <testcase name="checkout_validates_required_fields" file="D:\meem-commerce\tests\Feature\PaymentCheckoutTest.php" line="1011" class="Tests\Feature\PaymentCheckoutTest" classname="Tests.Feature.PaymentCheckoutTest" assertions="1" time="0.003132"/>
        <testcase name="checkout_accepts_new_payment_fields_as_optional" file="D:\meem-commerce\tests\Feature\PaymentCheckoutTest.php" line="1021" class="Tests\Feature\PaymentCheckoutTest" classname="Tests.Feature.PaymentCheckoutTest" assertions="1" time="0.019377"/>
        <testcase name="checkout_rejects_invalid_payment_method" file="D:\meem-commerce\tests\Feature\PaymentCheckoutTest.php" line="1040" class="Tests\Feature\PaymentCheckoutTest" classname="Tests.Feature.PaymentCheckoutTest" assertions="1" time="0.004181"/>
        <testcase name="checkout_rejects_invalid_fulfillment_type" file="D:\meem-commerce\tests\Feature\PaymentCheckoutTest.php" line="1057" class="Tests\Feature\PaymentCheckoutTest" classname="Tests.Feature.PaymentCheckoutTest" assertions="1" time="0.004210"/>
        <testcase name="qr_endpoint_requires_authentication" file="D:\meem-commerce\tests\Feature\PaymentCheckoutTest.php" line="1076" class="Tests\Feature\PaymentCheckoutTest" classname="Tests.Feature.PaymentCheckoutTest" assertions="1" time="0.002238"/>
        <testcase name="qr_endpoint_returns_404_for_nonexistent_transaction" file="D:\meem-commerce\tests\Feature\PaymentCheckoutTest.php" line="1084" class="Tests\Feature\PaymentCheckoutTest" classname="Tests.Feature.PaymentCheckoutTest" assertions="1" time="0.002813"/>
        <testcase name="qr_endpoint_returns_403_for_other_users_transaction" file="D:\meem-commerce\tests\Feature\PaymentCheckoutTest.php" line="1094" class="Tests\Feature\PaymentCheckoutTest" classname="Tests.Feature.PaymentCheckoutTest" assertions="1" time="0.005988"/>
        <testcase name="qr_endpoint_returns_qr_data_for_own_transaction" file="D:\meem-commerce\tests\Feature\PaymentCheckoutTest.php" line="1124" class="Tests\Feature\PaymentCheckoutTest" classname="Tests.Feature.PaymentCheckoutTest" assertions="5" time="0.025209"/>
        <testcase name="mark_cod_as_paid_updates_transaction_and_order" file="D:\meem-commerce\tests\Feature\PaymentCheckoutTest.php" line="1155" class="Tests\Feature\PaymentCheckoutTest" classname="Tests.Feature.PaymentCheckoutTest" assertions="2" time="0.002724"/>
        <testcase name="mark_cod_as_paid_throws_exception_without_pending_transaction" file="D:\meem-commerce\tests\Feature\PaymentCheckoutTest.php" line="1191" class="Tests\Feature\PaymentCheckoutTest" classname="Tests.Feature.PaymentCheckoutTest" assertions="1" time="0.001344"/>
        <testcase name="order_status_enum_has_ready_for_pickup" file="D:\meem-commerce\tests\Feature\PaymentCheckoutTest.php" line="1210" class="Tests\Feature\PaymentCheckoutTest" classname="Tests.Feature.PaymentCheckoutTest" assertions="2" time="0.000598"/>
        <testcase name="checkout_with_delivery_and_governorate_stores_shipping_price" file="D:\meem-commerce\tests\Feature\PaymentCheckoutTest.php" line="1219" class="Tests\Feature\PaymentCheckoutTest" classname="Tests.Feature.PaymentCheckoutTest" assertions="5" time="0.019046"/>
        <testcase name="checkout_with_governorate_missing_shipping_price_defaults_to_zero" file="D:\meem-commerce\tests\Feature\PaymentCheckoutTest.php" line="1244" class="Tests\Feature\PaymentCheckoutTest" classname="Tests.Feature.PaymentCheckoutTest" assertions="4" time="0.020100"/>
        <testcase name="checkout_with_free_shipping_threshold_met_charges_zero_shipping" file="D:\meem-commerce\tests\Feature\PaymentCheckoutTest.php" line="1274" class="Tests\Feature\PaymentCheckoutTest" classname="Tests.Feature.PaymentCheckoutTest" assertions="3" time="0.019544"/>
        <testcase name="checkout_without_governorate_id_still_works_for_non_delivery" file="D:\meem-commerce\tests\Feature\PaymentCheckoutTest.php" line="1309" class="Tests\Feature\PaymentCheckoutTest" classname="Tests.Feature.PaymentCheckoutTest" assertions="3" time="0.027388"/>
        <testcase name="checkout_with_delivery_rejects_missing_governorate_id" file="D:\meem-commerce\tests\Feature\PaymentCheckoutTest.php" line="1333" class="Tests\Feature\PaymentCheckoutTest" classname="Tests.Feature.PaymentCheckoutTest" assertions="2" time="0.004182"/>
        <testcase name="checkout_with_invalid_governorate_id_is_rejected" file="D:\meem-commerce\tests\Feature\PaymentCheckoutTest.php" line="1352" class="Tests\Feature\PaymentCheckoutTest" classname="Tests.Feature.PaymentCheckoutTest" assertions="2" time="0.004548"/>
      </testsuite>
      <testsuite name="Tests\Feature\PaymentProductionHardenTest" file="D:\meem-commerce\tests\Feature\PaymentProductionHardenTest.php" tests="35" assertions="100" errors="0" failures="0" skipped="0" time="0.748612">
        <testcase name="callback_success_completes_order" file="D:\meem-commerce\tests\Feature\PaymentProductionHardenTest.php" line="548" class="Tests\Feature\PaymentProductionHardenTest" classname="Tests.Feature.PaymentProductionHardenTest" assertions="5" time="0.009715"/>
        <testcase name="callback_failure_does_not_cancel_order" file="D:\meem-commerce\tests\Feature\PaymentProductionHardenTest.php" line="590" class="Tests\Feature\PaymentProductionHardenTest" classname="Tests.Feature.PaymentProductionHardenTest" assertions="4" time="0.004227"/>
        <testcase name="callback_amount_mismatch_does_not_cancel_order" file="D:\meem-commerce\tests\Feature\PaymentProductionHardenTest.php" line="626" class="Tests\Feature\PaymentProductionHardenTest" classname="Tests.Feature.PaymentProductionHardenTest" assertions="3" time="0.004447"/>
        <testcase name="callback_duplicate_is_idempotent" file="D:\meem-commerce\tests\Feature\PaymentProductionHardenTest.php" line="663" class="Tests\Feature\PaymentProductionHardenTest" classname="Tests.Feature.PaymentProductionHardenTest" assertions="4" time="0.011965"/>
        <testcase name="error_callback_does_not_cancel_order" file="D:\meem-commerce\tests\Feature\PaymentProductionHardenTest.php" line="701" class="Tests\Feature\PaymentProductionHardenTest" classname="Tests.Feature.PaymentProductionHardenTest" assertions="4" time="0.004670"/>
        <testcase name="transaction_cannot_transition_from_paid_to_pending" file="D:\meem-commerce\tests\Feature\PaymentProductionHardenTest.php" line="740" class="Tests\Feature\PaymentProductionHardenTest" classname="Tests.Feature.PaymentProductionHardenTest" assertions="1" time="0.002007"/>
        <testcase name="transaction_cannot_transition_from_paid_to_failed" file="D:\meem-commerce\tests\Feature\PaymentProductionHardenTest.php" line="752" class="Tests\Feature\PaymentProductionHardenTest" classname="Tests.Feature.PaymentProductionHardenTest" assertions="1" time="0.001917"/>
        <testcase name="transaction_cannot_transition_from_failed_to_paid" file="D:\meem-commerce\tests\Feature\PaymentProductionHardenTest.php" line="763" class="Tests\Feature\PaymentProductionHardenTest" classname="Tests.Feature.PaymentProductionHardenTest" assertions="1" time="0.002197"/>
        <testcase name="order_listing_has_no_n_plus_one" file="D:\meem-commerce\tests\Feature\PaymentProductionHardenTest.php" line="774" class="Tests\Feature\PaymentProductionHardenTest" classname="Tests.Feature.PaymentProductionHardenTest" assertions="0" time="0.003358"/>
        <testcase name="checkout_process_has_reasonable_query_count" file="D:\meem-commerce\tests\Feature\PaymentProductionHardenTest.php" line="790" class="Tests\Feature\PaymentProductionHardenTest" classname="Tests.Feature.PaymentProductionHardenTest" assertions="1" time="0.019360"/>
        <testcase name="checkout_with_deleted_product_returns_error" file="D:\meem-commerce\tests\Feature\PaymentProductionHardenTest.php" line="815" class="Tests\Feature\PaymentProductionHardenTest" classname="Tests.Feature.PaymentProductionHardenTest" assertions="1" time="0.006801"/>
        <testcase name="mark_paid_endpoint_returns_404_for_nonexistent_order" file="D:\meem-commerce\tests\Feature\PaymentProductionHardenTest.php" line="836" class="Tests\Feature\PaymentProductionHardenTest" classname="Tests.Feature.PaymentProductionHardenTest" assertions="1" time="0.004062"/>
        <testcase name="cancel_unpaid_orders_fires_order_cancelled_event" file="D:\meem-commerce\tests\Feature\PaymentProductionHardenTest.php" line="846" class="Tests\Feature\PaymentProductionHardenTest" classname="Tests.Feature.PaymentProductionHardenTest" assertions="4" time="0.154198"/>
        <testcase name="cancel_unpaid_orders_restores_finalized_stock" file="D:\meem-commerce\tests\Feature\PaymentProductionHardenTest.php" line="867" class="Tests\Feature\PaymentProductionHardenTest" classname="Tests.Feature.PaymentProductionHardenTest" assertions="2" time="0.014022"/>
        <testcase name="checkout_cod_response_has_correct_structure" file="D:\meem-commerce\tests\Feature\PaymentProductionHardenTest.php" line="905" class="Tests\Feature\PaymentProductionHardenTest" classname="Tests.Feature.PaymentProductionHardenTest" assertions="5" time="0.018715"/>
        <testcase name="mark_paid_response_has_correct_structure" file="D:\meem-commerce\tests\Feature\PaymentProductionHardenTest.php" line="929" class="Tests\Feature\PaymentProductionHardenTest" classname="Tests.Feature.PaymentProductionHardenTest" assertions="3" time="0.008103"/>
        <testcase name="validation_error_response_has_correct_structure" file="D:\meem-commerce\tests\Feature\PaymentProductionHardenTest.php" line="945" class="Tests\Feature\PaymentProductionHardenTest" classname="Tests.Feature.PaymentProductionHardenTest" assertions="2" time="0.349839"/>
        <testcase name="unauthenticated_error_response_has_correct_structure" file="D:\meem-commerce\tests\Feature\PaymentProductionHardenTest.php" line="962" class="Tests\Feature\PaymentProductionHardenTest" classname="Tests.Feature.PaymentProductionHardenTest" assertions="1" time="0.001784"/>
        <testcase name="checkout_rejects_missing_phone" file="D:\meem-commerce\tests\Feature\PaymentProductionHardenTest.php" line="976" class="Tests\Feature\PaymentProductionHardenTest" classname="Tests.Feature.PaymentProductionHardenTest" assertions="1" time="0.004359"/>
        <testcase name="checkout_rejects_missing_address" file="D:\meem-commerce\tests\Feature\PaymentProductionHardenTest.php" line="994" class="Tests\Feature\PaymentProductionHardenTest" classname="Tests.Feature.PaymentProductionHardenTest" assertions="1" time="0.004306"/>
        <testcase name="mark_cod_as_paid_dispatches_only_payment_succeeded" file="D:\meem-commerce\tests\Feature\PaymentProductionHardenTest.php" line="1016" class="Tests\Feature\PaymentProductionHardenTest" classname="Tests.Feature.PaymentProductionHardenTest" assertions="3" time="0.006399"/>
        <testcase name="cancel_unpaid_dispatches_both_cancelled_and_failed" file="D:\meem-commerce\tests\Feature\PaymentProductionHardenTest.php" line="1031" class="Tests\Feature\PaymentProductionHardenTest" classname="Tests.Feature.PaymentProductionHardenTest" assertions="3" time="0.007150"/>
        <testcase name="completed_order_cannot_be_cancelled" file="D:\meem-commerce\tests\Feature\PaymentProductionHardenTest.php" line="1054" class="Tests\Feature\PaymentProductionHardenTest" classname="Tests.Feature.PaymentProductionHardenTest" assertions="2" time="0.003704"/>
        <testcase name="delivered_order_cannot_return_pending" file="D:\meem-commerce\tests\Feature\PaymentProductionHardenTest.php" line="1065" class="Tests\Feature\PaymentProductionHardenTest" classname="Tests.Feature.PaymentProductionHardenTest" assertions="2" time="0.002452"/>
        <testcase name="cancelled_order_cannot_be_completed" file="D:\meem-commerce\tests\Feature\PaymentProductionHardenTest.php" line="1078" class="Tests\Feature\PaymentProductionHardenTest" classname="Tests.Feature.PaymentProductionHardenTest" assertions="2" time="0.002797"/>
        <testcase name="valid_order_transition_succeeds" file="D:\meem-commerce\tests\Feature\PaymentProductionHardenTest.php" line="1091" class="Tests\Feature\PaymentProductionHardenTest" classname="Tests.Feature.PaymentProductionHardenTest" assertions="3" time="0.004144"/>
        <testcase name="callback_still_completes_pending_orders" file="D:\meem-commerce\tests\Feature\PaymentProductionHardenTest.php" line="1103" class="Tests\Feature\PaymentProductionHardenTest" classname="Tests.Feature.PaymentProductionHardenTest" assertions="3" time="0.005975"/>
        <testcase name="cancel_callback_does_not_cancel_pending_orders" file="D:\meem-commerce\tests\Feature\PaymentProductionHardenTest.php" line="1138" class="Tests\Feature\PaymentProductionHardenTest" classname="Tests.Feature.PaymentProductionHardenTest" assertions="4" time="0.003951"/>
        <testcase name="assigned_coupon_usage_not_incremented_twice_on_duplicate_callback" file="D:\meem-commerce\tests\Feature\PaymentProductionHardenTest.php" line="1176" class="Tests\Feature\PaymentProductionHardenTest" classname="Tests.Feature.PaymentProductionHardenTest" assertions="5" time="0.011663"/>
        <testcase name="concurrent_assigned_coupon_consumption_is_safe" file="D:\meem-commerce\tests\Feature\PaymentProductionHardenTest.php" line="1254" class="Tests\Feature\PaymentProductionHardenTest" classname="Tests.Feature.PaymentProductionHardenTest" assertions="3" time="0.011698"/>
        <testcase name="callback_duplicate_does_not_dispatch_events_twice" file="D:\meem-commerce\tests\Feature\PaymentProductionHardenTest.php" line="1324" class="Tests\Feature\PaymentProductionHardenTest" classname="Tests.Feature.PaymentProductionHardenTest" assertions="6" time="0.008229"/>
        <testcase name="callback_duplicate_does_not_double_deduct_inventory" file="D:\meem-commerce\tests\Feature\PaymentProductionHardenTest.php" line="1361" class="Tests\Feature\PaymentProductionHardenTest" classname="Tests.Feature.PaymentProductionHardenTest" assertions="5" time="0.017851"/>
        <testcase name="callback_duplicate_does_not_double_increment_promotion" file="D:\meem-commerce\tests\Feature\PaymentProductionHardenTest.php" line="1418" class="Tests\Feature\PaymentProductionHardenTest" classname="Tests.Feature.PaymentProductionHardenTest" assertions="3" time="0.013118"/>
        <testcase name="callback_transaction_rolls_back_on_failure" file="D:\meem-commerce\tests\Feature\PaymentProductionHardenTest.php" line="1488" class="Tests\Feature\PaymentProductionHardenTest" classname="Tests.Feature.PaymentProductionHardenTest" assertions="8" time="0.009718"/>
        <testcase name="callback_duplicate_error_is_idempotent" file="D:\meem-commerce\tests\Feature\PaymentProductionHardenTest.php" line="1567" class="Tests\Feature\PaymentProductionHardenTest" classname="Tests.Feature.PaymentProductionHardenTest" assertions="3" time="0.009713"/>
      </testsuite>
      <testsuite name="Tests\Feature\PaymentReconciliationTest" file="D:\meem-commerce\tests\Feature\PaymentReconciliationTest.php" tests="26" assertions="67" errors="0" failures="0" skipped="0" time="0.091329">
        <testcase name="successful_reconciliation_creates_no_mismatches" file="D:\meem-commerce\tests\Feature\PaymentReconciliationTest.php" line="182" class="Tests\Feature\PaymentReconciliationTest" classname="Tests.Feature.PaymentReconciliationTest" assertions="1" time="0.002648"/>
        <testcase name="reconciliation_checks_multiple_transactions" file="D:\meem-commerce\tests\Feature\PaymentReconciliationTest.php" line="196" class="Tests\Feature\PaymentReconciliationTest" classname="Tests.Feature.PaymentReconciliationTest" assertions="1" time="0.002977"/>
        <testcase name="amount_mismatch_creates_reconciliation_record" file="D:\meem-commerce\tests\Feature\PaymentReconciliationTest.php" line="215" class="Tests\Feature\PaymentReconciliationTest" classname="Tests.Feature.PaymentReconciliationTest" assertions="8" time="0.002716"/>
        <testcase name="amount_within_tolerance_does_not_create_mismatch" file="D:\meem-commerce\tests\Feature\PaymentReconciliationTest.php" line="239" class="Tests\Feature\PaymentReconciliationTest" classname="Tests.Feature.PaymentReconciliationTest" assertions="1" time="0.002178"/>
        <testcase name="amount_mismatch_ignored_when_gateway_amount_is_null" file="D:\meem-commerce\tests\Feature\PaymentReconciliationTest.php" line="254" class="Tests\Feature\PaymentReconciliationTest" classname="Tests.Feature.PaymentReconciliationTest" assertions="1" time="0.002008"/>
        <testcase name="currency_mismatch_creates_reconciliation_record" file="D:\meem-commerce\tests\Feature\PaymentReconciliationTest.php" line="273" class="Tests\Feature\PaymentReconciliationTest" classname="Tests.Feature.PaymentReconciliationTest" assertions="2" time="0.002398"/>
        <testcase name="currency_mismatch_ignored_when_gateway_currency_is_null" file="D:\meem-commerce\tests\Feature\PaymentReconciliationTest.php" line="291" class="Tests\Feature\PaymentReconciliationTest" classname="Tests.Feature.PaymentReconciliationTest" assertions="1" time="0.002214"/>
        <testcase name="payment_status_mismatch_when_gateway_says_paid_but_local_is_pending" file="D:\meem-commerce\tests\Feature\PaymentReconciliationTest.php" line="310" class="Tests\Feature\PaymentReconciliationTest" classname="Tests.Feature.PaymentReconciliationTest" assertions="2" time="0.002580"/>
        <testcase name="payment_status_mismatch_when_gateway_says_failed_but_local_is_paid" file="D:\meem-commerce\tests\Feature\PaymentReconciliationTest.php" line="328" class="Tests\Feature\PaymentReconciliationTest" classname="Tests.Feature.PaymentReconciliationTest" assertions="2" time="0.002379"/>
        <testcase name="payment_status_match_when_both_are_paid" file="D:\meem-commerce\tests\Feature\PaymentReconciliationTest.php" line="347" class="Tests\Feature\PaymentReconciliationTest" classname="Tests.Feature.PaymentReconciliationTest" assertions="1" time="0.002500"/>
        <testcase name="payment_status_ignored_when_gateway_status_is_unknown" file="D:\meem-commerce\tests\Feature\PaymentReconciliationTest.php" line="362" class="Tests\Feature\PaymentReconciliationTest" classname="Tests.Feature.PaymentReconciliationTest" assertions="1" time="0.002339"/>
        <testcase name="order_status_mismatch_when_gateway_says_paid_but_order_not_completed" file="D:\meem-commerce\tests\Feature\PaymentReconciliationTest.php" line="381" class="Tests\Feature\PaymentReconciliationTest" classname="Tests.Feature.PaymentReconciliationTest" assertions="4" time="0.002851"/>
        <testcase name="order_status_mismatch_when_gateway_says_failed_but_order_completed" file="D:\meem-commerce\tests\Feature\PaymentReconciliationTest.php" line="402" class="Tests\Feature\PaymentReconciliationTest" classname="Tests.Feature.PaymentReconciliationTest" assertions="2" time="0.002378"/>
        <testcase name="order_status_match_when_gateway_paid_and_order_completed" file="D:\meem-commerce\tests\Feature\PaymentReconciliationTest.php" line="420" class="Tests\Feature\PaymentReconciliationTest" classname="Tests.Feature.PaymentReconciliationTest" assertions="1" time="0.002094"/>
        <testcase name="offline_payments_without_gateway_transaction_id_are_skipped" file="D:\meem-commerce\tests\Feature\PaymentReconciliationTest.php" line="439" class="Tests\Feature\PaymentReconciliationTest" classname="Tests.Feature.PaymentReconciliationTest" assertions="1" time="0.001836"/>
        <testcase name="failed_transactions_are_skipped" file="D:\meem-commerce\tests\Feature\PaymentReconciliationTest.php" line="461" class="Tests\Feature\PaymentReconciliationTest" classname="Tests.Feature.PaymentReconciliationTest" assertions="1" time="0.001949"/>
        <testcase name="unsupported_gateway_is_skipped" file="D:\meem-commerce\tests\Feature\PaymentReconciliationTest.php" line="479" class="Tests\Feature\PaymentReconciliationTest" classname="Tests.Feature.PaymentReconciliationTest" assertions="1" time="0.003414"/>
        <testcase name="gateway_timeout_is_handled_gracefully" file="D:\meem-commerce\tests\Feature\PaymentReconciliationTest.php" line="499" class="Tests\Feature\PaymentReconciliationTest" classname="Tests.Feature.PaymentReconciliationTest" assertions="1" time="0.002568"/>
        <testcase name="gateway_exception_does_not_stop_job" file="D:\meem-commerce\tests\Feature\PaymentReconciliationTest.php" line="511" class="Tests\Feature\PaymentReconciliationTest" classname="Tests.Feature.PaymentReconciliationTest" assertions="2" time="0.004800"/>
        <testcase name="job_continues_after_exception_on_one_transaction" file="D:\meem-commerce\tests\Feature\PaymentReconciliationTest.php" line="543" class="Tests\Feature\PaymentReconciliationTest" classname="Tests.Feature.PaymentReconciliationTest" assertions="2" time="0.003055"/>
        <testcase name="multiple_mismatches_on_same_transaction_all_recorded" file="D:\meem-commerce\tests\Feature\PaymentReconciliationTest.php" line="578" class="Tests\Feature\PaymentReconciliationTest" classname="Tests.Feature.PaymentReconciliationTest" assertions="5" time="0.004274"/>
        <testcase name="dashboard_reconciliation_endpoint_returns_summary" file="D:\meem-commerce\tests\Feature\PaymentReconciliationTest.php" line="607" class="Tests\Feature\PaymentReconciliationTest" classname="Tests.Feature.PaymentReconciliationTest" assertions="14" time="0.005778"/>
        <testcase name="reconciliation_endpoint_returns_zero_when_no_data" file="D:\meem-commerce\tests\Feature\PaymentReconciliationTest.php" line="642" class="Tests\Feature\PaymentReconciliationTest" classname="Tests.Feature.PaymentReconciliationTest" assertions="6" time="0.022149"/>
        <testcase name="reconciliation_command_dispatches_job" file="D:\meem-commerce\tests\Feature\PaymentReconciliationTest.php" line="661" class="Tests\Feature\PaymentReconciliationTest" classname="Tests.Feature.PaymentReconciliationTest" assertions="2" time="0.003638"/>
        <testcase name="reconciliation_job_is_on_low_queue" file="D:\meem-commerce\tests\Feature\PaymentReconciliationTest.php" line="672" class="Tests\Feature\PaymentReconciliationTest" classname="Tests.Feature.PaymentReconciliationTest" assertions="1" time="0.000484"/>
        <testcase name="reconciliation_result_model_scopes_work" file="D:\meem-commerce\tests\Feature\PaymentReconciliationTest.php" line="684" class="Tests\Feature\PaymentReconciliationTest" classname="Tests.Feature.PaymentReconciliationTest" assertions="3" time="0.003124"/>
      </testsuite>
      <testsuite name="Tests\Feature\PaymentSystemTest" file="D:\meem-commerce\tests\Feature\PaymentSystemTest.php" tests="29" assertions="58" errors="0" failures="0" skipped="0" time="0.176502">
        <testcase name="mark_cashier_as_paid_updates_transaction_and_order" file="D:\meem-commerce\tests\Feature\PaymentSystemTest.php" line="479" class="Tests\Feature\PaymentSystemTest" classname="Tests.Feature.PaymentSystemTest" assertions="2" time="0.002623"/>
        <testcase name="mark_cashier_as_paid_fires_payment_success_event" file="D:\meem-commerce\tests\Feature\PaymentSystemTest.php" line="501" class="Tests\Feature\PaymentSystemTest" classname="Tests.Feature.PaymentSystemTest" assertions="1" time="0.002587"/>
        <testcase name="mark_cashier_as_paid_throws_exception_without_pending_transaction" file="D:\meem-commerce\tests\Feature\PaymentSystemTest.php" line="514" class="Tests\Feature\PaymentSystemTest" classname="Tests.Feature.PaymentSystemTest" assertions="1" time="0.001369"/>
        <testcase name="mark_cashier_as_paid_ignores_paid_transactions" file="D:\meem-commerce\tests\Feature\PaymentSystemTest.php" line="531" class="Tests\Feature\PaymentSystemTest" classname="Tests.Feature.PaymentSystemTest" assertions="1" time="0.001829"/>
        <testcase name="mark_cashier_as_paid_ignores_other_payment_methods" file="D:\meem-commerce\tests\Feature\PaymentSystemTest.php" line="557" class="Tests\Feature\PaymentSystemTest" classname="Tests.Feature.PaymentSystemTest" assertions="1" time="0.001528"/>
        <testcase name="mark_cod_as_paid_records_coupon_usage" file="D:\meem-commerce\tests\Feature\PaymentSystemTest.php" line="584" class="Tests\Feature\PaymentSystemTest" classname="Tests.Feature.PaymentSystemTest" assertions="1" time="0.005033"/>
        <testcase name="change_order_status_works_with_order_id_when_invoice_id_is_null" file="D:\meem-commerce\tests\Feature\PaymentSystemTest.php" line="627" class="Tests\Feature\PaymentSystemTest" classname="Tests.Feature.PaymentSystemTest" assertions="5" time="0.004873"/>
        <testcase name="change_order_status_still_works_with_invoice_id" file="D:\meem-commerce\tests\Feature\PaymentSystemTest.php" line="652" class="Tests\Feature\PaymentSystemTest" classname="Tests.Feature.PaymentSystemTest" assertions="4" time="0.002530"/>
        <testcase name="change_order_status_returns_false_when_no_order_found" file="D:\meem-commerce\tests\Feature\PaymentSystemTest.php" line="672" class="Tests\Feature\PaymentSystemTest" classname="Tests.Feature.PaymentSystemTest" assertions="1" time="0.001073"/>
        <testcase name="mark_cod_as_paid_endpoint_requires_auth" file="D:\meem-commerce\tests\Feature\PaymentSystemTest.php" line="683" class="Tests\Feature\PaymentSystemTest" classname="Tests.Feature.PaymentSystemTest" assertions="1" time="0.001805"/>
        <testcase name="mark_cod_as_paid_endpoint_requires_update_order_status_permission" file="D:\meem-commerce\tests\Feature\PaymentSystemTest.php" line="690" class="Tests\Feature\PaymentSystemTest" classname="Tests.Feature.PaymentSystemTest" assertions="1" time="0.003872"/>
        <testcase name="mark_cod_as_paid_endpoint_succeeds_for_admin" file="D:\meem-commerce\tests\Feature\PaymentSystemTest.php" line="701" class="Tests\Feature\PaymentSystemTest" classname="Tests.Feature.PaymentSystemTest" assertions="4" time="0.006927"/>
        <testcase name="mark_cod_as_paid_endpoint_returns_422_for_no_pending_transaction" file="D:\meem-commerce\tests\Feature\PaymentSystemTest.php" line="725" class="Tests\Feature\PaymentSystemTest" classname="Tests.Feature.PaymentSystemTest" assertions="1" time="0.005604"/>
        <testcase name="mark_paid_endpoint_requires_auth" file="D:\meem-commerce\tests\Feature\PaymentSystemTest.php" line="744" class="Tests\Feature\PaymentSystemTest" classname="Tests.Feature.PaymentSystemTest" assertions="1" time="0.002037"/>
        <testcase name="mark_paid_endpoint_requires_update_order_status_permission" file="D:\meem-commerce\tests\Feature\PaymentSystemTest.php" line="751" class="Tests\Feature\PaymentSystemTest" classname="Tests.Feature.PaymentSystemTest" assertions="1" time="0.004489"/>
        <testcase name="mark_paid_endpoint_succeeds_for_admin" file="D:\meem-commerce\tests\Feature\PaymentSystemTest.php" line="762" class="Tests\Feature\PaymentSystemTest" classname="Tests.Feature.PaymentSystemTest" assertions="4" time="0.007719"/>
        <testcase name="mark_paid_endpoint_returns_422_for_no_pending_transaction" file="D:\meem-commerce\tests\Feature\PaymentSystemTest.php" line="786" class="Tests\Feature\PaymentSystemTest" classname="Tests.Feature.PaymentSystemTest" assertions="1" time="0.005597"/>
        <testcase name="mark_paid_endpoint_returns_404_for_nonexistent_order" file="D:\meem-commerce\tests\Feature\PaymentSystemTest.php" line="803" class="Tests\Feature\PaymentSystemTest" classname="Tests.Feature.PaymentSystemTest" assertions="1" time="0.004433"/>
        <testcase name="cancel_unpaid_orders_cancels_expired_pending_orders" file="D:\meem-commerce\tests\Feature\PaymentSystemTest.php" line="814" class="Tests\Feature\PaymentSystemTest" classname="Tests.Feature.PaymentSystemTest" assertions="4" time="0.008447"/>
        <testcase name="cancel_unpaid_orders_skips_completed_orders" file="D:\meem-commerce\tests\Feature\PaymentSystemTest.php" line="846" class="Tests\Feature\PaymentSystemTest" classname="Tests.Feature.PaymentSystemTest" assertions="2" time="0.003848"/>
        <testcase name="cancel_unpaid_orders_fires_payment_failed_event" file="D:\meem-commerce\tests\Feature\PaymentSystemTest.php" line="868" class="Tests\Feature\PaymentSystemTest" classname="Tests.Feature.PaymentSystemTest" assertions="1" time="0.007181"/>
        <testcase name="cancel_unpaid_orders_uses_configurable_timeout" file="D:\meem-commerce\tests\Feature\PaymentSystemTest.php" line="883" class="Tests\Feature\PaymentSystemTest" classname="Tests.Feature.PaymentSystemTest" assertions="3" time="0.009944"/>
        <testcase name="cancel_unpaid_orders_releases_cart_reservation" file="D:\meem-commerce\tests\Feature\PaymentSystemTest.php" line="908" class="Tests\Feature\PaymentSystemTest" classname="Tests.Feature.PaymentSystemTest" assertions="4" time="0.013890"/>
        <testcase name="cancel_unpaid_orders_skips_release_when_cart_already_checked_out" file="D:\meem-commerce\tests\Feature\PaymentSystemTest.php" line="940" class="Tests\Feature\PaymentSystemTest" classname="Tests.Feature.PaymentSystemTest" assertions="3" time="0.029165"/>
        <testcase name="checkout_requires_pickup_location_id_for_pickup_fulfillment" file="D:\meem-commerce\tests\Feature\PaymentSystemTest.php" line="970" class="Tests\Feature\PaymentSystemTest" classname="Tests.Feature.PaymentSystemTest" assertions="2" time="0.005493"/>
        <testcase name="fast_checkout_requires_pickup_location_id_for_pickup_fulfillment" file="D:\meem-commerce\tests\Feature\PaymentSystemTest.php" line="990" class="Tests\Feature\PaymentSystemTest" classname="Tests.Feature.PaymentSystemTest" assertions="2" time="0.007443"/>
        <testcase name="checkout_does_not_require_pickup_location_id_for_delivery" file="D:\meem-commerce\tests\Feature\PaymentSystemTest.php" line="1011" class="Tests\Feature\PaymentSystemTest" classname="Tests.Feature.PaymentSystemTest" assertions="1" time="0.019377"/>
        <testcase name="payment_checkout_handler_cod_creates_transaction" file="D:\meem-commerce\tests\Feature\PaymentSystemTest.php" line="1032" class="Tests\Feature\PaymentSystemTest" classname="Tests.Feature.PaymentSystemTest" assertions="3" time="0.002921"/>
        <testcase name="payment_checkout_handler_uses_configured_currency" file="D:\meem-commerce\tests\Feature\PaymentSystemTest.php" line="1055" class="Tests\Feature\PaymentSystemTest" classname="Tests.Feature.PaymentSystemTest" assertions="1" time="0.002865"/>
      </testsuite>
      <testsuite name="Tests\Feature\PendingOrderLifecycleTest" file="D:\meem-commerce\tests\Feature\PendingOrderLifecycleTest.php" tests="6" assertions="19" errors="0" failures="0" skipped="0" time="0.028961">
        <testcase name="first_checkout_creates_pending_order" file="D:\meem-commerce\tests\Feature\PendingOrderLifecycleTest.php" line="99" class="Tests\Feature\PendingOrderLifecycleTest" classname="Tests.Feature.PendingOrderLifecycleTest" assertions="4" time="0.001955"/>
        <testcase name="find_pending_order_returns_null_after_completion" file="D:\meem-commerce\tests\Feature\PendingOrderLifecycleTest.php" line="121" class="Tests\Feature\PendingOrderLifecycleTest" classname="Tests.Feature.PendingOrderLifecycleTest" assertions="2" time="0.002671"/>
        <testcase name="second_checkout_updates_existing_pending_order" file="D:\meem-commerce\tests\Feature\PendingOrderLifecycleTest.php" line="142" class="Tests\Feature\PendingOrderLifecycleTest" classname="Tests.Feature.PendingOrderLifecycleTest" assertions="3" time="0.004219"/>
        <testcase name="sync_order_items_replaces_existing_items" file="D:\meem-commerce\tests\Feature\PendingOrderLifecycleTest.php" line="173" class="Tests\Feature\PendingOrderLifecycleTest" classname="Tests.Feature.PendingOrderLifecycleTest" assertions="2" time="0.008186"/>
        <testcase name="pending_order_does_not_block_new_order_after_payment" file="D:\meem-commerce\tests\Feature\PendingOrderLifecycleTest.php" line="210" class="Tests\Feature\PendingOrderLifecycleTest" classname="Tests.Feature.PendingOrderLifecycleTest" assertions="4" time="0.007108"/>
        <testcase name="cancelled_pending_order_removes_pending_status" file="D:\meem-commerce\tests\Feature\PendingOrderLifecycleTest.php" line="242" class="Tests\Feature\PendingOrderLifecycleTest" classname="Tests.Feature.PendingOrderLifecycleTest" assertions="4" time="0.004823"/>
      </testsuite>
      <testsuite name="Tests\Feature\PickupLocationPricingIntegrationTest" file="D:\meem-commerce\tests\Feature\PickupLocationPricingIntegrationTest.php" tests="57" assertions="136" errors="0" failures="1" skipped="0" time="1.292693">
        <testcase name="admin_can_list_pickup_locations_with_pagination" file="D:\meem-commerce\tests\Feature\PickupLocationPricingIntegrationTest.php" line="185" class="Tests\Feature\PickupLocationPricingIntegrationTest" classname="Tests.Feature.PickupLocationPricingIntegrationTest" assertions="11" time="0.009334"/>
        <testcase name="admin_can_filter_active_pickup_locations" file="D:\meem-commerce\tests\Feature\PickupLocationPricingIntegrationTest.php" line="202" class="Tests\Feature\PickupLocationPricingIntegrationTest" classname="Tests.Feature.PickupLocationPricingIntegrationTest" assertions="2" time="0.006915"/>
        <testcase name="admin_can_search_pickup_locations" file="D:\meem-commerce\tests\Feature\PickupLocationPricingIntegrationTest.php" line="214" class="Tests\Feature\PickupLocationPricingIntegrationTest" classname="Tests.Feature.PickupLocationPricingIntegrationTest" assertions="2" time="0.007006"/>
        <testcase name="pickup_locations_ordered_by_display_order" file="D:\meem-commerce\tests\Feature\PickupLocationPricingIntegrationTest.php" line="226" class="Tests\Feature\PickupLocationPricingIntegrationTest" classname="Tests.Feature.PickupLocationPricingIntegrationTest" assertions="1" time="0.009575"/>
        <testcase name="public_api_returns_only_active_locations" file="D:\meem-commerce\tests\Feature\PickupLocationPricingIntegrationTest.php" line="239" class="Tests\Feature\PickupLocationPricingIntegrationTest" classname="Tests.Feature.PickupLocationPricingIntegrationTest" assertions="2" time="0.005661"/>
        <testcase name="public_api_returns_404_for_inactive_location" file="D:\meem-commerce\tests\Feature\PickupLocationPricingIntegrationTest.php" line="250" class="Tests\Feature\PickupLocationPricingIntegrationTest" classname="Tests.Feature.PickupLocationPricingIntegrationTest" assertions="1" time="0.004394"/>
        <testcase name="public_api_returns_404_for_nonexistent_location" file="D:\meem-commerce\tests\Feature\PickupLocationPricingIntegrationTest.php" line="258" class="Tests\Feature\PickupLocationPricingIntegrationTest" classname="Tests.Feature.PickupLocationPricingIntegrationTest" assertions="1" time="0.002860"/>
        <testcase name="customer_cannot_create_pickup_location" file="D:\meem-commerce\tests\Feature\PickupLocationPricingIntegrationTest.php" line="265" class="Tests\Feature\PickupLocationPricingIntegrationTest" classname="Tests.Feature.PickupLocationPricingIntegrationTest" assertions="1" time="0.003479"/>
        <testcase name="customer_cannot_delete_pickup_location" file="D:\meem-commerce\tests\Feature\PickupLocationPricingIntegrationTest.php" line="276" class="Tests\Feature\PickupLocationPricingIntegrationTest" classname="Tests.Feature.PickupLocationPricingIntegrationTest" assertions="1" time="0.005499"/>
        <testcase name="store_validates_required_fields" file="D:\meem-commerce\tests\Feature\PickupLocationPricingIntegrationTest.php" line="285" class="Tests\Feature\PickupLocationPricingIntegrationTest" classname="Tests.Feature.PickupLocationPricingIntegrationTest" assertions="3" time="0.005491"/>
        <testcase name="store_validates_email_format" file="D:\meem-commerce\tests\Feature\PickupLocationPricingIntegrationTest.php" line="299" class="Tests\Feature\PickupLocationPricingIntegrationTest" classname="Tests.Feature.PickupLocationPricingIntegrationTest" assertions="2" time="0.004965"/>
        <testcase name="store_rejects_negative_display_order" file="D:\meem-commerce\tests\Feature\PickupLocationPricingIntegrationTest.php" line="312" class="Tests\Feature\PickupLocationPricingIntegrationTest" classname="Tests.Feature.PickupLocationPricingIntegrationTest" assertions="2" time="0.004137"/>
        <testcase name="update_validates_existence" file="D:\meem-commerce\tests\Feature\PickupLocationPricingIntegrationTest.php" line="325" class="Tests\Feature\PickupLocationPricingIntegrationTest" classname="Tests.Feature.PickupLocationPricingIntegrationTest" assertions="1" time="0.004730"/>
        <testcase name="soft_delete_works_correctly" file="D:\meem-commerce\tests\Feature\PickupLocationPricingIntegrationTest.php" line="334" class="Tests\Feature\PickupLocationPricingIntegrationTest" classname="Tests.Feature.PickupLocationPricingIntegrationTest" assertions="3" time="0.007354"/>
        <testcase name="unauthenticated_user_cannot_access_admin_endpoints" file="D:\meem-commerce\tests\Feature\PickupLocationPricingIntegrationTest.php" line="349" class="Tests\Feature\PickupLocationPricingIntegrationTest" classname="Tests.Feature.PickupLocationPricingIntegrationTest" assertions="4" time="0.023808"/>
        <testcase name="admin_resource_includes_created_at" file="D:\meem-commerce\tests\Feature\PickupLocationPricingIntegrationTest.php" line="358" class="Tests\Feature\PickupLocationPricingIntegrationTest" classname="Tests.Feature.PickupLocationPricingIntegrationTest" assertions="2" time="0.005257"/>
        <testcase name="public_resource_excludes_created_at" file="D:\meem-commerce\tests\Feature\PickupLocationPricingIntegrationTest.php" line="367" class="Tests\Feature\PickupLocationPricingIntegrationTest" classname="Tests.Feature.PickupLocationPricingIntegrationTest" assertions="1" time="0.004103"/>
        <testcase name="order_creation_saves_pickup_location_snapshot" file="D:\meem-commerce\tests\Feature\PickupLocationPricingIntegrationTest.php" line="375" class="Tests\Feature\PickupLocationPricingIntegrationTest" classname="Tests.Feature.PickupLocationPricingIntegrationTest" assertions="7" time="0.026540"/>
        <testcase name="checkout_rejects_cod_for_pickup" file="D:\meem-commerce\tests\Feature\PickupLocationPricingIntegrationTest.php" line="402" class="Tests\Feature\PickupLocationPricingIntegrationTest" classname="Tests.Feature.PickupLocationPricingIntegrationTest" assertions="1" time="0.010454"/>
        <testcase name="inactive_pickup_location_is_accepted_with_snapshot" file="D:\meem-commerce\tests\Feature\PickupLocationPricingIntegrationTest.php" line="422" class="Tests\Feature\PickupLocationPricingIntegrationTest" classname="Tests.Feature.PickupLocationPricingIntegrationTest" assertions="2" time="0.027041"/>
        <testcase name="product_pricing_service_calculates_base_price" file="D:\meem-commerce\tests\Feature\PickupLocationPricingIntegrationTest.php" line="448" class="Tests\Feature\PickupLocationPricingIntegrationTest" classname="Tests.Feature.PickupLocationPricingIntegrationTest" assertions="4" time="0.001019"/>
        <testcase name="product_pricing_service_calculates_discounted_price" file="D:\meem-commerce\tests\Feature\PickupLocationPricingIntegrationTest.php" line="460" class="Tests\Feature\PickupLocationPricingIntegrationTest" classname="Tests.Feature.PickupLocationPricingIntegrationTest" assertions="3" time="0.001084"/>
        <testcase name="product_pricing_service_handles_null_price" file="D:\meem-commerce\tests\Feature\PickupLocationPricingIntegrationTest.php" line="471" class="Tests\Feature\PickupLocationPricingIntegrationTest" classname="Tests.Feature.PickupLocationPricingIntegrationTest" assertions="2" time="0.002764"/>
        <testcase name="product_pricing_service_calculates_fixed_discount" file="D:\meem-commerce\tests\Feature\PickupLocationPricingIntegrationTest.php" line="487" class="Tests\Feature\PickupLocationPricingIntegrationTest" classname="Tests.Feature.PickupLocationPricingIntegrationTest" assertions="1" time="0.000685"/>
        <testcase name="product_pricing_service_calculates_percentage_discount" file="D:\meem-commerce\tests\Feature\PickupLocationPricingIntegrationTest.php" line="495" class="Tests\Feature\PickupLocationPricingIntegrationTest" classname="Tests.Feature.PickupLocationPricingIntegrationTest" assertions="1" time="0.000612"/>
        <testcase name="product_pricing_service_prevents_negative_price" file="D:\meem-commerce\tests\Feature\PickupLocationPricingIntegrationTest.php" line="503" class="Tests\Feature\PickupLocationPricingIntegrationTest" classname="Tests.Feature.PickupLocationPricingIntegrationTest" assertions="1" time="0.000620"/>
        <testcase name="product_pricing_service_caps_percentage_at_100" file="D:\meem-commerce\tests\Feature\PickupLocationPricingIntegrationTest.php" line="511" class="Tests\Feature\PickupLocationPricingIntegrationTest" classname="Tests.Feature.PickupLocationPricingIntegrationTest" assertions="1" time="0.000659"/>
        <testcase name="variant_sale_price_calculation" file="D:\meem-commerce\tests\Feature\PickupLocationPricingIntegrationTest.php" line="519" class="Tests\Feature\PickupLocationPricingIntegrationTest" classname="Tests.Feature.PickupLocationPricingIntegrationTest" assertions="1" time="0.001113"/>
        <testcase name="checkout_with_cod_creates_order_with_correct_totals" file="D:\meem-commerce\tests\Feature\PickupLocationPricingIntegrationTest.php" line="533" class="Tests\Feature\PickupLocationPricingIntegrationTest" classname="Tests.Feature.PickupLocationPricingIntegrationTest" assertions="11" time="0.018548"/>
        <testcase name="checkout_with_coupon_applies_discount_correctly" file="D:\meem-commerce\tests\Feature\PickupLocationPricingIntegrationTest.php" line="571" class="Tests\Feature\PickupLocationPricingIntegrationTest" classname="Tests.Feature.PickupLocationPricingIntegrationTest" assertions="6" time="0.038687"/>
        <testcase name="checkout_with_fixed_coupon_applies_discount" file="D:\meem-commerce\tests\Feature\PickupLocationPricingIntegrationTest.php" line="618" class="Tests\Feature\PickupLocationPricingIntegrationTest" classname="Tests.Feature.PickupLocationPricingIntegrationTest" assertions="3" time="0.021008"/>
        <testcase name="checkout_with_expired_coupon_is_ignored" file="D:\meem-commerce\tests\Feature\PickupLocationPricingIntegrationTest.php" line="655" class="Tests\Feature\PickupLocationPricingIntegrationTest" classname="Tests.Feature.PickupLocationPricingIntegrationTest" assertions="2" time="0.020350"/>
        <testcase name="checkout_with_free_shipping_coupon_sets_shipping_to_zero" file="D:\meem-commerce\tests\Feature\PickupLocationPricingIntegrationTest.php" line="692" class="Tests\Feature\PickupLocationPricingIntegrationTest" classname="Tests.Feature.PickupLocationPricingIntegrationTest" assertions="2" time="0.021288"/>
        <testcase name="free_shipping_by_threshold_works" file="D:\meem-commerce\tests\Feature\PickupLocationPricingIntegrationTest.php" line="728" class="Tests\Feature\PickupLocationPricingIntegrationTest" classname="Tests.Feature.PickupLocationPricingIntegrationTest" assertions="3" time="0.017773"/>
        <testcase name="checkout_with_promotion_applies_discount" file="D:\meem-commerce\tests\Feature\PickupLocationPricingIntegrationTest.php" line="750" class="Tests\Feature\PickupLocationPricingIntegrationTest" classname="Tests.Feature.PickupLocationPricingIntegrationTest" assertions="3" time="0.023160"/>
        <testcase name="checkout_requires_auth" file="D:\meem-commerce\tests\Feature\PickupLocationPricingIntegrationTest.php" line="797" class="Tests\Feature\PickupLocationPricingIntegrationTest" classname="Tests.Feature.PickupLocationPricingIntegrationTest" assertions="1" time="0.001834"/>
        <testcase name="checkout_requires_valid_governorate_for_delivery" file="D:\meem-commerce\tests\Feature\PickupLocationPricingIntegrationTest.php" line="804" class="Tests\Feature\PickupLocationPricingIntegrationTest" classname="Tests.Feature.PickupLocationPricingIntegrationTest" assertions="1" time="0.005222"/>
        <testcase name="checkout_rejects_empty_cart" file="D:\meem-commerce\tests\Feature\PickupLocationPricingIntegrationTest.php" line="821" class="Tests\Feature\PickupLocationPricingIntegrationTest" classname="Tests.Feature.PickupLocationPricingIntegrationTest" assertions="1" time="0.005786"/>
        <testcase name="checkout_rejects_invalid_payment_method" file="D:\meem-commerce\tests\Feature\PickupLocationPricingIntegrationTest.php" line="843" class="Tests\Feature\PickupLocationPricingIntegrationTest" classname="Tests.Feature.PickupLocationPricingIntegrationTest" assertions="1" time="0.005325"/>
        <testcase name="pay_at_cashier_requires_pickup_fulfillment" file="D:\meem-commerce\tests\Feature\PickupLocationPricingIntegrationTest.php" line="860" class="Tests\Feature\PickupLocationPricingIntegrationTest" classname="Tests.Feature.PickupLocationPricingIntegrationTest" assertions="1" time="0.005727"/>
        <testcase name="order_creation_saves_discount_snapshot" file="D:\meem-commerce\tests\Feature\PickupLocationPricingIntegrationTest.php" line="877" class="Tests\Feature\PickupLocationPricingIntegrationTest" classname="Tests.Feature.PickupLocationPricingIntegrationTest" assertions="4" time="0.019352"/>
        <testcase name="mark_cod_as_paid_updates_order_and_transaction" file="D:\meem-commerce\tests\Feature\PickupLocationPricingIntegrationTest.php" line="905" class="Tests\Feature\PickupLocationPricingIntegrationTest" classname="Tests.Feature.PickupLocationPricingIntegrationTest" assertions="5" time="0.021593"/>
        <testcase name="completed_order_has_pickup_snapshot_when_pickup" file="D:\meem-commerce\tests\Feature\PickupLocationPricingIntegrationTest.php" line="939" class="Tests\Feature\PickupLocationPricingIntegrationTest" classname="Tests.Feature.PickupLocationPricingIntegrationTest" assertions="4" time="0.027189"/>
        <testcase name="order_with_pickup_has_zero_shipping_price" file="D:\meem-commerce\tests\Feature\PickupLocationPricingIntegrationTest.php" line="963" class="Tests\Feature\PickupLocationPricingIntegrationTest" classname="Tests.Feature.PickupLocationPricingIntegrationTest" assertions="2" time="0.027413"/>
        <testcase name="admin_can_access_admin_orders" file="D:\meem-commerce\tests\Feature\PickupLocationPricingIntegrationTest.php" line="985" class="Tests\Feature\PickupLocationPricingIntegrationTest" classname="Tests.Feature.PickupLocationPricingIntegrationTest" assertions="1" time="0.004210"/>
        <testcase name="checkout_with_pickup_does_not_require_governorate" file="D:\meem-commerce\tests\Feature\PickupLocationPricingIntegrationTest.php" line="997" class="Tests\Feature\PickupLocationPricingIntegrationTest" classname="Tests.Feature.PickupLocationPricingIntegrationTest" assertions="1" time="0.028250"/>
        <testcase name="checkout_rejects_nonexistent_pickup_location" file="D:\meem-commerce\tests\Feature\PickupLocationPricingIntegrationTest.php" line="1017" class="Tests\Feature\PickupLocationPricingIntegrationTest" classname="Tests.Feature.PickupLocationPricingIntegrationTest" assertions="1" time="0.008387"/>
        <testcase name="checkout_rejects_pickup_without_pickup_location_id" file="D:\meem-commerce\tests\Feature\PickupLocationPricingIntegrationTest.php" line="1036" class="Tests\Feature\PickupLocationPricingIntegrationTest" classname="Tests.Feature.PickupLocationPricingIntegrationTest" assertions="1" time="0.005915"/>
        <testcase name="checkout_with_soft_deleted_pickup_location_preserves_snapshot" file="D:\meem-commerce\tests\Feature\PickupLocationPricingIntegrationTest.php" line="1054" class="Tests\Feature\PickupLocationPricingIntegrationTest" classname="Tests.Feature.PickupLocationPricingIntegrationTest" assertions="5" time="0.031296"/>
        <testcase name="checkout_with_pickup_and_online_payment_succeeds" file="D:\meem-commerce\tests\Feature\PickupLocationPricingIntegrationTest.php" line="1080" class="Tests\Feature\PickupLocationPricingIntegrationTest" classname="Tests.Feature.PickupLocationPricingIntegrationTest" assertions="1" time="0.645482">
          <failure type="PHPUnit\Framework\ExpectationFailedException">Tests\Feature\PickupLocationPricingIntegrationTest::checkout_with_pickup_and_online_payment_succeeds&#13;
Expected response status code [200] but received 500.
Failed asserting that 200 is identical to 500.
&#13;
D:\meem-commerce\vendor\laravel\framework\src\Illuminate\Testing\TestResponse.php:146
D:\meem-commerce\tests\Feature\PickupLocationPricingIntegrationTest.php:1096
D:\meem-commerce\vendor\laravel\framework\src\Illuminate\Foundation\Testing\TestCase.php:174</failure>
        </testcase>
        <testcase name="checkout_with_pickup_and_pay_at_cashier_succeeds" file="D:\meem-commerce\tests\Feature\PickupLocationPricingIntegrationTest.php" line="1103" class="Tests\Feature\PickupLocationPricingIntegrationTest" classname="Tests.Feature.PickupLocationPricingIntegrationTest" assertions="3" time="0.027180"/>
        <testcase name="checkout_delivery_rejects_without_governorate" file="D:\meem-commerce\tests\Feature\PickupLocationPricingIntegrationTest.php" line="1126" class="Tests\Feature\PickupLocationPricingIntegrationTest" classname="Tests.Feature.PickupLocationPricingIntegrationTest" assertions="1" time="0.005216"/>
        <testcase name="order_resource_includes_pickup_location_for_pickup_orders" file="D:\meem-commerce\tests\Feature\PickupLocationPricingIntegrationTest.php" line="1144" class="Tests\Feature\PickupLocationPricingIntegrationTest" classname="Tests.Feature.PickupLocationPricingIntegrationTest" assertions="3" time="0.032091"/>
        <testcase name="order_resource_excludes_pickup_location_for_delivery_orders" file="D:\meem-commerce\tests\Feature\PickupLocationPricingIntegrationTest.php" line="1170" class="Tests\Feature\PickupLocationPricingIntegrationTest" classname="Tests.Feature.PickupLocationPricingIntegrationTest" assertions="2" time="0.023178"/>
        <testcase name="admin_store_validates_working_hours_structure" file="D:\meem-commerce\tests\Feature\PickupLocationPricingIntegrationTest.php" line="1194" class="Tests\Feature\PickupLocationPricingIntegrationTest" classname="Tests.Feature.PickupLocationPricingIntegrationTest" assertions="1" time="0.004141"/>
        <testcase name="customer_cannot_update_pickup_location" file="D:\meem-commerce\tests\Feature\PickupLocationPricingIntegrationTest.php" line="1211" class="Tests\Feature\PickupLocationPricingIntegrationTest" classname="Tests.Feature.PickupLocationPricingIntegrationTest" assertions="1" time="0.004257"/>
        <testcase name="customer_cannot_view_pickup_locations" file="D:\meem-commerce\tests\Feature\PickupLocationPricingIntegrationTest.php" line="1224" class="Tests\Feature\PickupLocationPricingIntegrationTest" classname="Tests.Feature.PickupLocationPricingIntegrationTest" assertions="1" time="0.005675"/>
      </testsuite>
      <testsuite name="Tests\Feature\PickupLocationTest" file="D:\meem-commerce\tests\Feature\PickupLocationTest.php" tests="19" assertions="48" errors="0" failures="0" skipped="0" time="0.124018">
        <testcase name="admin_can_list_pickup_locations" file="D:\meem-commerce\tests\Feature\PickupLocationTest.php" line="175" class="Tests\Feature\PickupLocationTest" classname="Tests.Feature.PickupLocationTest" assertions="9" time="0.006008"/>
        <testcase name="admin_can_create_pickup_location" file="D:\meem-commerce\tests\Feature\PickupLocationTest.php" line="194" class="Tests\Feature\PickupLocationTest" classname="Tests.Feature.PickupLocationTest" assertions="3" time="0.007064"/>
        <testcase name="admin_can_show_pickup_location" file="D:\meem-commerce\tests\Feature\PickupLocationTest.php" line="223" class="Tests\Feature\PickupLocationTest" classname="Tests.Feature.PickupLocationTest" assertions="2" time="0.005637"/>
        <testcase name="admin_can_update_pickup_location" file="D:\meem-commerce\tests\Feature\PickupLocationTest.php" line="242" class="Tests\Feature\PickupLocationTest" classname="Tests.Feature.PickupLocationTest" assertions="2" time="0.007750"/>
        <testcase name="admin_can_delete_pickup_location" file="D:\meem-commerce\tests\Feature\PickupLocationTest.php" line="264" class="Tests\Feature\PickupLocationTest" classname="Tests.Feature.PickupLocationTest" assertions="2" time="0.005990"/>
        <testcase name="store_requires_store_name" file="D:\meem-commerce\tests\Feature\PickupLocationTest.php" line="283" class="Tests\Feature\PickupLocationTest" classname="Tests.Feature.PickupLocationTest" assertions="2" time="0.003810"/>
        <testcase name="store_requires_address" file="D:\meem-commerce\tests\Feature\PickupLocationTest.php" line="297" class="Tests\Feature\PickupLocationTest" classname="Tests.Feature.PickupLocationTest" assertions="2" time="0.005192"/>
        <testcase name="store_requires_phone" file="D:\meem-commerce\tests\Feature\PickupLocationTest.php" line="311" class="Tests\Feature\PickupLocationTest" classname="Tests.Feature.PickupLocationTest" assertions="2" time="0.003738"/>
        <testcase name="store_accepts_valid_email" file="D:\meem-commerce\tests\Feature\PickupLocationTest.php" line="325" class="Tests\Feature\PickupLocationTest" classname="Tests.Feature.PickupLocationTest" assertions="2" time="0.003896"/>
        <testcase name="store_validates_display_order_is_integer" file="D:\meem-commerce\tests\Feature\PickupLocationTest.php" line="341" class="Tests\Feature\PickupLocationTest" classname="Tests.Feature.PickupLocationTest" assertions="2" time="0.004339"/>
        <testcase name="unauthenticated_user_cannot_access_admin_endpoints" file="D:\meem-commerce\tests\Feature\PickupLocationTest.php" line="359" class="Tests\Feature\PickupLocationTest" classname="Tests.Feature.PickupLocationTest" assertions="4" time="0.006369"/>
        <testcase name="customer_cannot_create_pickup_location" file="D:\meem-commerce\tests\Feature\PickupLocationTest.php" line="375" class="Tests\Feature\PickupLocationTest" classname="Tests.Feature.PickupLocationTest" assertions="1" time="0.003296"/>
        <testcase name="customer_cannot_delete_pickup_location" file="D:\meem-commerce\tests\Feature\PickupLocationTest.php" line="389" class="Tests\Feature\PickupLocationTest" classname="Tests.Feature.PickupLocationTest" assertions="1" time="0.003298"/>
        <testcase name="public_can_list_active_pickup_locations" file="D:\meem-commerce\tests\Feature\PickupLocationTest.php" line="400" class="Tests\Feature\PickupLocationTest" classname="Tests.Feature.PickupLocationTest" assertions="3" time="0.008775"/>
        <testcase name="public_can_show_active_pickup_location" file="D:\meem-commerce\tests\Feature\PickupLocationTest.php" line="423" class="Tests\Feature\PickupLocationTest" classname="Tests.Feature.PickupLocationTest" assertions="2" time="0.004206"/>
        <testcase name="public_cannot_show_inactive_pickup_location" file="D:\meem-commerce\tests\Feature\PickupLocationTest.php" line="439" class="Tests\Feature\PickupLocationTest" classname="Tests.Feature.PickupLocationTest" assertions="1" time="0.004207"/>
        <testcase name="returns_404_for_nonexistent_pickup_location" file="D:\meem-commerce\tests\Feature\PickupLocationTest.php" line="456" class="Tests\Feature\PickupLocationTest" classname="Tests.Feature.PickupLocationTest" assertions="3" time="0.023713"/>
        <testcase name="pickup_locations_are_ordered_by_display_order" file="D:\meem-commerce\tests\Feature\PickupLocationTest.php" line="473" class="Tests\Feature\PickupLocationTest" classname="Tests.Feature.PickupLocationTest" assertions="2" time="0.008523"/>
        <testcase name="admin_can_search_pickup_locations" file="D:\meem-commerce\tests\Feature\PickupLocationTest.php" line="504" class="Tests\Feature\PickupLocationTest" classname="Tests.Feature.PickupLocationTest" assertions="3" time="0.008210"/>
      </testsuite>
      <testsuite name="Tests\Feature\PricingCacheInvalidationTest" file="D:\meem-commerce\tests\Feature\PricingCacheInvalidationTest.php" tests="6" assertions="11" errors="2" failures="3" skipped="0" time="0.038287">
        <testcase name="test_clear_cache_removes_all_home_pricing_keys" file="D:\meem-commerce\tests\Feature\PricingCacheInvalidationTest.php" line="124" class="Tests\Feature\PricingCacheInvalidationTest" classname="Tests.Feature.PricingCacheInvalidationTest" assertions="7" time="0.002398">
          <failure type="PHPUnit\Framework\ExpectationFailedException">Tests\Feature\PricingCacheInvalidationTest::test_clear_cache_removes_all_home_pricing_keys&#13;
Key home-flash-sales should be removed after clearCache()
Failed asserting that true is false.
&#13;
D:\meem-commerce\tests\Feature\PricingCacheInvalidationTest.php:143
D:\meem-commerce\vendor\laravel\framework\src\Illuminate\Foundation\Testing\TestCase.php:174</failure>
        </testcase>
        <testcase name="test_flash_sale_store_clears_cache" file="D:\meem-commerce\tests\Feature\PricingCacheInvalidationTest.php" line="147" class="Tests\Feature\PricingCacheInvalidationTest" classname="Tests.Feature.PricingCacheInvalidationTest" assertions="2" time="0.007404">
          <failure type="PHPUnit\Framework\ExpectationFailedException">Tests\Feature\PricingCacheInvalidationTest::test_flash_sale_store_clears_cache&#13;
Failed asserting that true is false.
&#13;
D:\meem-commerce\tests\Feature\PricingCacheInvalidationTest.php:175
D:\meem-commerce\vendor\laravel\framework\src\Illuminate\Foundation\Testing\TestCase.php:174</failure>
        </testcase>
        <testcase name="test_flash_sale_update_clears_cache" file="D:\meem-commerce\tests\Feature\PricingCacheInvalidationTest.php" line="182" class="Tests\Feature\PricingCacheInvalidationTest" classname="Tests.Feature.PricingCacheInvalidationTest" assertions="1" time="0.011000">
          <failure type="PHPUnit\Framework\ExpectationFailedException">Tests\Feature\PricingCacheInvalidationTest::test_flash_sale_update_clears_cache&#13;
Failed asserting that true is false.
&#13;
D:\meem-commerce\tests\Feature\PricingCacheInvalidationTest.php:221
D:\meem-commerce\vendor\laravel\framework\src\Illuminate\Foundation\Testing\TestCase.php:174</failure>
        </testcase>
        <testcase name="test_flash_sale_delete_resets_product_and_clears_cache" file="D:\meem-commerce\tests\Feature\PricingCacheInvalidationTest.php" line="227" class="Tests\Feature\PricingCacheInvalidationTest" classname="Tests.Feature.PricingCacheInvalidationTest" assertions="0" time="0.005096">
          <error type="BadMethodCallException">Tests\Feature\PricingCacheInvalidationTest::test_flash_sale_delete_resets_product_and_clears_cache&#13;
BadMethodCallException: Call to undefined method Marvel\Database\Models\FlashSale::deleteFlashSale()
&#13;
D:\meem-commerce\vendor\laravel\framework\src\Illuminate\Support\Traits\ForwardsCalls.php:67
D:\meem-commerce\vendor\laravel\framework\src\Illuminate\Support\Traits\ForwardsCalls.php:36
D:\meem-commerce\vendor\laravel\framework\src\Illuminate\Database\Eloquent\Model.php:2334
D:\meem-commerce\vendor\prettus\l5-repository\src\Prettus\Repository\Eloquent\BaseRepository.php:1227
D:\meem-commerce\tests\Feature\PricingCacheInvalidationTest.php:255
D:\meem-commerce\vendor\laravel\framework\src\Illuminate\Foundation\Testing\TestCase.php:174</error>
        </testcase>
        <testcase name="test_flash_sale_delete_with_no_products" file="D:\meem-commerce\tests\Feature\PricingCacheInvalidationTest.php" line="265" class="Tests\Feature\PricingCacheInvalidationTest" classname="Tests.Feature.PricingCacheInvalidationTest" assertions="0" time="0.003224">
          <error type="BadMethodCallException">Tests\Feature\PricingCacheInvalidationTest::test_flash_sale_delete_with_no_products&#13;
BadMethodCallException: Call to undefined method Marvel\Database\Models\FlashSale::deleteFlashSale()
&#13;
D:\meem-commerce\vendor\laravel\framework\src\Illuminate\Support\Traits\ForwardsCalls.php:67
D:\meem-commerce\vendor\laravel\framework\src\Illuminate\Support\Traits\ForwardsCalls.php:36
D:\meem-commerce\vendor\laravel\framework\src\Illuminate\Database\Eloquent\Model.php:2334
D:\meem-commerce\vendor\prettus\l5-repository\src\Prettus\Repository\Eloquent\BaseRepository.php:1227
D:\meem-commerce\tests\Feature\PricingCacheInvalidationTest.php:279
D:\meem-commerce\vendor\laravel\framework\src\Illuminate\Foundation\Testing\TestCase.php:174</error>
        </testcase>
        <testcase name="test_inactive_flash_sale_sets_product_price_to_null" file="D:\meem-commerce\tests\Feature\PricingCacheInvalidationTest.php" line="286" class="Tests\Feature\PricingCacheInvalidationTest" classname="Tests.Feature.PricingCacheInvalidationTest" assertions="1" time="0.009164"/>
      </testsuite>
      <testsuite name="Tests\Feature\PricingProductionHardenTest" file="D:\meem-commerce\tests\Feature\PricingProductionHardenTest.php" tests="36" assertions="84" errors="0" failures="0" skipped="0" time="0.289392">
        <testcase name="product_returns_correct_base_price" file="D:\meem-commerce\tests\Feature\PricingProductionHardenTest.php" line="141" class="Tests\Feature\PricingProductionHardenTest" classname="Tests.Feature.PricingProductionHardenTest" assertions="4" time="0.001055"/>
        <testcase name="variant_returns_correct_price" file="D:\meem-commerce\tests\Feature\PricingProductionHardenTest.php" line="153" class="Tests\Feature\PricingProductionHardenTest" classname="Tests.Feature.PricingProductionHardenTest" assertions="1" time="0.001570"/>
        <testcase name="percentage_discount_calculation" file="D:\meem-commerce\tests\Feature\PricingProductionHardenTest.php" line="165" class="Tests\Feature\PricingProductionHardenTest" classname="Tests.Feature.PricingProductionHardenTest" assertions="1" time="0.000602"/>
        <testcase name="fixed_discount_calculation" file="D:\meem-commerce\tests\Feature\PricingProductionHardenTest.php" line="174" class="Tests\Feature\PricingProductionHardenTest" classname="Tests.Feature.PricingProductionHardenTest" assertions="1" time="0.000578"/>
        <testcase name="expired_discount_not_applied" file="D:\meem-commerce\tests\Feature\PricingProductionHardenTest.php" line="183" class="Tests\Feature\PricingProductionHardenTest" classname="Tests.Feature.PricingProductionHardenTest" assertions="2" time="0.002963"/>
        <testcase name="discount_capped_at_zero" file="D:\meem-commerce\tests\Feature\PricingProductionHardenTest.php" line="205" class="Tests\Feature\PricingProductionHardenTest" classname="Tests.Feature.PricingProductionHardenTest" assertions="1" time="0.000616"/>
        <testcase name="percentage_discount_capped_at_100" file="D:\meem-commerce\tests\Feature\PricingProductionHardenTest.php" line="214" class="Tests\Feature\PricingProductionHardenTest" classname="Tests.Feature.PricingProductionHardenTest" assertions="1" time="0.000609"/>
        <testcase name="flash_sale_price_takes_priority_over_discount" file="D:\meem-commerce\tests\Feature\PricingProductionHardenTest.php" line="225" class="Tests\Feature\PricingProductionHardenTest" classname="Tests.Feature.PricingProductionHardenTest" assertions="3" time="0.001149"/>
        <testcase name="percentage_promotion_applied_correctly" file="D:\meem-commerce\tests\Feature\PricingProductionHardenTest.php" line="238" class="Tests\Feature\PricingProductionHardenTest" classname="Tests.Feature.PricingProductionHardenTest" assertions="2" time="0.008534"/>
        <testcase name="promotion_applied_before_coupon" file="D:\meem-commerce\tests\Feature\PricingProductionHardenTest.php" line="266" class="Tests\Feature\PricingProductionHardenTest" classname="Tests.Feature.PricingProductionHardenTest" assertions="2" time="0.012609"/>
        <testcase name="invalid_promotion_rejected" file="D:\meem-commerce\tests\Feature\PricingProductionHardenTest.php" line="304" class="Tests\Feature\PricingProductionHardenTest" classname="Tests.Feature.PricingProductionHardenTest" assertions="1" time="0.003470"/>
        <testcase name="expired_promotion_rejected" file="D:\meem-commerce\tests\Feature\PricingProductionHardenTest.php" line="314" class="Tests\Feature\PricingProductionHardenTest" classname="Tests.Feature.PricingProductionHardenTest" assertions="1" time="0.005311"/>
        <testcase name="percentage_coupon_calculated_correctly" file="D:\meem-commerce\tests\Feature\PricingProductionHardenTest.php" line="340" class="Tests\Feature\PricingProductionHardenTest" classname="Tests.Feature.PricingProductionHardenTest" assertions="3" time="0.002433"/>
        <testcase name="fixed_coupon_calculated_correctly" file="D:\meem-commerce\tests\Feature\PricingProductionHardenTest.php" line="361" class="Tests\Feature\PricingProductionHardenTest" classname="Tests.Feature.PricingProductionHardenTest" assertions="2" time="0.002361"/>
        <testcase name="coupon_with_max_discount_amount_capped" file="D:\meem-commerce\tests\Feature\PricingProductionHardenTest.php" line="381" class="Tests\Feature\PricingProductionHardenTest" classname="Tests.Feature.PricingProductionHardenTest" assertions="2" time="0.002604"/>
        <testcase name="free_shipping_coupon_has_no_monetary_discount" file="D:\meem-commerce\tests\Feature\PricingProductionHardenTest.php" line="402" class="Tests\Feature\PricingProductionHardenTest" classname="Tests.Feature.PricingProductionHardenTest" assertions="3" time="0.002890"/>
        <testcase name="expired_coupon_is_rejected_by_orchestrator" file="D:\meem-commerce\tests\Feature\PricingProductionHardenTest.php" line="423" class="Tests\Feature\PricingProductionHardenTest" classname="Tests.Feature.PricingProductionHardenTest" assertions="1" time="0.003015"/>
        <testcase name="duplicate_coupon_usage_blocked" file="D:\meem-commerce\tests\Feature\PricingProductionHardenTest.php" line="443" class="Tests\Feature\PricingProductionHardenTest" classname="Tests.Feature.PricingProductionHardenTest" assertions="2" time="0.004043"/>
        <testcase name="checkout_stores_price_snapshot" file="D:\meem-commerce\tests\Feature\PricingProductionHardenTest.php" line="471" class="Tests\Feature\PricingProductionHardenTest" classname="Tests.Feature.PricingProductionHardenTest" assertions="6" time="0.018011"/>
        <testcase name="changing_product_price_after_order_does_not_change_order" file="D:\meem-commerce\tests\Feature\PricingProductionHardenTest.php" line="496" class="Tests\Feature\PricingProductionHardenTest" classname="Tests.Feature.PricingProductionHardenTest" assertions="2" time="0.019995"/>
        <testcase name="client_cannot_override_total" file="D:\meem-commerce\tests\Feature\PricingProductionHardenTest.php" line="521" class="Tests\Feature\PricingProductionHardenTest" classname="Tests.Feature.PricingProductionHardenTest" assertions="2" time="0.018087"/>
        <testcase name="negative_discount_rejected" file="D:\meem-commerce\tests\Feature\PricingProductionHardenTest.php" line="543" class="Tests\Feature\PricingProductionHardenTest" classname="Tests.Feature.PricingProductionHardenTest" assertions="2" time="0.002028"/>
        <testcase name="huge_quantity_does_not_overflow" file="D:\meem-commerce\tests\Feature\PricingProductionHardenTest.php" line="563" class="Tests\Feature\PricingProductionHardenTest" classname="Tests.Feature.PricingProductionHardenTest" assertions="1" time="0.020954"/>
        <testcase name="zero_price_product_does_not_break_checkout" file="D:\meem-commerce\tests\Feature\PricingProductionHardenTest.php" line="612" class="Tests\Feature\PricingProductionHardenTest" classname="Tests.Feature.PricingProductionHardenTest" assertions="3" time="0.020057"/>
        <testcase name="price_fields_are_float_type" file="D:\meem-commerce\tests\Feature\PricingProductionHardenTest.php" line="660" class="Tests\Feature\PricingProductionHardenTest" classname="Tests.Feature.PricingProductionHardenTest" assertions="9" time="0.019878"/>
        <testcase name="expired_coupon_in_cart_is_removed_at_checkout" file="D:\meem-commerce\tests\Feature\PricingProductionHardenTest.php" line="693" class="Tests\Feature\PricingProductionHardenTest" classname="Tests.Feature.PricingProductionHardenTest" assertions="4" time="0.020935"/>
        <testcase name="disabled_coupon_in_cart_is_removed_at_checkout" file="D:\meem-commerce\tests\Feature\PricingProductionHardenTest.php" line="730" class="Tests\Feature\PricingProductionHardenTest" classname="Tests.Feature.PricingProductionHardenTest" assertions="3" time="0.020951"/>
        <testcase name="variant_pricing_applies_parent_product_discount" file="D:\meem-commerce\tests\Feature\PricingProductionHardenTest.php" line="767" class="Tests\Feature\PricingProductionHardenTest" classname="Tests.Feature.PricingProductionHardenTest" assertions="1" time="0.003799"/>
        <testcase name="variant_with_flash_sale_suppresses_discount" file="D:\meem-commerce\tests\Feature\PricingProductionHardenTest.php" line="786" class="Tests\Feature\PricingProductionHardenTest" classname="Tests.Feature.PricingProductionHardenTest" assertions="1" time="0.009883"/>
        <testcase name="order_item_snapshot_suppresses_discount_price_when_flash_sale_active" file="D:\meem-commerce\tests\Feature\PricingProductionHardenTest.php" line="829" class="Tests\Feature\PricingProductionHardenTest" classname="Tests.Feature.PricingProductionHardenTest" assertions="4" time="0.012810"/>
        <testcase name="concurrent_coupon_usage_blocked_by_limiter" file="D:\meem-commerce\tests\Feature\PricingProductionHardenTest.php" line="907" class="Tests\Feature\PricingProductionHardenTest" classname="Tests.Feature.PricingProductionHardenTest" assertions="3" time="0.008684"/>
        <testcase name="concurrent_coupon_usage_for_different_users" file="D:\meem-commerce\tests\Feature\PricingProductionHardenTest.php" line="938" class="Tests\Feature\PricingProductionHardenTest" classname="Tests.Feature.PricingProductionHardenTest" assertions="2" time="0.005318"/>
        <testcase name="product_stock_reservation_prevents_overselling" file="D:\meem-commerce\tests\Feature\PricingProductionHardenTest.php" line="966" class="Tests\Feature\PricingProductionHardenTest" classname="Tests.Feature.PricingProductionHardenTest" assertions="1" time="0.006582"/>
        <testcase name="flash_sale_starting_tomorrow_is_not_active_today" file="D:\meem-commerce\tests\Feature\PricingProductionHardenTest.php" line="1012" class="Tests\Feature\PricingProductionHardenTest" classname="Tests.Feature.PricingProductionHardenTest" assertions="2" time="0.007114"/>
        <testcase name="flash_sale_that_ended_yesterday_is_not_active_today" file="D:\meem-commerce\tests\Feature\PricingProductionHardenTest.php" line="1053" class="Tests\Feature\PricingProductionHardenTest" classname="Tests.Feature.PricingProductionHardenTest" assertions="2" time="0.007366"/>
        <testcase name="coupon_applied_on_top_of_promotion_reduces_final_total" file="D:\meem-commerce\tests\Feature\PricingProductionHardenTest.php" line="1096" class="Tests\Feature\PricingProductionHardenTest" classname="Tests.Feature.PricingProductionHardenTest" assertions="3" time="0.010527"/>
      </testsuite>
      <testsuite name="Tests\Feature\ProductAdminTest" file="D:\meem-commerce\tests\Feature\ProductAdminTest.php" tests="17" assertions="17" errors="0" failures="0" skipped="0" time="0.125456">
        <testcase name="test_create_product_requires_admin" file="D:\meem-commerce\tests\Feature\ProductAdminTest.php" line="86" class="Tests\Feature\ProductAdminTest" classname="Tests.Feature.ProductAdminTest" assertions="1" time="0.004644"/>
        <testcase name="test_create_product_requires_auth" file="D:\meem-commerce\tests\Feature\ProductAdminTest.php" line="96" class="Tests\Feature\ProductAdminTest" classname="Tests.Feature.ProductAdminTest" assertions="1" time="0.002188"/>
        <testcase name="test_create_product_validates_required_fields" file="D:\meem-commerce\tests\Feature\ProductAdminTest.php" line="104" class="Tests\Feature\ProductAdminTest" classname="Tests.Feature.ProductAdminTest" assertions="1" time="0.005836"/>
        <testcase name="test_create_product_requires_name" file="D:\meem-commerce\tests\Feature\ProductAdminTest.php" line="117" class="Tests\Feature\ProductAdminTest" classname="Tests.Feature.ProductAdminTest" assertions="1" time="0.004803"/>
        <testcase name="test_create_product_requires_price" file="D:\meem-commerce\tests\Feature\ProductAdminTest.php" line="126" class="Tests\Feature\ProductAdminTest" classname="Tests.Feature.ProductAdminTest" assertions="1" time="0.005520"/>
        <testcase name="test_update_product_requires_admin" file="D:\meem-commerce\tests\Feature\ProductAdminTest.php" line="139" class="Tests\Feature\ProductAdminTest" classname="Tests.Feature.ProductAdminTest" assertions="1" time="0.005184"/>
        <testcase name="test_update_product_changes_price" file="D:\meem-commerce\tests\Feature\ProductAdminTest.php" line="157" class="Tests\Feature\ProductAdminTest" classname="Tests.Feature.ProductAdminTest" assertions="1" time="0.012937"/>
        <testcase name="test_update_nonexistent_product_returns_404" file="D:\meem-commerce\tests\Feature\ProductAdminTest.php" line="175" class="Tests\Feature\ProductAdminTest" classname="Tests.Feature.ProductAdminTest" assertions="1" time="0.004260"/>
        <testcase name="test_delete_product_requires_admin" file="D:\meem-commerce\tests\Feature\ProductAdminTest.php" line="188" class="Tests\Feature\ProductAdminTest" classname="Tests.Feature.ProductAdminTest" assertions="1" time="0.005476"/>
        <testcase name="test_delete_product_success" file="D:\meem-commerce\tests\Feature\ProductAdminTest.php" line="203" class="Tests\Feature\ProductAdminTest" classname="Tests.Feature.ProductAdminTest" assertions="1" time="0.006372"/>
        <testcase name="test_delete_nonexistent_product_returns_404" file="D:\meem-commerce\tests\Feature\ProductAdminTest.php" line="218" class="Tests\Feature\ProductAdminTest" classname="Tests.Feature.ProductAdminTest" assertions="1" time="0.003744"/>
        <testcase name="test_public_product_list_returns_paginated_results" file="D:\meem-commerce\tests\Feature\ProductAdminTest.php" line="229" class="Tests\Feature\ProductAdminTest" classname="Tests.Feature.ProductAdminTest" assertions="1" time="0.011794"/>
        <testcase name="test_public_product_list_filters_by_type" file="D:\meem-commerce\tests\Feature\ProductAdminTest.php" line="243" class="Tests\Feature\ProductAdminTest" classname="Tests.Feature.ProductAdminTest" assertions="1" time="0.014675"/>
        <testcase name="test_public_product_by_slug" file="D:\meem-commerce\tests\Feature\ProductAdminTest.php" line="262" class="Tests\Feature\ProductAdminTest" classname="Tests.Feature.ProductAdminTest" assertions="1" time="0.009564"/>
        <testcase name="test_public_product_by_slug_returns_404_for_missing" file="D:\meem-commerce\tests\Feature\ProductAdminTest.php" line="279" class="Tests\Feature\ProductAdminTest" classname="Tests.Feature.ProductAdminTest" assertions="1" time="0.003913"/>
        <testcase name="test_admin_can_toggle_product_status" file="D:\meem-commerce\tests\Feature\ProductAdminTest.php" line="289" class="Tests\Feature\ProductAdminTest" classname="Tests.Feature.ProductAdminTest" assertions="1" time="0.012835"/>
        <testcase name="test_inactive_product_not_in_public_list" file="D:\meem-commerce\tests\Feature\ProductAdminTest.php" line="308" class="Tests\Feature\ProductAdminTest" classname="Tests.Feature.ProductAdminTest" assertions="1" time="0.011712"/>
      </testsuite>
      <testsuite name="Tests\Feature\ProductCrudTest" file="D:\meem-commerce\tests\Feature\ProductCrudTest.php" tests="62" assertions="84" errors="0" failures="0" skipped="0" time="0.435779">
        <testcase name="test_guest_cannot_list_products" file="D:\meem-commerce\tests\Feature\ProductCrudTest.php" line="157" class="Tests\Feature\ProductCrudTest" classname="Tests.Feature.ProductCrudTest" assertions="1" time="0.003944"/>
        <testcase name="test_guest_cannot_show_product" file="D:\meem-commerce\tests\Feature\ProductCrudTest.php" line="163" class="Tests\Feature\ProductCrudTest" classname="Tests.Feature.ProductCrudTest" assertions="1" time="0.004592"/>
        <testcase name="test_guest_cannot_create_product" file="D:\meem-commerce\tests\Feature\ProductCrudTest.php" line="170" class="Tests\Feature\ProductCrudTest" classname="Tests.Feature.ProductCrudTest" assertions="1" time="0.002496"/>
        <testcase name="test_guest_cannot_update_product" file="D:\meem-commerce\tests\Feature\ProductCrudTest.php" line="178" class="Tests\Feature\ProductCrudTest" classname="Tests.Feature.ProductCrudTest" assertions="1" time="0.003977"/>
        <testcase name="test_guest_cannot_delete_product" file="D:\meem-commerce\tests\Feature\ProductCrudTest.php" line="187" class="Tests\Feature\ProductCrudTest" classname="Tests.Feature.ProductCrudTest" assertions="1" time="0.003572"/>
        <testcase name="test_view_only_user_cannot_create" file="D:\meem-commerce\tests\Feature\ProductCrudTest.php" line="198" class="Tests\Feature\ProductCrudTest" classname="Tests.Feature.ProductCrudTest" assertions="1" time="0.003520"/>
        <testcase name="test_view_only_user_cannot_update" file="D:\meem-commerce\tests\Feature\ProductCrudTest.php" line="207" class="Tests\Feature\ProductCrudTest" classname="Tests.Feature.ProductCrudTest" assertions="1" time="0.006136"/>
        <testcase name="test_view_only_user_cannot_delete" file="D:\meem-commerce\tests\Feature\ProductCrudTest.php" line="217" class="Tests\Feature\ProductCrudTest" classname="Tests.Feature.ProductCrudTest" assertions="1" time="0.005380"/>
        <testcase name="test_no_perm_user_cannot_list" file="D:\meem-commerce\tests\Feature\ProductCrudTest.php" line="225" class="Tests\Feature\ProductCrudTest" classname="Tests.Feature.ProductCrudTest" assertions="1" time="0.004082"/>
        <testcase name="test_admin_can_list_products" file="D:\meem-commerce\tests\Feature\ProductCrudTest.php" line="236" class="Tests\Feature\ProductCrudTest" classname="Tests.Feature.ProductCrudTest" assertions="1" time="0.029012"/>
        <testcase name="test_list_products_paginates" file="D:\meem-commerce\tests\Feature\ProductCrudTest.php" line="245" class="Tests\Feature\ProductCrudTest" classname="Tests.Feature.ProductCrudTest" assertions="3" time="0.017588"/>
        <testcase name="test_admin_can_show_product_by_id" file="D:\meem-commerce\tests\Feature\ProductCrudTest.php" line="262" class="Tests\Feature\ProductCrudTest" classname="Tests.Feature.ProductCrudTest" assertions="3" time="0.010562"/>
        <testcase name="test_show_nonexistent_product_returns_404" file="D:\meem-commerce\tests\Feature\ProductCrudTest.php" line="273" class="Tests\Feature\ProductCrudTest" classname="Tests.Feature.ProductCrudTest" assertions="1" time="0.004457"/>
        <testcase name="test_create_product_requires_name" file="D:\meem-commerce\tests\Feature\ProductCrudTest.php" line="284" class="Tests\Feature\ProductCrudTest" classname="Tests.Feature.ProductCrudTest" assertions="1" time="0.005272"/>
        <testcase name="test_create_product_requires_description" file="D:\meem-commerce\tests\Feature\ProductCrudTest.php" line="291" class="Tests\Feature\ProductCrudTest" classname="Tests.Feature.ProductCrudTest" assertions="1" time="0.007221"/>
        <testcase name="test_create_product_requires_categories" file="D:\meem-commerce\tests\Feature\ProductCrudTest.php" line="300" class="Tests\Feature\ProductCrudTest" classname="Tests.Feature.ProductCrudTest" assertions="1" time="0.005215"/>
        <testcase name="test_create_product_requires_images" file="D:\meem-commerce\tests\Feature\ProductCrudTest.php" line="310" class="Tests\Feature\ProductCrudTest" classname="Tests.Feature.ProductCrudTest" assertions="1" time="0.022211"/>
        <testcase name="test_create_product_requires_product_type" file="D:\meem-commerce\tests\Feature\ProductCrudTest.php" line="321" class="Tests\Feature\ProductCrudTest" classname="Tests.Feature.ProductCrudTest" assertions="1" time="0.006310"/>
        <testcase name="test_create_product_requires_in_stock" file="D:\meem-commerce\tests\Feature\ProductCrudTest.php" line="333" class="Tests\Feature\ProductCrudTest" classname="Tests.Feature.ProductCrudTest" assertions="1" time="0.006579"/>
        <testcase name="test_create_product_requires_has_discount" file="D:\meem-commerce\tests\Feature\ProductCrudTest.php" line="346" class="Tests\Feature\ProductCrudTest" classname="Tests.Feature.ProductCrudTest" assertions="1" time="0.006065"/>
        <testcase name="test_create_product_requires_has_flash_sale" file="D:\meem-commerce\tests\Feature\ProductCrudTest.php" line="360" class="Tests\Feature\ProductCrudTest" classname="Tests.Feature.ProductCrudTest" assertions="1" time="0.006098"/>
        <testcase name="test_create_product_validates_invalid_product_type" file="D:\meem-commerce\tests\Feature\ProductCrudTest.php" line="375" class="Tests\Feature\ProductCrudTest" classname="Tests.Feature.ProductCrudTest" assertions="1" time="0.010456"/>
        <testcase name="test_create_product_validates_invalid_category" file="D:\meem-commerce\tests\Feature\ProductCrudTest.php" line="391" class="Tests\Feature\ProductCrudTest" classname="Tests.Feature.ProductCrudTest" assertions="1" time="0.007454"/>
        <testcase name="test_admin_can_update_product_price" file="D:\meem-commerce\tests\Feature\ProductCrudTest.php" line="411" class="Tests\Feature\ProductCrudTest" classname="Tests.Feature.ProductCrudTest" assertions="1" time="0.030757"/>
        <testcase name="test_update_product_status" file="D:\meem-commerce\tests\Feature\ProductCrudTest.php" line="421" class="Tests\Feature\ProductCrudTest" classname="Tests.Feature.ProductCrudTest" assertions="1" time="0.012628"/>
        <testcase name="test_update_nonexistent_product_returns_404" file="D:\meem-commerce\tests\Feature\ProductCrudTest.php" line="431" class="Tests\Feature\ProductCrudTest" classname="Tests.Feature.ProductCrudTest" assertions="1" time="0.004565"/>
        <testcase name="test_update_product_validates_invalid_status" file="D:\meem-commerce\tests\Feature\ProductCrudTest.php" line="440" class="Tests\Feature\ProductCrudTest" classname="Tests.Feature.ProductCrudTest" assertions="1" time="0.006297"/>
        <testcase name="test_admin_can_delete_product" file="D:\meem-commerce\tests\Feature\ProductCrudTest.php" line="454" class="Tests\Feature\ProductCrudTest" classname="Tests.Feature.ProductCrudTest" assertions="1" time="0.006406"/>
        <testcase name="test_delete_nonexistent_product_returns_404" file="D:\meem-commerce\tests\Feature\ProductCrudTest.php" line="462" class="Tests\Feature\ProductCrudTest" classname="Tests.Feature.ProductCrudTest" assertions="1" time="0.003782"/>
        <testcase name="test_delete_product_soft_deletes" file="D:\meem-commerce\tests\Feature\ProductCrudTest.php" line="469" class="Tests\Feature\ProductCrudTest" classname="Tests.Feature.ProductCrudTest" assertions="1" time="0.006798"/>
        <testcase name="test_guest_cannot_bulk_delete_products" file="D:\meem-commerce\tests\Feature\ProductCrudTest.php" line="482" class="Tests\Feature\ProductCrudTest" classname="Tests.Feature.ProductCrudTest" assertions="1" time="0.003137"/>
        <testcase name="test_admin_can_bulk_delete_products" file="D:\meem-commerce\tests\Feature\ProductCrudTest.php" line="490" class="Tests\Feature\ProductCrudTest" classname="Tests.Feature.ProductCrudTest" assertions="1" time="0.010460"/>
        <testcase name="test_bulk_delete_requires_ids" file="D:\meem-commerce\tests\Feature\ProductCrudTest.php" line="501" class="Tests\Feature\ProductCrudTest" classname="Tests.Feature.ProductCrudTest" assertions="1" time="0.003711"/>
        <testcase name="test_guest_cannot_delete_all_products" file="D:\meem-commerce\tests\Feature\ProductCrudTest.php" line="512" class="Tests\Feature\ProductCrudTest" classname="Tests.Feature.ProductCrudTest" assertions="1" time="0.002527"/>
        <testcase name="test_admin_can_delete_all_products" file="D:\meem-commerce\tests\Feature\ProductCrudTest.php" line="518" class="Tests\Feature\ProductCrudTest" classname="Tests.Feature.ProductCrudTest" assertions="1" time="0.009219"/>
        <testcase name="test_guest_cannot_import_products" file="D:\meem-commerce\tests\Feature\ProductCrudTest.php" line="531" class="Tests\Feature\ProductCrudTest" classname="Tests.Feature.ProductCrudTest" assertions="1" time="0.002508"/>
        <testcase name="test_guest_cannot_get_import_status" file="D:\meem-commerce\tests\Feature\ProductCrudTest.php" line="537" class="Tests\Feature\ProductCrudTest" classname="Tests.Feature.ProductCrudTest" assertions="1" time="0.002721"/>
        <testcase name="test_guest_cannot_cancel_import" file="D:\meem-commerce\tests\Feature\ProductCrudTest.php" line="543" class="Tests\Feature\ProductCrudTest" classname="Tests.Feature.ProductCrudTest" assertions="1" time="0.002091"/>
        <testcase name="test_guest_cannot_download_import_errors" file="D:\meem-commerce\tests\Feature\ProductCrudTest.php" line="549" class="Tests\Feature\ProductCrudTest" classname="Tests.Feature.ProductCrudTest" assertions="1" time="0.025132"/>
        <testcase name="test_import_status_returns_import_data" file="D:\meem-commerce\tests\Feature\ProductCrudTest.php" line="559" class="Tests\Feature\ProductCrudTest" classname="Tests.Feature.ProductCrudTest" assertions="1" time="0.004757"/>
        <testcase name="test_import_status_nonexistent_returns_404" file="D:\meem-commerce\tests\Feature\ProductCrudTest.php" line="574" class="Tests\Feature\ProductCrudTest" classname="Tests.Feature.ProductCrudTest" assertions="1" time="0.004257"/>
        <testcase name="test_import_cancel_pending_import" file="D:\meem-commerce\tests\Feature\ProductCrudTest.php" line="585" class="Tests\Feature\ProductCrudTest" classname="Tests.Feature.ProductCrudTest" assertions="1" time="0.005157"/>
        <testcase name="test_import_cancel_nonexistent_returns_404" file="D:\meem-commerce\tests\Feature\ProductCrudTest.php" line="599" class="Tests\Feature\ProductCrudTest" classname="Tests.Feature.ProductCrudTest" assertions="1" time="0.003263"/>
        <testcase name="test_import_download_errors_nonexistent_returns_404" file="D:\meem-commerce\tests\Feature\ProductCrudTest.php" line="610" class="Tests\Feature\ProductCrudTest" classname="Tests.Feature.ProductCrudTest" assertions="1" time="0.003890"/>
        <testcase name="test_guest_cannot_list_reviews" file="D:\meem-commerce\tests\Feature\ProductCrudTest.php" line="621" class="Tests\Feature\ProductCrudTest" classname="Tests.Feature.ProductCrudTest" assertions="1" time="0.004281"/>
        <testcase name="test_guest_cannot_create_review" file="D:\meem-commerce\tests\Feature\ProductCrudTest.php" line="627" class="Tests\Feature\ProductCrudTest" classname="Tests.Feature.ProductCrudTest" assertions="1" time="0.003352"/>
        <testcase name="test_guest_cannot_show_review" file="D:\meem-commerce\tests\Feature\ProductCrudTest.php" line="636" class="Tests\Feature\ProductCrudTest" classname="Tests.Feature.ProductCrudTest" assertions="1" time="0.003355"/>
        <testcase name="test_guest_cannot_update_review" file="D:\meem-commerce\tests\Feature\ProductCrudTest.php" line="642" class="Tests\Feature\ProductCrudTest" classname="Tests.Feature.ProductCrudTest" assertions="1" time="0.002018"/>
        <testcase name="test_guest_cannot_delete_review" file="D:\meem-commerce\tests\Feature\ProductCrudTest.php" line="650" class="Tests\Feature\ProductCrudTest" classname="Tests.Feature.ProductCrudTest" assertions="1" time="0.002620"/>
        <testcase name="test_guest_cannot_toggle_approve_review" file="D:\meem-commerce\tests\Feature\ProductCrudTest.php" line="656" class="Tests\Feature\ProductCrudTest" classname="Tests.Feature.ProductCrudTest" assertions="1" time="0.002355"/>
        <testcase name="test_admin_can_list_reviews" file="D:\meem-commerce\tests\Feature\ProductCrudTest.php" line="666" class="Tests\Feature\ProductCrudTest" classname="Tests.Feature.ProductCrudTest" assertions="1" time="0.006870"/>
        <testcase name="test_list_reviews_requires_product_id" file="D:\meem-commerce\tests\Feature\ProductCrudTest.php" line="675" class="Tests\Feature\ProductCrudTest" classname="Tests.Feature.ProductCrudTest" assertions="1" time="0.003732"/>
        <testcase name="test_admin_can_show_review" file="D:\meem-commerce\tests\Feature\ProductCrudTest.php" line="686" class="Tests\Feature\ProductCrudTest" classname="Tests.Feature.ProductCrudTest" assertions="1" time="0.006766"/>
        <testcase name="test_show_nonexistent_review_returns_404" file="D:\meem-commerce\tests\Feature\ProductCrudTest.php" line="695" class="Tests\Feature\ProductCrudTest" classname="Tests.Feature.ProductCrudTest" assertions="1" time="0.003708"/>
        <testcase name="test_admin_can_toggle_review_approval" file="D:\meem-commerce\tests\Feature\ProductCrudTest.php" line="706" class="Tests\Feature\ProductCrudTest" classname="Tests.Feature.ProductCrudTest" assertions="1" time="0.006629"/>
        <testcase name="test_toggle_approve_nonexistent_review_returns_error" file="D:\meem-commerce\tests\Feature\ProductCrudTest.php" line="715" class="Tests\Feature\ProductCrudTest" classname="Tests.Feature.ProductCrudTest" assertions="1" time="0.002990"/>
        <testcase name="test_admin_can_delete_review" file="D:\meem-commerce\tests\Feature\ProductCrudTest.php" line="726" class="Tests\Feature\ProductCrudTest" classname="Tests.Feature.ProductCrudTest" assertions="1" time="0.005976"/>
        <testcase name="test_delete_nonexistent_review_returns_404" file="D:\meem-commerce\tests\Feature\ProductCrudTest.php" line="735" class="Tests\Feature\ProductCrudTest" classname="Tests.Feature.ProductCrudTest" assertions="1" time="0.003440"/>
        <testcase name="test_product_list_response_structure" file="D:\meem-commerce\tests\Feature\ProductCrudTest.php" line="746" class="Tests\Feature\ProductCrudTest" classname="Tests.Feature.ProductCrudTest" assertions="11" time="0.008787"/>
        <testcase name="test_product_show_response_structure" file="D:\meem-commerce\tests\Feature\ProductCrudTest.php" line="761" class="Tests\Feature\ProductCrudTest" classname="Tests.Feature.ProductCrudTest" assertions="9" time="0.010250"/>
        <testcase name="test_create_product_returns_english_message" file="D:\meem-commerce\tests\Feature\ProductCrudTest.php" line="778" class="Tests\Feature\ProductCrudTest" classname="Tests.Feature.ProductCrudTest" assertions="1" time="0.016185"/>
        <testcase name="test_delete_uses_correct_translation_key" file="D:\meem-commerce\tests\Feature\ProductCrudTest.php" line="797" class="Tests\Feature\ProductCrudTest" classname="Tests.Feature.ProductCrudTest" assertions="1" time="0.006203"/>
      </testsuite>
      <testsuite name="Tests\Feature\ProductExportTest" file="D:\meem-commerce\tests\Feature\ProductExportTest.php" tests="4" assertions="4" errors="0" failures="3" skipped="0" time="0.078374">
        <testcase name="test_unauthenticated_user_cannot_export" file="D:\meem-commerce\tests\Feature\ProductExportTest.php" line="65" class="Tests\Feature\ProductExportTest" classname="Tests.Feature.ProductExportTest" assertions="1" time="0.002782"/>
        <testcase name="test_export_returns_excel_file" file="D:\meem-commerce\tests\Feature\ProductExportTest.php" line="72" class="Tests\Feature\ProductExportTest" classname="Tests.Feature.ProductExportTest" assertions="1" time="0.017620">
          <failure type="PHPUnit\Framework\ExpectationFailedException">Tests\Feature\ProductExportTest::test_export_returns_excel_file&#13;
Expected response status code [200] but received 404.
Failed asserting that 200 is identical to 404.
&#13;
D:\meem-commerce\vendor\laravel\framework\src\Illuminate\Testing\TestResponse.php:146
D:\meem-commerce\vendor\laravel\framework\src\Illuminate\Testing\Concerns\AssertsStatusCodes.php:16
D:\meem-commerce\tests\Feature\ProductExportTest.php:91
D:\meem-commerce\vendor\laravel\framework\src\Illuminate\Foundation\Testing\TestCase.php:174</failure>
        </testcase>
        <testcase name="test_export_with_filters" file="D:\meem-commerce\tests\Feature\ProductExportTest.php" line="95" class="Tests\Feature\ProductExportTest" classname="Tests.Feature.ProductExportTest" assertions="1" time="0.040940">
          <failure type="PHPUnit\Framework\ExpectationFailedException">Tests\Feature\ProductExportTest::test_export_with_filters&#13;
Expected response status code [200] but received 404.
Failed asserting that 200 is identical to 404.
&#13;
D:\meem-commerce\vendor\laravel\framework\src\Illuminate\Testing\TestResponse.php:146
D:\meem-commerce\vendor\laravel\framework\src\Illuminate\Testing\Concerns\AssertsStatusCodes.php:16
D:\meem-commerce\tests\Feature\ProductExportTest.php:126
D:\meem-commerce\vendor\laravel\framework\src\Illuminate\Foundation\Testing\TestCase.php:174</failure>
        </testcase>
        <testcase name="test_export_validates_invalid_product_type" file="D:\meem-commerce\tests\Feature\ProductExportTest.php" line="129" class="Tests\Feature\ProductExportTest" classname="Tests.Feature.ProductExportTest" assertions="1" time="0.017030">
          <failure type="PHPUnit\Framework\ExpectationFailedException">Tests\Feature\ProductExportTest::test_export_validates_invalid_product_type&#13;
Expected response status code [422] but received 404.
Failed asserting that 422 is identical to 404.
&#13;
D:\meem-commerce\vendor\laravel\framework\src\Illuminate\Testing\TestResponse.php:146
D:\meem-commerce\tests\Feature\ProductExportTest.php:136
D:\meem-commerce\vendor\laravel\framework\src\Illuminate\Foundation\Testing\TestCase.php:174</failure>
        </testcase>
      </testsuite>
      <testsuite name="Tests\Feature\ProductFilterTest" file="D:\meem-commerce\tests\Feature\ProductFilterTest.php" tests="2" assertions="27" errors="0" failures="1" skipped="0" time="0.135127">
        <testcase name="test_products_endpoint_filters_listings_accurately" file="D:\meem-commerce\tests\Feature\ProductFilterTest.php" line="18" class="Tests\Feature\ProductFilterTest" classname="Tests.Feature.ProductFilterTest" assertions="19" time="0.093733">
          <failure type="PHPUnit\Framework\ExpectationFailedException">Tests\Feature\ProductFilterTest::test_products_endpoint_filters_listings_accurately&#13;
Failed asserting that an array does not have the key 'filters'.
&#13;
D:\meem-commerce\tests\Feature\ProductFilterTest.php:96
D:\meem-commerce\vendor\laravel\framework\src\Illuminate\Foundation\Testing\TestCase.php:174</failure>
        </testcase>
        <testcase name="test_attribute_filter_works_with_any_locale_value" file="D:\meem-commerce\tests\Feature\ProductFilterTest.php" line="99" class="Tests\Feature\ProductFilterTest" classname="Tests.Feature.ProductFilterTest" assertions="8" time="0.041394"/>
      </testsuite>
      <testsuite name="Tests\Feature\ProductImportTest" file="D:\meem-commerce\tests\Feature\ProductImportTest.php" tests="34" assertions="111" errors="0" failures="0" skipped="0" time="0.875911">
        <testcase name="test_unauthenticated_user_cannot_import" file="D:\meem-commerce\tests\Feature\ProductImportTest.php" line="122" class="Tests\Feature\ProductImportTest" classname="Tests.Feature.ProductImportTest" assertions="1" time="0.002328"/>
        <testcase name="test_import_validates_required_fields" file="D:\meem-commerce\tests\Feature\ProductImportTest.php" line="129" class="Tests\Feature\ProductImportTest" classname="Tests.Feature.ProductImportTest" assertions="3" time="0.019606"/>
        <testcase name="test_import_validates_file_type" file="D:\meem-commerce\tests\Feature\ProductImportTest.php" line="140" class="Tests\Feature\ProductImportTest" classname="Tests.Feature.ProductImportTest" assertions="3" time="0.019947"/>
        <testcase name="test_import_dispatches_job_and_returns_202" file="D:\meem-commerce\tests\Feature\ProductImportTest.php" line="155" class="Tests\Feature\ProductImportTest" classname="Tests.Feature.ProductImportTest" assertions="7" time="0.038621"/>
        <testcase name="test_can_fetch_import_status" file="D:\meem-commerce\tests\Feature\ProductImportTest.php" line="182" class="Tests\Feature\ProductImportTest" classname="Tests.Feature.ProductImportTest" assertions="5" time="0.041450"/>
        <testcase name="test_returns_404_for_nonexistent_import" file="D:\meem-commerce\tests\Feature\ProductImportTest.php" line="208" class="Tests\Feature\ProductImportTest" classname="Tests.Feature.ProductImportTest" assertions="1" time="0.019263"/>
        <testcase name="test_download_errors_returns_file_when_errors_exist" file="D:\meem-commerce\tests\Feature\ProductImportTest.php" line="218" class="Tests\Feature\ProductImportTest" classname="Tests.Feature.ProductImportTest" assertions="1" time="0.085706"/>
        <testcase name="test_download_errors_returns_404_when_no_errors" file="D:\meem-commerce\tests\Feature\ProductImportTest.php" line="243" class="Tests\Feature\ProductImportTest" classname="Tests.Feature.ProductImportTest" assertions="1" time="0.018739"/>
        <testcase name="test_process_product_row_creates_product_in_database" file="D:\meem-commerce\tests\Feature\ProductImportTest.php" line="266" class="Tests\Feature\ProductImportTest" classname="Tests.Feature.ProductImportTest" assertions="4" time="0.004756"/>
        <testcase name="test_process_product_row_updates_existing_product" file="D:\meem-commerce\tests\Feature\ProductImportTest.php" line="292" class="Tests\Feature\ProductImportTest" classname="Tests.Feature.ProductImportTest" assertions="2" time="0.005816"/>
        <testcase name="test_process_product_row_handles_empty_sku" file="D:\meem-commerce\tests\Feature\ProductImportTest.php" line="331" class="Tests\Feature\ProductImportTest" classname="Tests.Feature.ProductImportTest" assertions="2" time="0.003299"/>
        <testcase name="test_process_product_row_tracks_failures" file="D:\meem-commerce\tests\Feature\ProductImportTest.php" line="351" class="Tests\Feature\ProductImportTest" classname="Tests.Feature.ProductImportTest" assertions="4" time="0.002884"/>
        <testcase name="test_service_tracks_success_and_failure_counts" file="D:\meem-commerce\tests\Feature\ProductImportTest.php" line="374" class="Tests\Feature\ProductImportTest" classname="Tests.Feature.ProductImportTest" assertions="4" time="0.005448"/>
        <testcase name="test_service_does_not_update_db_progress_without_import_id" file="D:\meem-commerce\tests\Feature\ProductImportTest.php" line="411" class="Tests\Feature\ProductImportTest" classname="Tests.Feature.ProductImportTest" assertions="3" time="0.009163"/>
        <testcase name="test_signal_progress_written_every_row_db_at_threshold" file="D:\meem-commerce\tests\Feature\ProductImportTest.php" line="454" class="Tests\Feature\ProductImportTest" classname="Tests.Feature.ProductImportTest" assertions="8" time="0.113015"/>
        <testcase name="test_service_finalizeProgress_flushes_remaining_rows" file="D:\meem-commerce\tests\Feature\ProductImportTest.php" line="523" class="Tests\Feature\ProductImportTest" classname="Tests.Feature.ProductImportTest" assertions="4" time="0.038543"/>
        <testcase name="test_progress_includes_both_success_and_failure_counts" file="D:\meem-commerce\tests\Feature\ProductImportTest.php" line="571" class="Tests\Feature\ProductImportTest" classname="Tests.Feature.ProductImportTest" assertions="7" time="0.185028"/>
        <testcase name="test_unauthenticated_user_cannot_cancel_import" file="D:\meem-commerce\tests\Feature\ProductImportTest.php" line="635" class="Tests\Feature\ProductImportTest" classname="Tests.Feature.ProductImportTest" assertions="1" time="0.002152"/>
        <testcase name="test_cancel_import_returns_success" file="D:\meem-commerce\tests\Feature\ProductImportTest.php" line="642" class="Tests\Feature\ProductImportTest" classname="Tests.Feature.ProductImportTest" assertions="6" time="0.019580"/>
        <testcase name="test_cannot_cancel_completed_import" file="D:\meem-commerce\tests\Feature\ProductImportTest.php" line="671" class="Tests\Feature\ProductImportTest" classname="Tests.Feature.ProductImportTest" assertions="1" time="0.019780"/>
        <testcase name="test_cannot_cancel_failed_import" file="D:\meem-commerce\tests\Feature\ProductImportTest.php" line="693" class="Tests\Feature\ProductImportTest" classname="Tests.Feature.ProductImportTest" assertions="1" time="0.018508"/>
        <testcase name="test_cannot_cancel_nonexistent_import" file="D:\meem-commerce\tests\Feature\ProductImportTest.php" line="715" class="Tests\Feature\ProductImportTest" classname="Tests.Feature.ProductImportTest" assertions="1" time="0.017854"/>
        <testcase name="test_cancelled_import_job_does_not_process" file="D:\meem-commerce\tests\Feature\ProductImportTest.php" line="725" class="Tests\Feature\ProductImportTest" classname="Tests.Feature.ProductImportTest" assertions="2" time="0.020772"/>
        <testcase name="test_service_rollback_deletes_created_products_and_variants" file="D:\meem-commerce\tests\Feature\ProductImportTest.php" line="755" class="Tests\Feature\ProductImportTest" classname="Tests.Feature.ProductImportTest" assertions="4" time="0.014581"/>
        <testcase name="test_cancellation_detected_immediately_not_just_at_threshold" file="D:\meem-commerce\tests\Feature\ProductImportTest.php" line="809" class="Tests\Feature\ProductImportTest" classname="Tests.Feature.ProductImportTest" assertions="3" time="0.009403"/>
        <testcase name="test_finalizeProgress_throws_if_cancelled" file="D:\meem-commerce\tests\Feature\ProductImportTest.php" line="868" class="Tests\Feature\ProductImportTest" classname="Tests.Feature.ProductImportTest" assertions="1" time="0.006037"/>
        <testcase name="test_service_rollback_does_not_delete_existing_products" file="D:\meem-commerce\tests\Feature\ProductImportTest.php" line="910" class="Tests\Feature\ProductImportTest" classname="Tests.Feature.ProductImportTest" assertions="2" time="0.013909"/>
        <testcase name="test_signal_progress_written_on_every_row" file="D:\meem-commerce\tests\Feature\ProductImportTest.php" line="975" class="Tests\Feature\ProductImportTest" classname="Tests.Feature.ProductImportTest" assertions="5" time="0.006458"/>
        <testcase name="test_status_endpoint_reads_from_signal_during_processing" file="D:\meem-commerce\tests\Feature\ProductImportTest.php" line="1019" class="Tests\Feature\ProductImportTest" classname="Tests.Feature.ProductImportTest" assertions="5" time="0.025651"/>
        <testcase name="test_status_endpoint_falls_back_to_db_when_no_signal" file="D:\meem-commerce\tests\Feature\ProductImportTest.php" line="1051" class="Tests\Feature\ProductImportTest" classname="Tests.Feature.ProductImportTest" assertions="5" time="0.019202"/>
        <testcase name="test_cancelled_job_deletes_uploaded_file" file="D:\meem-commerce\tests\Feature\ProductImportTest.php" line="1079" class="Tests\Feature\ProductImportTest" classname="Tests.Feature.ProductImportTest" assertions="4" time="0.022374"/>
        <testcase name="test_status_endpoint_shows_cancelling_when_cancel_signal_set" file="D:\meem-commerce\tests\Feature\ProductImportTest.php" line="1108" class="Tests\Feature\ProductImportTest" classname="Tests.Feature.ProductImportTest" assertions="3" time="0.020305"/>
        <testcase name="test_cancel_always_returns_success_even_if_db_update_fails" file="D:\meem-commerce\tests\Feature\ProductImportTest.php" line="1134" class="Tests\Feature\ProductImportTest" classname="Tests.Feature.ProductImportTest" assertions="3" time="0.020156"/>
        <testcase name="test_finalize_variants_removes_orphaned_variants" file="D:\meem-commerce\tests\Feature\ProductImportTest.php" line="1159" class="Tests\Feature\ProductImportTest" classname="Tests.Feature.ProductImportTest" assertions="4" time="0.005580"/>
      </testsuite>
      <testsuite name="Tests\Feature\ProductProductionHardenTest" file="D:\meem-commerce\tests\Feature\ProductProductionHardenTest.php" tests="28" assertions="42" errors="0" failures="0" skipped="0" time="0.074217">
        <testcase name="test_process_product_row_without_sku_does_not_crash" file="D:\meem-commerce\tests\Feature\ProductProductionHardenTest.php" line="123" class="Tests\Feature\ProductProductionHardenTest" classname="Tests.Feature.ProductProductionHardenTest" assertions="3" time="0.003136"/>
        <testcase name="test_process_product_row_with_empty_sku_string_does_not_crash" file="D:\meem-commerce\tests\Feature\ProductProductionHardenTest.php" line="142" class="Tests\Feature\ProductProductionHardenTest" classname="Tests.Feature.ProductProductionHardenTest" assertions="1" time="0.004650"/>
        <testcase name="test_popular_products_only_counts_completed_orders" file="D:\meem-commerce\tests\Feature\ProductProductionHardenTest.php" line="163" class="Tests\Feature\ProductProductionHardenTest" classname="Tests.Feature.ProductProductionHardenTest" assertions="1" time="0.007945"/>
        <testcase name="test_product_resource_returns_status_as_string" file="D:\meem-commerce\tests\Feature\ProductProductionHardenTest.php" line="222" class="Tests\Feature\ProductProductionHardenTest" classname="Tests.Feature.ProductProductionHardenTest" assertions="2" time="0.003525"/>
        <testcase name="test_product_resource_status_preserves_draft_value" file="D:\meem-commerce\tests\Feature\ProductProductionHardenTest.php" line="232" class="Tests\Feature\ProductProductionHardenTest" classname="Tests.Feature.ProductProductionHardenTest" assertions="1" time="0.003394"/>
        <testcase name="test_product_resource_status_preserves_under_review_value" file="D:\meem-commerce\tests\Feature\ProductProductionHardenTest.php" line="241" class="Tests\Feature\ProductProductionHardenTest" classname="Tests.Feature.ProductProductionHardenTest" assertions="1" time="0.003651"/>
        <testcase name="test_is_discount_active_from_data_with_string_zero" file="D:\meem-commerce\tests\Feature\ProductProductionHardenTest.php" line="254" class="Tests\Feature\ProductProductionHardenTest" classname="Tests.Feature.ProductProductionHardenTest" assertions="2" time="0.000651"/>
        <testcase name="test_is_discount_active_from_data_with_boolean_false" file="D:\meem-commerce\tests\Feature\ProductProductionHardenTest.php" line="269" class="Tests\Feature\ProductProductionHardenTest" classname="Tests.Feature.ProductProductionHardenTest" assertions="2" time="0.000621"/>
        <testcase name="test_is_discount_active_from_data_with_string_false" file="D:\meem-commerce\tests\Feature\ProductProductionHardenTest.php" line="284" class="Tests\Feature\ProductProductionHardenTest" classname="Tests.Feature.ProductProductionHardenTest" assertions="2" time="0.000652"/>
        <testcase name="test_is_discount_active_from_data_with_integer_zero" file="D:\meem-commerce\tests\Feature\ProductProductionHardenTest.php" line="299" class="Tests\Feature\ProductProductionHardenTest" classname="Tests.Feature.ProductProductionHardenTest" assertions="2" time="0.000591"/>
        <testcase name="test_is_discount_active_from_data_with_string_one" file="D:\meem-commerce\tests\Feature\ProductProductionHardenTest.php" line="314" class="Tests\Feature\ProductProductionHardenTest" classname="Tests.Feature.ProductProductionHardenTest" assertions="2" time="0.000858"/>
        <testcase name="test_is_discount_active_from_data_without_discount_status" file="D:\meem-commerce\tests\Feature\ProductProductionHardenTest.php" line="329" class="Tests\Feature\ProductProductionHardenTest" classname="Tests.Feature.ProductProductionHardenTest" assertions="2" time="0.000655"/>
        <testcase name="test_is_discount_active_from_data_with_null_discount_status" file="D:\meem-commerce\tests\Feature\ProductProductionHardenTest.php" line="343" class="Tests\Feature\ProductProductionHardenTest" classname="Tests.Feature.ProductProductionHardenTest" assertions="2" time="0.000667"/>
        <testcase name="test_create_product_with_valid_product_status_publish" file="D:\meem-commerce\tests\Feature\ProductProductionHardenTest.php" line="362" class="Tests\Feature\ProductProductionHardenTest" classname="Tests.Feature.ProductProductionHardenTest" assertions="1" time="0.005412"/>
        <testcase name="test_create_product_with_valid_product_status_draft" file="D:\meem-commerce\tests\Feature\ProductProductionHardenTest.php" line="382" class="Tests\Feature\ProductProductionHardenTest" classname="Tests.Feature.ProductProductionHardenTest" assertions="1" time="0.004923"/>
        <testcase name="test_create_product_with_valid_product_status_under_review" file="D:\meem-commerce\tests\Feature\ProductProductionHardenTest.php" line="402" class="Tests\Feature\ProductProductionHardenTest" classname="Tests.Feature.ProductProductionHardenTest" assertions="1" time="0.005466"/>
        <testcase name="test_repository_store_product_creates_variants_directly" file="D:\meem-commerce\tests\Feature\ProductProductionHardenTest.php" line="426" class="Tests\Feature\ProductProductionHardenTest" classname="Tests.Feature.ProductProductionHardenTest" assertions="3" time="0.002571"/>
        <testcase name="test_repository_removes_variants_when_updating" file="D:\meem-commerce\tests\Feature\ProductProductionHardenTest.php" line="451" class="Tests\Feature\ProductProductionHardenTest" classname="Tests.Feature.ProductProductionHardenTest" assertions="2" time="0.002908"/>
        <testcase name="test_product_available_stock_is_computed_correctly" file="D:\meem-commerce\tests\Feature\ProductProductionHardenTest.php" line="478" class="Tests\Feature\ProductProductionHardenTest" classname="Tests.Feature.ProductProductionHardenTest" assertions="1" time="0.002970"/>
        <testcase name="test_product_available_stock_never_below_zero" file="D:\meem-commerce\tests\Feature\ProductProductionHardenTest.php" line="488" class="Tests\Feature\ProductProductionHardenTest" classname="Tests.Feature.ProductProductionHardenTest" assertions="1" time="0.002336"/>
        <testcase name="test_best_selling_products_query_filters_completed_orders" file="D:\meem-commerce\tests\Feature\ProductProductionHardenTest.php" line="502" class="Tests\Feature\ProductProductionHardenTest" classname="Tests.Feature.ProductProductionHardenTest" assertions="1" time="0.004618"/>
        <testcase name="test_calculate_discounted_price_with_null_price" file="D:\meem-commerce\tests\Feature\ProductProductionHardenTest.php" line="531" class="Tests\Feature\ProductProductionHardenTest" classname="Tests.Feature.ProductProductionHardenTest" assertions="1" time="0.000579"/>
        <testcase name="test_calculate_discounted_price_with_empty_string_price" file="D:\meem-commerce\tests\Feature\ProductProductionHardenTest.php" line="537" class="Tests\Feature\ProductProductionHardenTest" classname="Tests.Feature.ProductProductionHardenTest" assertions="1" time="0.000694"/>
        <testcase name="test_calculate_discounted_price_with_zero_amount" file="D:\meem-commerce\tests\Feature\ProductProductionHardenTest.php" line="543" class="Tests\Feature\ProductProductionHardenTest" classname="Tests.Feature.ProductProductionHardenTest" assertions="1" time="0.000868"/>
        <testcase name="test_product_auto_generates_sku_when_empty" file="D:\meem-commerce\tests\Feature\ProductProductionHardenTest.php" line="553" class="Tests\Feature\ProductProductionHardenTest" classname="Tests.Feature.ProductProductionHardenTest" assertions="2" time="0.002593"/>
        <testcase name="test_product_is_discount_active_when_status_is_false" file="D:\meem-commerce\tests\Feature\ProductProductionHardenTest.php" line="571" class="Tests\Feature\ProductProductionHardenTest" classname="Tests.Feature.ProductProductionHardenTest" assertions="1" time="0.002364"/>
        <testcase name="test_product_is_discount_active_when_start_date_in_future" file="D:\meem-commerce\tests\Feature\ProductProductionHardenTest.php" line="583" class="Tests\Feature\ProductProductionHardenTest" classname="Tests.Feature.ProductProductionHardenTest" assertions="1" time="0.002425"/>
        <testcase name="test_product_is_discount_active_when_end_date_passed" file="D:\meem-commerce\tests\Feature\ProductProductionHardenTest.php" line="597" class="Tests\Feature\ProductProductionHardenTest" classname="Tests.Feature.ProductProductionHardenTest" assertions="1" time="0.002496"/>
      </testsuite>
      <testsuite name="Tests\Feature\ProductTagTest" file="D:\meem-commerce\tests\Feature\ProductTagTest.php" tests="20" assertions="53" errors="0" failures="2" skipped="0" time="0.182770">
        <testcase name="test_update_product_add_tags" file="D:\meem-commerce\tests\Feature\ProductTagTest.php" line="105" class="Tests\Feature\ProductTagTest" classname="Tests.Feature.ProductTagTest" assertions="3" time="0.014474"/>
        <testcase name="test_update_product_replace_tags" file="D:\meem-commerce\tests\Feature\ProductTagTest.php" line="121" class="Tests\Feature\ProductTagTest" classname="Tests.Feature.ProductTagTest" assertions="4" time="0.014130"/>
        <testcase name="test_remove_all_tags_from_product" file="D:\meem-commerce\tests\Feature\ProductTagTest.php" line="139" class="Tests\Feature\ProductTagTest" classname="Tests.Feature.ProductTagTest" assertions="2" time="0.012352"/>
        <testcase name="test_update_product_tags_requires_admin" file="D:\meem-commerce\tests\Feature\ProductTagTest.php" line="153" class="Tests\Feature\ProductTagTest" classname="Tests.Feature.ProductTagTest" assertions="1" time="0.005116"/>
        <testcase name="test_update_product_with_invalid_tag_ids_returns_422" file="D:\meem-commerce\tests\Feature\ProductTagTest.php" line="166" class="Tests\Feature\ProductTagTest" classname="Tests.Feature.ProductTagTest" assertions="1" time="0.006735"/>
        <testcase name="test_tags_persist_when_updating_other_fields" file="D:\meem-commerce\tests\Feature\ProductTagTest.php" line="179" class="Tests\Feature\ProductTagTest" classname="Tests.Feature.ProductTagTest" assertions="3" time="0.012750"/>
        <testcase name="test_public_product_list_includes_tags" file="D:\meem-commerce\tests\Feature\ProductTagTest.php" line="200" class="Tests\Feature\ProductTagTest" classname="Tests.Feature.ProductTagTest" assertions="3" time="0.012575">
          <failure type="PHPUnit\Framework\ExpectationFailedException">Tests\Feature\ProductTagTest::test_public_product_list_includes_tags&#13;
Failed asserting that an array has the key 'tags'.
&#13;
D:\meem-commerce\tests\Feature\ProductTagTest.php:211
D:\meem-commerce\vendor\laravel\framework\src\Illuminate\Foundation\Testing\TestCase.php:174</failure>
        </testcase>
        <testcase name="test_public_product_by_slug_includes_tags" file="D:\meem-commerce\tests\Feature\ProductTagTest.php" line="216" class="Tests\Feature\ProductTagTest" classname="Tests.Feature.ProductTagTest" assertions="3" time="0.009002"/>
        <testcase name="test_filter_products_by_single_tag" file="D:\meem-commerce\tests\Feature\ProductTagTest.php" line="235" class="Tests\Feature\ProductTagTest" classname="Tests.Feature.ProductTagTest" assertions="3" time="0.013995"/>
        <testcase name="test_filter_products_by_multiple_tags_with_and_logic" file="D:\meem-commerce\tests\Feature\ProductTagTest.php" line="251" class="Tests\Feature\ProductTagTest" classname="Tests.Feature.ProductTagTest" assertions="3" time="0.015313"/>
        <testcase name="test_filter_products_by_non_matching_tag_returns_empty" file="D:\meem-commerce\tests\Feature\ProductTagTest.php" line="267" class="Tests\Feature\ProductTagTest" classname="Tests.Feature.ProductTagTest" assertions="2" time="0.005631"/>
        <testcase name="test_filter_products_by_tag_using_slug" file="D:\meem-commerce\tests\Feature\ProductTagTest.php" line="277" class="Tests\Feature\ProductTagTest" classname="Tests.Feature.ProductTagTest" assertions="3" time="0.012688"/>
        <testcase name="test_dynamic_filters_include_tags" file="D:\meem-commerce\tests\Feature\ProductTagTest.php" line="292" class="Tests\Feature\ProductTagTest" classname="Tests.Feature.ProductTagTest" assertions="6" time="0.012178"/>
        <testcase name="test_product_search_does_not_find_by_tag_name" file="D:\meem-commerce\tests\Feature\ProductTagTest.php" line="314" class="Tests\Feature\ProductTagTest" classname="Tests.Feature.ProductTagTest" assertions="2" time="0.007199"/>
        <testcase name="test_product_can_have_multiple_tags" file="D:\meem-commerce\tests\Feature\ProductTagTest.php" line="330" class="Tests\Feature\ProductTagTest" classname="Tests.Feature.ProductTagTest" assertions="4" time="0.002833"/>
        <testcase name="test_product_with_no_tags_returns_empty" file="D:\meem-commerce\tests\Feature\ProductTagTest.php" line="341" class="Tests\Feature\ProductTagTest" classname="Tests.Feature.ProductTagTest" assertions="1" time="0.002647"/>
        <testcase name="test_public_tags_index_returns_all_tags" file="D:\meem-commerce\tests\Feature\ProductTagTest.php" line="352" class="Tests\Feature\ProductTagTest" classname="Tests.Feature.ProductTagTest" assertions="4" time="0.003825"/>
        <testcase name="test_public_tags_show_by_slug" file="D:\meem-commerce\tests\Feature\ProductTagTest.php" line="363" class="Tests\Feature\ProductTagTest" classname="Tests.Feature.ProductTagTest" assertions="1" time="0.007558">
          <failure type="PHPUnit\Framework\ExpectationFailedException">Tests\Feature\ProductTagTest::test_public_tags_show_by_slug&#13;
Expected response status code [200] but received 404.
Failed asserting that 200 is identical to 404.
&#13;
D:\meem-commerce\vendor\laravel\framework\src\Illuminate\Testing\TestResponse.php:146
D:\meem-commerce\vendor\laravel\framework\src\Illuminate\Testing\Concerns\AssertsStatusCodes.php:16
D:\meem-commerce\tests\Feature\ProductTagTest.php:366
D:\meem-commerce\vendor\laravel\framework\src\Illuminate\Foundation\Testing\TestCase.php:174</failure>
        </testcase>
        <testcase name="test_public_tags_show_returns_404_for_invalid_slug" file="D:\meem-commerce\tests\Feature\ProductTagTest.php" line="370" class="Tests\Feature\ProductTagTest" classname="Tests.Feature.ProductTagTest" assertions="1" time="0.007138"/>
        <testcase name="test_tag_can_have_multiple_products" file="D:\meem-commerce\tests\Feature\ProductTagTest.php" line="376" class="Tests\Feature\ProductTagTest" classname="Tests.Feature.ProductTagTest" assertions="3" time="0.004631"/>
      </testsuite>
      <testsuite name="Tests\Feature\PromotionCheckoutTest" file="D:\meem-commerce\tests\Feature\PromotionCheckoutTest.php" tests="6" assertions="22" errors="0" failures="0" skipped="0" time="0.065737">
        <testcase name="test_eligible_promotions_endpoint_returns_promotions" file="D:\meem-commerce\tests\Feature\PromotionCheckoutTest.php" line="69" class="Tests\Feature\PromotionCheckoutTest" classname="Tests.Feature.PromotionCheckoutTest" assertions="9" time="0.012410"/>
        <testcase name="test_cart_item_resource_contains_promotion_fields" file="D:\meem-commerce\tests\Feature\PromotionCheckoutTest.php" line="101" class="Tests\Feature\PromotionCheckoutTest" classname="Tests.Feature.PromotionCheckoutTest" assertions="4" time="0.017056"/>
        <testcase name="test_cart_resource_contains_has_eligible_promotion" file="D:\meem-commerce\tests\Feature\PromotionCheckoutTest.php" line="134" class="Tests\Feature\PromotionCheckoutTest" classname="Tests.Feature.PromotionCheckoutTest" assertions="4" time="0.012898"/>
        <testcase name="test_cart_resource_has_eligible_promotion_false_when_none" file="D:\meem-commerce\tests\Feature\PromotionCheckoutTest.php" line="164" class="Tests\Feature\PromotionCheckoutTest" classname="Tests.Feature.PromotionCheckoutTest" assertions="2" time="0.010028"/>
        <testcase name="test_public_promotion_listing_returns_active_promotions" file="D:\meem-commerce\tests\Feature\PromotionCheckoutTest.php" line="178" class="Tests\Feature\PromotionCheckoutTest" classname="Tests.Feature.PromotionCheckoutTest" assertions="1" time="0.007328"/>
        <testcase name="test_promotion_by_slug_returns_promotion" file="D:\meem-commerce\tests\Feature\PromotionCheckoutTest.php" line="196" class="Tests\Feature\PromotionCheckoutTest" classname="Tests.Feature.PromotionCheckoutTest" assertions="2" time="0.006018"/>
      </testsuite>
      <testsuite name="Tests\Feature\PromotionCrudTest" file="D:\meem-commerce\tests\Feature\PromotionCrudTest.php" tests="7" assertions="25" errors="0" failures="0" skipped="0" time="0.121997">
        <testcase name="test_admin_can_list_promotions" file="D:\meem-commerce\tests\Feature\PromotionCrudTest.php" line="62" class="Tests\Feature\PromotionCrudTest" classname="Tests.Feature.PromotionCrudTest" assertions="16" time="0.022888"/>
        <testcase name="test_admin_can_show_promotion" file="D:\meem-commerce\tests\Feature\PromotionCrudTest.php" line="82" class="Tests\Feature\PromotionCrudTest" classname="Tests.Feature.PromotionCrudTest" assertions="2" time="0.018601"/>
        <testcase name="test_admin_can_update_promotion" file="D:\meem-commerce\tests\Feature\PromotionCrudTest.php" line="95" class="Tests\Feature\PromotionCrudTest" classname="Tests.Feature.PromotionCrudTest" assertions="2" time="0.023164"/>
        <testcase name="test_admin_can_delete_promotion" file="D:\meem-commerce\tests\Feature\PromotionCrudTest.php" line="115" class="Tests\Feature\PromotionCrudTest" classname="Tests.Feature.PromotionCrudTest" assertions="2" time="0.019709"/>
        <testcase name="test_create_validation_fails_without_required_fields" file="D:\meem-commerce\tests\Feature\PromotionCrudTest.php" line="128" class="Tests\Feature\PromotionCrudTest" classname="Tests.Feature.PromotionCrudTest" assertions="1" time="0.016892"/>
        <testcase name="test_update_validation_fails_with_invalid_type" file="D:\meem-commerce\tests\Feature\PromotionCrudTest.php" line="138" class="Tests\Feature\PromotionCrudTest" classname="Tests.Feature.PromotionCrudTest" assertions="1" time="0.018537"/>
        <testcase name="test_unauthenticated_user_cannot_create_promotion" file="D:\meem-commerce\tests\Feature\PromotionCrudTest.php" line="153" class="Tests\Feature\PromotionCrudTest" classname="Tests.Feature.PromotionCrudTest" assertions="1" time="0.002207"/>
      </testsuite>
      <testsuite name="Tests\Feature\PromotionFlowTest" file="D:\meem-commerce\tests\Feature\PromotionFlowTest.php" tests="15" assertions="38" errors="0" failures="0" skipped="0" time="0.156295">
        <testcase name="test_checkout_promotions_returns_gift_variant_payload" file="D:\meem-commerce\tests\Feature\PromotionFlowTest.php" line="98" class="Tests\Feature\PromotionFlowTest" classname="Tests.Feature.PromotionFlowTest" assertions="9" time="0.019595"/>
        <testcase name="test_apply_selected_gift_promotion_reserves_variant" file="D:\meem-commerce\tests\Feature\PromotionFlowTest.php" line="171" class="Tests\Feature\PromotionFlowTest" classname="Tests.Feature.PromotionFlowTest" assertions="3" time="0.016514"/>
        <testcase name="test_gift_item_shipping_method_from_checkout_context" file="D:\meem-commerce\tests\Feature\PromotionFlowTest.php" line="213" class="Tests\Feature\PromotionFlowTest" classname="Tests.Feature.PromotionFlowTest" assertions="2" time="0.016484"/>
        <testcase name="test_cart_modification_clears_promotion_data" file="D:\meem-commerce\tests\Feature\PromotionFlowTest.php" line="254" class="Tests\Feature\PromotionFlowTest" classname="Tests.Feature.PromotionFlowTest" assertions="4" time="0.015371"/>
        <testcase name="test_revalidate_promotion_on_add_items_in_order" file="D:\meem-commerce\tests\Feature\PromotionFlowTest.php" line="290" class="Tests\Feature\PromotionFlowTest" classname="Tests.Feature.PromotionFlowTest" assertions="4" time="0.014427"/>
        <testcase name="test_gift_item_defaults_to_scheduled_when_no_shipping_context" file="D:\meem-commerce\tests\Feature\PromotionFlowTest.php" line="324" class="Tests\Feature\PromotionFlowTest" classname="Tests.Feature.PromotionFlowTest" assertions="2" time="0.017013"/>
        <testcase name="test_decrement_usage_decreases_count" file="D:\meem-commerce\tests\Feature\PromotionFlowTest.php" line="365" class="Tests\Feature\PromotionFlowTest" classname="Tests.Feature.PromotionFlowTest" assertions="1" time="0.004228"/>
        <testcase name="test_decrement_usage_never_goes_below_zero" file="D:\meem-commerce\tests\Feature\PromotionFlowTest.php" line="387" class="Tests\Feature\PromotionFlowTest" classname="Tests.Feature.PromotionFlowTest" assertions="1" time="0.003303"/>
        <testcase name="test_decrement_usage_with_null_promotion_id_is_noop" file="D:\meem-commerce\tests\Feature\PromotionFlowTest.php" line="409" class="Tests\Feature\PromotionFlowTest" classname="Tests.Feature.PromotionFlowTest" assertions="0" time="0.000558"/>
        <testcase name="test_has_eligible_promotion_returns_true_when_eligible" file="D:\meem-commerce\tests\Feature\PromotionFlowTest.php" line="417" class="Tests\Feature\PromotionFlowTest" classname="Tests.Feature.PromotionFlowTest" assertions="1" time="0.009390"/>
        <testcase name="test_has_eligible_promotion_returns_false_for_empty_cart" file="D:\meem-commerce\tests\Feature\PromotionFlowTest.php" line="444" class="Tests\Feature\PromotionFlowTest" classname="Tests.Feature.PromotionFlowTest" assertions="1" time="0.002649"/>
        <testcase name="test_has_eligible_promotion_returns_false_when_no_valid_promotions" file="D:\meem-commerce\tests\Feature\PromotionFlowTest.php" line="459" class="Tests\Feature\PromotionFlowTest" classname="Tests.Feature.PromotionFlowTest" assertions="1" time="0.006786"/>
        <testcase name="test_clear_promotion_from_cart_removes_promotion_data" file="D:\meem-commerce\tests\Feature\PromotionFlowTest.php" line="473" class="Tests\Feature\PromotionFlowTest" classname="Tests.Feature.PromotionFlowTest" assertions="3" time="0.013442"/>
        <testcase name="test_apply_selected_promotion_with_null_clears_promotion" file="D:\meem-commerce\tests\Feature\PromotionFlowTest.php" line="507" class="Tests\Feature\PromotionFlowTest" classname="Tests.Feature.PromotionFlowTest" assertions="5" time="0.013199"/>
        <testcase name="test_increment_usage_does_not_exceed_limiter" file="D:\meem-commerce\tests\Feature\PromotionFlowTest.php" line="543" class="Tests\Feature\PromotionFlowTest" classname="Tests.Feature.PromotionFlowTest" assertions="1" time="0.003338"/>
      </testsuite>
      <testsuite name="Tests\Feature\PromotionProductionHardenTest" file="D:\meem-commerce\tests\Feature\PromotionProductionHardenTest.php" tests="41" assertions="118" errors="0" failures="1" skipped="0" time="0.358757">
        <testcase name="percentage_promotion_calculation" file="D:\meem-commerce\tests\Feature\PromotionProductionHardenTest.php" line="111" class="Tests\Feature\PromotionProductionHardenTest" classname="Tests.Feature.PromotionProductionHardenTest" assertions="4" time="0.003309"/>
        <testcase name="percentage_rounding_correct" file="D:\meem-commerce\tests\Feature\PromotionProductionHardenTest.php" line="132" class="Tests\Feature\PromotionProductionHardenTest" classname="Tests.Feature.PromotionProductionHardenTest" assertions="3" time="0.003279"/>
        <testcase name="percentage_max_discount_capped" file="D:\meem-commerce\tests\Feature\PromotionProductionHardenTest.php" line="152" class="Tests\Feature\PromotionProductionHardenTest" classname="Tests.Feature.PromotionProductionHardenTest" assertions="2" time="0.002898"/>
        <testcase name="invalid_percentage_rejected" file="D:\meem-commerce\tests\Feature\PromotionProductionHardenTest.php" line="172" class="Tests\Feature\PromotionProductionHardenTest" classname="Tests.Feature.PromotionProductionHardenTest" assertions="1" time="0.002914"/>
        <testcase name="fixed_discount_calculation" file="D:\meem-commerce\tests\Feature\PromotionProductionHardenTest.php" line="194" class="Tests\Feature\PromotionProductionHardenTest" classname="Tests.Feature.PromotionProductionHardenTest" assertions="3" time="0.002912"/>
        <testcase name="fixed_discount_not_exceed_total" file="D:\meem-commerce\tests\Feature\PromotionProductionHardenTest.php" line="214" class="Tests\Feature\PromotionProductionHardenTest" classname="Tests.Feature.PromotionProductionHardenTest" assertions="2" time="0.002947"/>
        <testcase name="gift_promotion_adds_item" file="D:\meem-commerce\tests\Feature\PromotionProductionHardenTest.php" line="237" class="Tests\Feature\PromotionProductionHardenTest" classname="Tests.Feature.PromotionProductionHardenTest" assertions="4" time="0.017246"/>
        <testcase name="gift_stock_validation" file="D:\meem-commerce\tests\Feature\PromotionProductionHardenTest.php" line="280" class="Tests\Feature\PromotionProductionHardenTest" classname="Tests.Feature.PromotionProductionHardenTest" assertions="1" time="0.014370"/>
        <testcase name="create_gift_promotion_with_simple_product" file="D:\meem-commerce\tests\Feature\PromotionProductionHardenTest.php" line="320" class="Tests\Feature\PromotionProductionHardenTest" classname="Tests.Feature.PromotionProductionHardenTest" assertions="1" time="0.009419"/>
        <testcase name="checkout_with_simple_product_gift" file="D:\meem-commerce\tests\Feature\PromotionProductionHardenTest.php" line="351" class="Tests\Feature\PromotionProductionHardenTest" classname="Tests.Feature.PromotionProductionHardenTest" assertions="5" time="0.017894"/>
        <testcase name="existing_variant_gift_flow_still_works" file="D:\meem-commerce\tests\Feature\PromotionProductionHardenTest.php" line="390" class="Tests\Feature\PromotionProductionHardenTest" classname="Tests.Feature.PromotionProductionHardenTest" assertions="4" time="0.016429"/>
        <testcase name="simple_and_variant_gifts_can_exist_together" file="D:\meem-commerce\tests\Feature\PromotionProductionHardenTest.php" line="433" class="Tests\Feature\PromotionProductionHardenTest" classname="Tests.Feature.PromotionProductionHardenTest" assertions="3" time="0.011835"/>
        <testcase name="expired_promotion_rejected" file="D:\meem-commerce\tests\Feature\PromotionProductionHardenTest.php" line="480" class="Tests\Feature\PromotionProductionHardenTest" classname="Tests.Feature.PromotionProductionHardenTest" assertions="3" time="0.008841"/>
        <testcase name="future_promotion_rejected" file="D:\meem-commerce\tests\Feature\PromotionProductionHardenTest.php" line="509" class="Tests\Feature\PromotionProductionHardenTest" classname="Tests.Feature.PromotionProductionHardenTest" assertions="1" time="0.003020"/>
        <testcase name="disabled_promotion_rejected" file="D:\meem-commerce\tests\Feature\PromotionProductionHardenTest.php" line="527" class="Tests\Feature\PromotionProductionHardenTest" classname="Tests.Feature.PromotionProductionHardenTest" assertions="2" time="0.003291"/>
        <testcase name="product_restricted_promotion_applies_zero_discount_for_non_matching_cart" file="D:\meem-commerce\tests\Feature\PromotionProductionHardenTest.php" line="548" class="Tests\Feature\PromotionProductionHardenTest" classname="Tests.Feature.PromotionProductionHardenTest" assertions="1" time="0.011331"/>
        <testcase name="minimum_order_amount_enforced_at_strategy_level" file="D:\meem-commerce\tests\Feature\PromotionProductionHardenTest.php" line="577" class="Tests\Feature\PromotionProductionHardenTest" classname="Tests.Feature.PromotionProductionHardenTest" assertions="3" time="0.009137"/>
        <testcase name="usage_limit_enforced" file="D:\meem-commerce\tests\Feature\PromotionProductionHardenTest.php" line="611" class="Tests\Feature\PromotionProductionHardenTest" classname="Tests.Feature.PromotionProductionHardenTest" assertions="2" time="0.007647"/>
        <testcase name="duplicate_usage_blocked" file="D:\meem-commerce\tests\Feature\PromotionProductionHardenTest.php" line="639" class="Tests\Feature\PromotionProductionHardenTest" classname="Tests.Feature.PromotionProductionHardenTest" assertions="2" time="0.014225"/>
        <testcase name="increment_usage_does_not_exceed_limiter" file="D:\meem-commerce\tests\Feature\PromotionProductionHardenTest.php" line="676" class="Tests\Feature\PromotionProductionHardenTest" classname="Tests.Feature.PromotionProductionHardenTest" assertions="1" time="0.003201"/>
        <testcase name="concurrent_usage_does_not_exceed_limiter" file="D:\meem-commerce\tests\Feature\PromotionProductionHardenTest.php" line="698" class="Tests\Feature\PromotionProductionHardenTest" classname="Tests.Feature.PromotionProductionHardenTest" assertions="1" time="0.004268"/>
        <testcase name="promotion_applied_before_coupon" file="D:\meem-commerce\tests\Feature\PromotionProductionHardenTest.php" line="727" class="Tests\Feature\PromotionProductionHardenTest" classname="Tests.Feature.PromotionProductionHardenTest" assertions="4" time="0.018133"/>
        <testcase name="order_snapshot_contains_discount" file="D:\meem-commerce\tests\Feature\PromotionProductionHardenTest.php" line="777" class="Tests\Feature\PromotionProductionHardenTest" classname="Tests.Feature.PromotionProductionHardenTest" assertions="6" time="0.014372"/>
        <testcase name="client_cannot_override_promotion" file="D:\meem-commerce\tests\Feature\PromotionProductionHardenTest.php" line="812" class="Tests\Feature\PromotionProductionHardenTest" classname="Tests.Feature.PromotionProductionHardenTest" assertions="4" time="0.015352"/>
        <testcase name="add_items_in_order_uses_product_id_not_variant_id_for_gift" file="D:\meem-commerce\tests\Feature\PromotionProductionHardenTest.php" line="852" class="Tests\Feature\PromotionProductionHardenTest" classname="Tests.Feature.PromotionProductionHardenTest" assertions="3" time="0.016417"/>
        <testcase name="promotion_request_image_field_name_is_dash" file="D:\meem-commerce\tests\Feature\PromotionProductionHardenTest.php" line="899" class="Tests\Feature\PromotionProductionHardenTest" classname="Tests.Feature.PromotionProductionHardenTest" assertions="4" time="0.000553"/>
        <testcase name="promotion_db_schema_matches_model" file="D:\meem-commerce\tests\Feature\PromotionProductionHardenTest.php" line="910" class="Tests\Feature\PromotionProductionHardenTest" classname="Tests.Feature.PromotionProductionHardenTest" assertions="12" time="0.000704"/>
        <testcase name="migration_allows_nullable_product_variant_id" file="D:\meem-commerce\tests\Feature\PromotionProductionHardenTest.php" line="929" class="Tests\Feature\PromotionProductionHardenTest" classname="Tests.Feature.PromotionProductionHardenTest" assertions="4" time="0.000781"/>
        <testcase name="simple_gift_reserves_inventory" file="D:\meem-commerce\tests\Feature\PromotionProductionHardenTest.php" line="940" class="Tests\Feature\PromotionProductionHardenTest" classname="Tests.Feature.PromotionProductionHardenTest" assertions="5" time="0.012479"/>
        <testcase name="clear_promotion_from_cart_resets_all_promotion_fields" file="D:\meem-commerce\tests\Feature\PromotionProductionHardenTest.php" line="985" class="Tests\Feature\PromotionProductionHardenTest" classname="Tests.Feature.PromotionProductionHardenTest" assertions="3" time="0.012897"/>
        <testcase name="null_promotion_id_clears_cart" file="D:\meem-commerce\tests\Feature\PromotionProductionHardenTest.php" line="1018" class="Tests\Feature\PromotionProductionHardenTest" classname="Tests.Feature.PromotionProductionHardenTest" assertions="2" time="0.014228"/>
        <testcase name="decrement_usage_never_below_zero" file="D:\meem-commerce\tests\Feature\PromotionProductionHardenTest.php" line="1048" class="Tests\Feature\PromotionProductionHardenTest" classname="Tests.Feature.PromotionProductionHardenTest" assertions="1" time="0.005491"/>
        <testcase name="decrement_usage_with_null_id_is_noop" file="D:\meem-commerce\tests\Feature\PromotionProductionHardenTest.php" line="1069" class="Tests\Feature\PromotionProductionHardenTest" classname="Tests.Feature.PromotionProductionHardenTest" assertions="0" time="0.000586"/>
        <testcase name="has_eligible_promotion_returns_false_for_empty_cart" file="D:\meem-commerce\tests\Feature\PromotionProductionHardenTest.php" line="1077" class="Tests\Feature\PromotionProductionHardenTest" classname="Tests.Feature.PromotionProductionHardenTest" assertions="1" time="0.002976"/>
        <testcase name="promotion_calc_price_never_negative" file="D:\meem-commerce\tests\Feature\PromotionProductionHardenTest.php" line="1093" class="Tests\Feature\PromotionProductionHardenTest" classname="Tests.Feature.PromotionProductionHardenTest" assertions="3" time="0.002919"/>
        <testcase name="promotion_required_quantity_type_check" file="D:\meem-commerce\tests\Feature\PromotionProductionHardenTest.php" line="1112" class="Tests\Feature\PromotionProductionHardenTest" classname="Tests.Feature.PromotionProductionHardenTest" assertions="4" time="0.003429"/>
        <testcase name="eligible_promotions_endpoint_returns_eligible_only" file="D:\meem-commerce\tests\Feature\PromotionProductionHardenTest.php" line="1133" class="Tests\Feature\PromotionProductionHardenTest" classname="Tests.Feature.PromotionProductionHardenTest" assertions="3" time="0.016214">
          <failure type="PHPUnit\Framework\ExpectationFailedException">Tests\Feature\PromotionProductionHardenTest::eligible_promotions_endpoint_returns_eligible_only&#13;
Failed asserting that an array contains 'Active1'.
&#13;
D:\meem-commerce\tests\Feature\PromotionProductionHardenTest.php:1180
D:\meem-commerce\vendor\laravel\framework\src\Illuminate\Foundation\Testing\TestCase.php:174</failure>
        </testcase>
        <testcase name="checkout_with_promotion_and_coupon_produces_correct_order" file="D:\meem-commerce\tests\Feature\PromotionProductionHardenTest.php" line="1186" class="Tests\Feature\PromotionProductionHardenTest" classname="Tests.Feature.PromotionProductionHardenTest" assertions="4" time="0.016858"/>
        <testcase name="expired_promotion_is_invalid_during_checkout" file="D:\meem-commerce\tests\Feature\PromotionProductionHardenTest.php" line="1239" class="Tests\Feature\PromotionProductionHardenTest" classname="Tests.Feature.PromotionProductionHardenTest" assertions="2" time="0.008414"/>
        <testcase name="null_promotion_id_passed_to_increment_usage_is_noop" file="D:\meem-commerce\tests\Feature\PromotionProductionHardenTest.php" line="1267" class="Tests\Feature\PromotionProductionHardenTest" classname="Tests.Feature.PromotionProductionHardenTest" assertions="0" time="0.000555"/>
        <testcase name="requested_variant_not_overwritten_by_existing_item" file="D:\meem-commerce\tests\Feature\PromotionProductionHardenTest.php" line="1275" class="Tests\Feature\PromotionProductionHardenTest" classname="Tests.Feature.PromotionProductionHardenTest" assertions="4" time="0.024986"/>
      </testsuite>
      <testsuite name="Tests\Feature\RoleAndPermissionTest" file="D:\meem-commerce\tests\Feature\RoleAndPermissionTest.php" tests="32" assertions="158" errors="0" failures="2" skipped="0" time="1.180849">
        <testcase name="test_super_admin_can_fetch_all_roles" file="D:\meem-commerce\tests\Feature\RoleAndPermissionTest.php" line="230" class="Tests\Feature\RoleAndPermissionTest" classname="Tests.Feature.RoleAndPermissionTest" assertions="44" time="0.041345"/>
        <testcase name="test_super_admin_can_create_role" file="D:\meem-commerce\tests\Feature\RoleAndPermissionTest.php" line="252" class="Tests\Feature\RoleAndPermissionTest" classname="Tests.Feature.RoleAndPermissionTest" assertions="9" time="0.037727">
          <failure type="PHPUnit\Framework\ExpectationFailedException">Tests\Feature\RoleAndPermissionTest::test_super_admin_can_create_role&#13;
Failed asserting that two strings are identical.
--- Expected
+++ Actual
@@ @@
-'{"en":"Moderator","ar":"مشرف"}'
+'Moderator'
&#13;
D:\meem-commerce\vendor\laravel\framework\src\Illuminate\Testing\AssertableJsonString.php:243
D:\meem-commerce\vendor\laravel\framework\src\Illuminate\Testing\TestResponse.php:683
D:\meem-commerce\tests\Feature\RoleAndPermissionTest.php:266
D:\meem-commerce\vendor\laravel\framework\src\Illuminate\Foundation\Testing\TestCase.php:174</failure>
        </testcase>
        <testcase name="test_create_role_validates_display_name" file="D:\meem-commerce\tests\Feature\RoleAndPermissionTest.php" line="274" class="Tests\Feature\RoleAndPermissionTest" classname="Tests.Feature.RoleAndPermissionTest" assertions="1" time="0.034959"/>
        <testcase name="test_create_role_without_permission_returns_403" file="D:\meem-commerce\tests\Feature\RoleAndPermissionTest.php" line="286" class="Tests\Feature\RoleAndPermissionTest" classname="Tests.Feature.RoleAndPermissionTest" assertions="1" time="0.010322"/>
        <testcase name="test_super_admin_can_update_role" file="D:\meem-commerce\tests\Feature\RoleAndPermissionTest.php" line="298" class="Tests\Feature\RoleAndPermissionTest" classname="Tests.Feature.RoleAndPermissionTest" assertions="3" time="0.039468">
          <failure type="PHPUnit\Framework\ExpectationFailedException">Tests\Feature\RoleAndPermissionTest::test_super_admin_can_update_role&#13;
Failed asserting that two strings are identical.
--- Expected
+++ Actual
@@ @@
-'{"en":"Updated Role","ar":"دور محدث"}'
+'Updated Role'
&#13;
D:\meem-commerce\vendor\laravel\framework\src\Illuminate\Testing\AssertableJsonString.php:243
D:\meem-commerce\vendor\laravel\framework\src\Illuminate\Testing\TestResponse.php:683
D:\meem-commerce\tests\Feature\RoleAndPermissionTest.php:315
D:\meem-commerce\vendor\laravel\framework\src\Illuminate\Foundation\Testing\TestCase.php:174</failure>
        </testcase>
        <testcase name="test_update_nonexistent_role_returns_error" file="D:\meem-commerce\tests\Feature\RoleAndPermissionTest.php" line="318" class="Tests\Feature\RoleAndPermissionTest" classname="Tests.Feature.RoleAndPermissionTest" assertions="1" time="0.035838"/>
        <testcase name="test_super_admin_can_delete_role" file="D:\meem-commerce\tests\Feature\RoleAndPermissionTest.php" line="330" class="Tests\Feature\RoleAndPermissionTest" classname="Tests.Feature.RoleAndPermissionTest" assertions="3" time="0.038156"/>
        <testcase name="test_delete_role_with_assigned_users_returns_conflict" file="D:\meem-commerce\tests\Feature\RoleAndPermissionTest.php" line="348" class="Tests\Feature\RoleAndPermissionTest" classname="Tests.Feature.RoleAndPermissionTest" assertions="4" time="0.050550"/>
        <testcase name="test_delete_nonexistent_role_returns_error" file="D:\meem-commerce\tests\Feature\RoleAndPermissionTest.php" line="374" class="Tests\Feature\RoleAndPermissionTest" classname="Tests.Feature.RoleAndPermissionTest" assertions="1" time="0.034701"/>
        <testcase name="test_super_admin_can_fetch_role_by_id" file="D:\meem-commerce\tests\Feature\RoleAndPermissionTest.php" line="384" class="Tests\Feature\RoleAndPermissionTest" classname="Tests.Feature.RoleAndPermissionTest" assertions="10" time="0.043874"/>
        <testcase name="test_show_nonexistent_role_returns_404" file="D:\meem-commerce\tests\Feature\RoleAndPermissionTest.php" line="408" class="Tests\Feature\RoleAndPermissionTest" classname="Tests.Feature.RoleAndPermissionTest" assertions="1" time="0.035879"/>
        <testcase name="test_get_all_roles_supports_search" file="D:\meem-commerce\tests\Feature\RoleAndPermissionTest.php" line="418" class="Tests\Feature\RoleAndPermissionTest" classname="Tests.Feature.RoleAndPermissionTest" assertions="2" time="0.040015"/>
        <testcase name="test_super_admin_can_fetch_all_permissions" file="D:\meem-commerce\tests\Feature\RoleAndPermissionTest.php" line="432" class="Tests\Feature\RoleAndPermissionTest" classname="Tests.Feature.RoleAndPermissionTest" assertions="29" time="0.042800"/>
        <testcase name="test_get_permissions_supports_search" file="D:\meem-commerce\tests\Feature\RoleAndPermissionTest.php" line="450" class="Tests\Feature\RoleAndPermissionTest" classname="Tests.Feature.RoleAndPermissionTest" assertions="2" time="0.057000"/>
        <testcase name="test_assign_permissions_to_role" file="D:\meem-commerce\tests\Feature\RoleAndPermissionTest.php" line="464" class="Tests\Feature\RoleAndPermissionTest" classname="Tests.Feature.RoleAndPermissionTest" assertions="10" time="0.039604"/>
        <testcase name="test_assign_permissions_to_nonexistent_role_returns_error" file="D:\meem-commerce\tests\Feature\RoleAndPermissionTest.php" line="495" class="Tests\Feature\RoleAndPermissionTest" classname="Tests.Feature.RoleAndPermissionTest" assertions="1" time="0.035216"/>
        <testcase name="test_assign_permissions_validates_ids_exist" file="D:\meem-commerce\tests\Feature\RoleAndPermissionTest.php" line="509" class="Tests\Feature\RoleAndPermissionTest" classname="Tests.Feature.RoleAndPermissionTest" assertions="1" time="0.034902"/>
        <testcase name="test_assign_permissions_validates_integer_input" file="D:\meem-commerce\tests\Feature\RoleAndPermissionTest.php" line="527" class="Tests\Feature\RoleAndPermissionTest" classname="Tests.Feature.RoleAndPermissionTest" assertions="1" time="0.034863"/>
        <testcase name="test_assign_role_to_user" file="D:\meem-commerce\tests\Feature\RoleAndPermissionTest.php" line="547" class="Tests\Feature\RoleAndPermissionTest" classname="Tests.Feature.RoleAndPermissionTest" assertions="12" time="0.054034"/>
        <testcase name="test_assign_role_to_nonexistent_user_returns_error" file="D:\meem-commerce\tests\Feature\RoleAndPermissionTest.php" line="577" class="Tests\Feature\RoleAndPermissionTest" classname="Tests.Feature.RoleAndPermissionTest" assertions="1" time="0.037214"/>
        <testcase name="test_assign_role_validates_role_ids_exist" file="D:\meem-commerce\tests\Feature\RoleAndPermissionTest.php" line="595" class="Tests\Feature\RoleAndPermissionTest" classname="Tests.Feature.RoleAndPermissionTest" assertions="1" time="0.044712"/>
        <testcase name="test_assign_role_without_permission_returns_403" file="D:\meem-commerce\tests\Feature\RoleAndPermissionTest.php" line="609" class="Tests\Feature\RoleAndPermissionTest" classname="Tests.Feature.RoleAndPermissionTest" assertions="1" time="0.013734"/>
        <testcase name="test_remove_role_from_user" file="D:\meem-commerce\tests\Feature\RoleAndPermissionTest.php" line="637" class="Tests\Feature\RoleAndPermissionTest" classname="Tests.Feature.RoleAndPermissionTest" assertions="3" time="0.053835"/>
        <testcase name="test_remove_role_from_nonexistent_user_returns_error" file="D:\meem-commerce\tests\Feature\RoleAndPermissionTest.php" line="663" class="Tests\Feature\RoleAndPermissionTest" classname="Tests.Feature.RoleAndPermissionTest" assertions="1" time="0.036679"/>
        <testcase name="test_remove_role_without_permission_returns_403" file="D:\meem-commerce\tests\Feature\RoleAndPermissionTest.php" line="681" class="Tests\Feature\RoleAndPermissionTest" classname="Tests.Feature.RoleAndPermissionTest" assertions="1" time="0.014506"/>
        <testcase name="test_give_permission_to_user" file="D:\meem-commerce\tests\Feature\RoleAndPermissionTest.php" line="708" class="Tests\Feature\RoleAndPermissionTest" classname="Tests.Feature.RoleAndPermissionTest" assertions="3" time="0.068341"/>
        <testcase name="test_sync_permissions_on_user" file="D:\meem-commerce\tests\Feature\RoleAndPermissionTest.php" line="726" class="Tests\Feature\RoleAndPermissionTest" classname="Tests.Feature.RoleAndPermissionTest" assertions="4" time="0.052845"/>
        <testcase name="test_remove_permission_from_user" file="D:\meem-commerce\tests\Feature\RoleAndPermissionTest.php" line="748" class="Tests\Feature\RoleAndPermissionTest" classname="Tests.Feature.RoleAndPermissionTest" assertions="3" time="0.061959"/>
        <testcase name="test_give_permission_validates_ids_exist" file="D:\meem-commerce\tests\Feature\RoleAndPermissionTest.php" line="767" class="Tests\Feature\RoleAndPermissionTest" classname="Tests.Feature.RoleAndPermissionTest" assertions="1" time="0.045949"/>
        <testcase name="test_unauthenticated_user_cannot_access_roles" file="D:\meem-commerce\tests\Feature\RoleAndPermissionTest.php" line="783" class="Tests\Feature\RoleAndPermissionTest" classname="Tests.Feature.RoleAndPermissionTest" assertions="1" time="0.003492"/>
        <testcase name="test_unauthenticated_user_cannot_access_permissions" file="D:\meem-commerce\tests\Feature\RoleAndPermissionTest.php" line="789" class="Tests\Feature\RoleAndPermissionTest" classname="Tests.Feature.RoleAndPermissionTest" assertions="1" time="0.003518"/>
        <testcase name="test_unauthenticated_user_cannot_create_role" file="D:\meem-commerce\tests\Feature\RoleAndPermissionTest.php" line="795" class="Tests\Feature\RoleAndPermissionTest" classname="Tests.Feature.RoleAndPermissionTest" assertions="1" time="0.002812"/>
      </testsuite>
      <testsuite name="Tests\Feature\Settings\SettingsAuthenticationTest" file="D:\meem-commerce\tests\Feature\Settings\SettingsAuthenticationTest.php" tests="3" assertions="3" errors="0" failures="0" skipped="0" time="0.014242">
        <testcase name="guests_can_view_settings" file="D:\meem-commerce\tests\Feature\Settings\SettingsAuthenticationTest.php" line="31" class="Tests\Feature\Settings\SettingsAuthenticationTest" classname="Tests.Feature.Settings.SettingsAuthenticationTest" assertions="1" time="0.005009"/>
        <testcase name="guests_cannot_update_settings" file="D:\meem-commerce\tests\Feature\Settings\SettingsAuthenticationTest.php" line="44" class="Tests\Feature\Settings\SettingsAuthenticationTest" classname="Tests.Feature.Settings.SettingsAuthenticationTest" assertions="1" time="0.003468"/>
        <testcase name="user_without_permission_cannot_update_settings" file="D:\meem-commerce\tests\Feature\Settings\SettingsAuthenticationTest.php" line="65" class="Tests\Feature\Settings\SettingsAuthenticationTest" classname="Tests.Feature.Settings.SettingsAuthenticationTest" assertions="1" time="0.005764"/>
      </testsuite>
      <testsuite name="Tests\Feature\Settings\SettingsCrudTest" file="D:\meem-commerce\tests\Feature\Settings\SettingsCrudTest.php" tests="3" assertions="25" errors="0" failures="0" skipped="0" time="0.027736">
        <testcase name="can_view_settings" file="D:\meem-commerce\tests\Feature\Settings\SettingsCrudTest.php" line="69" class="Tests\Feature\Settings\SettingsCrudTest" classname="Tests.Feature.Settings.SettingsCrudTest" assertions="2" time="0.003670"/>
        <testcase name="can_update_settings" file="D:\meem-commerce\tests\Feature\Settings\SettingsCrudTest.php" line="83" class="Tests\Feature\Settings\SettingsCrudTest" classname="Tests.Feature.Settings.SettingsCrudTest" assertions="3" time="0.020042"/>
        <testcase name="settings_returns_expected_json_structure" file="D:\meem-commerce\tests\Feature\Settings\SettingsCrudTest.php" line="127" class="Tests\Feature\Settings\SettingsCrudTest" classname="Tests.Feature.Settings.SettingsCrudTest" assertions="20" time="0.004025"/>
      </testsuite>
      <testsuite name="Tests\Feature\Settings\SettingsRegressionTest" file="D:\meem-commerce\tests\Feature\Settings\SettingsRegressionTest.php" tests="10" assertions="20" errors="0" failures="0" skipped="0" time="0.011832">
        <testcase name="getData_returns_settings_when_exists" file="D:\meem-commerce\tests\Feature\Settings\SettingsRegressionTest.php" line="31" class="Tests\Feature\Settings\SettingsRegressionTest" classname="Tests.Feature.Settings.SettingsRegressionTest" assertions="2" time="0.001103"/>
        <testcase name="getData_returns_null_when_no_settings" file="D:\meem-commerce\tests\Feature\Settings\SettingsRegressionTest.php" line="42" class="Tests\Feature\Settings\SettingsRegressionTest" classname="Tests.Feature.Settings.SettingsRegressionTest" assertions="1" time="0.000743"/>
        <testcase name="getData_with_language_returns_same_result" file="D:\meem-commerce\tests\Feature\Settings\SettingsRegressionTest.php" line="50" class="Tests\Feature\Settings\SettingsRegressionTest" classname="Tests.Feature.Settings.SettingsRegressionTest" assertions="2" time="0.001088"/>
        <testcase name="getData_caches_the_result" file="D:\meem-commerce\tests\Feature\Settings\SettingsRegressionTest.php" line="60" class="Tests\Feature\Settings\SettingsRegressionTest" classname="Tests.Feature.Settings.SettingsRegressionTest" assertions="2" time="0.001382"/>
        <testcase name="getData_uses_different_cache_key_per_language" file="D:\meem-commerce\tests\Feature\Settings\SettingsRegressionTest.php" line="75" class="Tests\Feature\Settings\SettingsRegressionTest" classname="Tests.Feature.Settings.SettingsRegressionTest" assertions="3" time="0.001740"/>
        <testcase name="getData_cache_is_stored_with_key_per_language" file="D:\meem-commerce\tests\Feature\Settings\SettingsRegressionTest.php" line="92" class="Tests\Feature\Settings\SettingsRegressionTest" classname="Tests.Feature.Settings.SettingsRegressionTest" assertions="1" time="0.001411"/>
        <testcase name="getData_returns_cached_result_without_database_query" file="D:\meem-commerce\tests\Feature\Settings\SettingsRegressionTest.php" line="102" class="Tests\Feature\Settings\SettingsRegressionTest" classname="Tests.Feature.Settings.SettingsRegressionTest" assertions="3" time="0.001128"/>
        <testcase name="getData_does_not_cache_null_result" file="D:\meem-commerce\tests\Feature\Settings\SettingsRegressionTest.php" line="117" class="Tests\Feature\Settings\SettingsRegressionTest" classname="Tests.Feature.Settings.SettingsRegressionTest" assertions="3" time="0.001119"/>
        <testcase name="settings_can_be_read_after_update" file="D:\meem-commerce\tests\Feature\Settings\SettingsRegressionTest.php" line="129" class="Tests\Feature\Settings\SettingsRegressionTest" classname="Tests.Feature.Settings.SettingsRegressionTest" assertions="1" time="0.001168"/>
        <testcase name="options_are_cast_to_array" file="D:\meem-commerce\tests\Feature\Settings\SettingsRegressionTest.php" line="140" class="Tests\Feature\Settings\SettingsRegressionTest" classname="Tests.Feature.Settings.SettingsRegressionTest" assertions="2" time="0.000950"/>
      </testsuite>
      <testsuite name="Tests\Feature\Settings\SettingsValidationTest" file="D:\meem-commerce\tests\Feature\Settings\SettingsValidationTest.php" tests="6" assertions="6" errors="0" failures="0" skipped="0" time="0.061253">
        <testcase name="update_returns_422_without_site_name" file="D:\meem-commerce\tests\Feature\Settings\SettingsValidationTest.php" line="94" class="Tests\Feature\Settings\SettingsValidationTest" classname="Tests.Feature.Settings.SettingsValidationTest" assertions="1" time="0.006380"/>
        <testcase name="update_returns_422_without_site_email" file="D:\meem-commerce\tests\Feature\Settings\SettingsValidationTest.php" line="107" class="Tests\Feature\Settings\SettingsValidationTest" classname="Tests.Feature.Settings.SettingsValidationTest" assertions="1" time="0.005489"/>
        <testcase name="update_returns_422_with_invalid_email" file="D:\meem-commerce\tests\Feature\Settings\SettingsValidationTest.php" line="120" class="Tests\Feature\Settings\SettingsValidationTest" classname="Tests.Feature.Settings.SettingsValidationTest" assertions="1" time="0.005521"/>
        <testcase name="update_returns_422_with_invalid_url" file="D:\meem-commerce\tests\Feature\Settings\SettingsValidationTest.php" line="133" class="Tests\Feature\Settings\SettingsValidationTest" classname="Tests.Feature.Settings.SettingsValidationTest" assertions="1" time="0.006070"/>
        <testcase name="update_returns_422_without_fast_shipping_page_publish" file="D:\meem-commerce\tests\Feature\Settings\SettingsValidationTest.php" line="146" class="Tests\Feature\Settings\SettingsValidationTest" classname="Tests.Feature.Settings.SettingsValidationTest" assertions="1" time="0.032153"/>
        <testcase name="update_returns_422_with_invalid_fast_shipping_value" file="D:\meem-commerce\tests\Feature\Settings\SettingsValidationTest.php" line="159" class="Tests\Feature\Settings\SettingsValidationTest" classname="Tests.Feature.Settings.SettingsValidationTest" assertions="1" time="0.005640"/>
      </testsuite>
      <testsuite name="Tests\Feature\SliderApiTest" file="D:\meem-commerce\tests\Feature\SliderApiTest.php" tests="38" assertions="117" errors="0" failures="1" skipped="0" time="0.261554">
        <testcase name="test_authenticated_user_can_list_sliders" file="D:\meem-commerce\tests\Feature\SliderApiTest.php" line="85" class="Tests\Feature\SliderApiTest" classname="Tests.Feature.SliderApiTest" assertions="20" time="0.007342"/>
        <testcase name="test_guest_gets_401_for_list_sliders" file="D:\meem-commerce\tests\Feature\SliderApiTest.php" line="105" class="Tests\Feature\SliderApiTest" classname="Tests.Feature.SliderApiTest" assertions="1" time="0.003205"/>
        <testcase name="test_list_sliders_returns_empty_data_when_none_exist" file="D:\meem-commerce\tests\Feature\SliderApiTest.php" line="112" class="Tests\Feature\SliderApiTest" classname="Tests.Feature.SliderApiTest" assertions="3" time="0.004035"/>
        <testcase name="test_list_sliders_pagination" file="D:\meem-commerce\tests\Feature\SliderApiTest.php" line="123" class="Tests\Feature\SliderApiTest" classname="Tests.Feature.SliderApiTest" assertions="4" time="0.006077"/>
        <testcase name="test_list_sliders_active_filter" file="D:\meem-commerce\tests\Feature\SliderApiTest.php" line="139" class="Tests\Feature\SliderApiTest" classname="Tests.Feature.SliderApiTest" assertions="2" time="0.005058"/>
        <testcase name="test_authenticated_user_can_show_slider" file="D:\meem-commerce\tests\Feature\SliderApiTest.php" line="156" class="Tests\Feature\SliderApiTest" classname="Tests.Feature.SliderApiTest" assertions="13" time="0.005037"/>
        <testcase name="test_guest_gets_401_for_show_slider" file="D:\meem-commerce\tests\Feature\SliderApiTest.php" line="174" class="Tests\Feature\SliderApiTest" classname="Tests.Feature.SliderApiTest" assertions="1" time="0.003794"/>
        <testcase name="test_show_slider_returns_404_for_nonexistent_id" file="D:\meem-commerce\tests\Feature\SliderApiTest.php" line="182" class="Tests\Feature\SliderApiTest" classname="Tests.Feature.SliderApiTest" assertions="1" time="0.004548"/>
        <testcase name="test_unauthenticated_user_cannot_create_slider" file="D:\meem-commerce\tests\Feature\SliderApiTest.php" line="194" class="Tests\Feature\SliderApiTest" classname="Tests.Feature.SliderApiTest" assertions="1" time="0.002914"/>
        <testcase name="test_user_without_create_permission_gets_forbidden" file="D:\meem-commerce\tests\Feature\SliderApiTest.php" line="202" class="Tests\Feature\SliderApiTest" classname="Tests.Feature.SliderApiTest" assertions="1" time="0.003575"/>
        <testcase name="test_authenticated_admin_can_create_slider" file="D:\meem-commerce\tests\Feature\SliderApiTest.php" line="212" class="Tests\Feature\SliderApiTest" classname="Tests.Feature.SliderApiTest" assertions="14" time="0.014544"/>
        <testcase name="test_create_slider_returns_422_for_missing_title" file="D:\meem-commerce\tests\Feature\SliderApiTest.php" line="240" class="Tests\Feature\SliderApiTest" classname="Tests.Feature.SliderApiTest" assertions="1" time="0.025333"/>
        <testcase name="test_create_slider_returns_422_for_missing_images" file="D:\meem-commerce\tests\Feature\SliderApiTest.php" line="254" class="Tests\Feature\SliderApiTest" classname="Tests.Feature.SliderApiTest" assertions="1" time="0.004453"/>
        <testcase name="test_unauthenticated_user_cannot_update_slider" file="D:\meem-commerce\tests\Feature\SliderApiTest.php" line="268" class="Tests\Feature\SliderApiTest" classname="Tests.Feature.SliderApiTest" assertions="1" time="0.003780"/>
        <testcase name="test_user_without_update_permission_gets_forbidden" file="D:\meem-commerce\tests\Feature\SliderApiTest.php" line="278" class="Tests\Feature\SliderApiTest" classname="Tests.Feature.SliderApiTest" assertions="1" time="0.003885"/>
        <testcase name="test_authenticated_admin_can_update_slider" file="D:\meem-commerce\tests\Feature\SliderApiTest.php" line="290" class="Tests\Feature\SliderApiTest" classname="Tests.Feature.SliderApiTest" assertions="3" time="0.005528"/>
        <testcase name="test_update_slider_returns_404_for_nonexistent_id" file="D:\meem-commerce\tests\Feature\SliderApiTest.php" line="306" class="Tests\Feature\SliderApiTest" classname="Tests.Feature.SliderApiTest" assertions="1" time="0.004120"/>
        <testcase name="test_unauthenticated_user_cannot_delete_slider" file="D:\meem-commerce\tests\Feature\SliderApiTest.php" line="320" class="Tests\Feature\SliderApiTest" classname="Tests.Feature.SliderApiTest" assertions="1" time="0.003772"/>
        <testcase name="test_user_without_delete_permission_gets_forbidden" file="D:\meem-commerce\tests\Feature\SliderApiTest.php" line="328" class="Tests\Feature\SliderApiTest" classname="Tests.Feature.SliderApiTest" assertions="1" time="0.003681"/>
        <testcase name="test_authenticated_admin_can_soft_delete_slider" file="D:\meem-commerce\tests\Feature\SliderApiTest.php" line="338" class="Tests\Feature\SliderApiTest" classname="Tests.Feature.SliderApiTest" assertions="3" time="0.006195"/>
        <testcase name="test_delete_slider_returns_404_for_nonexistent_id" file="D:\meem-commerce\tests\Feature\SliderApiTest.php" line="351" class="Tests\Feature\SliderApiTest" classname="Tests.Feature.SliderApiTest" assertions="1" time="0.003433"/>
        <testcase name="test_soft_deleted_slider_not_listed_in_index" file="D:\meem-commerce\tests\Feature\SliderApiTest.php" line="359" class="Tests\Feature\SliderApiTest" classname="Tests.Feature.SliderApiTest" assertions="2" time="0.005652"/>
        <testcase name="test_soft_deleted_slider_returns_404_on_show" file="D:\meem-commerce\tests\Feature\SliderApiTest.php" line="374" class="Tests\Feature\SliderApiTest" classname="Tests.Feature.SliderApiTest" assertions="1" time="0.021726"/>
        <testcase name="test_unauthenticated_user_cannot_change_slider_status" file="D:\meem-commerce\tests\Feature\SliderApiTest.php" line="390" class="Tests\Feature\SliderApiTest" classname="Tests.Feature.SliderApiTest" assertions="1" time="0.003025"/>
        <testcase name="test_user_without_update_permission_gets_forbidden_for_change_status" file="D:\meem-commerce\tests\Feature\SliderApiTest.php" line="400" class="Tests\Feature\SliderApiTest" classname="Tests.Feature.SliderApiTest" assertions="1" time="0.003905"/>
        <testcase name="test_authenticated_admin_can_toggle_slider_status" file="D:\meem-commerce\tests\Feature\SliderApiTest.php" line="412" class="Tests\Feature\SliderApiTest" classname="Tests.Feature.SliderApiTest" assertions="3" time="0.005114"/>
        <testcase name="test_change_status_returns_422_for_missing_id" file="D:\meem-commerce\tests\Feature\SliderApiTest.php" line="427" class="Tests\Feature\SliderApiTest" classname="Tests.Feature.SliderApiTest" assertions="1" time="0.003964"/>
        <testcase name="test_change_status_returns_422_for_nonexistent_id" file="D:\meem-commerce\tests\Feature\SliderApiTest.php" line="435" class="Tests\Feature\SliderApiTest" classname="Tests.Feature.SliderApiTest" assertions="1" time="0.003608"/>
        <testcase name="test_unauthenticated_user_cannot_reorder_sliders" file="D:\meem-commerce\tests\Feature\SliderApiTest.php" line="449" class="Tests\Feature\SliderApiTest" classname="Tests.Feature.SliderApiTest" assertions="1" time="0.002562"/>
        <testcase name="test_user_without_update_permission_gets_forbidden_for_reorder" file="D:\meem-commerce\tests\Feature\SliderApiTest.php" line="457" class="Tests\Feature\SliderApiTest" classname="Tests.Feature.SliderApiTest" assertions="1" time="0.003909"/>
        <testcase name="test_authenticated_admin_can_reorder_sliders" file="D:\meem-commerce\tests\Feature\SliderApiTest.php" line="467" class="Tests\Feature\SliderApiTest" classname="Tests.Feature.SliderApiTest" assertions="2" time="0.004376"/>
        <testcase name="test_reorder_returns_422_for_missing_sliders" file="D:\meem-commerce\tests\Feature\SliderApiTest.php" line="482" class="Tests\Feature\SliderApiTest" classname="Tests.Feature.SliderApiTest" assertions="1" time="0.003479"/>
        <testcase name="test_reorder_returns_422_for_invalid_ids" file="D:\meem-commerce\tests\Feature\SliderApiTest.php" line="490" class="Tests\Feature\SliderApiTest" classname="Tests.Feature.SliderApiTest" assertions="1" time="0.003544"/>
        <testcase name="test_create_slider_with_product_association" file="D:\meem-commerce\tests\Feature\SliderApiTest.php" line="504" class="Tests\Feature\SliderApiTest" classname="Tests.Feature.SliderApiTest" assertions="2" time="0.035903"/>
        <testcase name="test_slider_title_is_translatable" file="D:\meem-commerce\tests\Feature\SliderApiTest.php" line="540" class="Tests\Feature\SliderApiTest" classname="Tests.Feature.SliderApiTest" assertions="2" time="0.018148">
          <failure type="PHPUnit\Framework\ExpectationFailedException">Tests\Feature\SliderApiTest::test_slider_title_is_translatable&#13;
Failed asserting that two strings are identical.
--- Expected
+++ Actual
@@ @@
-'تخفيضات الصيف'
+'Summer Sale'
&#13;
D:\meem-commerce\vendor\laravel\framework\src\Illuminate\Testing\AssertableJsonString.php:243
D:\meem-commerce\vendor\laravel\framework\src\Illuminate\Testing\TestResponse.php:683
D:\meem-commerce\tests\Feature\SliderApiTest.php:560
D:\meem-commerce\vendor\laravel\framework\src\Illuminate\Foundation\Testing\TestCase.php:174</failure>
        </testcase>
        <testcase name="test_slider_resource_structure_on_show" file="D:\meem-commerce\tests\Feature\SliderApiTest.php" line="571" class="Tests\Feature\SliderApiTest" classname="Tests.Feature.SliderApiTest" assertions="15" time="0.007794"/>
        <testcase name="test_slider_title_is_object_on_show" file="D:\meem-commerce\tests\Feature\SliderApiTest.php" line="589" class="Tests\Feature\SliderApiTest" classname="Tests.Feature.SliderApiTest" assertions="4" time="0.005704"/>
        <testcase name="test_slider_title_is_string_on_index" file="D:\meem-commerce\tests\Feature\SliderApiTest.php" line="603" class="Tests\Feature\SliderApiTest" classname="Tests.Feature.SliderApiTest" assertions="3" time="0.004833"/>
      </testsuite>
      <testsuite name="Tests\Feature\UserAuthAdminTest" file="D:\meem-commerce\tests\Feature\UserAuthAdminTest.php" tests="19" assertions="21" errors="0" failures="17" skipped="0" time="0.156986">
        <testcase name="test_admin_login_with_valid_credentials_returns_token" file="D:\meem-commerce\tests\Feature\UserAuthAdminTest.php" line="63" class="Tests\Feature\UserAuthAdminTest" classname="Tests.Feature.UserAuthAdminTest" assertions="1" time="0.007449">
          <failure type="PHPUnit\Framework\ExpectationFailedException">Tests\Feature\UserAuthAdminTest::test_admin_login_with_valid_credentials_returns_token&#13;
Expected response status code [200] but received 404.
Failed asserting that 200 is identical to 404.
&#13;
D:\meem-commerce\vendor\laravel\framework\src\Illuminate\Testing\TestResponse.php:146
D:\meem-commerce\vendor\laravel\framework\src\Illuminate\Testing\Concerns\AssertsStatusCodes.php:16
D:\meem-commerce\tests\Feature\UserAuthAdminTest.php:70
D:\meem-commerce\vendor\laravel\framework\src\Illuminate\Foundation\Testing\TestCase.php:174</failure>
        </testcase>
        <testcase name="test_admin_login_fails_for_regular_user" file="D:\meem-commerce\tests\Feature\UserAuthAdminTest.php" line="78" class="Tests\Feature\UserAuthAdminTest" classname="Tests.Feature.UserAuthAdminTest" assertions="2" time="0.008412">
          <failure type="PHPUnit\Framework\ExpectationFailedException">Tests\Feature\UserAuthAdminTest::test_admin_login_fails_for_regular_user&#13;
Failed asserting that null is identical to false.
&#13;
D:\meem-commerce\vendor\laravel\framework\src\Illuminate\Testing\AssertableJsonString.php:243
D:\meem-commerce\vendor\laravel\framework\src\Illuminate\Testing\TestResponse.php:683
D:\meem-commerce\tests\Feature\UserAuthAdminTest.php:92
D:\meem-commerce\vendor\laravel\framework\src\Illuminate\Foundation\Testing\TestCase.php:174</failure>
        </testcase>
        <testcase name="test_admin_login_fails_with_invalid_password" file="D:\meem-commerce\tests\Feature\UserAuthAdminTest.php" line="95" class="Tests\Feature\UserAuthAdminTest" classname="Tests.Feature.UserAuthAdminTest" assertions="1" time="0.006758"/>
        <testcase name="test_admin_login_fails_with_inactive_admin" file="D:\meem-commerce\tests\Feature\UserAuthAdminTest.php" line="105" class="Tests\Feature\UserAuthAdminTest" classname="Tests.Feature.UserAuthAdminTest" assertions="1" time="0.009295"/>
        <testcase name="test_admin_login_fails_with_unverified_email" file="D:\meem-commerce\tests\Feature\UserAuthAdminTest.php" line="117" class="Tests\Feature\UserAuthAdminTest" classname="Tests.Feature.UserAuthAdminTest" assertions="2" time="0.009058">
          <failure type="PHPUnit\Framework\ExpectationFailedException">Tests\Feature\UserAuthAdminTest::test_admin_login_fails_with_unverified_email&#13;
Failed asserting that two strings are identical.
--- Expected
+++ Actual
@@ @@
-'User not verified'
+'The route api/admin-login could not be found.'
&#13;
D:\meem-commerce\vendor\laravel\framework\src\Illuminate\Testing\AssertableJsonString.php:243
D:\meem-commerce\vendor\laravel\framework\src\Illuminate\Testing\TestResponse.php:683
D:\meem-commerce\tests\Feature\UserAuthAdminTest.php:127
D:\meem-commerce\vendor\laravel\framework\src\Illuminate\Foundation\Testing\TestCase.php:174</failure>
        </testcase>
        <testcase name="test_admin_login_fails_without_credentials" file="D:\meem-commerce\tests\Feature\UserAuthAdminTest.php" line="130" class="Tests\Feature\UserAuthAdminTest" classname="Tests.Feature.UserAuthAdminTest" assertions="1" time="0.007290">
          <failure type="PHPUnit\Framework\ExpectationFailedException">Tests\Feature\UserAuthAdminTest::test_admin_login_fails_without_credentials&#13;
Expected response status code [422] but received 404.
Failed asserting that 422 is identical to 404.
&#13;
D:\meem-commerce\vendor\laravel\framework\src\Illuminate\Testing\TestResponse.php:146
D:\meem-commerce\tests\Feature\UserAuthAdminTest.php:132
D:\meem-commerce\vendor\laravel\framework\src\Illuminate\Foundation\Testing\TestCase.php:174</failure>
        </testcase>
        <testcase name="test_user_can_change_password" file="D:\meem-commerce\tests\Feature\UserAuthAdminTest.php" line="139" class="Tests\Feature\UserAuthAdminTest" classname="Tests.Feature.UserAuthAdminTest" assertions="1" time="0.008426">
          <failure type="PHPUnit\Framework\ExpectationFailedException">Tests\Feature\UserAuthAdminTest::test_user_can_change_password&#13;
Expected response status code [200] but received 404.
Failed asserting that 200 is identical to 404.
&#13;
D:\meem-commerce\vendor\laravel\framework\src\Illuminate\Testing\TestResponse.php:146
D:\meem-commerce\vendor\laravel\framework\src\Illuminate\Testing\Concerns\AssertsStatusCodes.php:16
D:\meem-commerce\tests\Feature\UserAuthAdminTest.php:155
D:\meem-commerce\vendor\laravel\framework\src\Illuminate\Foundation\Testing\TestCase.php:174</failure>
        </testcase>
        <testcase name="test_change_password_fails_with_wrong_old_password" file="D:\meem-commerce\tests\Feature\UserAuthAdminTest.php" line="162" class="Tests\Feature\UserAuthAdminTest" classname="Tests.Feature.UserAuthAdminTest" assertions="1" time="0.008492">
          <failure type="PHPUnit\Framework\ExpectationFailedException">Tests\Feature\UserAuthAdminTest::test_change_password_fails_with_wrong_old_password&#13;
Expected response status code [400] but received 404.
Failed asserting that 400 is identical to 404.
&#13;
D:\meem-commerce\vendor\laravel\framework\src\Illuminate\Testing\TestResponse.php:146
D:\meem-commerce\tests\Feature\UserAuthAdminTest.php:178
D:\meem-commerce\vendor\laravel\framework\src\Illuminate\Foundation\Testing\TestCase.php:174</failure>
        </testcase>
        <testcase name="test_change_password_fails_without_old_password" file="D:\meem-commerce\tests\Feature\UserAuthAdminTest.php" line="181" class="Tests\Feature\UserAuthAdminTest" classname="Tests.Feature.UserAuthAdminTest" assertions="1" time="0.008636">
          <failure type="PHPUnit\Framework\ExpectationFailedException">Tests\Feature\UserAuthAdminTest::test_change_password_fails_without_old_password&#13;
Expected response status code [422] but received 404.
Failed asserting that 422 is identical to 404.
&#13;
D:\meem-commerce\vendor\laravel\framework\src\Illuminate\Testing\TestResponse.php:146
D:\meem-commerce\tests\Feature\UserAuthAdminTest.php:194
D:\meem-commerce\vendor\laravel\framework\src\Illuminate\Foundation\Testing\TestCase.php:174</failure>
        </testcase>
        <testcase name="test_change_password_fails_with_short_new_password" file="D:\meem-commerce\tests\Feature\UserAuthAdminTest.php" line="197" class="Tests\Feature\UserAuthAdminTest" classname="Tests.Feature.UserAuthAdminTest" assertions="1" time="0.009177">
          <failure type="PHPUnit\Framework\ExpectationFailedException">Tests\Feature\UserAuthAdminTest::test_change_password_fails_with_short_new_password&#13;
Expected response status code [422] but received 404.
Failed asserting that 422 is identical to 404.
&#13;
D:\meem-commerce\vendor\laravel\framework\src\Illuminate\Testing\TestResponse.php:146
D:\meem-commerce\tests\Feature\UserAuthAdminTest.php:211
D:\meem-commerce\vendor\laravel\framework\src\Illuminate\Foundation\Testing\TestCase.php:174</failure>
        </testcase>
        <testcase name="test_change_password_fails_with_same_password" file="D:\meem-commerce\tests\Feature\UserAuthAdminTest.php" line="214" class="Tests\Feature\UserAuthAdminTest" classname="Tests.Feature.UserAuthAdminTest" assertions="1" time="0.008900">
          <failure type="PHPUnit\Framework\ExpectationFailedException">Tests\Feature\UserAuthAdminTest::test_change_password_fails_with_same_password&#13;
Expected response status code [422] but received 404.
Failed asserting that 422 is identical to 404.
&#13;
D:\meem-commerce\vendor\laravel\framework\src\Illuminate\Testing\TestResponse.php:146
D:\meem-commerce\tests\Feature\UserAuthAdminTest.php:228
D:\meem-commerce\vendor\laravel\framework\src\Illuminate\Foundation\Testing\TestCase.php:174</failure>
        </testcase>
        <testcase name="test_change_password_fails_for_unauthenticated_user" file="D:\meem-commerce\tests\Feature\UserAuthAdminTest.php" line="231" class="Tests\Feature\UserAuthAdminTest" classname="Tests.Feature.UserAuthAdminTest" assertions="1" time="0.008493">
          <failure type="PHPUnit\Framework\ExpectationFailedException">Tests\Feature\UserAuthAdminTest::test_change_password_fails_for_unauthenticated_user&#13;
Expected response status code [401] but received 404.
Failed asserting that 401 is identical to 404.
&#13;
D:\meem-commerce\vendor\laravel\framework\src\Illuminate\Testing\TestResponse.php:146
D:\meem-commerce\tests\Feature\UserAuthAdminTest.php:237
D:\meem-commerce\vendor\laravel\framework\src\Illuminate\Foundation\Testing\TestCase.php:174</failure>
        </testcase>
        <testcase name="test_user_can_update_email" file="D:\meem-commerce\tests\Feature\UserAuthAdminTest.php" line="244" class="Tests\Feature\UserAuthAdminTest" classname="Tests.Feature.UserAuthAdminTest" assertions="1" time="0.008691">
          <failure type="PHPUnit\Framework\ExpectationFailedException">Tests\Feature\UserAuthAdminTest::test_user_can_update_email&#13;
Expected response status code [200] but received 404.
Failed asserting that 200 is identical to 404.
&#13;
D:\meem-commerce\vendor\laravel\framework\src\Illuminate\Testing\TestResponse.php:146
D:\meem-commerce\vendor\laravel\framework\src\Illuminate\Testing\Concerns\AssertsStatusCodes.php:16
D:\meem-commerce\tests\Feature\UserAuthAdminTest.php:258
D:\meem-commerce\vendor\laravel\framework\src\Illuminate\Foundation\Testing\TestCase.php:174</failure>
        </testcase>
        <testcase name="test_update_email_fails_with_duplicate_email" file="D:\meem-commerce\tests\Feature\UserAuthAdminTest.php" line="266" class="Tests\Feature\UserAuthAdminTest" classname="Tests.Feature.UserAuthAdminTest" assertions="1" time="0.009812">
          <failure type="PHPUnit\Framework\ExpectationFailedException">Tests\Feature\UserAuthAdminTest::test_update_email_fails_with_duplicate_email&#13;
Expected response status code [422] but received 404.
Failed asserting that 422 is identical to 404.
&#13;
D:\meem-commerce\vendor\laravel\framework\src\Illuminate\Testing\TestResponse.php:146
D:\meem-commerce\tests\Feature\UserAuthAdminTest.php:283
D:\meem-commerce\vendor\laravel\framework\src\Illuminate\Foundation\Testing\TestCase.php:174</failure>
        </testcase>
        <testcase name="test_update_email_fails_without_email" file="D:\meem-commerce\tests\Feature\UserAuthAdminTest.php" line="286" class="Tests\Feature\UserAuthAdminTest" classname="Tests.Feature.UserAuthAdminTest" assertions="1" time="0.008559">
          <failure type="PHPUnit\Framework\ExpectationFailedException">Tests\Feature\UserAuthAdminTest::test_update_email_fails_without_email&#13;
Expected response status code [422] but received 404.
Failed asserting that 422 is identical to 404.
&#13;
D:\meem-commerce\vendor\laravel\framework\src\Illuminate\Testing\TestResponse.php:146
D:\meem-commerce\tests\Feature\UserAuthAdminTest.php:296
D:\meem-commerce\vendor\laravel\framework\src\Illuminate\Foundation\Testing\TestCase.php:174</failure>
        </testcase>
        <testcase name="test_update_email_fails_for_unauthenticated_user" file="D:\meem-commerce\tests\Feature\UserAuthAdminTest.php" line="299" class="Tests\Feature\UserAuthAdminTest" classname="Tests.Feature.UserAuthAdminTest" assertions="1" time="0.007181">
          <failure type="PHPUnit\Framework\ExpectationFailedException">Tests\Feature\UserAuthAdminTest::test_update_email_fails_for_unauthenticated_user&#13;
Expected response status code [401] but received 404.
Failed asserting that 401 is identical to 404.
&#13;
D:\meem-commerce\vendor\laravel\framework\src\Illuminate\Testing\TestResponse.php:146
D:\meem-commerce\tests\Feature\UserAuthAdminTest.php:302
D:\meem-commerce\vendor\laravel\framework\src\Illuminate\Foundation\Testing\TestCase.php:174</failure>
        </testcase>
        <testcase name="test_social_login_fails_with_invalid_provider" file="D:\meem-commerce\tests\Feature\UserAuthAdminTest.php" line="309" class="Tests\Feature\UserAuthAdminTest" classname="Tests.Feature.UserAuthAdminTest" assertions="1" time="0.007409">
          <failure type="PHPUnit\Framework\ExpectationFailedException">Tests\Feature\UserAuthAdminTest::test_social_login_fails_with_invalid_provider&#13;
Expected response status code [500] but received 404.
Failed asserting that 500 is identical to 404.
&#13;
D:\meem-commerce\vendor\laravel\framework\src\Illuminate\Testing\TestResponse.php:146
D:\meem-commerce\tests\Feature\UserAuthAdminTest.php:316
D:\meem-commerce\vendor\laravel\framework\src\Illuminate\Foundation\Testing\TestCase.php:174</failure>
        </testcase>
        <testcase name="test_social_login_fails_without_provider" file="D:\meem-commerce\tests\Feature\UserAuthAdminTest.php" line="319" class="Tests\Feature\UserAuthAdminTest" classname="Tests.Feature.UserAuthAdminTest" assertions="1" time="0.007416">
          <failure type="PHPUnit\Framework\ExpectationFailedException">Tests\Feature\UserAuthAdminTest::test_social_login_fails_without_provider&#13;
Expected response status code [422] but received 404.
Failed asserting that 422 is identical to 404.
&#13;
D:\meem-commerce\vendor\laravel\framework\src\Illuminate\Testing\TestResponse.php:146
D:\meem-commerce\tests\Feature\UserAuthAdminTest.php:323
D:\meem-commerce\vendor\laravel\framework\src\Illuminate\Foundation\Testing\TestCase.php:174</failure>
        </testcase>
        <testcase name="test_social_login_fails_without_token" file="D:\meem-commerce\tests\Feature\UserAuthAdminTest.php" line="326" class="Tests\Feature\UserAuthAdminTest" classname="Tests.Feature.UserAuthAdminTest" assertions="1" time="0.007533">
          <failure type="PHPUnit\Framework\ExpectationFailedException">Tests\Feature\UserAuthAdminTest::test_social_login_fails_without_token&#13;
Expected response status code [422] but received 404.
Failed asserting that 422 is identical to 404.
&#13;
D:\meem-commerce\vendor\laravel\framework\src\Illuminate\Testing\TestResponse.php:146
D:\meem-commerce\tests\Feature\UserAuthAdminTest.php:330
D:\meem-commerce\vendor\laravel\framework\src\Illuminate\Foundation\Testing\TestCase.php:174</failure>
        </testcase>
      </testsuite>
      <testsuite name="Tests\Feature\UserAuthRegressionTest" file="D:\meem-commerce\tests\Feature\UserAuthRegressionTest.php" tests="8" assertions="18" errors="0" failures="1" skipped="0" time="0.095740">
        <testcase name="test_password_change_revokes_existing_tokens" file="D:\meem-commerce\tests\Feature\UserAuthRegressionTest.php" line="67" class="Tests\Feature\UserAuthRegressionTest" classname="Tests.Feature.UserAuthRegressionTest" assertions="3" time="0.009050"/>
        <testcase name="test_old_token_revoked_after_password_change" file="D:\meem-commerce\tests\Feature\UserAuthRegressionTest.php" line="83" class="Tests\Feature\UserAuthRegressionTest" classname="Tests.Feature.UserAuthRegressionTest" assertions="3" time="0.007881"/>
        <testcase name="test_verify_forget_password_token_rejects_static_otp_code" file="D:\meem-commerce\tests\Feature\UserAuthRegressionTest.php" line="103" class="Tests\Feature\UserAuthRegressionTest" classname="Tests.Feature.UserAuthRegressionTest" assertions="2" time="0.002921"/>
        <testcase name="test_reset_password_rejects_static_otp" file="D:\meem-commerce\tests\Feature\UserAuthRegressionTest.php" line="114" class="Tests\Feature\UserAuthRegressionTest" classname="Tests.Feature.UserAuthRegressionTest" assertions="1" time="0.003050"/>
        <testcase name="test_registration_assigns_default_customer_role" file="D:\meem-commerce\tests\Feature\UserAuthRegressionTest.php" line="130" class="Tests\Feature\UserAuthRegressionTest" classname="Tests.Feature.UserAuthRegressionTest" assertions="4" time="0.053988">
          <failure type="PHPUnit\Framework\ExpectationFailedException">Tests\Feature\UserAuthRegressionTest::test_registration_assigns_default_customer_role&#13;
Newly registered user should have customer role
Failed asserting that false is true.
&#13;
D:\meem-commerce\tests\Feature\UserAuthRegressionTest.php:151
D:\meem-commerce\vendor\laravel\framework\src\Illuminate\Foundation\Testing\TestCase.php:174</failure>
        </testcase>
        <testcase name="test_reset_password_rejects_invalid_token_inside_transaction" file="D:\meem-commerce\tests\Feature\UserAuthRegressionTest.php" line="158" class="Tests\Feature\UserAuthRegressionTest" classname="Tests.Feature.UserAuthRegressionTest" assertions="2" time="0.004627"/>
        <testcase name="test_reset_password_cleans_up_token_on_success" file="D:\meem-commerce\tests\Feature\UserAuthRegressionTest.php" line="173" class="Tests\Feature\UserAuthRegressionTest" classname="Tests.Feature.UserAuthRegressionTest" assertions="2" time="0.009020"/>
        <testcase name="test_change_password_rejects_wrong_old_password" file="D:\meem-commerce\tests\Feature\UserAuthRegressionTest.php" line="200" class="Tests\Feature\UserAuthRegressionTest" classname="Tests.Feature.UserAuthRegressionTest" assertions="1" time="0.005203"/>
      </testsuite>
      <testsuite name="Tests\Feature\UserControllerTest" file="D:\meem-commerce\tests\Feature\UserControllerTest.php" tests="71" assertions="77" errors="0" failures="66" skipped="0" time="0.833920">
        <testcase name="test_super_admin_can_fetch_all_users_when_no_active_filter_passed" file="D:\meem-commerce\tests\Feature\UserControllerTest.php" line="207" class="Tests\Feature\UserControllerTest" classname="Tests.Feature.UserControllerTest" assertions="1" time="0.010919">
          <failure type="PHPUnit\Framework\ExpectationFailedException">Tests\Feature\UserControllerTest::test_super_admin_can_fetch_all_users_when_no_active_filter_passed&#13;
Expected response status code [200] but received 404.
Failed asserting that 200 is identical to 404.
&#13;
D:\meem-commerce\vendor\laravel\framework\src\Illuminate\Testing\TestResponse.php:146
D:\meem-commerce\vendor\laravel\framework\src\Illuminate\Testing\Concerns\AssertsStatusCodes.php:16
D:\meem-commerce\tests\Feature\UserControllerTest.php:233
D:\meem-commerce\vendor\laravel\framework\src\Illuminate\Foundation\Testing\TestCase.php:174</failure>
        </testcase>
        <testcase name="test_super_admin_can_filter_active_users" file="D:\meem-commerce\tests\Feature\UserControllerTest.php" line="242" class="Tests\Feature\UserControllerTest" classname="Tests.Feature.UserControllerTest" assertions="1" time="0.029327">
          <failure type="PHPUnit\Framework\ExpectationFailedException">Tests\Feature\UserControllerTest::test_super_admin_can_filter_active_users&#13;
Expected response status code [200] but received 404.
Failed asserting that 200 is identical to 404.
&#13;
D:\meem-commerce\vendor\laravel\framework\src\Illuminate\Testing\TestResponse.php:146
D:\meem-commerce\vendor\laravel\framework\src\Illuminate\Testing\Concerns\AssertsStatusCodes.php:16
D:\meem-commerce\tests\Feature\UserControllerTest.php:268
D:\meem-commerce\vendor\laravel\framework\src\Illuminate\Foundation\Testing\TestCase.php:174</failure>
        </testcase>
        <testcase name="test_super_admin_can_filter_inactive_users" file="D:\meem-commerce\tests\Feature\UserControllerTest.php" line="276" class="Tests\Feature\UserControllerTest" classname="Tests.Feature.UserControllerTest" assertions="1" time="0.011314">
          <failure type="PHPUnit\Framework\ExpectationFailedException">Tests\Feature\UserControllerTest::test_super_admin_can_filter_inactive_users&#13;
Expected response status code [200] but received 404.
Failed asserting that 200 is identical to 404.
&#13;
D:\meem-commerce\vendor\laravel\framework\src\Illuminate\Testing\TestResponse.php:146
D:\meem-commerce\vendor\laravel\framework\src\Illuminate\Testing\Concerns\AssertsStatusCodes.php:16
D:\meem-commerce\tests\Feature\UserControllerTest.php:302
D:\meem-commerce\vendor\laravel\framework\src\Illuminate\Foundation\Testing\TestCase.php:174</failure>
        </testcase>
        <testcase name="test_super_admin_can_create_admin_user" file="D:\meem-commerce\tests\Feature\UserControllerTest.php" line="312" class="Tests\Feature\UserControllerTest" classname="Tests.Feature.UserControllerTest" assertions="1" time="0.026568">
          <failure type="PHPUnit\Framework\ExpectationFailedException">Tests\Feature\UserControllerTest::test_super_admin_can_create_admin_user&#13;
Expected response status code [200] but received 404.
Failed asserting that 200 is identical to 404.
&#13;
D:\meem-commerce\vendor\laravel\framework\src\Illuminate\Testing\TestResponse.php:146
D:\meem-commerce\vendor\laravel\framework\src\Illuminate\Testing\Concerns\AssertsStatusCodes.php:16
D:\meem-commerce\tests\Feature\UserControllerTest.php:329
D:\meem-commerce\vendor\laravel\framework\src\Illuminate\Foundation\Testing\TestCase.php:174</failure>
        </testcase>
        <testcase name="test_create_admin_user_succeeds_without_roles" file="D:\meem-commerce\tests\Feature\UserControllerTest.php" line="342" class="Tests\Feature\UserControllerTest" classname="Tests.Feature.UserControllerTest" assertions="1" time="0.009267">
          <failure type="PHPUnit\Framework\ExpectationFailedException">Tests\Feature\UserControllerTest::test_create_admin_user_succeeds_without_roles&#13;
Expected response status code [200] but received 404.
Failed asserting that 200 is identical to 404.
&#13;
D:\meem-commerce\vendor\laravel\framework\src\Illuminate\Testing\TestResponse.php:146
D:\meem-commerce\vendor\laravel\framework\src\Illuminate\Testing\Concerns\AssertsStatusCodes.php:16
D:\meem-commerce\tests\Feature\UserControllerTest.php:353
D:\meem-commerce\vendor\laravel\framework\src\Illuminate\Foundation\Testing\TestCase.php:174</failure>
        </testcase>
        <testcase name="test_create_admin_user_fails_with_duplicate_email" file="D:\meem-commerce\tests\Feature\UserControllerTest.php" line="361" class="Tests\Feature\UserControllerTest" classname="Tests.Feature.UserControllerTest" assertions="1" time="0.026408">
          <failure type="PHPUnit\Framework\ExpectationFailedException">Tests\Feature\UserControllerTest::test_create_admin_user_fails_with_duplicate_email&#13;
Expected response status code [422] but received 404.
Failed asserting that 422 is identical to 404.
&#13;
D:\meem-commerce\vendor\laravel\framework\src\Illuminate\Testing\TestResponse.php:146
D:\meem-commerce\tests\Feature\UserControllerTest.php:373
D:\meem-commerce\vendor\laravel\framework\src\Illuminate\Foundation\Testing\TestCase.php:174</failure>
        </testcase>
        <testcase name="test_non_admin_cannot_create_admin_user" file="D:\meem-commerce\tests\Feature\UserControllerTest.php" line="376" class="Tests\Feature\UserControllerTest" classname="Tests.Feature.UserControllerTest" assertions="1" time="0.008759">
          <failure type="PHPUnit\Framework\ExpectationFailedException">Tests\Feature\UserControllerTest::test_non_admin_cannot_create_admin_user&#13;
Expected response status code [403] but received 404.
Failed asserting that 403 is identical to 404.
&#13;
D:\meem-commerce\vendor\laravel\framework\src\Illuminate\Testing\TestResponse.php:146
D:\meem-commerce\tests\Feature\UserControllerTest.php:388
D:\meem-commerce\vendor\laravel\framework\src\Illuminate\Foundation\Testing\TestCase.php:174</failure>
        </testcase>
        <testcase name="test_create_admin_user_fails_without_name" file="D:\meem-commerce\tests\Feature\UserControllerTest.php" line="391" class="Tests\Feature\UserControllerTest" classname="Tests.Feature.UserControllerTest" assertions="1" time="0.026044">
          <failure type="PHPUnit\Framework\ExpectationFailedException">Tests\Feature\UserControllerTest::test_create_admin_user_fails_without_name&#13;
Expected response status code [422] but received 404.
Failed asserting that 422 is identical to 404.
&#13;
D:\meem-commerce\vendor\laravel\framework\src\Illuminate\Testing\TestResponse.php:146
D:\meem-commerce\tests\Feature\UserControllerTest.php:404
D:\meem-commerce\vendor\laravel\framework\src\Illuminate\Foundation\Testing\TestCase.php:174</failure>
        </testcase>
        <testcase name="test_create_admin_user_fails_without_email" file="D:\meem-commerce\tests\Feature\UserControllerTest.php" line="407" class="Tests\Feature\UserControllerTest" classname="Tests.Feature.UserControllerTest" assertions="1" time="0.009240">
          <failure type="PHPUnit\Framework\ExpectationFailedException">Tests\Feature\UserControllerTest::test_create_admin_user_fails_without_email&#13;
Expected response status code [422] but received 404.
Failed asserting that 422 is identical to 404.
&#13;
D:\meem-commerce\vendor\laravel\framework\src\Illuminate\Testing\TestResponse.php:146
D:\meem-commerce\tests\Feature\UserControllerTest.php:420
D:\meem-commerce\vendor\laravel\framework\src\Illuminate\Foundation\Testing\TestCase.php:174</failure>
        </testcase>
        <testcase name="test_create_admin_user_fails_with_invalid_email" file="D:\meem-commerce\tests\Feature\UserControllerTest.php" line="423" class="Tests\Feature\UserControllerTest" classname="Tests.Feature.UserControllerTest" assertions="1" time="0.008906">
          <failure type="PHPUnit\Framework\ExpectationFailedException">Tests\Feature\UserControllerTest::test_create_admin_user_fails_with_invalid_email&#13;
Expected response status code [422] but received 404.
Failed asserting that 422 is identical to 404.
&#13;
D:\meem-commerce\vendor\laravel\framework\src\Illuminate\Testing\TestResponse.php:146
D:\meem-commerce\tests\Feature\UserControllerTest.php:437
D:\meem-commerce\vendor\laravel\framework\src\Illuminate\Foundation\Testing\TestCase.php:174</failure>
        </testcase>
        <testcase name="test_create_admin_user_fails_without_password" file="D:\meem-commerce\tests\Feature\UserControllerTest.php" line="440" class="Tests\Feature\UserControllerTest" classname="Tests.Feature.UserControllerTest" assertions="1" time="0.009150">
          <failure type="PHPUnit\Framework\ExpectationFailedException">Tests\Feature\UserControllerTest::test_create_admin_user_fails_without_password&#13;
Expected response status code [422] but received 404.
Failed asserting that 422 is identical to 404.
&#13;
D:\meem-commerce\vendor\laravel\framework\src\Illuminate\Testing\TestResponse.php:146
D:\meem-commerce\tests\Feature\UserControllerTest.php:453
D:\meem-commerce\vendor\laravel\framework\src\Illuminate\Foundation\Testing\TestCase.php:174</failure>
        </testcase>
        <testcase name="test_create_admin_user_fails_with_short_password" file="D:\meem-commerce\tests\Feature\UserControllerTest.php" line="456" class="Tests\Feature\UserControllerTest" classname="Tests.Feature.UserControllerTest" assertions="1" time="0.010140">
          <failure type="PHPUnit\Framework\ExpectationFailedException">Tests\Feature\UserControllerTest::test_create_admin_user_fails_with_short_password&#13;
Expected response status code [422] but received 404.
Failed asserting that 422 is identical to 404.
&#13;
D:\meem-commerce\vendor\laravel\framework\src\Illuminate\Testing\TestResponse.php:146
D:\meem-commerce\tests\Feature\UserControllerTest.php:470
D:\meem-commerce\vendor\laravel\framework\src\Illuminate\Foundation\Testing\TestCase.php:174</failure>
        </testcase>
        <testcase name="test_create_admin_user_fails_without_password_confirmation" file="D:\meem-commerce\tests\Feature\UserControllerTest.php" line="473" class="Tests\Feature\UserControllerTest" classname="Tests.Feature.UserControllerTest" assertions="1" time="0.009128">
          <failure type="PHPUnit\Framework\ExpectationFailedException">Tests\Feature\UserControllerTest::test_create_admin_user_fails_without_password_confirmation&#13;
Expected response status code [422] but received 404.
Failed asserting that 422 is identical to 404.
&#13;
D:\meem-commerce\vendor\laravel\framework\src\Illuminate\Testing\TestResponse.php:146
D:\meem-commerce\tests\Feature\UserControllerTest.php:486
D:\meem-commerce\vendor\laravel\framework\src\Illuminate\Foundation\Testing\TestCase.php:174</failure>
        </testcase>
        <testcase name="test_create_admin_user_fails_with_mismatched_password_confirmation" file="D:\meem-commerce\tests\Feature\UserControllerTest.php" line="489" class="Tests\Feature\UserControllerTest" classname="Tests.Feature.UserControllerTest" assertions="1" time="0.009114">
          <failure type="PHPUnit\Framework\ExpectationFailedException">Tests\Feature\UserControllerTest::test_create_admin_user_fails_with_mismatched_password_confirmation&#13;
Expected response status code [422] but received 404.
Failed asserting that 422 is identical to 404.
&#13;
D:\meem-commerce\vendor\laravel\framework\src\Illuminate\Testing\TestResponse.php:146
D:\meem-commerce\tests\Feature\UserControllerTest.php:503
D:\meem-commerce\vendor\laravel\framework\src\Illuminate\Foundation\Testing\TestCase.php:174</failure>
        </testcase>
        <testcase name="test_create_admin_user_fails_with_invalid_is_active" file="D:\meem-commerce\tests\Feature\UserControllerTest.php" line="506" class="Tests\Feature\UserControllerTest" classname="Tests.Feature.UserControllerTest" assertions="1" time="0.010104">
          <failure type="PHPUnit\Framework\ExpectationFailedException">Tests\Feature\UserControllerTest::test_create_admin_user_fails_with_invalid_is_active&#13;
Expected response status code [422] but received 404.
Failed asserting that 422 is identical to 404.
&#13;
D:\meem-commerce\vendor\laravel\framework\src\Illuminate\Testing\TestResponse.php:146
D:\meem-commerce\tests\Feature\UserControllerTest.php:521
D:\meem-commerce\vendor\laravel\framework\src\Illuminate\Foundation\Testing\TestCase.php:174</failure>
        </testcase>
        <testcase name="test_create_admin_user_fails_with_nonexistent_role_id" file="D:\meem-commerce\tests\Feature\UserControllerTest.php" line="524" class="Tests\Feature\UserControllerTest" classname="Tests.Feature.UserControllerTest" assertions="1" time="0.009239">
          <failure type="PHPUnit\Framework\ExpectationFailedException">Tests\Feature\UserControllerTest::test_create_admin_user_fails_with_nonexistent_role_id&#13;
Expected response status code [422] but received 404.
Failed asserting that 422 is identical to 404.
&#13;
D:\meem-commerce\vendor\laravel\framework\src\Illuminate\Testing\TestResponse.php:146
D:\meem-commerce\tests\Feature\UserControllerTest.php:536
D:\meem-commerce\vendor\laravel\framework\src\Illuminate\Foundation\Testing\TestCase.php:174</failure>
        </testcase>
        <testcase name="test_create_admin_user_with_phone_number" file="D:\meem-commerce\tests\Feature\UserControllerTest.php" line="539" class="Tests\Feature\UserControllerTest" classname="Tests.Feature.UserControllerTest" assertions="1" time="0.009410">
          <failure type="PHPUnit\Framework\ExpectationFailedException">Tests\Feature\UserControllerTest::test_create_admin_user_with_phone_number&#13;
Expected response status code [200] but received 404.
Failed asserting that 200 is identical to 404.
&#13;
D:\meem-commerce\vendor\laravel\framework\src\Illuminate\Testing\TestResponse.php:146
D:\meem-commerce\vendor\laravel\framework\src\Illuminate\Testing\Concerns\AssertsStatusCodes.php:16
D:\meem-commerce\tests\Feature\UserControllerTest.php:556
D:\meem-commerce\vendor\laravel\framework\src\Illuminate\Foundation\Testing\TestCase.php:174</failure>
        </testcase>
        <testcase name="test_create_admin_user_with_is_active_false" file="D:\meem-commerce\tests\Feature\UserControllerTest.php" line="565" class="Tests\Feature\UserControllerTest" classname="Tests.Feature.UserControllerTest" assertions="1" time="0.009007">
          <failure type="PHPUnit\Framework\ExpectationFailedException">Tests\Feature\UserControllerTest::test_create_admin_user_with_is_active_false&#13;
Expected response status code [200] but received 404.
Failed asserting that 200 is identical to 404.
&#13;
D:\meem-commerce\vendor\laravel\framework\src\Illuminate\Testing\TestResponse.php:146
D:\meem-commerce\vendor\laravel\framework\src\Illuminate\Testing\Concerns\AssertsStatusCodes.php:16
D:\meem-commerce\tests\Feature\UserControllerTest.php:582
D:\meem-commerce\vendor\laravel\framework\src\Illuminate\Foundation\Testing\TestCase.php:174</failure>
        </testcase>
        <testcase name="test_super_admin_can_toggle_user_activation_full_cycle" file="D:\meem-commerce\tests\Feature\UserControllerTest.php" line="593" class="Tests\Feature\UserControllerTest" classname="Tests.Feature.UserControllerTest" assertions="1" time="0.010227">
          <failure type="PHPUnit\Framework\ExpectationFailedException">Tests\Feature\UserControllerTest::test_super_admin_can_toggle_user_activation_full_cycle&#13;
Expected response status code [200] but received 404.
Failed asserting that 200 is identical to 404.
&#13;
D:\meem-commerce\vendor\laravel\framework\src\Illuminate\Testing\TestResponse.php:146
D:\meem-commerce\vendor\laravel\framework\src\Illuminate\Testing\Concerns\AssertsStatusCodes.php:16
D:\meem-commerce\tests\Feature\UserControllerTest.php:604
D:\meem-commerce\vendor\laravel\framework\src\Illuminate\Foundation\Testing\TestCase.php:174</failure>
        </testcase>
        <testcase name="test_cannot_deactivate_active_admin_user" file="D:\meem-commerce\tests\Feature\UserControllerTest.php" line="626" class="Tests\Feature\UserControllerTest" classname="Tests.Feature.UserControllerTest" assertions="1" time="0.010464">
          <failure type="PHPUnit\Framework\ExpectationFailedException">Tests\Feature\UserControllerTest::test_cannot_deactivate_active_admin_user&#13;
Expected response status code [400] but received 404.
Failed asserting that 400 is identical to 404.
&#13;
D:\meem-commerce\vendor\laravel\framework\src\Illuminate\Testing\TestResponse.php:146
D:\meem-commerce\tests\Feature\UserControllerTest.php:644
D:\meem-commerce\vendor\laravel\framework\src\Illuminate\Foundation\Testing\TestCase.php:174</failure>
        </testcase>
        <testcase name="test_update_activation_fails_without_user_id" file="D:\meem-commerce\tests\Feature\UserControllerTest.php" line="647" class="Tests\Feature\UserControllerTest" classname="Tests.Feature.UserControllerTest" assertions="1" time="0.008557">
          <failure type="PHPUnit\Framework\ExpectationFailedException">Tests\Feature\UserControllerTest::test_update_activation_fails_without_user_id&#13;
Expected response status code [422] but received 404.
Failed asserting that 422 is identical to 404.
&#13;
D:\meem-commerce\vendor\laravel\framework\src\Illuminate\Testing\TestResponse.php:146
D:\meem-commerce\tests\Feature\UserControllerTest.php:654
D:\meem-commerce\vendor\laravel\framework\src\Illuminate\Foundation\Testing\TestCase.php:174</failure>
        </testcase>
        <testcase name="test_update_activation_fails_for_nonexistent_user" file="D:\meem-commerce\tests\Feature\UserControllerTest.php" line="657" class="Tests\Feature\UserControllerTest" classname="Tests.Feature.UserControllerTest" assertions="1" time="0.008457">
          <failure type="PHPUnit\Framework\ExpectationFailedException">Tests\Feature\UserControllerTest::test_update_activation_fails_for_nonexistent_user&#13;
Expected response status code [422] but received 404.
Failed asserting that 422 is identical to 404.
&#13;
D:\meem-commerce\vendor\laravel\framework\src\Illuminate\Testing\TestResponse.php:146
D:\meem-commerce\tests\Feature\UserControllerTest.php:665
D:\meem-commerce\vendor\laravel\framework\src\Illuminate\Foundation\Testing\TestCase.php:174</failure>
        </testcase>
        <testcase name="test_super_admin_can_delete_regular_user" file="D:\meem-commerce\tests\Feature\UserControllerTest.php" line="670" class="Tests\Feature\UserControllerTest" classname="Tests.Feature.UserControllerTest" assertions="1" time="0.011824">
          <failure type="PHPUnit\Framework\ExpectationFailedException">Tests\Feature\UserControllerTest::test_super_admin_can_delete_regular_user&#13;
Expected response status code [200] but received 404.
Failed asserting that 200 is identical to 404.
&#13;
D:\meem-commerce\vendor\laravel\framework\src\Illuminate\Testing\TestResponse.php:146
D:\meem-commerce\vendor\laravel\framework\src\Illuminate\Testing\Concerns\AssertsStatusCodes.php:16
D:\meem-commerce\tests\Feature\UserControllerTest.php:679
D:\meem-commerce\vendor\laravel\framework\src\Illuminate\Foundation\Testing\TestCase.php:174</failure>
        </testcase>
        <testcase name="test_cannot_delete_admin_user" file="D:\meem-commerce\tests\Feature\UserControllerTest.php" line="686" class="Tests\Feature\UserControllerTest" classname="Tests.Feature.UserControllerTest" assertions="1" time="0.010878">
          <failure type="PHPUnit\Framework\ExpectationFailedException">Tests\Feature\UserControllerTest::test_cannot_delete_admin_user&#13;
Expected response status code [400] but received 404.
Failed asserting that 400 is identical to 404.
&#13;
D:\meem-commerce\vendor\laravel\framework\src\Illuminate\Testing\TestResponse.php:146
D:\meem-commerce\tests\Feature\UserControllerTest.php:703
D:\meem-commerce\vendor\laravel\framework\src\Illuminate\Foundation\Testing\TestCase.php:174</failure>
        </testcase>
        <testcase name="test_cannot_delete_self" file="D:\meem-commerce\tests\Feature\UserControllerTest.php" line="707" class="Tests\Feature\UserControllerTest" classname="Tests.Feature.UserControllerTest" assertions="1" time="0.008652">
          <failure type="PHPUnit\Framework\ExpectationFailedException">Tests\Feature\UserControllerTest::test_cannot_delete_self&#13;
Expected response status code [400] but received 404.
Failed asserting that 400 is identical to 404.
&#13;
D:\meem-commerce\vendor\laravel\framework\src\Illuminate\Testing\TestResponse.php:146
D:\meem-commerce\tests\Feature\UserControllerTest.php:714
D:\meem-commerce\vendor\laravel\framework\src\Illuminate\Foundation\Testing\TestCase.php:174</failure>
        </testcase>
        <testcase name="test_delete_fails_for_nonexistent_user" file="D:\meem-commerce\tests\Feature\UserControllerTest.php" line="718" class="Tests\Feature\UserControllerTest" classname="Tests.Feature.UserControllerTest" assertions="1" time="0.009475"/>
        <testcase name="test_unauthenticated_user_cannot_access_admin_endpoints" file="D:\meem-commerce\tests\Feature\UserControllerTest.php" line="730" class="Tests\Feature\UserControllerTest" classname="Tests.Feature.UserControllerTest" assertions="1" time="0.009252">
          <failure type="PHPUnit\Framework\ExpectationFailedException">Tests\Feature\UserControllerTest::test_unauthenticated_user_cannot_access_admin_endpoints&#13;
Expected response status code [401] but received 404.
Failed asserting that 401 is identical to 404.
&#13;
D:\meem-commerce\vendor\laravel\framework\src\Illuminate\Testing\TestResponse.php:146
D:\meem-commerce\tests\Feature\UserControllerTest.php:732
D:\meem-commerce\vendor\laravel\framework\src\Illuminate\Foundation\Testing\TestCase.php:174</failure>
        </testcase>
        <testcase name="test_regular_user_cannot_access_admin_endpoints" file="D:\meem-commerce\tests\Feature\UserControllerTest.php" line="737" class="Tests\Feature\UserControllerTest" classname="Tests.Feature.UserControllerTest" assertions="1" time="0.008807">
          <failure type="PHPUnit\Framework\ExpectationFailedException">Tests\Feature\UserControllerTest::test_regular_user_cannot_access_admin_endpoints&#13;
Expected response status code [403] but received 404.
Failed asserting that 403 is identical to 404.
&#13;
D:\meem-commerce\vendor\laravel\framework\src\Illuminate\Testing\TestResponse.php:146
D:\meem-commerce\tests\Feature\UserControllerTest.php:743
D:\meem-commerce\vendor\laravel\framework\src\Illuminate\Foundation\Testing\TestCase.php:174</failure>
        </testcase>
        <testcase name="test_admin_add_response_has_correct_structure" file="D:\meem-commerce\tests\Feature\UserControllerTest.php" line="750" class="Tests\Feature\UserControllerTest" classname="Tests.Feature.UserControllerTest" assertions="3" time="0.009121">
          <failure type="PHPUnit\Framework\ExpectationFailedException">Tests\Feature\UserControllerTest::test_admin_add_response_has_correct_structure&#13;
Failed asserting that an array has the key 'success'.
&#13;
D:\meem-commerce\vendor\laravel\framework\src\Illuminate\Testing\AssertableJsonString.php:292
D:\meem-commerce\vendor\laravel\framework\src\Illuminate\Testing\TestResponse.php:790
D:\meem-commerce\tests\Feature\UserControllerTest.php:766
D:\meem-commerce\vendor\laravel\framework\src\Illuminate\Foundation\Testing\TestCase.php:174</failure>
        </testcase>
        <testcase name="test_update_activation_response_has_correct_structure" file="D:\meem-commerce\tests\Feature\UserControllerTest.php" line="778" class="Tests\Feature\UserControllerTest" classname="Tests.Feature.UserControllerTest" assertions="3" time="0.010323">
          <failure type="PHPUnit\Framework\ExpectationFailedException">Tests\Feature\UserControllerTest::test_update_activation_response_has_correct_structure&#13;
Failed asserting that an array has the key 'success'.
&#13;
D:\meem-commerce\vendor\laravel\framework\src\Illuminate\Testing\AssertableJsonString.php:292
D:\meem-commerce\vendor\laravel\framework\src\Illuminate\Testing\TestResponse.php:790
D:\meem-commerce\tests\Feature\UserControllerTest.php:789
D:\meem-commerce\vendor\laravel\framework\src\Illuminate\Foundation\Testing\TestCase.php:174</failure>
        </testcase>
        <testcase name="test_delete_response_has_correct_structure" file="D:\meem-commerce\tests\Feature\UserControllerTest.php" line="792" class="Tests\Feature\UserControllerTest" classname="Tests.Feature.UserControllerTest" assertions="3" time="0.009802">
          <failure type="PHPUnit\Framework\ExpectationFailedException">Tests\Feature\UserControllerTest::test_delete_response_has_correct_structure&#13;
Failed asserting that an array has the key 'success'.
&#13;
D:\meem-commerce\vendor\laravel\framework\src\Illuminate\Testing\AssertableJsonString.php:292
D:\meem-commerce\vendor\laravel\framework\src\Illuminate\Testing\TestResponse.php:790
D:\meem-commerce\tests\Feature\UserControllerTest.php:801
D:\meem-commerce\vendor\laravel\framework\src\Illuminate\Foundation\Testing\TestCase.php:174</failure>
        </testcase>
        <testcase name="test_type_is_persisted_as_admin_through_endpoint" file="D:\meem-commerce\tests\Feature\UserControllerTest.php" line="808" class="Tests\Feature\UserControllerTest" classname="Tests.Feature.UserControllerTest" assertions="1" time="0.009468">
          <failure type="PHPUnit\Framework\ExpectationFailedException">Tests\Feature\UserControllerTest::test_type_is_persisted_as_admin_through_endpoint&#13;
Failed asserting that a row in the table [users] matches the attributes {
    "email": "fillable@example.com",
    "type": "admin"
}.

Found: [
    {
        "email": "superadmin@example.com",
        "type": "admin"
    }
].
&#13;
D:\meem-commerce\vendor\laravel\framework\src\Illuminate\Foundation\Testing\Concerns\InteractsWithDatabase.php:29
D:\meem-commerce\tests\Feature\UserControllerTest.php:824
D:\meem-commerce\vendor\laravel\framework\src\Illuminate\Foundation\Testing\TestCase.php:174</failure>
        </testcase>
        <testcase name="test_default_user_type_is_user_when_not_specified" file="D:\meem-commerce\tests\Feature\UserControllerTest.php" line="830" class="Tests\Feature\UserControllerTest" classname="Tests.Feature.UserControllerTest" assertions="1" time="0.002424"/>
        <testcase name="test_phone_number_is_persisted_through_endpoint" file="D:\meem-commerce\tests\Feature\UserControllerTest.php" line="844" class="Tests\Feature\UserControllerTest" classname="Tests.Feature.UserControllerTest" assertions="1" time="0.009999">
          <failure type="PHPUnit\Framework\ExpectationFailedException">Tests\Feature\UserControllerTest::test_phone_number_is_persisted_through_endpoint&#13;
Failed asserting that a row in the table [users] matches the attributes {
    "email": "phonepersist@example.com",
    "phone_number": "01009998877"
}.

Found: [
    {
        "email": "superadmin@example.com",
        "phone_number": "01000000001"
    }
].
&#13;
D:\meem-commerce\vendor\laravel\framework\src\Illuminate\Foundation\Testing\Concerns\InteractsWithDatabase.php:29
D:\meem-commerce\tests\Feature\UserControllerTest.php:860
D:\meem-commerce\vendor\laravel\framework\src\Illuminate\Foundation\Testing\TestCase.php:174</failure>
        </testcase>
        <testcase name="test_admin_add_finds_role_with_api_guard" file="D:\meem-commerce\tests\Feature\UserControllerTest.php" line="870" class="Tests\Feature\UserControllerTest" classname="Tests.Feature.UserControllerTest" assertions="1" time="0.027225">
          <failure type="PHPUnit\Framework\ExpectationFailedException">Tests\Feature\UserControllerTest::test_admin_add_finds_role_with_api_guard&#13;
Expected response status code [200] but received 404.
Failed asserting that 200 is identical to 404.
&#13;
D:\meem-commerce\vendor\laravel\framework\src\Illuminate\Testing\TestResponse.php:146
D:\meem-commerce\vendor\laravel\framework\src\Illuminate\Testing\Concerns\AssertsStatusCodes.php:16
D:\meem-commerce\tests\Feature\UserControllerTest.php:885
D:\meem-commerce\vendor\laravel\framework\src\Illuminate\Foundation\Testing\TestCase.php:174</failure>
        </testcase>
        <testcase name="test_create_admin_user_with_single_role" file="D:\meem-commerce\tests\Feature\UserControllerTest.php" line="893" class="Tests\Feature\UserControllerTest" classname="Tests.Feature.UserControllerTest" assertions="1" time="0.008805">
          <failure type="PHPUnit\Framework\ExpectationFailedException">Tests\Feature\UserControllerTest::test_create_admin_user_with_single_role&#13;
Expected response status code [200] but received 404.
Failed asserting that 200 is identical to 404.
&#13;
D:\meem-commerce\vendor\laravel\framework\src\Illuminate\Testing\TestResponse.php:146
D:\meem-commerce\vendor\laravel\framework\src\Illuminate\Testing\Concerns\AssertsStatusCodes.php:16
D:\meem-commerce\tests\Feature\UserControllerTest.php:908
D:\meem-commerce\vendor\laravel\framework\src\Illuminate\Foundation\Testing\TestCase.php:174</failure>
        </testcase>
        <testcase name="test_create_admin_user_with_multiple_roles" file="D:\meem-commerce\tests\Feature\UserControllerTest.php" line="917" class="Tests\Feature\UserControllerTest" classname="Tests.Feature.UserControllerTest" assertions="1" time="0.009936">
          <failure type="PHPUnit\Framework\ExpectationFailedException">Tests\Feature\UserControllerTest::test_create_admin_user_with_multiple_roles&#13;
Expected response status code [200] but received 404.
Failed asserting that 200 is identical to 404.
&#13;
D:\meem-commerce\vendor\laravel\framework\src\Illuminate\Testing\TestResponse.php:146
D:\meem-commerce\vendor\laravel\framework\src\Illuminate\Testing\Concerns\AssertsStatusCodes.php:16
D:\meem-commerce\tests\Feature\UserControllerTest.php:933
D:\meem-commerce\vendor\laravel\framework\src\Illuminate\Foundation\Testing\TestCase.php:174</failure>
        </testcase>
        <testcase name="test_create_admin_user_with_duplicate_role_ids" file="D:\meem-commerce\tests\Feature\UserControllerTest.php" line="947" class="Tests\Feature\UserControllerTest" classname="Tests.Feature.UserControllerTest" assertions="1" time="0.009410">
          <failure type="PHPUnit\Framework\ExpectationFailedException">Tests\Feature\UserControllerTest::test_create_admin_user_with_duplicate_role_ids&#13;
Expected response status code [200] but received 404.
Failed asserting that 200 is identical to 404.
&#13;
D:\meem-commerce\vendor\laravel\framework\src\Illuminate\Testing\TestResponse.php:146
D:\meem-commerce\vendor\laravel\framework\src\Illuminate\Testing\Concerns\AssertsStatusCodes.php:16
D:\meem-commerce\tests\Feature\UserControllerTest.php:962
D:\meem-commerce\vendor\laravel\framework\src\Illuminate\Foundation\Testing\TestCase.php:174</failure>
        </testcase>
        <testcase name="test_create_admin_user_with_mixed_valid_and_invalid_roles" file="D:\meem-commerce\tests\Feature\UserControllerTest.php" line="969" class="Tests\Feature\UserControllerTest" classname="Tests.Feature.UserControllerTest" assertions="1" time="0.008857">
          <failure type="PHPUnit\Framework\ExpectationFailedException">Tests\Feature\UserControllerTest::test_create_admin_user_with_mixed_valid_and_invalid_roles&#13;
Expected response status code [422] but received 404.
Failed asserting that 422 is identical to 404.
&#13;
D:\meem-commerce\vendor\laravel\framework\src\Illuminate\Testing\TestResponse.php:146
D:\meem-commerce\tests\Feature\UserControllerTest.php:982
D:\meem-commerce\vendor\laravel\framework\src\Illuminate\Foundation\Testing\TestCase.php:174</failure>
        </testcase>
        <testcase name="test_users_endpoint_returns_paginated_response" file="D:\meem-commerce\tests\Feature\UserControllerTest.php" line="989" class="Tests\Feature\UserControllerTest" classname="Tests.Feature.UserControllerTest" assertions="1" time="0.009443">
          <failure type="PHPUnit\Framework\ExpectationFailedException">Tests\Feature\UserControllerTest::test_users_endpoint_returns_paginated_response&#13;
Expected response status code [200] but received 404.
Failed asserting that 200 is identical to 404.
&#13;
D:\meem-commerce\vendor\laravel\framework\src\Illuminate\Testing\TestResponse.php:146
D:\meem-commerce\vendor\laravel\framework\src\Illuminate\Testing\Concerns\AssertsStatusCodes.php:16
D:\meem-commerce\tests\Feature\UserControllerTest.php:996
D:\meem-commerce\vendor\laravel\framework\src\Illuminate\Foundation\Testing\TestCase.php:174</failure>
        </testcase>
        <testcase name="test_users_endpoint_custom_per_page" file="D:\meem-commerce\tests\Feature\UserControllerTest.php" line="1003" class="Tests\Feature\UserControllerTest" classname="Tests.Feature.UserControllerTest" assertions="1" time="0.010936">
          <failure type="PHPUnit\Framework\ExpectationFailedException">Tests\Feature\UserControllerTest::test_users_endpoint_custom_per_page&#13;
Expected response status code [200] but received 404.
Failed asserting that 200 is identical to 404.
&#13;
D:\meem-commerce\vendor\laravel\framework\src\Illuminate\Testing\TestResponse.php:146
D:\meem-commerce\vendor\laravel\framework\src\Illuminate\Testing\Concerns\AssertsStatusCodes.php:16
D:\meem-commerce\tests\Feature\UserControllerTest.php:1013
D:\meem-commerce\vendor\laravel\framework\src\Illuminate\Foundation\Testing\TestCase.php:174</failure>
        </testcase>
        <testcase name="test_users_endpoint_large_page_number_returns_empty" file="D:\meem-commerce\tests\Feature\UserControllerTest.php" line="1017" class="Tests\Feature\UserControllerTest" classname="Tests.Feature.UserControllerTest" assertions="1" time="0.009873">
          <failure type="PHPUnit\Framework\ExpectationFailedException">Tests\Feature\UserControllerTest::test_users_endpoint_large_page_number_returns_empty&#13;
Expected response status code [200] but received 404.
Failed asserting that 200 is identical to 404.
&#13;
D:\meem-commerce\vendor\laravel\framework\src\Illuminate\Testing\TestResponse.php:146
D:\meem-commerce\vendor\laravel\framework\src\Illuminate\Testing\Concerns\AssertsStatusCodes.php:16
D:\meem-commerce\tests\Feature\UserControllerTest.php:1024
D:\meem-commerce\vendor\laravel\framework\src\Illuminate\Foundation\Testing\TestCase.php:174</failure>
        </testcase>
        <testcase name="test_create_admin_user_with_nullable_phone" file="D:\meem-commerce\tests\Feature\UserControllerTest.php" line="1032" class="Tests\Feature\UserControllerTest" classname="Tests.Feature.UserControllerTest" assertions="1" time="0.010934">
          <failure type="PHPUnit\Framework\ExpectationFailedException">Tests\Feature\UserControllerTest::test_create_admin_user_with_nullable_phone&#13;
Expected response status code [200] but received 404.
Failed asserting that 200 is identical to 404.
&#13;
D:\meem-commerce\vendor\laravel\framework\src\Illuminate\Testing\TestResponse.php:146
D:\meem-commerce\vendor\laravel\framework\src\Illuminate\Testing\Concerns\AssertsStatusCodes.php:16
D:\meem-commerce\tests\Feature\UserControllerTest.php:1045
D:\meem-commerce\vendor\laravel\framework\src\Illuminate\Foundation\Testing\TestCase.php:174</failure>
        </testcase>
        <testcase name="test_create_admin_user_fails_with_duplicate_phone" file="D:\meem-commerce\tests\Feature\UserControllerTest.php" line="1048" class="Tests\Feature\UserControllerTest" classname="Tests.Feature.UserControllerTest" assertions="1" time="0.015551">
          <failure type="PHPUnit\Framework\ExpectationFailedException">Tests\Feature\UserControllerTest::test_create_admin_user_fails_with_duplicate_phone&#13;
Expected response status code [200] but received 404.
Failed asserting that 200 is identical to 404.
&#13;
D:\meem-commerce\vendor\laravel\framework\src\Illuminate\Testing\TestResponse.php:146
D:\meem-commerce\vendor\laravel\framework\src\Illuminate\Testing\Concerns\AssertsStatusCodes.php:16
D:\meem-commerce\tests\Feature\UserControllerTest.php:1062
D:\meem-commerce\vendor\laravel\framework\src\Illuminate\Foundation\Testing\TestCase.php:174</failure>
        </testcase>
        <testcase name="test_create_regular_user_defaults_to_user_type" file="D:\meem-commerce\tests\Feature\UserControllerTest.php" line="1078" class="Tests\Feature\UserControllerTest" classname="Tests.Feature.UserControllerTest" assertions="1" time="0.002544"/>
        <testcase name="test_admin_user_type_persists_in_database" file="D:\meem-commerce\tests\Feature\UserControllerTest.php" line="1084" class="Tests\Feature\UserControllerTest" classname="Tests.Feature.UserControllerTest" assertions="1" time="0.061171">
          <failure type="PHPUnit\Framework\ExpectationFailedException">Tests\Feature\UserControllerTest::test_admin_user_type_persists_in_database&#13;
Failed asserting that a row in the table [users] matches the attributes {
    "email": "typecheck@example.com",
    "type": "admin"
}.

Found: [
    {
        "email": "superadmin@example.com",
        "type": "admin"
    }
].
&#13;
D:\meem-commerce\vendor\laravel\framework\src\Illuminate\Foundation\Testing\Concerns\InteractsWithDatabase.php:29
D:\meem-commerce\tests\Feature\UserControllerTest.php:1099
D:\meem-commerce\vendor\laravel\framework\src\Illuminate\Foundation\Testing\TestCase.php:174</failure>
        </testcase>
        <testcase name="test_non_admin_cannot_access_users_endpoint" file="D:\meem-commerce\tests\Feature\UserControllerTest.php" line="1109" class="Tests\Feature\UserControllerTest" classname="Tests.Feature.UserControllerTest" assertions="1" time="0.009097">
          <failure type="PHPUnit\Framework\ExpectationFailedException">Tests\Feature\UserControllerTest::test_non_admin_cannot_access_users_endpoint&#13;
Expected response status code [403] but received 404.
Failed asserting that 403 is identical to 404.
&#13;
D:\meem-commerce\vendor\laravel\framework\src\Illuminate\Testing\TestResponse.php:146
D:\meem-commerce\tests\Feature\UserControllerTest.php:1115
D:\meem-commerce\vendor\laravel\framework\src\Illuminate\Foundation\Testing\TestCase.php:174</failure>
        </testcase>
        <testcase name="test_super_admin_can_make_user_admin" file="D:\meem-commerce\tests\Feature\UserControllerTest.php" line="1122" class="Tests\Feature\UserControllerTest" classname="Tests.Feature.UserControllerTest" assertions="1" time="0.010233">
          <failure type="PHPUnit\Framework\ExpectationFailedException">Tests\Feature\UserControllerTest::test_super_admin_can_make_user_admin&#13;
Expected response status code [200] but received 404.
Failed asserting that 200 is identical to 404.
&#13;
D:\meem-commerce\vendor\laravel\framework\src\Illuminate\Testing\TestResponse.php:146
D:\meem-commerce\vendor\laravel\framework\src\Illuminate\Testing\Concerns\AssertsStatusCodes.php:16
D:\meem-commerce\tests\Feature\UserControllerTest.php:1133
D:\meem-commerce\vendor\laravel\framework\src\Illuminate\Foundation\Testing\TestCase.php:174</failure>
        </testcase>
        <testcase name="test_super_admin_can_revoke_admin_from_user" file="D:\meem-commerce\tests\Feature\UserControllerTest.php" line="1139" class="Tests\Feature\UserControllerTest" classname="Tests.Feature.UserControllerTest" assertions="1" time="0.011082">
          <failure type="PHPUnit\Framework\ExpectationFailedException">Tests\Feature\UserControllerTest::test_super_admin_can_revoke_admin_from_user&#13;
Expected response status code [200] but received 404.
Failed asserting that 200 is identical to 404.
&#13;
D:\meem-commerce\vendor\laravel\framework\src\Illuminate\Testing\TestResponse.php:146
D:\meem-commerce\vendor\laravel\framework\src\Illuminate\Testing\Concerns\AssertsStatusCodes.php:16
D:\meem-commerce\tests\Feature\UserControllerTest.php:1159
D:\meem-commerce\vendor\laravel\framework\src\Illuminate\Foundation\Testing\TestCase.php:174</failure>
        </testcase>
        <testcase name="test_make_admin_fails_for_nonexistent_user" file="D:\meem-commerce\tests\Feature\UserControllerTest.php" line="1165" class="Tests\Feature\UserControllerTest" classname="Tests.Feature.UserControllerTest" assertions="1" time="0.008575">
          <failure type="PHPUnit\Framework\ExpectationFailedException">Tests\Feature\UserControllerTest::test_make_admin_fails_for_nonexistent_user&#13;
Expected response status code [200] but received 404.
Failed asserting that 200 is identical to 404.
&#13;
D:\meem-commerce\vendor\laravel\framework\src\Illuminate\Testing\TestResponse.php:146
D:\meem-commerce\tests\Feature\UserControllerTest.php:1175
D:\meem-commerce\vendor\laravel\framework\src\Illuminate\Foundation\Testing\TestCase.php:174</failure>
        </testcase>
        <testcase name="test_make_admin_fails_for_unauthorized_user" file="D:\meem-commerce\tests\Feature\UserControllerTest.php" line="1180" class="Tests\Feature\UserControllerTest" classname="Tests.Feature.UserControllerTest" assertions="1" time="0.010015">
          <failure type="PHPUnit\Framework\ExpectationFailedException">Tests\Feature\UserControllerTest::test_make_admin_fails_for_unauthorized_user&#13;
Expected response status code [403] but received 404.
Failed asserting that 403 is identical to 404.
&#13;
D:\meem-commerce\vendor\laravel\framework\src\Illuminate\Testing\TestResponse.php:146
D:\meem-commerce\tests\Feature\UserControllerTest.php:1196
D:\meem-commerce\vendor\laravel\framework\src\Illuminate\Foundation\Testing\TestCase.php:174</failure>
        </testcase>
        <testcase name="test_make_admin_fails_for_unauthenticated_user" file="D:\meem-commerce\tests\Feature\UserControllerTest.php" line="1199" class="Tests\Feature\UserControllerTest" classname="Tests.Feature.UserControllerTest" assertions="1" time="0.008972">
          <failure type="PHPUnit\Framework\ExpectationFailedException">Tests\Feature\UserControllerTest::test_make_admin_fails_for_unauthenticated_user&#13;
Expected response status code [401] but received 404.
Failed asserting that 401 is identical to 404.
&#13;
D:\meem-commerce\vendor\laravel\framework\src\Illuminate\Testing\TestResponse.php:146
D:\meem-commerce\tests\Feature\UserControllerTest.php:1203
D:\meem-commerce\vendor\laravel\framework\src\Illuminate\Foundation\Testing\TestCase.php:174</failure>
        </testcase>
        <testcase name="test_super_admin_can_ban_user" file="D:\meem-commerce\tests\Feature\UserControllerTest.php" line="1210" class="Tests\Feature\UserControllerTest" classname="Tests.Feature.UserControllerTest" assertions="1" time="0.010980">
          <failure type="PHPUnit\Framework\ExpectationFailedException">Tests\Feature\UserControllerTest::test_super_admin_can_ban_user&#13;
Expected response status code [200] but received 404.
Failed asserting that 200 is identical to 404.
&#13;
D:\meem-commerce\vendor\laravel\framework\src\Illuminate\Testing\TestResponse.php:146
D:\meem-commerce\vendor\laravel\framework\src\Illuminate\Testing\Concerns\AssertsStatusCodes.php:16
D:\meem-commerce\tests\Feature\UserControllerTest.php:1221
D:\meem-commerce\vendor\laravel\framework\src\Illuminate\Foundation\Testing\TestCase.php:174</failure>
        </testcase>
        <testcase name="test_ban_user_already_banned_succeeds" file="D:\meem-commerce\tests\Feature\UserControllerTest.php" line="1229" class="Tests\Feature\UserControllerTest" classname="Tests.Feature.UserControllerTest" assertions="1" time="0.010798">
          <failure type="PHPUnit\Framework\ExpectationFailedException">Tests\Feature\UserControllerTest::test_ban_user_already_banned_succeeds&#13;
Expected response status code [200] but received 404.
Failed asserting that 200 is identical to 404.
&#13;
D:\meem-commerce\vendor\laravel\framework\src\Illuminate\Testing\TestResponse.php:146
D:\meem-commerce\vendor\laravel\framework\src\Illuminate\Testing\Concerns\AssertsStatusCodes.php:16
D:\meem-commerce\tests\Feature\UserControllerTest.php:1247
D:\meem-commerce\vendor\laravel\framework\src\Illuminate\Foundation\Testing\TestCase.php:174</failure>
        </testcase>
        <testcase name="test_ban_user_fails_for_nonexistent_user" file="D:\meem-commerce\tests\Feature\UserControllerTest.php" line="1254" class="Tests\Feature\UserControllerTest" classname="Tests.Feature.UserControllerTest" assertions="1" time="0.009135"/>
        <testcase name="test_ban_user_fails_for_unauthorized_user" file="D:\meem-commerce\tests\Feature\UserControllerTest.php" line="1265" class="Tests\Feature\UserControllerTest" classname="Tests.Feature.UserControllerTest" assertions="1" time="0.009308">
          <failure type="PHPUnit\Framework\ExpectationFailedException">Tests\Feature\UserControllerTest::test_ban_user_fails_for_unauthorized_user&#13;
Expected response status code [403] but received 404.
Failed asserting that 403 is identical to 404.
&#13;
D:\meem-commerce\vendor\laravel\framework\src\Illuminate\Testing\TestResponse.php:146
D:\meem-commerce\tests\Feature\UserControllerTest.php:1273
D:\meem-commerce\vendor\laravel\framework\src\Illuminate\Foundation\Testing\TestCase.php:174</failure>
        </testcase>
        <testcase name="test_ban_user_fails_for_unauthenticated_user" file="D:\meem-commerce\tests\Feature\UserControllerTest.php" line="1276" class="Tests\Feature\UserControllerTest" classname="Tests.Feature.UserControllerTest" assertions="1" time="0.008677">
          <failure type="PHPUnit\Framework\ExpectationFailedException">Tests\Feature\UserControllerTest::test_ban_user_fails_for_unauthenticated_user&#13;
Expected response status code [401] but received 404.
Failed asserting that 401 is identical to 404.
&#13;
D:\meem-commerce\vendor\laravel\framework\src\Illuminate\Testing\TestResponse.php:146
D:\meem-commerce\tests\Feature\UserControllerTest.php:1280
D:\meem-commerce\vendor\laravel\framework\src\Illuminate\Foundation\Testing\TestCase.php:174</failure>
        </testcase>
        <testcase name="test_super_admin_can_activate_user" file="D:\meem-commerce\tests\Feature\UserControllerTest.php" line="1287" class="Tests\Feature\UserControllerTest" classname="Tests.Feature.UserControllerTest" assertions="1" time="0.013023">
          <failure type="PHPUnit\Framework\ExpectationFailedException">Tests\Feature\UserControllerTest::test_super_admin_can_activate_user&#13;
Expected response status code [200] but received 404.
Failed asserting that 200 is identical to 404.
&#13;
D:\meem-commerce\vendor\laravel\framework\src\Illuminate\Testing\TestResponse.php:146
D:\meem-commerce\vendor\laravel\framework\src\Illuminate\Testing\Concerns\AssertsStatusCodes.php:16
D:\meem-commerce\tests\Feature\UserControllerTest.php:1305
D:\meem-commerce\vendor\laravel\framework\src\Illuminate\Foundation\Testing\TestCase.php:174</failure>
        </testcase>
        <testcase name="test_activate_user_already_active_succeeds" file="D:\meem-commerce\tests\Feature\UserControllerTest.php" line="1313" class="Tests\Feature\UserControllerTest" classname="Tests.Feature.UserControllerTest" assertions="1" time="0.010989">
          <failure type="PHPUnit\Framework\ExpectationFailedException">Tests\Feature\UserControllerTest::test_activate_user_already_active_succeeds&#13;
Expected response status code [200] but received 404.
Failed asserting that 200 is identical to 404.
&#13;
D:\meem-commerce\vendor\laravel\framework\src\Illuminate\Testing\TestResponse.php:146
D:\meem-commerce\vendor\laravel\framework\src\Illuminate\Testing\Concerns\AssertsStatusCodes.php:16
D:\meem-commerce\tests\Feature\UserControllerTest.php:1324
D:\meem-commerce\vendor\laravel\framework\src\Illuminate\Foundation\Testing\TestCase.php:174</failure>
        </testcase>
        <testcase name="test_activate_user_fails_for_nonexistent_user" file="D:\meem-commerce\tests\Feature\UserControllerTest.php" line="1331" class="Tests\Feature\UserControllerTest" classname="Tests.Feature.UserControllerTest" assertions="1" time="0.008689"/>
        <testcase name="test_activate_user_fails_for_unauthorized_user" file="D:\meem-commerce\tests\Feature\UserControllerTest.php" line="1342" class="Tests\Feature\UserControllerTest" classname="Tests.Feature.UserControllerTest" assertions="1" time="0.010072">
          <failure type="PHPUnit\Framework\ExpectationFailedException">Tests\Feature\UserControllerTest::test_activate_user_fails_for_unauthorized_user&#13;
Expected response status code [403] but received 404.
Failed asserting that 403 is identical to 404.
&#13;
D:\meem-commerce\vendor\laravel\framework\src\Illuminate\Testing\TestResponse.php:146
D:\meem-commerce\tests\Feature\UserControllerTest.php:1350
D:\meem-commerce\vendor\laravel\framework\src\Illuminate\Foundation\Testing\TestCase.php:174</failure>
        </testcase>
        <testcase name="test_activate_user_fails_for_unauthenticated_user" file="D:\meem-commerce\tests\Feature\UserControllerTest.php" line="1353" class="Tests\Feature\UserControllerTest" classname="Tests.Feature.UserControllerTest" assertions="1" time="0.009581">
          <failure type="PHPUnit\Framework\ExpectationFailedException">Tests\Feature\UserControllerTest::test_activate_user_fails_for_unauthenticated_user&#13;
Expected response status code [401] but received 404.
Failed asserting that 401 is identical to 404.
&#13;
D:\meem-commerce\vendor\laravel\framework\src\Illuminate\Testing\TestResponse.php:146
D:\meem-commerce\tests\Feature\UserControllerTest.php:1357
D:\meem-commerce\vendor\laravel\framework\src\Illuminate\Foundation\Testing\TestCase.php:174</failure>
        </testcase>
        <testcase name="test_users_search_by_name" file="D:\meem-commerce\tests\Feature\UserControllerTest.php" line="1364" class="Tests\Feature\UserControllerTest" classname="Tests.Feature.UserControllerTest" assertions="1" time="0.011446">
          <failure type="PHPUnit\Framework\ExpectationFailedException">Tests\Feature\UserControllerTest::test_users_search_by_name&#13;
Expected response status code [200] but received 404.
Failed asserting that 200 is identical to 404.
&#13;
D:\meem-commerce\vendor\laravel\framework\src\Illuminate\Testing\TestResponse.php:146
D:\meem-commerce\vendor\laravel\framework\src\Illuminate\Testing\Concerns\AssertsStatusCodes.php:16
D:\meem-commerce\tests\Feature\UserControllerTest.php:1378
D:\meem-commerce\vendor\laravel\framework\src\Illuminate\Foundation\Testing\TestCase.php:174</failure>
        </testcase>
        <testcase name="test_users_search_by_email" file="D:\meem-commerce\tests\Feature\UserControllerTest.php" line="1383" class="Tests\Feature\UserControllerTest" classname="Tests.Feature.UserControllerTest" assertions="1" time="0.010548">
          <failure type="PHPUnit\Framework\ExpectationFailedException">Tests\Feature\UserControllerTest::test_users_search_by_email&#13;
Expected response status code [200] but received 404.
Failed asserting that 200 is identical to 404.
&#13;
D:\meem-commerce\vendor\laravel\framework\src\Illuminate\Testing\TestResponse.php:146
D:\meem-commerce\vendor\laravel\framework\src\Illuminate\Testing\Concerns\AssertsStatusCodes.php:16
D:\meem-commerce\tests\Feature\UserControllerTest.php:1397
D:\meem-commerce\vendor\laravel\framework\src\Illuminate\Foundation\Testing\TestCase.php:174</failure>
        </testcase>
        <testcase name="test_users_search_partial_match" file="D:\meem-commerce\tests\Feature\UserControllerTest.php" line="1402" class="Tests\Feature\UserControllerTest" classname="Tests.Feature.UserControllerTest" assertions="1" time="0.011476">
          <failure type="PHPUnit\Framework\ExpectationFailedException">Tests\Feature\UserControllerTest::test_users_search_partial_match&#13;
Expected response status code [200] but received 404.
Failed asserting that 200 is identical to 404.
&#13;
D:\meem-commerce\vendor\laravel\framework\src\Illuminate\Testing\TestResponse.php:146
D:\meem-commerce\vendor\laravel\framework\src\Illuminate\Testing\Concerns\AssertsStatusCodes.php:16
D:\meem-commerce\tests\Feature\UserControllerTest.php:1416
D:\meem-commerce\vendor\laravel\framework\src\Illuminate\Foundation\Testing\TestCase.php:174</failure>
        </testcase>
        <testcase name="test_users_search_no_results" file="D:\meem-commerce\tests\Feature\UserControllerTest.php" line="1421" class="Tests\Feature\UserControllerTest" classname="Tests.Feature.UserControllerTest" assertions="1" time="0.009291">
          <failure type="PHPUnit\Framework\ExpectationFailedException">Tests\Feature\UserControllerTest::test_users_search_no_results&#13;
Expected response status code [200] but received 404.
Failed asserting that 200 is identical to 404.
&#13;
D:\meem-commerce\vendor\laravel\framework\src\Illuminate\Testing\TestResponse.php:146
D:\meem-commerce\vendor\laravel\framework\src\Illuminate\Testing\Concerns\AssertsStatusCodes.php:16
D:\meem-commerce\tests\Feature\UserControllerTest.php:1429
D:\meem-commerce\vendor\laravel\framework\src\Illuminate\Foundation\Testing\TestCase.php:174</failure>
        </testcase>
        <testcase name="test_users_search_with_pagination" file="D:\meem-commerce\tests\Feature\UserControllerTest.php" line="1433" class="Tests\Feature\UserControllerTest" classname="Tests.Feature.UserControllerTest" assertions="1" time="0.011755">
          <failure type="PHPUnit\Framework\ExpectationFailedException">Tests\Feature\UserControllerTest::test_users_search_with_pagination&#13;
Expected response status code [200] but received 404.
Failed asserting that 200 is identical to 404.
&#13;
D:\meem-commerce\vendor\laravel\framework\src\Illuminate\Testing\TestResponse.php:146
D:\meem-commerce\vendor\laravel\framework\src\Illuminate\Testing\Concerns\AssertsStatusCodes.php:16
D:\meem-commerce\tests\Feature\UserControllerTest.php:1447
D:\meem-commerce\vendor\laravel\framework\src\Illuminate\Foundation\Testing\TestCase.php:174</failure>
        </testcase>
        <testcase name="test_users_search_with_active_filter" file="D:\meem-commerce\tests\Feature\UserControllerTest.php" line="1451" class="Tests\Feature\UserControllerTest" classname="Tests.Feature.UserControllerTest" assertions="1" time="0.009479">
          <failure type="PHPUnit\Framework\ExpectationFailedException">Tests\Feature\UserControllerTest::test_users_search_with_active_filter&#13;
Expected response status code [200] but received 404.
Failed asserting that 200 is identical to 404.
&#13;
D:\meem-commerce\vendor\laravel\framework\src\Illuminate\Testing\TestResponse.php:146
D:\meem-commerce\vendor\laravel\framework\src\Illuminate\Testing\Concerns\AssertsStatusCodes.php:16
D:\meem-commerce\tests\Feature\UserControllerTest.php:1459
D:\meem-commerce\vendor\laravel\framework\src\Illuminate\Foundation\Testing\TestCase.php:174</failure>
        </testcase>
        <testcase name="test_users_search_with_inactive_filter" file="D:\meem-commerce\tests\Feature\UserControllerTest.php" line="1464" class="Tests\Feature\UserControllerTest" classname="Tests.Feature.UserControllerTest" assertions="1" time="0.010504">
          <failure type="PHPUnit\Framework\ExpectationFailedException">Tests\Feature\UserControllerTest::test_users_search_with_inactive_filter&#13;
Expected response status code [200] but received 404.
Failed asserting that 200 is identical to 404.
&#13;
D:\meem-commerce\vendor\laravel\framework\src\Illuminate\Testing\TestResponse.php:146
D:\meem-commerce\vendor\laravel\framework\src\Illuminate\Testing\Concerns\AssertsStatusCodes.php:16
D:\meem-commerce\tests\Feature\UserControllerTest.php:1479
D:\meem-commerce\vendor\laravel\framework\src\Illuminate\Foundation\Testing\TestCase.php:174</failure>
        </testcase>
        <testcase name="test_user_roles_updated_event_dispatched_on_make_admin" file="D:\meem-commerce\tests\Feature\UserControllerTest.php" line="1488" class="Tests\Feature\UserControllerTest" classname="Tests.Feature.UserControllerTest" assertions="1" time="0.014818">
          <failure type="PHPUnit\Framework\ExpectationFailedException">Tests\Feature\UserControllerTest::test_user_roles_updated_event_dispatched_on_make_admin&#13;
The expected [App\Events\UserRolesUpdated] event was not dispatched.
Failed asserting that false is true.
&#13;
D:\meem-commerce\vendor\laravel\framework\src\Illuminate\Support\Testing\Fakes\EventFake.php:144
D:\meem-commerce\vendor\laravel\framework\src\Illuminate\Support\Facades\Facade.php:353
D:\meem-commerce\tests\Feature\UserControllerTest.php:1501
D:\meem-commerce\vendor\laravel\framework\src\Illuminate\Foundation\Testing\TestCase.php:174</failure>
        </testcase>
        <testcase name="test_user_roles_updated_event_dispatched_on_revoke_admin" file="D:\meem-commerce\tests\Feature\UserControllerTest.php" line="1504" class="Tests\Feature\UserControllerTest" classname="Tests.Feature.UserControllerTest" assertions="1" time="0.010923">
          <failure type="PHPUnit\Framework\ExpectationFailedException">Tests\Feature\UserControllerTest::test_user_roles_updated_event_dispatched_on_revoke_admin&#13;
The expected [App\Events\UserRolesUpdated] event was not dispatched.
Failed asserting that false is true.
&#13;
D:\meem-commerce\vendor\laravel\framework\src\Illuminate\Support\Testing\Fakes\EventFake.php:144
D:\meem-commerce\vendor\laravel\framework\src\Illuminate\Support\Facades\Facade.php:353
D:\meem-commerce\tests\Feature\UserControllerTest.php:1525
D:\meem-commerce\vendor\laravel\framework\src\Illuminate\Foundation\Testing\TestCase.php:174</failure>
        </testcase>
      </testsuite>
      <testsuite name="Tests\Feature\UserCrudTest" file="D:\meem-commerce\tests\Feature\UserCrudTest.php" tests="38" assertions="67" errors="0" failures="2" skipped="1" time="1.333225">
        <testcase name="test_super_admin_can_view_user_by_id" file="D:\meem-commerce\tests\Feature\UserCrudTest.php" line="243" class="Tests\Feature\UserCrudTest" classname="Tests.Feature.UserCrudTest" assertions="4" time="0.040551"/>
        <testcase name="test_show_user_fails_for_nonexistent_user" file="D:\meem-commerce\tests\Feature\UserCrudTest.php" line="258" class="Tests\Feature\UserCrudTest" classname="Tests.Feature.UserCrudTest" assertions="1" time="0.036304"/>
        <testcase name="test_show_user_fails_for_unauthorized_user" file="D:\meem-commerce\tests\Feature\UserCrudTest.php" line="268" class="Tests\Feature\UserCrudTest" classname="Tests.Feature.UserCrudTest" assertions="1" time="0.008729"/>
        <testcase name="test_show_user_fails_for_unauthenticated_user" file="D:\meem-commerce\tests\Feature\UserCrudTest.php" line="281" class="Tests\Feature\UserCrudTest" classname="Tests.Feature.UserCrudTest" assertions="1" time="0.004292"/>
        <testcase name="test_super_admin_can_create_user_via_store" file="D:\meem-commerce\tests\Feature\UserCrudTest.php" line="290" class="Tests\Feature\UserCrudTest" classname="Tests.Feature.UserCrudTest" assertions="3" time="0.039726"/>
        <testcase name="test_store_user_without_name_returns_422" file="D:\meem-commerce\tests\Feature\UserCrudTest.php" line="311" class="Tests\Feature\UserCrudTest" classname="Tests.Feature.UserCrudTest" assertions="1" time="0.133856"/>
        <testcase name="test_super_admin_can_update_any_user" file="D:\meem-commerce\tests\Feature\UserCrudTest.php" line="327" class="Tests\Feature\UserCrudTest" classname="Tests.Feature.UserCrudTest" assertions="3" time="0.043577"/>
        <testcase name="test_user_cannot_update_self_without_permission" file="D:\meem-commerce\tests\Feature\UserCrudTest.php" line="346" class="Tests\Feature\UserCrudTest" classname="Tests.Feature.UserCrudTest" assertions="1" time="0.005104"/>
        <testcase name="test_user_cannot_update_other_user" file="D:\meem-commerce\tests\Feature\UserCrudTest.php" line="356" class="Tests\Feature\UserCrudTest" classname="Tests.Feature.UserCrudTest" assertions="1" time="0.006845"/>
        <testcase name="test_update_user_fails_for_unauthenticated_user" file="D:\meem-commerce\tests\Feature\UserCrudTest.php" line="369" class="Tests\Feature\UserCrudTest" classname="Tests.Feature.UserCrudTest" assertions="1" time="0.002964"/>
        <testcase name="test_super_admin_can_delete_user_via_destroy" file="D:\meem-commerce\tests\Feature\UserCrudTest.php" line="378" class="Tests\Feature\UserCrudTest" classname="Tests.Feature.UserCrudTest" assertions="1" time="0.041024">
          <failure type="PHPUnit\Framework\ExpectationFailedException">Tests\Feature\UserCrudTest::test_super_admin_can_delete_user_via_destroy&#13;
Expected response status code [200] but received 409.
Failed asserting that 200 is identical to 409.&#13;
&#13;
The following exception occurred during the last request:

PDOException: SQLSTATE[HY000]: General error: 1 no such table: personal_access_tokens in D:\meem-commerce\vendor\laravel\framework\src\Illuminate\Database\Connection.php:601
Stack trace:
#0 D:\meem-commerce\vendor\laravel\framework\src\Illuminate\Database\Connection.php(601): PDO-&gt;prepare('delete from "pe...')
#1 D:\meem-commerce\vendor\laravel\framework\src\Illuminate\Database\Connection.php(809): Illuminate\Database\Connection-&gt;Illuminate\Database\{closure}('delete from "pe...', Array)
#2 D:\meem-commerce\vendor\laravel\framework\src\Illuminate\Database\Connection.php(776): Illuminate\Database\Connection-&gt;runQueryCallback('delete from "pe...', Array, Object(Closure))
#3 D:\meem-commerce\vendor\laravel\framework\src\Illuminate\Database\Connection.php(593): Illuminate\Database\Connection-&gt;run('delete from "pe...', Array, Object(Closure))
#4 D:\meem-commerce\vendor\laravel\framework\src\Illuminate\Database\Connection.php(557): Illuminate\Database\Connection-&gt;affectingStatement('delete from "pe...', Array)
#5 D:\meem-commerce\vendor\laravel\framework\src\Illuminate\Database\Query\Builder.php(3615): Illuminate\Database\Connection-&gt;delete('delete from "pe...', Array)
#6 D:\meem-commerce\vendor\laravel\framework\src\Illuminate\Database\Eloquent\Builder.php(1271): Illuminate\Database\Query\Builder-&gt;delete()
#7 D:\meem-commerce\vendor\laravel\framework\src\Illuminate\Support\Traits\ForwardsCalls.php(23): Illuminate\Database\Eloquent\Builder-&gt;delete()
#8 D:\meem-commerce\vendor\laravel\framework\src\Illuminate\Support\Traits\ForwardsCalls.php(52): Illuminate\Database\Eloquent\Relations\Relation-&gt;forwardCallTo(Object(Illuminate\Database\Eloquent\Builder), 'delete', Array)
#9 D:\meem-commerce\vendor\laravel\framework\src\Illuminate\Database\Eloquent\Relations\Relation.php(517): Illuminate\Database\Eloquent\Relations\Relation-&gt;forwardDecoratedCallTo(Object(Illuminate\Database\Eloquent\Builder), 'delete', Array)
#10 D:\meem-commerce\packages\marvel\src\Http\Controllers\UserController.php(309): Illuminate\Database\Eloquent\Relations\Relation-&gt;__call('delete', Array)
#11 D:\meem-commerce\vendor\laravel\framework\src\Illuminate\Routing\Controller.php(54): Marvel\Http\Controllers\UserController-&gt;destroy('2')
#12 D:\meem-commerce\vendor\laravel\framework\src\Illuminate\Routing\ControllerDispatcher.php(43): Illuminate\Routing\Controller-&gt;callAction('destroy', Array)
#13 D:\meem-commerce\vendor\laravel\framework\src\Illuminate\Routing\Route.php(259): Illuminate\Routing\ControllerDispatcher-&gt;dispatch(Object(Illuminate\Routing\Route), Object(Marvel\Http\Controllers\UserController), 'destroy')
#14 D:\meem-commerce\vendor\laravel\framework\src\Illuminate\Routing\Route.php(205): Illuminate\Routing\Route-&gt;runController()
#15 D:\meem-commerce\vendor\laravel\framework\src\Illuminate\Routing\Router.php(799): Illuminate\Routing\Route-&gt;run()
#16 D:\meem-commerce\vendor\laravel\framework\src\Illuminate\Pipeline\Pipeline.php(141): Illuminate\Routing\Router-&gt;Illuminate\Routing\{closure}(Object(Illuminate\Http\Request))
#17 D:\meem-commerce\vendor\spatie\laravel-permission\src\Middleware\PermissionMiddleware.php(39): Illuminate\Pipeline\Pipeline-&gt;Illuminate\Pipeline\{closure}(Object(Illuminate\Http\Request))
#18 D:\meem-commerce\vendor\laravel\framework\src\Illuminate\Pipeline\Pipeline.php(180): Spatie\Permission\Middleware\PermissionMiddleware-&gt;handle(Object(Illuminate\Http\Request), Object(Closure), 'delete-user')
#19 D:\meem-commerce\vendor\laravel\framework\src\Illuminate\Auth\Middleware\EnsureEmailIsVerified.php(41): Illuminate\Pipeline\Pipeline-&gt;Illuminate\Pipeline\{closure}(Object(Illuminate\Http\Request))
#20 D:\meem-commerce\vendor\laravel\framework\src\Illuminate\Pipeline\Pipeline.php(180): Illuminate\Auth\Middleware\EnsureEmailIsVerified-&gt;handle(Object(Illuminate\Http\Request), Object(Closure))
#21 D:\meem-commerce\app\Http\Middleware\CheckLangMiddleware.php(27): Illuminate\Pipeline\Pipeline-&gt;Illuminate\Pipeline\{closure}(Object(Illuminate\Http\Request))
#22 D:\meem-commerce\vendor\laravel\framework\src\Illuminate\Pipeline\Pipeline.php(180): App\Http\Middleware\CheckLangMiddleware-&gt;handle(Object(Illuminate\Http\Request), Object(Closure))
#23 D:\meem-commerce\app\Http\Middleware\ChannelMiddleware.php(25): Illuminate\Pipeline\Pipeline-&gt;Illuminate\Pipeline\{closure}(Object(Illuminate\Http\Request))
#24 D:\meem-commerce\vendor\laravel\framework\src\Illuminate\Pipeline\Pipeline.php(180): App\Http\Middleware\ChannelMiddleware-&gt;handle(Object(Illuminate\Http\Request), Object(Closure))
#25 D:\meem-commerce\vendor\laravel\framework\src\Illuminate\Routing\Middleware\SubstituteBindings.php(50): Illuminate\Pipeline\Pipeline-&gt;Illuminate\Pipeline\{closure}(Object(Illuminate\Http\Request))
#26 D:\meem-commerce\vendor\laravel\framework\src\Illuminate\Pipeline\Pipeline.php(180): Illuminate\Routing\Middleware\SubstituteBindings-&gt;handle(Object(Illuminate\Http\Request), Object(Closure))
#27 D:\meem-commerce\vendor\laravel\framework\src\Illuminate\Routing\Middleware\ThrottleRequests.php(159): Illuminate\Pipeline\Pipeline-&gt;Illuminate\Pipeline\{closure}(Object(Illuminate\Http\Request))
#28 D:\meem-commerce\vendor\laravel\framework\src\Illuminate\Routing\Middleware\ThrottleRequests.php(125): Illuminate\Routing\Middleware\ThrottleRequests-&gt;handleRequest(Object(Illuminate\Http\Request), Object(Closure), Array)
#29 D:\meem-commerce\vendor\laravel\framework\src\Illuminate\Routing\Middleware\ThrottleRequests.php(87): Illuminate\Routing\Middleware\ThrottleRequests-&gt;handleRequestUsingNamedLimiter(Object(Illuminate\Http\Request), Object(Closure), 'api', Object(Closure))
#30 D:\meem-commerce\vendor\laravel\framework\src\Illuminate\Pipeline\Pipeline.php(180): Illuminate\Routing\Middleware\ThrottleRequests-&gt;handle(Object(Illuminate\Http\Request), Object(Closure), 'api')
#31 D:\meem-commerce\vendor\laravel\framework\src\Illuminate\Auth\Middleware\Authenticate.php(57): Illuminate\Pipeline\Pipeline-&gt;Illuminate\Pipeline\{closure}(Object(Illuminate\Http\Request))
#32 D:\meem-commerce\vendor\laravel\framework\src\Illuminate\Pipeline\Pipeline.php(180): Illuminate\Auth\Middleware\Authenticate-&gt;handle(Object(Illuminate\Http\Request), Object(Closure), 'sanctum')
#33 D:\meem-commerce\vendor\laravel\framework\src\Illuminate\Pipeline\Pipeline.php(116): Illuminate\Pipeline\Pipeline-&gt;Illuminate\Pipeline\{closure}(Object(Illuminate\Http\Request))
#34 D:\meem-commerce\vendor\laravel\framework\src\Illuminate\Routing\Router.php(798): Illuminate\Pipeline\Pipeline-&gt;then(Object(Closure))
#35 D:\meem-commerce\vendor\laravel\framework\src\Illuminate\Routing\Router.php(777): Illuminate\Routing\Router-&gt;runRouteWithinStack(Object(Illuminate\Routing\Route), Object(Illuminate\Http\Request))
#36 D:\meem-commerce\vendor\laravel\framework\src\Illuminate\Routing\Router.php(741): Illuminate\Routing\Router-&gt;runRoute(Object(Illuminate\Http\Request), Object(Illuminate\Routing\Route))
#37 D:\meem-commerce\vendor\laravel\framework\src\Illuminate\Routing\Router.php(730): Illuminate\Routing\Router-&gt;dispatchToRoute(Object(Illuminate\Http\Request))
#38 D:\meem-commerce\vendor\laravel\framework\src\Illuminate\Foundation\Http\Kernel.php(200): Illuminate\Routing\Router-&gt;dispatch(Object(Illuminate\Http\Request))
#39 D:\meem-commerce\vendor\laravel\framework\src\Illuminate\Pipeline\Pipeline.php(141): Illuminate\Foundation\Http\Kernel-&gt;Illuminate\Foundation\Http\{closure}(Object(Illuminate\Http\Request))
#40 D:\meem-commerce\vendor\laravel\framework\src\Illuminate\Http\Middleware\HandleCors.php(62): Illuminate\Pipeline\Pipeline-&gt;Illuminate\Pipeline\{closure}(Object(Illuminate\Http\Request))
#41 D:\meem-commerce\vendor\laravel\framework\src\Illuminate\Pipeline\Pipeline.php(180): Illuminate\Http\Middleware\HandleCors-&gt;handle(Object(Illuminate\Http\Request), Object(Closure))
#42 D:\meem-commerce\vendor\laravel\framework\src\Illuminate\Foundation\Http\Middleware\TransformsRequest.php(21): Illuminate\Pipeline\Pipeline-&gt;Illuminate\Pipeline\{closure}(Object(Illuminate\Http\Request))
#43 D:\meem-commerce\vendor\laravel\framework\src\Illuminate\Foundation\Http\Middleware\ConvertEmptyStringsToNull.php(31): Illuminate\Foundation\Http\Middleware\TransformsRequest-&gt;handle(Object(Illuminate\Http\Request), Object(Closure))
#44 D:\meem-commerce\vendor\laravel\framework\src\Illuminate\Pipeline\Pipeline.php(180): Illuminate\Foundation\Http\Middleware\ConvertEmptyStringsToNull-&gt;handle(Object(Illuminate\Http\Request), Object(Closure))
#45 D:\meem-commerce\vendor\laravel\framework\src\Illuminate\Foundation\Http\Middleware\TransformsRequest.php(21): Illuminate\Pipeline\Pipeline-&gt;Illuminate\Pipeline\{closure}(Object(Illuminate\Http\Request))
#46 D:\meem-commerce\vendor\laravel\framework\src\Illuminate\Foundation\Http\Middleware\TrimStrings.php(40): Illuminate\Foundation\Http\Middleware\TransformsRequest-&gt;handle(Object(Illuminate\Http\Request), Object(Closure))
#47 D:\meem-commerce\vendor\laravel\framework\src\Illuminate\Pipeline\Pipeline.php(180): Illuminate\Foundation\Http\Middleware\TrimStrings-&gt;handle(Object(Illuminate\Http\Request), Object(Closure))
#48 D:\meem-commerce\vendor\laravel\framework\src\Illuminate\Foundation\Http\Middleware\ValidatePostSize.php(27): Illuminate\Pipeline\Pipeline-&gt;Illuminate\Pipeline\{closure}(Object(Illuminate\Http\Request))
#49 D:\meem-commerce\vendor\laravel\framework\src\Illuminate\Pipeline\Pipeline.php(180): Illuminate\Foundation\Http\Middleware\ValidatePostSize-&gt;handle(Object(Illuminate\Http\Request), Object(Closure))
#50 D:\meem-commerce\vendor\laravel\framework\src\Illuminate\Foundation\Http\Middleware\PreventRequestsDuringMaintenance.php(99): Illuminate\Pipeline\Pipeline-&gt;Illuminate\Pipeline\{closure}(Object(Illuminate\Http\Request))
#51 D:\meem-commerce\vendor\laravel\framework\src\Illuminate\Pipeline\Pipeline.php(180): Illuminate\Foundation\Http\Middleware\PreventRequestsDuringMaintenance-&gt;handle(Object(Illuminate\Http\Request), Object(Closure))
#52 D:\meem-commerce\vendor\laravel\framework\src\Illuminate\Http\Middleware\TrustProxies.php(39): Illuminate\Pipeline\Pipeline-&gt;Illuminate\Pipeline\{closure}(Object(Illuminate\Http\Request))
#53 D:\meem-commerce\vendor\laravel\framework\src\Illuminate\Pipeline\Pipeline.php(180): Illuminate\Http\Middleware\TrustProxies-&gt;handle(Object(Illuminate\Http\Request), Object(Closure))
#54 D:\meem-commerce\vendor\laravel\framework\src\Illuminate\Pipeline\Pipeline.php(116): Illuminate\Pipeline\Pipeline-&gt;Illuminate\Pipeline\{closure}(Object(Illuminate\Http\Request))
#55 D:\meem-commerce\vendor\laravel\framework\src\Illuminate\Foundation\Http\Kernel.php(175): Illuminate\Pipeline\Pipeline-&gt;then(Object(Closure))
#56 D:\meem-commerce\vendor\laravel\framework\src\Illuminate\Foundation\Http\Kernel.php(144): Illuminate\Foundation\Http\Kernel-&gt;sendRequestThroughRouter(Object(Illuminate\Http\Request))
#57 D:\meem-commerce\vendor\laravel\framework\src\Illuminate\Foundation\Testing\Concerns\MakesHttpRequests.php(573): Illuminate\Foundation\Http\Kernel-&gt;handle(Object(Illuminate\Http\Request))
#58 D:\meem-commerce\vendor\laravel\framework\src\Illuminate\Foundation\Testing\Concerns\MakesHttpRequests.php(539): Illuminate\Foundation\Testing\TestCase-&gt;call('DELETE', '/api/v1/users/2', Array, Array, Array, Array, '[]')
#59 D:\meem-commerce\vendor\laravel\framework\src\Illuminate\Foundation\Testing\Concerns\MakesHttpRequests.php(467): Illuminate\Foundation\Testing\TestCase-&gt;json('DELETE', '/api/v1/users/2', Array, Array, 0)
#60 D:\meem-commerce\tests\Feature\UserCrudTest.php(385): Illuminate\Foundation\Testing\TestCase-&gt;deleteJson('/api/v1/users/2')
#61 D:\meem-commerce\vendor\phpunit\phpunit\src\Framework\TestCase.php(1030): Tests\Feature\UserCrudTest-&gt;test_super_admin_can_delete_user_via_destroy()
#62 D:\meem-commerce\vendor\laravel\framework\src\Illuminate\Foundation\Testing\TestCase.php(174): PHPUnit\Framework\TestCase-&gt;runTest()
#63 D:\meem-commerce\vendor\phpunit\phpunit\src\Framework\TestCase.php(627): Illuminate\Foundation\Testing\TestCase-&gt;runTest()
#64 D:\meem-commerce\vendor\phpunit\phpunit\src\Framework\TestRunner.php(101): PHPUnit\Framework\TestCase-&gt;runBare()
#65 D:\meem-commerce\vendor\phpunit\phpunit\src\Framework\TestCase.php(456): PHPUnit\Framework\TestRunner-&gt;run(Object(Tests\Feature\UserCrudTest))
#66 D:\meem-commerce\vendor\phpunit\phpunit\src\Framework\TestSuite.php(352): PHPUnit\Framework\TestCase-&gt;run()
#67 D:\meem-commerce\vendor\phpunit\phpunit\src\Framework\TestSuite.php(352): PHPUnit\Framework\TestSuite-&gt;run()
#68 D:\meem-commerce\vendor\phpunit\phpunit\src\Framework\TestSuite.php(352): PHPUnit\Framework\TestSuite-&gt;run()
#69 D:\meem-commerce\vendor\phpunit\phpunit\src\TextUI\TestRunner.php(63): PHPUnit\Framework\TestSuite-&gt;run()
#70 D:\meem-commerce\vendor\phpunit\phpunit\src\TextUI\Application.php(141): PHPUnit\TextUI\TestRunner-&gt;run(Object(PHPUnit\TextUI\Configuration\Configuration), Object(PHPUnit\Runner\ResultCache\DefaultResultCache), Object(PHPUnit\Framework\TestSuite))
#71 D:\meem-commerce\vendor\phpunit\phpunit\phpunit(90): PHPUnit\TextUI\Application-&gt;run(Array)
#72 D:\meem-commerce\vendor\bin\phpunit(122): include('D:\\meem-commerc...')
#73 {main}

Next Illuminate\Database\QueryException: SQLSTATE[HY000]: General error: 1 no such table: personal_access_tokens (Connection: sqlite, SQL: delete from "personal_access_tokens" where "personal_access_tokens"."tokenable_type" = Marvel\Database\Models\User and "personal_access_tokens"."tokenable_id" = 2 and "personal_access_tokens"."tokenable_id" is not null) in D:\meem-commerce\vendor\laravel\framework\src\Illuminate\Database\Connection.php:822
Stack trace:
#0 D:\meem-commerce\vendor\laravel\framework\src\Illuminate\Database\Connection.php(776): Illuminate\Database\Connection-&gt;runQueryCallback('delete from "pe...', Array, Object(Closure))
#1 D:\meem-commerce\vendor\laravel\framework\src\Illuminate\Database\Connection.php(593): Illuminate\Database\Connection-&gt;run('delete from "pe...', Array, Object(Closure))
#2 D:\meem-commerce\vendor\laravel\framework\src\Illuminate\Database\Connection.php(557): Illuminate\Database\Connection-&gt;affectingStatement('delete from "pe...', Array)
#3 D:\meem-commerce\vendor\laravel\framework\src\Illuminate\Database\Query\Builder.php(3615): Illuminate\Database\Connection-&gt;delete('delete from "pe...', Array)
#4 D:\meem-commerce\vendor\laravel\framework\src\Illuminate\Database\Eloquent\Builder.php(1271): Illuminate\Database\Query\Builder-&gt;delete()
#5 D:\meem-commerce\vendor\laravel\framework\src\Illuminate\Support\Traits\ForwardsCalls.php(23): Illuminate\Database\Eloquent\Builder-&gt;delete()
#6 D:\meem-commerce\vendor\laravel\framework\src\Illuminate\Support\Traits\ForwardsCalls.php(52): Illuminate\Database\Eloquent\Relations\Relation-&gt;forwardCallTo(Object(Illuminate\Database\Eloquent\Builder), 'delete', Array)
#7 D:\meem-commerce\vendor\laravel\framework\src\Illuminate\Database\Eloquent\Relations\Relation.php(517): Illuminate\Database\Eloquent\Relations\Relation-&gt;forwardDecoratedCallTo(Object(Illuminate\Database\Eloquent\Builder), 'delete', Array)
#8 D:\meem-commerce\packages\marvel\src\Http\Controllers\UserController.php(309): Illuminate\Database\Eloquent\Relations\Relation-&gt;__call('delete', Array)
#9 D:\meem-commerce\vendor\laravel\framework\src\Illuminate\Routing\Controller.php(54): Marvel\Http\Controllers\UserController-&gt;destroy('2')
#10 D:\meem-commerce\vendor\laravel\framework\src\Illuminate\Routing\ControllerDispatcher.php(43): Illuminate\Routing\Controller-&gt;callAction('destroy', Array)
#11 D:\meem-commerce\vendor\laravel\framework\src\Illuminate\Routing\Route.php(259): Illuminate\Routing\ControllerDispatcher-&gt;dispatch(Object(Illuminate\Routing\Route), Object(Marvel\Http\Controllers\UserController), 'destroy')
#12 D:\meem-commerce\vendor\laravel\framework\src\Illuminate\Routing\Route.php(205): Illuminate\Routing\Route-&gt;runController()
#13 D:\meem-commerce\vendor\laravel\framework\src\Illuminate\Routing\Router.php(799): Illuminate\Routing\Route-&gt;run()
#14 D:\meem-commerce\vendor\laravel\framework\src\Illuminate\Pipeline\Pipeline.php(141): Illuminate\Routing\Router-&gt;Illuminate\Routing\{closure}(Object(Illuminate\Http\Request))
#15 D:\meem-commerce\vendor\spatie\laravel-permission\src\Middleware\PermissionMiddleware.php(39): Illuminate\Pipeline\Pipeline-&gt;Illuminate\Pipeline\{closure}(Object(Illuminate\Http\Request))
#16 D:\meem-commerce\vendor\laravel\framework\src\Illuminate\Pipeline\Pipeline.php(180): Spatie\Permission\Middleware\PermissionMiddleware-&gt;handle(Object(Illuminate\Http\Request), Object(Closure), 'delete-user')
#17 D:\meem-commerce\vendor\laravel\framework\src\Illuminate\Auth\Middleware\EnsureEmailIsVerified.php(41): Illuminate\Pipeline\Pipeline-&gt;Illuminate\Pipeline\{closure}(Object(Illuminate\Http\Request))
#18 D:\meem-commerce\vendor\laravel\framework\src\Illuminate\Pipeline\Pipeline.php(180): Illuminate\Auth\Middleware\EnsureEmailIsVerified-&gt;handle(Object(Illuminate\Http\Request), Object(Closure))
#19 D:\meem-commerce\app\Http\Middleware\CheckLangMiddleware.php(27): Illuminate\Pipeline\Pipeline-&gt;Illuminate\Pipeline\{closure}(Object(Illuminate\Http\Request))
#20 D:\meem-commerce\vendor\laravel\framework\src\Illuminate\Pipeline\Pipeline.php(180): App\Http\Middleware\CheckLangMiddleware-&gt;handle(Object(Illuminate\Http\Request), Object(Closure))
#21 D:\meem-commerce\app\Http\Middleware\ChannelMiddleware.php(25): Illuminate\Pipeline\Pipeline-&gt;Illuminate\Pipeline\{closure}(Object(Illuminate\Http\Request))
#22 D:\meem-commerce\vendor\laravel\framework\src\Illuminate\Pipeline\Pipeline.php(180): App\Http\Middleware\ChannelMiddleware-&gt;handle(Object(Illuminate\Http\Request), Object(Closure))
#23 D:\meem-commerce\vendor\laravel\framework\src\Illuminate\Routing\Middleware\SubstituteBindings.php(50): Illuminate\Pipeline\Pipeline-&gt;Illuminate\Pipeline\{closure}(Object(Illuminate\Http\Request))
#24 D:\meem-commerce\vendor\laravel\framework\src\Illuminate\Pipeline\Pipeline.php(180): Illuminate\Routing\Middleware\SubstituteBindings-&gt;handle(Object(Illuminate\Http\Request), Object(Closure))
#25 D:\meem-commerce\vendor\laravel\framework\src\Illuminate\Routing\Middleware\ThrottleRequests.php(159): Illuminate\Pipeline\Pipeline-&gt;Illuminate\Pipeline\{closure}(Object(Illuminate\Http\Request))
#26 D:\meem-commerce\vendor\laravel\framework\src\Illuminate\Routing\Middleware\ThrottleRequests.php(125): Illuminate\Routing\Middleware\ThrottleRequests-&gt;handleRequest(Object(Illuminate\Http\Request), Object(Closure), Array)
#27 D:\meem-commerce\vendor\laravel\framework\src\Illuminate\Routing\Middleware\ThrottleRequests.php(87): Illuminate\Routing\Middleware\ThrottleRequests-&gt;handleRequestUsingNamedLimiter(Object(Illuminate\Http\Request), Object(Closure), 'api', Object(Closure))
#28 D:\meem-commerce\vendor\laravel\framework\src\Illuminate\Pipeline\Pipeline.php(180): Illuminate\Routing\Middleware\ThrottleRequests-&gt;handle(Object(Illuminate\Http\Request), Object(Closure), 'api')
#29 D:\meem-commerce\vendor\laravel\framework\src\Illuminate\Auth\Middleware\Authenticate.php(57): Illuminate\Pipeline\Pipeline-&gt;Illuminate\Pipeline\{closure}(Object(Illuminate\Http\Request))
#30 D:\meem-commerce\vendor\laravel\framework\src\Illuminate\Pipeline\Pipeline.php(180): Illuminate\Auth\Middleware\Authenticate-&gt;handle(Object(Illuminate\Http\Request), Object(Closure), 'sanctum')
#31 D:\meem-commerce\vendor\laravel\framework\src\Illuminate\Pipeline\Pipeline.php(116): Illuminate\Pipeline\Pipeline-&gt;Illuminate\Pipeline\{closure}(Object(Illuminate\Http\Request))
#32 D:\meem-commerce\vendor\laravel\framework\src\Illuminate\Routing\Router.php(798): Illuminate\Pipeline\Pipeline-&gt;then(Object(Closure))
#33 D:\meem-commerce\vendor\laravel\framework\src\Illuminate\Routing\Router.php(777): Illuminate\Routing\Router-&gt;runRouteWithinStack(Object(Illuminate\Routing\Route), Object(Illuminate\Http\Request))
#34 D:\meem-commerce\vendor\laravel\framework\src\Illuminate\Routing\Router.php(741): Illuminate\Routing\Router-&gt;runRoute(Object(Illuminate\Http\Request), Object(Illuminate\Routing\Route))
#35 D:\meem-commerce\vendor\laravel\framework\src\Illuminate\Routing\Router.php(730): Illuminate\Routing\Router-&gt;dispatchToRoute(Object(Illuminate\Http\Request))
#36 D:\meem-commerce\vendor\laravel\framework\src\Illuminate\Foundation\Http\Kernel.php(200): Illuminate\Routing\Router-&gt;dispatch(Object(Illuminate\Http\Request))
#37 D:\meem-commerce\vendor\laravel\framework\src\Illuminate\Pipeline\Pipeline.php(141): Illuminate\Foundation\Http\Kernel-&gt;Illuminate\Foundation\Http\{closure}(Object(Illuminate\Http\Request))
#38 D:\meem-commerce\vendor\laravel\framework\src\Illuminate\Http\Middleware\HandleCors.php(62): Illuminate\Pipeline\Pipeline-&gt;Illuminate\Pipeline\{closure}(Object(Illuminate\Http\Request))
#39 D:\meem-commerce\vendor\laravel\framework\src\Illuminate\Pipeline\Pipeline.php(180): Illuminate\Http\Middleware\HandleCors-&gt;handle(Object(Illuminate\Http\Request), Object(Closure))
#40 D:\meem-commerce\vendor\laravel\framework\src\Illuminate\Foundation\Http\Middleware\TransformsRequest.php(21): Illuminate\Pipeline\Pipeline-&gt;Illuminate\Pipeline\{closure}(Object(Illuminate\Http\Request))
#41 D:\meem-commerce\vendor\laravel\framework\src\Illuminate\Foundation\Http\Middleware\ConvertEmptyStringsToNull.php(31): Illuminate\Foundation\Http\Middleware\TransformsRequest-&gt;handle(Object(Illuminate\Http\Request), Object(Closure))
#42 D:\meem-commerce\vendor\laravel\framework\src\Illuminate\Pipeline\Pipeline.php(180): Illuminate\Foundation\Http\Middleware\ConvertEmptyStringsToNull-&gt;handle(Object(Illuminate\Http\Request), Object(Closure))
#43 D:\meem-commerce\vendor\laravel\framework\src\Illuminate\Foundation\Http\Middleware\TransformsRequest.php(21): Illuminate\Pipeline\Pipeline-&gt;Illuminate\Pipeline\{closure}(Object(Illuminate\Http\Request))
#44 D:\meem-commerce\vendor\laravel\framework\src\Illuminate\Foundation\Http\Middleware\TrimStrings.php(40): Illuminate\Foundation\Http\Middleware\TransformsRequest-&gt;handle(Object(Illuminate\Http\Request), Object(Closure))
#45 D:\meem-commerce\vendor\laravel\framework\src\Illuminate\Pipeline\Pipeline.php(180): Illuminate\Foundation\Http\Middleware\TrimStrings-&gt;handle(Object(Illuminate\Http\Request), Object(Closure))
#46 D:\meem-commerce\vendor\laravel\framework\src\Illuminate\Foundation\Http\Middleware\ValidatePostSize.php(27): Illuminate\Pipeline\Pipeline-&gt;Illuminate\Pipeline\{closure}(Object(Illuminate\Http\Request))
#47 D:\meem-commerce\vendor\laravel\framework\src\Illuminate\Pipeline\Pipeline.php(180): Illuminate\Foundation\Http\Middleware\ValidatePostSize-&gt;handle(Object(Illuminate\Http\Request), Object(Closure))
#48 D:\meem-commerce\vendor\laravel\framework\src\Illuminate\Foundation\Http\Middleware\PreventRequestsDuringMaintenance.php(99): Illuminate\Pipeline\Pipeline-&gt;Illuminate\Pipeline\{closure}(Object(Illuminate\Http\Request))
#49 D:\meem-commerce\vendor\laravel\framework\src\Illuminate\Pipeline\Pipeline.php(180): Illuminate\Foundation\Http\Middleware\PreventRequestsDuringMaintenance-&gt;handle(Object(Illuminate\Http\Request), Object(Closure))
#50 D:\meem-commerce\vendor\laravel\framework\src\Illuminate\Http\Middleware\TrustProxies.php(39): Illuminate\Pipeline\Pipeline-&gt;Illuminate\Pipeline\{closure}(Object(Illuminate\Http\Request))
#51 D:\meem-commerce\vendor\laravel\framework\src\Illuminate\Pipeline\Pipeline.php(180): Illuminate\Http\Middleware\TrustProxies-&gt;handle(Object(Illuminate\Http\Request), Object(Closure))
#52 D:\meem-commerce\vendor\laravel\framework\src\Illuminate\Pipeline\Pipeline.php(116): Illuminate\Pipeline\Pipeline-&gt;Illuminate\Pipeline\{closure}(Object(Illuminate\Http\Request))
#53 D:\meem-commerce\vendor\laravel\framework\src\Illuminate\Foundation\Http\Kernel.php(175): Illuminate\Pipeline\Pipeline-&gt;then(Object(Closure))
#54 D:\meem-commerce\vendor\laravel\framework\src\Illuminate\Foundation\Http\Kernel.php(144): Illuminate\Foundation\Http\Kernel-&gt;sendRequestThroughRouter(Object(Illuminate\Http\Request))
#55 D:\meem-commerce\vendor\laravel\framework\src\Illuminate\Foundation\Testing\Concerns\MakesHttpRequests.php(573): Illuminate\Foundation\Http\Kernel-&gt;handle(Object(Illuminate\Http\Request))
#56 D:\meem-commerce\vendor\laravel\framework\src\Illuminate\Foundation\Testing\Concerns\MakesHttpRequests.php(539): Illuminate\Foundation\Testing\TestCase-&gt;call('DELETE', '/api/v1/users/2', Array, Array, Array, Array, '[]')
#57 D:\meem-commerce\vendor\laravel\framework\src\Illuminate\Foundation\Testing\Concerns\MakesHttpRequests.php(467): Illuminate\Foundation\Testing\TestCase-&gt;json('DELETE', '/api/v1/users/2', Array, Array, 0)
#58 D:\meem-commerce\tests\Feature\UserCrudTest.php(385): Illuminate\Foundation\Testing\TestCase-&gt;deleteJson('/api/v1/users/2')
#59 D:\meem-commerce\vendor\phpunit\phpunit\src\Framework\TestCase.php(1030): Tests\Feature\UserCrudTest-&gt;test_super_admin_can_delete_user_via_destroy()
#60 D:\meem-commerce\vendor\laravel\framework\src\Illuminate\Foundation\Testing\TestCase.php(174): PHPUnit\Framework\TestCase-&gt;runTest()
#61 D:\meem-commerce\vendor\phpunit\phpunit\src\Framework\TestCase.php(627): Illuminate\Foundation\Testing\TestCase-&gt;runTest()
#62 D:\meem-commerce\vendor\phpunit\phpunit\src\Framework\TestRunner.php(101): PHPUnit\Framework\TestCase-&gt;runBare()
#63 D:\meem-commerce\vendor\phpunit\phpunit\src\Framework\TestCase.php(456): PHPUnit\Framework\TestRunner-&gt;run(Object(Tests\Feature\UserCrudTest))
#64 D:\meem-commerce\vendor\phpunit\phpunit\src\Framework\TestSuite.php(352): PHPUnit\Framework\TestCase-&gt;run()
#65 D:\meem-commerce\vendor\phpunit\phpunit\src\Framework\TestSuite.php(352): PHPUnit\Framework\TestSuite-&gt;run()
#66 D:\meem-commerce\vendor\phpunit\phpunit\src\Framework\TestSuite.php(352): PHPUnit\Framework\TestSuite-&gt;run()
#67 D:\meem-commerce\vendor\phpunit\phpunit\src\TextUI\TestRunner.php(63): PHPUnit\Framework\TestSuite-&gt;run()
#68 D:\meem-commerce\vendor\phpunit\phpunit\src\TextUI\Application.php(141): PHPUnit\TextUI\TestRunner-&gt;run(Object(PHPUnit\TextUI\Configuration\Configuration), Object(PHPUnit\Runner\ResultCache\DefaultResultCache), Object(PHPUnit\Framework\TestSuite))
#69 D:\meem-commerce\vendor\phpunit\phpunit\phpunit(90): PHPUnit\TextUI\Application-&gt;run(Array)
#70 D:\meem-commerce\vendor\bin\phpunit(122): include('D:\\meem-commerc...')
#71 {main}

----------------------------------------------------------------------------------

SQLSTATE[HY000]: General error: 1 no such table: personal_access_tokens (Connection: sqlite, SQL: delete from "personal_access_tokens" where "personal_access_tokens"."tokenable_type" = Marvel\Database\Models\User and "personal_access_tokens"."tokenable_id" = 2 and "personal_access_tokens"."tokenable_id" is not null)
&#13;
D:\meem-commerce\vendor\laravel\framework\src\Illuminate\Testing\TestResponse.php:146
D:\meem-commerce\vendor\laravel\framework\src\Illuminate\Testing\Concerns\AssertsStatusCodes.php:16
D:\meem-commerce\tests\Feature\UserCrudTest.php:387
D:\meem-commerce\vendor\laravel\framework\src\Illuminate\Foundation\Testing\TestCase.php:174</failure>
        </testcase>
        <testcase name="test_destroy_fails_for_nonexistent_user" file="D:\meem-commerce\tests\Feature\UserCrudTest.php" line="392" class="Tests\Feature\UserCrudTest" classname="Tests.Feature.UserCrudTest" assertions="1" time="0.033750"/>
        <testcase name="test_destroy_fails_for_unauthenticated_user" file="D:\meem-commerce\tests\Feature\UserCrudTest.php" line="400" class="Tests\Feature\UserCrudTest" classname="Tests.Feature.UserCrudTest" assertions="1" time="0.003626"/>
        <testcase name="test_super_admin_can_force_delete_user" file="D:\meem-commerce\tests\Feature\UserCrudTest.php" line="409" class="Tests\Feature\UserCrudTest" classname="Tests.Feature.UserCrudTest" assertions="2" time="0.041225"/>
        <testcase name="test_force_delete_fails_for_super_admin" file="D:\meem-commerce\tests\Feature\UserCrudTest.php" line="423" class="Tests\Feature\UserCrudTest" classname="Tests.Feature.UserCrudTest" assertions="1" time="0.034957"/>
        <testcase name="test_force_delete_fails_for_nonexistent_user" file="D:\meem-commerce\tests\Feature\UserCrudTest.php" line="432" class="Tests\Feature\UserCrudTest" classname="Tests.Feature.UserCrudTest" assertions="1" time="0.034550"/>
        <testcase name="test_super_admin_can_restore_soft_deleted_user" file="D:\meem-commerce\tests\Feature\UserCrudTest.php" line="444" class="Tests\Feature\UserCrudTest" classname="Tests.Feature.UserCrudTest" assertions="2" time="0.064417"/>
        <testcase name="test_restore_fails_for_non_trashed_user" file="D:\meem-commerce\tests\Feature\UserCrudTest.php" line="458" class="Tests\Feature\UserCrudTest" classname="Tests.Feature.UserCrudTest" assertions="1" time="0.042770"/>
        <testcase name="test_restore_fails_for_nonexistent_user" file="D:\meem-commerce\tests\Feature\UserCrudTest.php" line="469" class="Tests\Feature\UserCrudTest" classname="Tests.Feature.UserCrudTest" assertions="1" time="0.035081"/>
        <testcase name="test_super_admin_can_view_trashed_users" file="D:\meem-commerce\tests\Feature\UserCrudTest.php" line="481" class="Tests\Feature\UserCrudTest" classname="Tests.Feature.UserCrudTest" assertions="2" time="0.042345"/>
        <testcase name="test_super_admin_can_add_points_to_user" file="D:\meem-commerce\tests\Feature\UserCrudTest.php" line="500" class="Tests\Feature\UserCrudTest" classname="Tests.Feature.UserCrudTest" assertions="3" time="0.043211"/>
        <testcase name="test_add_points_accumulates" file="D:\meem-commerce\tests\Feature\UserCrudTest.php" line="522" class="Tests\Feature\UserCrudTest" classname="Tests.Feature.UserCrudTest" assertions="1" time="0.041225"/>
        <testcase name="test_add_points_fails_without_customer_id" file="D:\meem-commerce\tests\Feature\UserCrudTest.php" line="539" class="Tests\Feature\UserCrudTest" classname="Tests.Feature.UserCrudTest" assertions="1" time="0.037988"/>
        <testcase name="test_add_points_fails_without_points" file="D:\meem-commerce\tests\Feature\UserCrudTest.php" line="547" class="Tests\Feature\UserCrudTest" classname="Tests.Feature.UserCrudTest" assertions="1" time="0.056968"/>
        <testcase name="test_add_points_with_negative_value" file="D:\meem-commerce\tests\Feature\UserCrudTest.php" line="555" class="Tests\Feature\UserCrudTest" classname="Tests.Feature.UserCrudTest" assertions="2" time="0.039502"/>
        <testcase name="test_add_points_fails_for_unauthorized_user" file="D:\meem-commerce\tests\Feature\UserCrudTest.php" line="575" class="Tests\Feature\UserCrudTest" classname="Tests.Feature.UserCrudTest" assertions="1" time="0.005574"/>
        <testcase name="test_ban_user_cannot_ban_self" file="D:\meem-commerce\tests\Feature\UserCrudTest.php" line="588" class="Tests\Feature\UserCrudTest" classname="Tests.Feature.UserCrudTest" assertions="1" time="0.035665"/>
        <testcase name="test_subscribe_to_newsletter_works" file="D:\meem-commerce\tests\Feature\UserCrudTest.php" line="604" class="Tests\Feature\UserCrudTest" classname="Tests.Feature.UserCrudTest" assertions="0" time="0.001168">
          <skipped/>
        </testcase>
        <testcase name="test_make_admin_toggles_twice_returns_to_user" file="D:\meem-commerce\tests\Feature\UserCrudTest.php" line="622" class="Tests\Feature\UserCrudTest" classname="Tests.Feature.UserCrudTest" assertions="2" time="0.047638"/>
        <testcase name="test_make_admin_dispatches_event_on_each_toggle" file="D:\meem-commerce\tests\Feature\UserCrudTest.php" line="638" class="Tests\Feature\UserCrudTest" classname="Tests.Feature.UserCrudTest" assertions="1" time="0.040382"/>
        <testcase name="test_force_delete_fails_for_unauthenticated_user" file="D:\meem-commerce\tests\Feature\UserCrudTest.php" line="657" class="Tests\Feature\UserCrudTest" classname="Tests.Feature.UserCrudTest" assertions="1" time="0.002684"/>
        <testcase name="test_restore_fails_for_unauthenticated_user" file="D:\meem-commerce\tests\Feature\UserCrudTest.php" line="662" class="Tests\Feature\UserCrudTest" classname="Tests.Feature.UserCrudTest" assertions="1" time="0.002682"/>
        <testcase name="test_make_admin_does_not_crash" file="D:\meem-commerce\tests\Feature\UserCrudTest.php" line="672" class="Tests\Feature\UserCrudTest" classname="Tests.Feature.UserCrudTest" assertions="2" time="0.058071"/>
        <testcase name="test_update_user_with_same_email_works" file="D:\meem-commerce\tests\Feature\UserCrudTest.php" line="689" class="Tests\Feature\UserCrudTest" classname="Tests.Feature.UserCrudTest" assertions="1" time="0.038255">
          <failure type="PHPUnit\Framework\ExpectationFailedException">Tests\Feature\UserCrudTest::test_update_user_with_same_email_works&#13;
Expected response status code [200] but received 422.
Failed asserting that 200 is identical to 422.
&#13;
D:\meem-commerce\vendor\laravel\framework\src\Illuminate\Testing\TestResponse.php:146
D:\meem-commerce\vendor\laravel\framework\src\Illuminate\Testing\Concerns\AssertsStatusCodes.php:16
D:\meem-commerce\tests\Feature\UserCrudTest.php:701
D:\meem-commerce\vendor\laravel\framework\src\Illuminate\Foundation\Testing\TestCase.php:174</failure>
        </testcase>
        <testcase name="test_store_user_persists_phone_number" file="D:\meem-commerce\tests\Feature\UserCrudTest.php" line="706" class="Tests\Feature\UserCrudTest" classname="Tests.Feature.UserCrudTest" assertions="2" time="0.041353"/>
        <testcase name="test_destroy_fails_for_self_delete" file="D:\meem-commerce\tests\Feature\UserCrudTest.php" line="730" class="Tests\Feature\UserCrudTest" classname="Tests.Feature.UserCrudTest" assertions="2" time="0.039662"/>
        <testcase name="test_destroy_fails_for_super_admin_delete" file="D:\meem-commerce\tests\Feature\UserCrudTest.php" line="742" class="Tests\Feature\UserCrudTest" classname="Tests.Feature.UserCrudTest" assertions="2" time="0.059851"/>
        <testcase name="test_show_user_returns_all_resource_fields" file="D:\meem-commerce\tests\Feature\UserCrudTest.php" line="766" class="Tests\Feature\UserCrudTest" classname="Tests.Feature.UserCrudTest" assertions="13" time="0.045656"/>
      </testsuite>
      <testsuite name="Tests\Feature\UserPasswordResetTest" file="D:\meem-commerce\tests\Feature\UserPasswordResetTest.php" tests="13" assertions="21" errors="0" failures="1" skipped="0" time="0.148560">
        <testcase name="test_forget_password_sends_reset_token" file="D:\meem-commerce\tests\Feature\UserPasswordResetTest.php" line="74" class="Tests\Feature\UserPasswordResetTest" classname="Tests.Feature.UserPasswordResetTest" assertions="2" time="0.065162"/>
        <testcase name="test_forget_password_does_not_leak_email_existence" file="D:\meem-commerce\tests\Feature\UserPasswordResetTest.php" line="86" class="Tests\Feature\UserPasswordResetTest" classname="Tests.Feature.UserPasswordResetTest" assertions="2" time="0.002763"/>
        <testcase name="test_forget_password_updates_existing_token" file="D:\meem-commerce\tests\Feature\UserPasswordResetTest.php" line="96" class="Tests\Feature\UserPasswordResetTest" classname="Tests.Feature.UserPasswordResetTest" assertions="2" time="0.013039"/>
        <testcase name="test_verify_forget_password_token_succeeds_with_valid_token" file="D:\meem-commerce\tests\Feature\UserPasswordResetTest.php" line="120" class="Tests\Feature\UserPasswordResetTest" classname="Tests.Feature.UserPasswordResetTest" assertions="1" time="0.005673"/>
        <testcase name="test_verify_forget_password_token_fails_with_expired_token" file="D:\meem-commerce\tests\Feature\UserPasswordResetTest.php" line="137" class="Tests\Feature\UserPasswordResetTest" classname="Tests.Feature.UserPasswordResetTest" assertions="2" time="0.007911"/>
        <testcase name="test_verify_forget_password_token_fails_with_invalid_token" file="D:\meem-commerce\tests\Feature\UserPasswordResetTest.php" line="156" class="Tests\Feature\UserPasswordResetTest" classname="Tests.Feature.UserPasswordResetTest" assertions="2" time="0.005228"/>
        <testcase name="test_reset_password_succeeds_with_valid_token" file="D:\meem-commerce\tests\Feature\UserPasswordResetTest.php" line="177" class="Tests\Feature\UserPasswordResetTest" classname="Tests.Feature.UserPasswordResetTest" assertions="4" time="0.013072"/>
        <testcase name="test_reset_password_fails_with_wrong_token" file="D:\meem-commerce\tests\Feature\UserPasswordResetTest.php" line="204" class="Tests\Feature\UserPasswordResetTest" classname="Tests.Feature.UserPasswordResetTest" assertions="1" time="0.003334"/>
        <testcase name="test_reset_password_fails_with_mismatched_confirmation" file="D:\meem-commerce\tests\Feature\UserPasswordResetTest.php" line="216" class="Tests\Feature\UserPasswordResetTest" classname="Tests.Feature.UserPasswordResetTest" assertions="1" time="0.004826"/>
        <testcase name="test_reset_password_fails_with_short_password" file="D:\meem-commerce\tests\Feature\UserPasswordResetTest.php" line="227" class="Tests\Feature\UserPasswordResetTest" classname="Tests.Feature.UserPasswordResetTest" assertions="1" time="0.006174"/>
        <testcase name="test_reset_password_fails_without_email" file="D:\meem-commerce\tests\Feature\UserPasswordResetTest.php" line="238" class="Tests\Feature\UserPasswordResetTest" classname="Tests.Feature.UserPasswordResetTest" assertions="1" time="0.003518"/>
        <testcase name="test_contact_us_sends_email" file="D:\meem-commerce\tests\Feature\UserPasswordResetTest.php" line="251" class="Tests\Feature\UserPasswordResetTest" classname="Tests.Feature.UserPasswordResetTest" assertions="1" time="0.012505">
          <failure type="PHPUnit\Framework\ExpectationFailedException">Tests\Feature\UserPasswordResetTest::test_contact_us_sends_email&#13;
Expected response status code [200] but received 409.
Failed asserting that 200 is identical to 409.&#13;
&#13;
The following exception occurred during the last request:

PDOException: SQLSTATE[HY000]: General error: 1 no such table: contacts in D:\meem-commerce\vendor\laravel\framework\src\Illuminate\Database\Connection.php:574
Stack trace:
#0 D:\meem-commerce\vendor\laravel\framework\src\Illuminate\Database\Connection.php(574): PDO-&gt;prepare('insert into "co...')
#1 D:\meem-commerce\vendor\laravel\framework\src\Illuminate\Database\Connection.php(809): Illuminate\Database\Connection-&gt;Illuminate\Database\{closure}('insert into "co...', Array)
#2 D:\meem-commerce\vendor\laravel\framework\src\Illuminate\Database\Connection.php(776): Illuminate\Database\Connection-&gt;runQueryCallback('insert into "co...', Array, Object(Closure))
#3 D:\meem-commerce\vendor\laravel\framework\src\Illuminate\Database\Connection.php(569): Illuminate\Database\Connection-&gt;run('insert into "co...', Array, Object(Closure))
#4 D:\meem-commerce\vendor\laravel\framework\src\Illuminate\Database\Connection.php(533): Illuminate\Database\Connection-&gt;statement('insert into "co...', Array)
#5 D:\meem-commerce\vendor\laravel\framework\src\Illuminate\Database\Query\Processors\Processor.php(32): Illuminate\Database\Connection-&gt;insert('insert into "co...', Array)
#6 D:\meem-commerce\vendor\laravel\framework\src\Illuminate\Database\Query\Builder.php(3387): Illuminate\Database\Query\Processors\Processor-&gt;processInsertGetId(Object(Illuminate\Database\Query\Builder), 'insert into "co...', Array, 'id')
#7 D:\meem-commerce\vendor\laravel\framework\src\Illuminate\Database\Eloquent\Builder.php(1968): Illuminate\Database\Query\Builder-&gt;insertGetId(Array, 'id')
#8 D:\meem-commerce\vendor\laravel\framework\src\Illuminate\Database\Eloquent\Model.php(1333): Illuminate\Database\Eloquent\Builder-&gt;__call('insertGetId', Array)
#9 D:\meem-commerce\vendor\laravel\framework\src\Illuminate\Database\Eloquent\Model.php(1298): Illuminate\Database\Eloquent\Model-&gt;insertAndSetId(Object(Illuminate\Database\Eloquent\Builder), Array)
#10 D:\meem-commerce\vendor\laravel\framework\src\Illuminate\Database\Eloquent\Model.php(1137): Illuminate\Database\Eloquent\Model-&gt;performInsert(Object(Illuminate\Database\Eloquent\Builder))
#11 D:\meem-commerce\vendor\prettus\l5-repository\src\Prettus\Repository\Eloquent\BaseRepository.php(651): Illuminate\Database\Eloquent\Model-&gt;save()
#12 D:\meem-commerce\packages\marvel\src\Database\Repositories\ContactRepository.php(44): Prettus\Repository\Eloquent\BaseRepository-&gt;create(Array)
#13 D:\meem-commerce\packages\marvel\src\Http\Controllers\ContactController.php(56): Marvel\Database\Repositories\ContactRepository-&gt;saveContact(Object(Marvel\Http\Requests\ContactCreateRequest))
#14 D:\meem-commerce\vendor\laravel\framework\src\Illuminate\Routing\Controller.php(54): Marvel\Http\Controllers\ContactController-&gt;store(Object(Marvel\Http\Requests\ContactCreateRequest))
#15 D:\meem-commerce\vendor\laravel\framework\src\Illuminate\Routing\ControllerDispatcher.php(43): Illuminate\Routing\Controller-&gt;callAction('store', Array)
#16 D:\meem-commerce\vendor\laravel\framework\src\Illuminate\Routing\Route.php(259): Illuminate\Routing\ControllerDispatcher-&gt;dispatch(Object(Illuminate\Routing\Route), Object(Marvel\Http\Controllers\ContactController), 'store')
#17 D:\meem-commerce\vendor\laravel\framework\src\Illuminate\Routing\Route.php(205): Illuminate\Routing\Route-&gt;runController()
#18 D:\meem-commerce\vendor\laravel\framework\src\Illuminate\Routing\Router.php(799): Illuminate\Routing\Route-&gt;run()
#19 D:\meem-commerce\vendor\laravel\framework\src\Illuminate\Pipeline\Pipeline.php(141): Illuminate\Routing\Router-&gt;Illuminate\Routing\{closure}(Object(Illuminate\Http\Request))
#20 D:\meem-commerce\app\Http\Middleware\CheckLangMiddleware.php(27): Illuminate\Pipeline\Pipeline-&gt;Illuminate\Pipeline\{closure}(Object(Illuminate\Http\Request))
#21 D:\meem-commerce\vendor\laravel\framework\src\Illuminate\Pipeline\Pipeline.php(180): App\Http\Middleware\CheckLangMiddleware-&gt;handle(Object(Illuminate\Http\Request), Object(Closure))
#22 D:\meem-commerce\app\Http\Middleware\ChannelMiddleware.php(25): Illuminate\Pipeline\Pipeline-&gt;Illuminate\Pipeline\{closure}(Object(Illuminate\Http\Request))
#23 D:\meem-commerce\vendor\laravel\framework\src\Illuminate\Pipeline\Pipeline.php(180): App\Http\Middleware\ChannelMiddleware-&gt;handle(Object(Illuminate\Http\Request), Object(Closure))
#24 D:\meem-commerce\vendor\laravel\framework\src\Illuminate\Routing\Middleware\SubstituteBindings.php(50): Illuminate\Pipeline\Pipeline-&gt;Illuminate\Pipeline\{closure}(Object(Illuminate\Http\Request))
#25 D:\meem-commerce\vendor\laravel\framework\src\Illuminate\Pipeline\Pipeline.php(180): Illuminate\Routing\Middleware\SubstituteBindings-&gt;handle(Object(Illuminate\Http\Request), Object(Closure))
#26 D:\meem-commerce\vendor\laravel\framework\src\Illuminate\Routing\Middleware\ThrottleRequests.php(159): Illuminate\Pipeline\Pipeline-&gt;Illuminate\Pipeline\{closure}(Object(Illuminate\Http\Request))
#27 D:\meem-commerce\vendor\laravel\framework\src\Illuminate\Routing\Middleware\ThrottleRequests.php(125): Illuminate\Routing\Middleware\ThrottleRequests-&gt;handleRequest(Object(Illuminate\Http\Request), Object(Closure), Array)
#28 D:\meem-commerce\vendor\laravel\framework\src\Illuminate\Routing\Middleware\ThrottleRequests.php(87): Illuminate\Routing\Middleware\ThrottleRequests-&gt;handleRequestUsingNamedLimiter(Object(Illuminate\Http\Request), Object(Closure), 'sensitive', Object(Closure))
#29 D:\meem-commerce\vendor\laravel\framework\src\Illuminate\Pipeline\Pipeline.php(180): Illuminate\Routing\Middleware\ThrottleRequests-&gt;handle(Object(Illuminate\Http\Request), Object(Closure), 'sensitive')
#30 D:\meem-commerce\vendor\laravel\framework\src\Illuminate\Routing\Middleware\ThrottleRequests.php(159): Illuminate\Pipeline\Pipeline-&gt;Illuminate\Pipeline\{closure}(Object(Illuminate\Http\Request))
#31 D:\meem-commerce\vendor\laravel\framework\src\Illuminate\Routing\Middleware\ThrottleRequests.php(125): Illuminate\Routing\Middleware\ThrottleRequests-&gt;handleRequest(Object(Illuminate\Http\Request), Object(Closure), Array)
#32 D:\meem-commerce\vendor\laravel\framework\src\Illuminate\Routing\Middleware\ThrottleRequests.php(87): Illuminate\Routing\Middleware\ThrottleRequests-&gt;handleRequestUsingNamedLimiter(Object(Illuminate\Http\Request), Object(Closure), 'api', Object(Closure))
#33 D:\meem-commerce\vendor\laravel\framework\src\Illuminate\Pipeline\Pipeline.php(180): Illuminate\Routing\Middleware\ThrottleRequests-&gt;handle(Object(Illuminate\Http\Request), Object(Closure), 'api')
#34 D:\meem-commerce\vendor\laravel\framework\src\Illuminate\Pipeline\Pipeline.php(116): Illuminate\Pipeline\Pipeline-&gt;Illuminate\Pipeline\{closure}(Object(Illuminate\Http\Request))
#35 D:\meem-commerce\vendor\laravel\framework\src\Illuminate\Routing\Router.php(798): Illuminate\Pipeline\Pipeline-&gt;then(Object(Closure))
#36 D:\meem-commerce\vendor\laravel\framework\src\Illuminate\Routing\Router.php(777): Illuminate\Routing\Router-&gt;runRouteWithinStack(Object(Illuminate\Routing\Route), Object(Illuminate\Http\Request))
#37 D:\meem-commerce\vendor\laravel\framework\src\Illuminate\Routing\Router.php(741): Illuminate\Routing\Router-&gt;runRoute(Object(Illuminate\Http\Request), Object(Illuminate\Routing\Route))
#38 D:\meem-commerce\vendor\laravel\framework\src\Illuminate\Routing\Router.php(730): Illuminate\Routing\Router-&gt;dispatchToRoute(Object(Illuminate\Http\Request))
#39 D:\meem-commerce\vendor\laravel\framework\src\Illuminate\Foundation\Http\Kernel.php(200): Illuminate\Routing\Router-&gt;dispatch(Object(Illuminate\Http\Request))
#40 D:\meem-commerce\vendor\laravel\framework\src\Illuminate\Pipeline\Pipeline.php(141): Illuminate\Foundation\Http\Kernel-&gt;Illuminate\Foundation\Http\{closure}(Object(Illuminate\Http\Request))
#41 D:\meem-commerce\vendor\laravel\framework\src\Illuminate\Http\Middleware\HandleCors.php(62): Illuminate\Pipeline\Pipeline-&gt;Illuminate\Pipeline\{closure}(Object(Illuminate\Http\Request))
#42 D:\meem-commerce\vendor\laravel\framework\src\Illuminate\Pipeline\Pipeline.php(180): Illuminate\Http\Middleware\HandleCors-&gt;handle(Object(Illuminate\Http\Request), Object(Closure))
#43 D:\meem-commerce\vendor\laravel\framework\src\Illuminate\Foundation\Http\Middleware\TransformsRequest.php(21): Illuminate\Pipeline\Pipeline-&gt;Illuminate\Pipeline\{closure}(Object(Illuminate\Http\Request))
#44 D:\meem-commerce\vendor\laravel\framework\src\Illuminate\Foundation\Http\Middleware\ConvertEmptyStringsToNull.php(31): Illuminate\Foundation\Http\Middleware\TransformsRequest-&gt;handle(Object(Illuminate\Http\Request), Object(Closure))
#45 D:\meem-commerce\vendor\laravel\framework\src\Illuminate\Pipeline\Pipeline.php(180): Illuminate\Foundation\Http\Middleware\ConvertEmptyStringsToNull-&gt;handle(Object(Illuminate\Http\Request), Object(Closure))
#46 D:\meem-commerce\vendor\laravel\framework\src\Illuminate\Foundation\Http\Middleware\TransformsRequest.php(21): Illuminate\Pipeline\Pipeline-&gt;Illuminate\Pipeline\{closure}(Object(Illuminate\Http\Request))
#47 D:\meem-commerce\vendor\laravel\framework\src\Illuminate\Foundation\Http\Middleware\TrimStrings.php(40): Illuminate\Foundation\Http\Middleware\TransformsRequest-&gt;handle(Object(Illuminate\Http\Request), Object(Closure))
#48 D:\meem-commerce\vendor\laravel\framework\src\Illuminate\Pipeline\Pipeline.php(180): Illuminate\Foundation\Http\Middleware\TrimStrings-&gt;handle(Object(Illuminate\Http\Request), Object(Closure))
#49 D:\meem-commerce\vendor\laravel\framework\src\Illuminate\Foundation\Http\Middleware\ValidatePostSize.php(27): Illuminate\Pipeline\Pipeline-&gt;Illuminate\Pipeline\{closure}(Object(Illuminate\Http\Request))
#50 D:\meem-commerce\vendor\laravel\framework\src\Illuminate\Pipeline\Pipeline.php(180): Illuminate\Foundation\Http\Middleware\ValidatePostSize-&gt;handle(Object(Illuminate\Http\Request), Object(Closure))
#51 D:\meem-commerce\vendor\laravel\framework\src\Illuminate\Foundation\Http\Middleware\PreventRequestsDuringMaintenance.php(99): Illuminate\Pipeline\Pipeline-&gt;Illuminate\Pipeline\{closure}(Object(Illuminate\Http\Request))
#52 D:\meem-commerce\vendor\laravel\framework\src\Illuminate\Pipeline\Pipeline.php(180): Illuminate\Foundation\Http\Middleware\PreventRequestsDuringMaintenance-&gt;handle(Object(Illuminate\Http\Request), Object(Closure))
#53 D:\meem-commerce\vendor\laravel\framework\src\Illuminate\Http\Middleware\TrustProxies.php(39): Illuminate\Pipeline\Pipeline-&gt;Illuminate\Pipeline\{closure}(Object(Illuminate\Http\Request))
#54 D:\meem-commerce\vendor\laravel\framework\src\Illuminate\Pipeline\Pipeline.php(180): Illuminate\Http\Middleware\TrustProxies-&gt;handle(Object(Illuminate\Http\Request), Object(Closure))
#55 D:\meem-commerce\vendor\laravel\framework\src\Illuminate\Pipeline\Pipeline.php(116): Illuminate\Pipeline\Pipeline-&gt;Illuminate\Pipeline\{closure}(Object(Illuminate\Http\Request))
#56 D:\meem-commerce\vendor\laravel\framework\src\Illuminate\Foundation\Http\Kernel.php(175): Illuminate\Pipeline\Pipeline-&gt;then(Object(Closure))
#57 D:\meem-commerce\vendor\laravel\framework\src\Illuminate\Foundation\Http\Kernel.php(144): Illuminate\Foundation\Http\Kernel-&gt;sendRequestThroughRouter(Object(Illuminate\Http\Request))
#58 D:\meem-commerce\vendor\laravel\framework\src\Illuminate\Foundation\Testing\Concerns\MakesHttpRequests.php(573): Illuminate\Foundation\Http\Kernel-&gt;handle(Object(Illuminate\Http\Request))
#59 D:\meem-commerce\vendor\laravel\framework\src\Illuminate\Foundation\Testing\Concerns\MakesHttpRequests.php(539): Illuminate\Foundation\Testing\TestCase-&gt;call('POST', '/api/v1/contact...', Array, Array, Array, Array, '{"subject":"Tes...')
#60 D:\meem-commerce\vendor\laravel\framework\src\Illuminate\Foundation\Testing\Concerns\MakesHttpRequests.php(377): Illuminate\Foundation\Testing\TestCase-&gt;json('POST', '/api/v1/contact...', Array, Array, 0)
#61 D:\meem-commerce\tests\Feature\UserPasswordResetTest.php(255): Illuminate\Foundation\Testing\TestCase-&gt;postJson('/api/v1/contact...', Array)
#62 D:\meem-commerce\vendor\phpunit\phpunit\src\Framework\TestCase.php(1030): Tests\Feature\UserPasswordResetTest-&gt;test_contact_us_sends_email()
#63 D:\meem-commerce\vendor\laravel\framework\src\Illuminate\Foundation\Testing\TestCase.php(174): PHPUnit\Framework\TestCase-&gt;runTest()
#64 D:\meem-commerce\vendor\phpunit\phpunit\src\Framework\TestCase.php(627): Illuminate\Foundation\Testing\TestCase-&gt;runTest()
#65 D:\meem-commerce\vendor\phpunit\phpunit\src\Framework\TestRunner.php(101): PHPUnit\Framework\TestCase-&gt;runBare()
#66 D:\meem-commerce\vendor\phpunit\phpunit\src\Framework\TestCase.php(456): PHPUnit\Framework\TestRunner-&gt;run(Object(Tests\Feature\UserPasswordResetTest))
#67 D:\meem-commerce\vendor\phpunit\phpunit\src\Framework\TestSuite.php(352): PHPUnit\Framework\TestCase-&gt;run()
#68 D:\meem-commerce\vendor\phpunit\phpunit\src\Framework\TestSuite.php(352): PHPUnit\Framework\TestSuite-&gt;run()
#69 D:\meem-commerce\vendor\phpunit\phpunit\src\Framework\TestSuite.php(352): PHPUnit\Framework\TestSuite-&gt;run()
#70 D:\meem-commerce\vendor\phpunit\phpunit\src\TextUI\TestRunner.php(63): PHPUnit\Framework\TestSuite-&gt;run()
#71 D:\meem-commerce\vendor\phpunit\phpunit\src\TextUI\Application.php(141): PHPUnit\TextUI\TestRunner-&gt;run(Object(PHPUnit\TextUI\Configuration\Configuration), Object(PHPUnit\Runner\ResultCache\DefaultResultCache), Object(PHPUnit\Framework\TestSuite))
#72 D:\meem-commerce\vendor\phpunit\phpunit\phpunit(90): PHPUnit\TextUI\Application-&gt;run(Array)
#73 D:\meem-commerce\vendor\bin\phpunit(122): include('D:\\meem-commerc...')
#74 {main}

Next Illuminate\Database\QueryException: SQLSTATE[HY000]: General error: 1 no such table: contacts (Connection: sqlite, SQL: insert into "contacts" ("name", "email", "subject", "message", "updated_at", "created_at") values (Test User, reset@example.com, Test Subject, This is a test message., 2026-07-26 06:52:40, 2026-07-26 06:52:40)) in D:\meem-commerce\vendor\laravel\framework\src\Illuminate\Database\Connection.php:822
Stack trace:
#0 D:\meem-commerce\vendor\laravel\framework\src\Illuminate\Database\Connection.php(776): Illuminate\Database\Connection-&gt;runQueryCallback('insert into "co...', Array, Object(Closure))
#1 D:\meem-commerce\vendor\laravel\framework\src\Illuminate\Database\Connection.php(569): Illuminate\Database\Connection-&gt;run('insert into "co...', Array, Object(Closure))
#2 D:\meem-commerce\vendor\laravel\framework\src\Illuminate\Database\Connection.php(533): Illuminate\Database\Connection-&gt;statement('insert into "co...', Array)
#3 D:\meem-commerce\vendor\laravel\framework\src\Illuminate\Database\Query\Processors\Processor.php(32): Illuminate\Database\Connection-&gt;insert('insert into "co...', Array)
#4 D:\meem-commerce\vendor\laravel\framework\src\Illuminate\Database\Query\Builder.php(3387): Illuminate\Database\Query\Processors\Processor-&gt;processInsertGetId(Object(Illuminate\Database\Query\Builder), 'insert into "co...', Array, 'id')
#5 D:\meem-commerce\vendor\laravel\framework\src\Illuminate\Database\Eloquent\Builder.php(1968): Illuminate\Database\Query\Builder-&gt;insertGetId(Array, 'id')
#6 D:\meem-commerce\vendor\laravel\framework\src\Illuminate\Database\Eloquent\Model.php(1333): Illuminate\Database\Eloquent\Builder-&gt;__call('insertGetId', Array)
#7 D:\meem-commerce\vendor\laravel\framework\src\Illuminate\Database\Eloquent\Model.php(1298): Illuminate\Database\Eloquent\Model-&gt;insertAndSetId(Object(Illuminate\Database\Eloquent\Builder), Array)
#8 D:\meem-commerce\vendor\laravel\framework\src\Illuminate\Database\Eloquent\Model.php(1137): Illuminate\Database\Eloquent\Model-&gt;performInsert(Object(Illuminate\Database\Eloquent\Builder))
#9 D:\meem-commerce\vendor\prettus\l5-repository\src\Prettus\Repository\Eloquent\BaseRepository.php(651): Illuminate\Database\Eloquent\Model-&gt;save()
#10 D:\meem-commerce\packages\marvel\src\Database\Repositories\ContactRepository.php(44): Prettus\Repository\Eloquent\BaseRepository-&gt;create(Array)
#11 D:\meem-commerce\packages\marvel\src\Http\Controllers\ContactController.php(56): Marvel\Database\Repositories\ContactRepository-&gt;saveContact(Object(Marvel\Http\Requests\ContactCreateRequest))
#12 D:\meem-commerce\vendor\laravel\framework\src\Illuminate\Routing\Controller.php(54): Marvel\Http\Controllers\ContactController-&gt;store(Object(Marvel\Http\Requests\ContactCreateRequest))
#13 D:\meem-commerce\vendor\laravel\framework\src\Illuminate\Routing\ControllerDispatcher.php(43): Illuminate\Routing\Controller-&gt;callAction('store', Array)
#14 D:\meem-commerce\vendor\laravel\framework\src\Illuminate\Routing\Route.php(259): Illuminate\Routing\ControllerDispatcher-&gt;dispatch(Object(Illuminate\Routing\Route), Object(Marvel\Http\Controllers\ContactController), 'store')
#15 D:\meem-commerce\vendor\laravel\framework\src\Illuminate\Routing\Route.php(205): Illuminate\Routing\Route-&gt;runController()
#16 D:\meem-commerce\vendor\laravel\framework\src\Illuminate\Routing\Router.php(799): Illuminate\Routing\Route-&gt;run()
#17 D:\meem-commerce\vendor\laravel\framework\src\Illuminate\Pipeline\Pipeline.php(141): Illuminate\Routing\Router-&gt;Illuminate\Routing\{closure}(Object(Illuminate\Http\Request))
#18 D:\meem-commerce\app\Http\Middleware\CheckLangMiddleware.php(27): Illuminate\Pipeline\Pipeline-&gt;Illuminate\Pipeline\{closure}(Object(Illuminate\Http\Request))
#19 D:\meem-commerce\vendor\laravel\framework\src\Illuminate\Pipeline\Pipeline.php(180): App\Http\Middleware\CheckLangMiddleware-&gt;handle(Object(Illuminate\Http\Request), Object(Closure))
#20 D:\meem-commerce\app\Http\Middleware\ChannelMiddleware.php(25): Illuminate\Pipeline\Pipeline-&gt;Illuminate\Pipeline\{closure}(Object(Illuminate\Http\Request))
#21 D:\meem-commerce\vendor\laravel\framework\src\Illuminate\Pipeline\Pipeline.php(180): App\Http\Middleware\ChannelMiddleware-&gt;handle(Object(Illuminate\Http\Request), Object(Closure))
#22 D:\meem-commerce\vendor\laravel\framework\src\Illuminate\Routing\Middleware\SubstituteBindings.php(50): Illuminate\Pipeline\Pipeline-&gt;Illuminate\Pipeline\{closure}(Object(Illuminate\Http\Request))
#23 D:\meem-commerce\vendor\laravel\framework\src\Illuminate\Pipeline\Pipeline.php(180): Illuminate\Routing\Middleware\SubstituteBindings-&gt;handle(Object(Illuminate\Http\Request), Object(Closure))
#24 D:\meem-commerce\vendor\laravel\framework\src\Illuminate\Routing\Middleware\ThrottleRequests.php(159): Illuminate\Pipeline\Pipeline-&gt;Illuminate\Pipeline\{closure}(Object(Illuminate\Http\Request))
#25 D:\meem-commerce\vendor\laravel\framework\src\Illuminate\Routing\Middleware\ThrottleRequests.php(125): Illuminate\Routing\Middleware\ThrottleRequests-&gt;handleRequest(Object(Illuminate\Http\Request), Object(Closure), Array)
#26 D:\meem-commerce\vendor\laravel\framework\src\Illuminate\Routing\Middleware\ThrottleRequests.php(87): Illuminate\Routing\Middleware\ThrottleRequests-&gt;handleRequestUsingNamedLimiter(Object(Illuminate\Http\Request), Object(Closure), 'sensitive', Object(Closure))
#27 D:\meem-commerce\vendor\laravel\framework\src\Illuminate\Pipeline\Pipeline.php(180): Illuminate\Routing\Middleware\ThrottleRequests-&gt;handle(Object(Illuminate\Http\Request), Object(Closure), 'sensitive')
#28 D:\meem-commerce\vendor\laravel\framework\src\Illuminate\Routing\Middleware\ThrottleRequests.php(159): Illuminate\Pipeline\Pipeline-&gt;Illuminate\Pipeline\{closure}(Object(Illuminate\Http\Request))
#29 D:\meem-commerce\vendor\laravel\framework\src\Illuminate\Routing\Middleware\ThrottleRequests.php(125): Illuminate\Routing\Middleware\ThrottleRequests-&gt;handleRequest(Object(Illuminate\Http\Request), Object(Closure), Array)
#30 D:\meem-commerce\vendor\laravel\framework\src\Illuminate\Routing\Middleware\ThrottleRequests.php(87): Illuminate\Routing\Middleware\ThrottleRequests-&gt;handleRequestUsingNamedLimiter(Object(Illuminate\Http\Request), Object(Closure), 'api', Object(Closure))
#31 D:\meem-commerce\vendor\laravel\framework\src\Illuminate\Pipeline\Pipeline.php(180): Illuminate\Routing\Middleware\ThrottleRequests-&gt;handle(Object(Illuminate\Http\Request), Object(Closure), 'api')
#32 D:\meem-commerce\vendor\laravel\framework\src\Illuminate\Pipeline\Pipeline.php(116): Illuminate\Pipeline\Pipeline-&gt;Illuminate\Pipeline\{closure}(Object(Illuminate\Http\Request))
#33 D:\meem-commerce\vendor\laravel\framework\src\Illuminate\Routing\Router.php(798): Illuminate\Pipeline\Pipeline-&gt;then(Object(Closure))
#34 D:\meem-commerce\vendor\laravel\framework\src\Illuminate\Routing\Router.php(777): Illuminate\Routing\Router-&gt;runRouteWithinStack(Object(Illuminate\Routing\Route), Object(Illuminate\Http\Request))
#35 D:\meem-commerce\vendor\laravel\framework\src\Illuminate\Routing\Router.php(741): Illuminate\Routing\Router-&gt;runRoute(Object(Illuminate\Http\Request), Object(Illuminate\Routing\Route))
#36 D:\meem-commerce\vendor\laravel\framework\src\Illuminate\Routing\Router.php(730): Illuminate\Routing\Router-&gt;dispatchToRoute(Object(Illuminate\Http\Request))
#37 D:\meem-commerce\vendor\laravel\framework\src\Illuminate\Foundation\Http\Kernel.php(200): Illuminate\Routing\Router-&gt;dispatch(Object(Illuminate\Http\Request))
#38 D:\meem-commerce\vendor\laravel\framework\src\Illuminate\Pipeline\Pipeline.php(141): Illuminate\Foundation\Http\Kernel-&gt;Illuminate\Foundation\Http\{closure}(Object(Illuminate\Http\Request))
#39 D:\meem-commerce\vendor\laravel\framework\src\Illuminate\Http\Middleware\HandleCors.php(62): Illuminate\Pipeline\Pipeline-&gt;Illuminate\Pipeline\{closure}(Object(Illuminate\Http\Request))
#40 D:\meem-commerce\vendor\laravel\framework\src\Illuminate\Pipeline\Pipeline.php(180): Illuminate\Http\Middleware\HandleCors-&gt;handle(Object(Illuminate\Http\Request), Object(Closure))
#41 D:\meem-commerce\vendor\laravel\framework\src\Illuminate\Foundation\Http\Middleware\TransformsRequest.php(21): Illuminate\Pipeline\Pipeline-&gt;Illuminate\Pipeline\{closure}(Object(Illuminate\Http\Request))
#42 D:\meem-commerce\vendor\laravel\framework\src\Illuminate\Foundation\Http\Middleware\ConvertEmptyStringsToNull.php(31): Illuminate\Foundation\Http\Middleware\TransformsRequest-&gt;handle(Object(Illuminate\Http\Request), Object(Closure))
#43 D:\meem-commerce\vendor\laravel\framework\src\Illuminate\Pipeline\Pipeline.php(180): Illuminate\Foundation\Http\Middleware\ConvertEmptyStringsToNull-&gt;handle(Object(Illuminate\Http\Request), Object(Closure))
#44 D:\meem-commerce\vendor\laravel\framework\src\Illuminate\Foundation\Http\Middleware\TransformsRequest.php(21): Illuminate\Pipeline\Pipeline-&gt;Illuminate\Pipeline\{closure}(Object(Illuminate\Http\Request))
#45 D:\meem-commerce\vendor\laravel\framework\src\Illuminate\Foundation\Http\Middleware\TrimStrings.php(40): Illuminate\Foundation\Http\Middleware\TransformsRequest-&gt;handle(Object(Illuminate\Http\Request), Object(Closure))
#46 D:\meem-commerce\vendor\laravel\framework\src\Illuminate\Pipeline\Pipeline.php(180): Illuminate\Foundation\Http\Middleware\TrimStrings-&gt;handle(Object(Illuminate\Http\Request), Object(Closure))
#47 D:\meem-commerce\vendor\laravel\framework\src\Illuminate\Foundation\Http\Middleware\ValidatePostSize.php(27): Illuminate\Pipeline\Pipeline-&gt;Illuminate\Pipeline\{closure}(Object(Illuminate\Http\Request))
#48 D:\meem-commerce\vendor\laravel\framework\src\Illuminate\Pipeline\Pipeline.php(180): Illuminate\Foundation\Http\Middleware\ValidatePostSize-&gt;handle(Object(Illuminate\Http\Request), Object(Closure))
#49 D:\meem-commerce\vendor\laravel\framework\src\Illuminate\Foundation\Http\Middleware\PreventRequestsDuringMaintenance.php(99): Illuminate\Pipeline\Pipeline-&gt;Illuminate\Pipeline\{closure}(Object(Illuminate\Http\Request))
#50 D:\meem-commerce\vendor\laravel\framework\src\Illuminate\Pipeline\Pipeline.php(180): Illuminate\Foundation\Http\Middleware\PreventRequestsDuringMaintenance-&gt;handle(Object(Illuminate\Http\Request), Object(Closure))
#51 D:\meem-commerce\vendor\laravel\framework\src\Illuminate\Http\Middleware\TrustProxies.php(39): Illuminate\Pipeline\Pipeline-&gt;Illuminate\Pipeline\{closure}(Object(Illuminate\Http\Request))
#52 D:\meem-commerce\vendor\laravel\framework\src\Illuminate\Pipeline\Pipeline.php(180): Illuminate\Http\Middleware\TrustProxies-&gt;handle(Object(Illuminate\Http\Request), Object(Closure))
#53 D:\meem-commerce\vendor\laravel\framework\src\Illuminate\Pipeline\Pipeline.php(116): Illuminate\Pipeline\Pipeline-&gt;Illuminate\Pipeline\{closure}(Object(Illuminate\Http\Request))
#54 D:\meem-commerce\vendor\laravel\framework\src\Illuminate\Foundation\Http\Kernel.php(175): Illuminate\Pipeline\Pipeline-&gt;then(Object(Closure))
#55 D:\meem-commerce\vendor\laravel\framework\src\Illuminate\Foundation\Http\Kernel.php(144): Illuminate\Foundation\Http\Kernel-&gt;sendRequestThroughRouter(Object(Illuminate\Http\Request))
#56 D:\meem-commerce\vendor\laravel\framework\src\Illuminate\Foundation\Testing\Concerns\MakesHttpRequests.php(573): Illuminate\Foundation\Http\Kernel-&gt;handle(Object(Illuminate\Http\Request))
#57 D:\meem-commerce\vendor\laravel\framework\src\Illuminate\Foundation\Testing\Concerns\MakesHttpRequests.php(539): Illuminate\Foundation\Testing\TestCase-&gt;call('POST', '/api/v1/contact...', Array, Array, Array, Array, '{"subject":"Tes...')
#58 D:\meem-commerce\vendor\laravel\framework\src\Illuminate\Foundation\Testing\Concerns\MakesHttpRequests.php(377): Illuminate\Foundation\Testing\TestCase-&gt;json('POST', '/api/v1/contact...', Array, Array, 0)
#59 D:\meem-commerce\tests\Feature\UserPasswordResetTest.php(255): Illuminate\Foundation\Testing\TestCase-&gt;postJson('/api/v1/contact...', Array)
#60 D:\meem-commerce\vendor\phpunit\phpunit\src\Framework\TestCase.php(1030): Tests\Feature\UserPasswordResetTest-&gt;test_contact_us_sends_email()
#61 D:\meem-commerce\vendor\laravel\framework\src\Illuminate\Foundation\Testing\TestCase.php(174): PHPUnit\Framework\TestCase-&gt;runTest()
#62 D:\meem-commerce\vendor\phpunit\phpunit\src\Framework\TestCase.php(627): Illuminate\Foundation\Testing\TestCase-&gt;runTest()
#63 D:\meem-commerce\vendor\phpunit\phpunit\src\Framework\TestRunner.php(101): PHPUnit\Framework\TestCase-&gt;runBare()
#64 D:\meem-commerce\vendor\phpunit\phpunit\src\Framework\TestCase.php(456): PHPUnit\Framework\TestRunner-&gt;run(Object(Tests\Feature\UserPasswordResetTest))
#65 D:\meem-commerce\vendor\phpunit\phpunit\src\Framework\TestSuite.php(352): PHPUnit\Framework\TestCase-&gt;run()
#66 D:\meem-commerce\vendor\phpunit\phpunit\src\Framework\TestSuite.php(352): PHPUnit\Framework\TestSuite-&gt;run()
#67 D:\meem-commerce\vendor\phpunit\phpunit\src\Framework\TestSuite.php(352): PHPUnit\Framework\TestSuite-&gt;run()
#68 D:\meem-commerce\vendor\phpunit\phpunit\src\TextUI\TestRunner.php(63): PHPUnit\Framework\TestSuite-&gt;run()
#69 D:\meem-commerce\vendor\phpunit\phpunit\src\TextUI\Application.php(141): PHPUnit\TextUI\TestRunner-&gt;run(Object(PHPUnit\TextUI\Configuration\Configuration), Object(PHPUnit\Runner\ResultCache\DefaultResultCache), Object(PHPUnit\Framework\TestSuite))
#70 D:\meem-commerce\vendor\phpunit\phpunit\phpunit(90): PHPUnit\TextUI\Application-&gt;run(Array)
#71 D:\meem-commerce\vendor\bin\phpunit(122): include('D:\\meem-commerc...')
#72 {main}

----------------------------------------------------------------------------------

SQLSTATE[HY000]: General error: 1 no such table: contacts (Connection: sqlite, SQL: insert into "contacts" ("name", "email", "subject", "message", "updated_at", "created_at") values (Test User, reset@example.com, Test Subject, This is a test message., 2026-07-26 06:52:40, 2026-07-26 06:52:40))
&#13;
D:\meem-commerce\vendor\laravel\framework\src\Illuminate\Testing\TestResponse.php:146
D:\meem-commerce\vendor\laravel\framework\src\Illuminate\Testing\Concerns\AssertsStatusCodes.php:16
D:\meem-commerce\tests\Feature\UserPasswordResetTest.php:262
D:\meem-commerce\vendor\laravel\framework\src\Illuminate\Foundation\Testing\TestCase.php:174</failure>
        </testcase>
        <testcase name="test_contact_us_fails_without_subject" file="D:\meem-commerce\tests\Feature\UserPasswordResetTest.php" line="266" class="Tests\Feature\UserPasswordResetTest" classname="Tests.Feature.UserPasswordResetTest" assertions="1" time="0.005354"/>
      </testsuite>
      <testsuite name="Tests\Feature\UserStaffMiscTest" file="D:\meem-commerce\tests\Feature\UserStaffMiscTest.php" tests="13" assertions="13" errors="0" failures="13" skipped="0" time="0.232038">
        <testcase name="test_license_key_verification_fails_without_key" file="D:\meem-commerce\tests\Feature\UserStaffMiscTest.php" line="148" class="Tests\Feature\UserStaffMiscTest" classname="Tests.Feature.UserStaffMiscTest" assertions="1" time="0.009169">
          <failure type="PHPUnit\Framework\ExpectationFailedException">Tests\Feature\UserStaffMiscTest::test_license_key_verification_fails_without_key&#13;
Expected response status code [422] but received 404.
Failed asserting that 422 is identical to 404.
&#13;
D:\meem-commerce\vendor\laravel\framework\src\Illuminate\Testing\TestResponse.php:146
D:\meem-commerce\tests\Feature\UserStaffMiscTest.php:153
D:\meem-commerce\vendor\laravel\framework\src\Illuminate\Foundation\Testing\TestCase.php:174</failure>
        </testcase>
        <testcase name="test_license_key_verification_requires_string" file="D:\meem-commerce\tests\Feature\UserStaffMiscTest.php" line="156" class="Tests\Feature\UserStaffMiscTest" classname="Tests.Feature.UserStaffMiscTest" assertions="1" time="0.008402">
          <failure type="PHPUnit\Framework\ExpectationFailedException">Tests\Feature\UserStaffMiscTest::test_license_key_verification_requires_string&#13;
Expected response status code [422] but received 404.
Failed asserting that 422 is identical to 404.
&#13;
D:\meem-commerce\vendor\laravel\framework\src\Illuminate\Testing\TestResponse.php:146
D:\meem-commerce\tests\Feature\UserStaffMiscTest.php:162
D:\meem-commerce\vendor\laravel\framework\src\Illuminate\Foundation\Testing\TestCase.php:174</failure>
        </testcase>
        <testcase name="test_staffs_endpoint_requires_shop_id" file="D:\meem-commerce\tests\Feature\UserStaffMiscTest.php" line="169" class="Tests\Feature\UserStaffMiscTest" classname="Tests.Feature.UserStaffMiscTest" assertions="1" time="0.031783">
          <failure type="PHPUnit\Framework\ExpectationFailedException">Tests\Feature\UserStaffMiscTest::test_staffs_endpoint_requires_shop_id&#13;
Expected response status code [403] but received 404.
Failed asserting that 403 is identical to 404.
&#13;
D:\meem-commerce\vendor\laravel\framework\src\Illuminate\Testing\TestResponse.php:146
D:\meem-commerce\tests\Feature\UserStaffMiscTest.php:174
D:\meem-commerce\vendor\laravel\framework\src\Illuminate\Foundation\Testing\TestCase.php:174</failure>
        </testcase>
        <testcase name="test_staffs_endpoint_requires_auth" file="D:\meem-commerce\tests\Feature\UserStaffMiscTest.php" line="177" class="Tests\Feature\UserStaffMiscTest" classname="Tests.Feature.UserStaffMiscTest" assertions="1" time="0.010423">
          <failure type="PHPUnit\Framework\ExpectationFailedException">Tests\Feature\UserStaffMiscTest::test_staffs_endpoint_requires_auth&#13;
Expected response status code [401] but received 404.
Failed asserting that 401 is identical to 404.
&#13;
D:\meem-commerce\vendor\laravel\framework\src\Illuminate\Testing\TestResponse.php:146
D:\meem-commerce\tests\Feature\UserStaffMiscTest.php:179
D:\meem-commerce\vendor\laravel\framework\src\Illuminate\Foundation\Testing\TestCase.php:174</failure>
        </testcase>
        <testcase name="test_my_staffs_requires_auth" file="D:\meem-commerce\tests\Feature\UserStaffMiscTest.php" line="186" class="Tests\Feature\UserStaffMiscTest" classname="Tests.Feature.UserStaffMiscTest" assertions="1" time="0.032313">
          <failure type="PHPUnit\Framework\ExpectationFailedException">Tests\Feature\UserStaffMiscTest::test_my_staffs_requires_auth&#13;
Expected response status code [401] but received 404.
Failed asserting that 401 is identical to 404.
&#13;
D:\meem-commerce\vendor\laravel\framework\src\Illuminate\Testing\TestResponse.php:146
D:\meem-commerce\tests\Feature\UserStaffMiscTest.php:188
D:\meem-commerce\vendor\laravel\framework\src\Illuminate\Foundation\Testing\TestCase.php:174</failure>
        </testcase>
        <testcase name="test_all_staffs_requires_auth" file="D:\meem-commerce\tests\Feature\UserStaffMiscTest.php" line="195" class="Tests\Feature\UserStaffMiscTest" classname="Tests.Feature.UserStaffMiscTest" assertions="1" time="0.007909">
          <failure type="PHPUnit\Framework\ExpectationFailedException">Tests\Feature\UserStaffMiscTest::test_all_staffs_requires_auth&#13;
Expected response status code [401] but received 404.
Failed asserting that 401 is identical to 404.
&#13;
D:\meem-commerce\vendor\laravel\framework\src\Illuminate\Testing\TestResponse.php:146
D:\meem-commerce\tests\Feature\UserStaffMiscTest.php:197
D:\meem-commerce\vendor\laravel\framework\src\Illuminate\Foundation\Testing\TestCase.php:174</failure>
        </testcase>
        <testcase name="test_verification_notification_requires_auth" file="D:\meem-commerce\tests\Feature\UserStaffMiscTest.php" line="204" class="Tests\Feature\UserStaffMiscTest" classname="Tests.Feature.UserStaffMiscTest" assertions="1" time="0.027999">
          <failure type="PHPUnit\Framework\ExpectationFailedException">Tests\Feature\UserStaffMiscTest::test_verification_notification_requires_auth&#13;
Expected response status code [401] but received 404.
Failed asserting that 401 is identical to 404.
&#13;
D:\meem-commerce\vendor\laravel\framework\src\Illuminate\Testing\TestResponse.php:146
D:\meem-commerce\tests\Feature\UserStaffMiscTest.php:207
D:\meem-commerce\vendor\laravel\framework\src\Illuminate\Foundation\Testing\TestCase.php:174</failure>
        </testcase>
        <testcase name="test_index_filters_by_type" file="D:\meem-commerce\tests\Feature\UserStaffMiscTest.php" line="214" class="Tests\Feature\UserStaffMiscTest" classname="Tests.Feature.UserStaffMiscTest" assertions="1" time="0.011261">
          <failure type="PHPUnit\Framework\ExpectationFailedException">Tests\Feature\UserStaffMiscTest::test_index_filters_by_type&#13;
Expected response status code [200] but received 404.
Failed asserting that 200 is identical to 404.
&#13;
D:\meem-commerce\vendor\laravel\framework\src\Illuminate\Testing\TestResponse.php:146
D:\meem-commerce\vendor\laravel\framework\src\Illuminate\Testing\Concerns\AssertsStatusCodes.php:16
D:\meem-commerce\tests\Feature\UserStaffMiscTest.php:226
D:\meem-commerce\vendor\laravel\framework\src\Illuminate\Foundation\Testing\TestCase.php:174</failure>
        </testcase>
        <testcase name="test_index_filters_users_flag" file="D:\meem-commerce\tests\Feature\UserStaffMiscTest.php" line="231" class="Tests\Feature\UserStaffMiscTest" classname="Tests.Feature.UserStaffMiscTest" assertions="1" time="0.032508">
          <failure type="PHPUnit\Framework\ExpectationFailedException">Tests\Feature\UserStaffMiscTest::test_index_filters_users_flag&#13;
Expected response status code [200] but received 404.
Failed asserting that 200 is identical to 404.
&#13;
D:\meem-commerce\vendor\laravel\framework\src\Illuminate\Testing\TestResponse.php:146
D:\meem-commerce\vendor\laravel\framework\src\Illuminate\Testing\Concerns\AssertsStatusCodes.php:16
D:\meem-commerce\tests\Feature\UserStaffMiscTest.php:243
D:\meem-commerce\vendor\laravel\framework\src\Illuminate\Foundation\Testing\TestCase.php:174</failure>
        </testcase>
        <testcase name="test_index_filters_admins_flag" file="D:\meem-commerce\tests\Feature\UserStaffMiscTest.php" line="249" class="Tests\Feature\UserStaffMiscTest" classname="Tests.Feature.UserStaffMiscTest" assertions="1" time="0.011797">
          <failure type="PHPUnit\Framework\ExpectationFailedException">Tests\Feature\UserStaffMiscTest::test_index_filters_admins_flag&#13;
Expected response status code [200] but received 404.
Failed asserting that 200 is identical to 404.
&#13;
D:\meem-commerce\vendor\laravel\framework\src\Illuminate\Testing\TestResponse.php:146
D:\meem-commerce\vendor\laravel\framework\src\Illuminate\Testing\Concerns\AssertsStatusCodes.php:16
D:\meem-commerce\tests\Feature\UserStaffMiscTest.php:255
D:\meem-commerce\vendor\laravel\framework\src\Illuminate\Foundation\Testing\TestCase.php:174</failure>
        </testcase>
        <testcase name="test_index_sorts_by_name_asc" file="D:\meem-commerce\tests\Feature\UserStaffMiscTest.php" line="264" class="Tests\Feature\UserStaffMiscTest" classname="Tests.Feature.UserStaffMiscTest" assertions="1" time="0.029243">
          <failure type="PHPUnit\Framework\ExpectationFailedException">Tests\Feature\UserStaffMiscTest::test_index_sorts_by_name_asc&#13;
Expected response status code [200] but received 404.
Failed asserting that 200 is identical to 404.
&#13;
D:\meem-commerce\vendor\laravel\framework\src\Illuminate\Testing\TestResponse.php:146
D:\meem-commerce\vendor\laravel\framework\src\Illuminate\Testing\Concerns\AssertsStatusCodes.php:16
D:\meem-commerce\tests\Feature\UserStaffMiscTest.php:270
D:\meem-commerce\vendor\laravel\framework\src\Illuminate\Foundation\Testing\TestCase.php:174</failure>
        </testcase>
        <testcase name="test_index_sorts_by_name_desc" file="D:\meem-commerce\tests\Feature\UserStaffMiscTest.php" line="273" class="Tests\Feature\UserStaffMiscTest" classname="Tests.Feature.UserStaffMiscTest" assertions="1" time="0.010314">
          <failure type="PHPUnit\Framework\ExpectationFailedException">Tests\Feature\UserStaffMiscTest::test_index_sorts_by_name_desc&#13;
Expected response status code [200] but received 404.
Failed asserting that 200 is identical to 404.
&#13;
D:\meem-commerce\vendor\laravel\framework\src\Illuminate\Testing\TestResponse.php:146
D:\meem-commerce\vendor\laravel\framework\src\Illuminate\Testing\Concerns\AssertsStatusCodes.php:16
D:\meem-commerce\tests\Feature\UserStaffMiscTest.php:279
D:\meem-commerce\vendor\laravel\framework\src\Illuminate\Foundation\Testing\TestCase.php:174</failure>
        </testcase>
        <testcase name="test_fetch_users_by_store_owner_permission" file="D:\meem-commerce\tests\Feature\UserStaffMiscTest.php" line="286" class="Tests\Feature\UserStaffMiscTest" classname="Tests.Feature.UserStaffMiscTest" assertions="1" time="0.008918">
          <failure type="PHPUnit\Framework\ExpectationFailedException">Tests\Feature\UserStaffMiscTest::test_fetch_users_by_store_owner_permission&#13;
Expected response status code [200] but received 404.
Failed asserting that 200 is identical to 404.
&#13;
D:\meem-commerce\vendor\laravel\framework\src\Illuminate\Testing\TestResponse.php:146
D:\meem-commerce\vendor\laravel\framework\src\Illuminate\Testing\Concerns\AssertsStatusCodes.php:16
D:\meem-commerce\tests\Feature\UserStaffMiscTest.php:292
D:\meem-commerce\vendor\laravel\framework\src\Illuminate\Foundation\Testing\TestCase.php:174</failure>
        </testcase>
      </testsuite>
    </testsuite>
  </testsuite>
</testsuites>
